Collecting mera==2.6.0+pkg.4513
  Using cached https://github.com/renesas/ruhmi-framework-mcu/raw/refs/tags/Release-2026-04-27/install/mera-2.6.0+pkg.4513-cp310-cp310-win_amd64.whl (24.4 MB)
Collecting mera-visualizer==2.5.0+mcuv4
  Using cached https://github.com/renesas/ruhmi-framework-mcu/raw/refs/heads/main/install/mera_visualizer-2.5.0+mcuv4-py3-none-any.whl (61 kB)
Collecting onnx==1.17.0
  Downloading onnx-1.17.0-cp310-cp310-win_amd64.whl (14.5 MB)
     --------------------------------------- 14.5/14.5 MB 19.8 MB/s eta 0:00:00
Collecting tflite==2.18.0
  Downloading tflite-2.18.0-py2.py3-none-any.whl (153 kB)
     -------------------------------------- 153.2/153.2 kB 2.3 MB/s eta 0:00:00
Collecting numpy>=1.20
  Downloading numpy-2.2.6-cp310-cp310-win_amd64.whl (12.9 MB)
     --------------------------------------- 12.9/12.9 MB 29.7 MB/s eta 0:00:00
Collecting protobuf>=3.20.2
  Downloading protobuf-7.35.0-cp310-abi3-win_amd64.whl (439 kB)
     ------------------------------------- 440.0/440.0 kB 13.9 MB/s eta 0:00:00
Collecting flatbuffers
  Downloading flatbuffers-25.12.19-py2.py3-none-any.whl (26 kB)
Collecting pytest
  Downloading pytest-9.0.3-py3-none-any.whl (375 kB)
     ------------------------------------- 375.2/375.2 kB 24.3 MB/s eta 0:00:00
Collecting numpy>=1.20
  Downloading numpy-1.26.4-cp310-cp310-win_amd64.whl (15.8 MB)
     --------------------------------------- 15.8/15.8 MB 36.4 MB/s eta 0:00:00
Collecting tabulate
  Downloading tabulate-0.10.0-py3-none-any.whl (39 kB)
Collecting tqdm
  Downloading tqdm-4.68.2-py3-none-any.whl (78 kB)
     ---------------------------------------- 78.6/78.6 kB 4.3 MB/s eta 0:00:00
Collecting tensorflow==2.18.0
  Downloading tensorflow-2.18.0-cp310-cp310-win_amd64.whl (7.5 kB)
Collecting seaborn
  Downloading seaborn-0.13.2-py3-none-any.whl (294 kB)
     -------------------------------------- 294.9/294.9 kB 3.6 MB/s eta 0:00:00
Collecting matplotlib
  Downloading matplotlib-3.10.9-cp310-cp310-win_amd64.whl (8.2 MB)
     ---------------------------------------- 8.2/8.2 MB 29.1 MB/s eta 0:00:00
Collecting PyYAML
  Downloading pyyaml-6.0.3-cp310-cp310-win_amd64.whl (158 kB)
     -------------------------------------- 158.6/158.6 kB 1.6 MB/s eta 0:00:00
Collecting portalocker
  Downloading portalocker-3.2.0-py3-none-any.whl (22 kB)
Collecting ethos-u-vela==4.2.0
  Downloading ethos_u_vela-4.2.0-cp310-cp310-win_amd64.whl (1.5 MB)
     ---------------------------------------- 1.5/1.5 MB 18.5 MB/s eta 0:00:00
Collecting lxml>=4.5.2
  Downloading lxml-6.1.1-cp310-cp310-win_amd64.whl (4.0 MB)
     ---------------------------------------- 4.0/4.0 MB 21.3 MB/s eta 0:00:00
Collecting flatbuffers
  Downloading flatbuffers-24.3.25-py2.py3-none-any.whl (26 kB)
Collecting tensorflow-intel==2.18.0
  Downloading tensorflow_intel-2.18.0-cp310-cp310-win_amd64.whl (390.0 MB)
     -------------------------------------- 390.0/390.0 MB 8.3 MB/s eta 0:00:00
Collecting six>=1.12.0
  Downloading six-1.17.0-py2.py3-none-any.whl (11 kB)
Collecting requests<3,>=2.21.0
  Downloading requests-2.34.2-py3-none-any.whl (73 kB)
     ---------------------------------------- 73.1/73.1 kB 3.9 MB/s eta 0:00:00
Collecting tensorboard<2.19,>=2.18
  Downloading tensorboard-2.18.0-py3-none-any.whl (5.5 MB)
     ---------------------------------------- 5.5/5.5 MB 27.1 MB/s eta 0:00:00
Collecting ml-dtypes<0.5.0,>=0.4.0
  Downloading ml_dtypes-0.4.1-cp310-cp310-win_amd64.whl (126 kB)
     -------------------------------------- 126.6/126.6 kB 7.3 MB/s eta 0:00:00
Collecting h5py>=3.11.0
  Downloading h5py-3.16.0-cp310-cp310-win_amd64.whl (3.2 MB)
     ---------------------------------------- 3.2/3.2 MB 28.8 MB/s eta 0:00:00
Collecting gast!=0.5.0,!=0.5.1,!=0.5.2,>=0.2.1
  Downloading gast-0.7.0-py3-none-any.whl (22 kB)
Collecting packaging
  Downloading packaging-26.2-py3-none-any.whl (100 kB)
     ---------------------------------------- 100.2/100.2 kB ? eta 0:00:00
Collecting google-pasta>=0.1.1
  Downloading google_pasta-0.2.0-py3-none-any.whl (57 kB)
     ---------------------------------------- 57.5/57.5 kB ? eta 0:00:00
Collecting absl-py>=1.0.0
  Downloading absl_py-2.4.0-py3-none-any.whl (135 kB)
     ---------------------------------------- 135.8/135.8 kB ? eta 0:00:00
Collecting libclang>=13.0.0
  Downloading libclang-18.1.1-py2.py3-none-win_amd64.whl (26.4 MB)
     --------------------------------------- 26.4/26.4 MB 31.2 MB/s eta 0:00:00
Requirement already satisfied: setuptools in d:\renesas\ruhmi\.venv\lib\site-packages (from tensorflow-intel==2.18.0->tensorflow==2.18.0->mera==2.6.0+pkg.4513->-r https://Tool-support.renesas.com/tool-support/Zoo/MCT/requirements.txt (line 1)) (65.5.0)
Collecting wrapt>=1.11.0
  Downloading wrapt-2.2.1-cp310-cp310-win_amd64.whl (80 kB)
     ---------------------------------------- 80.3/80.3 kB ? eta 0:00:00
Collecting astunparse>=1.6.0
  Downloading astunparse-1.6.3-py2.py3-none-any.whl (12 kB)
Collecting typing-extensions>=3.6.6
  Downloading typing_extensions-4.15.0-py3-none-any.whl (44 kB)
     ---------------------------------------- 44.6/44.6 kB ? eta 0:00:00
Collecting keras>=3.5.0
  Downloading keras-3.12.2-py3-none-any.whl (1.5 MB)
     ---------------------------------------- 1.5/1.5 MB 13.3 MB/s eta 0:00:00
Collecting tensorflow-io-gcs-filesystem>=0.23.1
  Downloading tensorflow_io_gcs_filesystem-0.31.0-cp310-cp310-win_amd64.whl (1.5 MB)
     ---------------------------------------- 1.5/1.5 MB 15.7 MB/s eta 0:00:00
Collecting protobuf>=3.20.2
  Downloading protobuf-5.29.6-cp310-abi3-win_amd64.whl (435 kB)
     ------------------------------------- 435.2/435.2 kB 26.6 MB/s eta 0:00:00
Collecting grpcio<2.0,>=1.24.3
  Downloading grpcio-1.81.0-cp310-cp310-win_amd64.whl (4.9 MB)
     ---------------------------------------- 4.9/4.9 MB 31.4 MB/s eta 0:00:00
Collecting termcolor>=1.1.0
  Downloading termcolor-3.3.0-py3-none-any.whl (7.7 kB)
Collecting opt-einsum>=2.3.2
  Downloading opt_einsum-3.4.0-py3-none-any.whl (71 kB)
     ---------------------------------------- 71.9/71.9 kB 1.3 MB/s eta 0:00:00
Collecting networkx>=2.5
  Using cached networkx-3.4.2-py3-none-any.whl (1.7 MB)
Collecting Flask>=2.0.0
  Using cached flask-3.1.3-py3-none-any.whl (103 kB)
Collecting werkzeug>=3.1.0
  Downloading werkzeug-3.1.8-py3-none-any.whl (226 kB)
     ------------------------------------- 226.5/226.5 kB 14.4 MB/s eta 0:00:00
Collecting blinker>=1.9.0
  Using cached blinker-1.9.0-py3-none-any.whl (8.5 kB)
Collecting markupsafe>=2.1.1
  Downloading markupsafe-3.0.3-cp310-cp310-win_amd64.whl (15 kB)
Collecting itsdangerous>=2.2.0
  Using cached itsdangerous-2.2.0-py3-none-any.whl (16 kB)
Collecting click>=8.1.3
  Using cached click-8.4.1-py3-none-any.whl (116 kB)
Collecting jinja2>=3.1.2
  Using cached jinja2-3.1.6-py3-none-any.whl (134 kB)
Collecting pyparsing>=3
  Downloading pyparsing-3.3.2-py3-none-any.whl (122 kB)
     -------------------------------------- 122.8/122.8 kB 7.0 MB/s eta 0:00:00
Collecting pillow>=8
  Downloading pillow-12.2.0-cp310-cp310-win_amd64.whl (7.1 MB)
     ---------------------------------------- 7.1/7.1 MB 34.8 MB/s eta 0:00:00
Collecting python-dateutil>=2.7
  Downloading python_dateutil-2.9.0.post0-py2.py3-none-any.whl (229 kB)
     ---------------------------------------- 229.9/229.9 kB ? eta 0:00:00
Collecting contourpy>=1.0.1
  Downloading contourpy-1.3.2-cp310-cp310-win_amd64.whl (221 kB)
     -------------------------------------- 221.2/221.2 kB 4.5 MB/s eta 0:00:00
Collecting cycler>=0.10
  Downloading cycler-0.12.1-py3-none-any.whl (8.3 kB)
Collecting fonttools>=4.22.0
  Downloading fonttools-4.63.0-cp310-cp310-win_amd64.whl (1.6 MB)
     ---------------------------------------- 1.6/1.6 MB 24.7 MB/s eta 0:00:00
Collecting kiwisolver>=1.3.1
  Downloading kiwisolver-1.5.0-cp310-cp310-win_amd64.whl (73 kB)
     ---------------------------------------- 73.4/73.4 kB 4.2 MB/s eta 0:00:00
Collecting pywin32>=226
  Downloading pywin32-312-cp310-cp310-win_amd64.whl (6.9 MB)
     ---------------------------------------- 6.9/6.9 MB 34.1 MB/s eta 0:00:00
Collecting iniconfig>=1.0.1
  Downloading iniconfig-2.3.0-py3-none-any.whl (7.5 kB)
Collecting pygments>=2.7.2
  Downloading pygments-2.20.0-py3-none-any.whl (1.2 MB)
     ---------------------------------------- 1.2/1.2 MB 9.8 MB/s eta 0:00:00
Collecting colorama>=0.4
  Downloading colorama-0.4.6-py2.py3-none-any.whl (25 kB)
Collecting pluggy<2,>=1.5
  Downloading pluggy-1.6.0-py3-none-any.whl (20 kB)
Collecting exceptiongroup>=1
  Downloading exceptiongroup-1.3.1-py3-none-any.whl (16 kB)
Collecting tomli>=1
  Downloading tomli-2.4.1-py3-none-any.whl (14 kB)
Collecting pandas>=1.2
  Downloading pandas-2.3.3-cp310-cp310-win_amd64.whl (11.3 MB)
     --------------------------------------- 11.3/11.3 MB 36.4 MB/s eta 0:00:00
Collecting pytz>=2020.1
  Downloading pytz-2026.2-py2.py3-none-any.whl (510 kB)
     ------------------------------------- 510.1/510.1 kB 15.6 MB/s eta 0:00:00
Collecting tzdata>=2022.7
  Downloading tzdata-2026.2-py2.py3-none-any.whl (349 kB)
     ------------------------------------- 349.3/349.3 kB 10.9 MB/s eta 0:00:00
Collecting wheel<1.0,>=0.23.0
  Downloading wheel-0.47.0-py3-none-any.whl (32 kB)
Collecting optree
  Downloading optree-0.19.1-cp310-cp310-win_amd64.whl (327 kB)
     ------------------------------------- 327.9/327.9 kB 21.2 MB/s eta 0:00:00
Collecting rich
  Downloading rich-15.0.0-py3-none-any.whl (310 kB)
     ------------------------------------- 310.7/310.7 kB 18.8 MB/s eta 0:00:00
Collecting namex
  Downloading namex-0.1.0-py3-none-any.whl (5.9 kB)
Collecting idna<4,>=2.5
  Downloading idna-3.18-py3-none-any.whl (65 kB)
     ---------------------------------------- 65.5/65.5 kB ? eta 0:00:00
Collecting urllib3<3,>=1.26
  Downloading urllib3-2.7.0-py3-none-any.whl (131 kB)
     -------------------------------------- 131.1/131.1 kB 8.1 MB/s eta 0:00:00
Collecting certifi>=2023.5.7
  Downloading certifi-2026.5.20-py3-none-any.whl (134 kB)
     ---------------------------------------- 134.1/134.1 kB ? eta 0:00:00
Collecting charset_normalizer<4,>=2
  Downloading charset_normalizer-3.4.7-cp310-cp310-win_amd64.whl (159 kB)
     -------------------------------------- 159.2/159.2 kB 9.3 MB/s eta 0:00:00
Collecting tensorboard-data-server<0.8.0,>=0.7.0
  Downloading tensorboard_data_server-0.7.2-py3-none-any.whl (2.4 kB)
Collecting markdown>=2.6.8
  Downloading markdown-3.10.2-py3-none-any.whl (108 kB)
     -------------------------------------- 108.2/108.2 kB 1.3 MB/s eta 0:00:00
Collecting markdown-it-py>=2.2.0
  Downloading markdown_it_py-4.2.0-py3-none-any.whl (91 kB)
     ---------------------------------------- 91.7/91.7 kB ? eta 0:00:00
Collecting mdurl~=0.1
  Downloading mdurl-0.1.2-py3-none-any.whl (10.0 kB)
Installing collected packages: pytz, namex, libclang, flatbuffers, wrapt, urllib3, tzdata, typing-extensions, tomli, termcolor, tensorflow-io-gcs-filesystem, tensorboard-data-server, tabulate, six, PyYAML, pywin32, pyparsing, pygments, protobuf, pluggy, pillow, packaging, opt-einsum, numpy, networkx, mdurl, markupsafe, markdown, lxml, kiwisolver, itsdangerous, iniconfig, idna, gast, fonttools, cycler, colorama, charset_normalizer, certifi, blinker, absl-py, wheel, werkzeug, tqdm, tflite, requests, python-dateutil, portalocker, optree, onnx, ml-dtypes, markdown-it-py, jinja2, h5py, grpcio, google-pasta, exceptiongroup, ethos-u-vela, contourpy, click, tensorboard, rich, pytest, pandas, matplotlib, Flask, astunparse, seaborn, mera-visualizer, keras, tensorflow-intel, tensorflow, mera
Successfully installed Flask-3.1.3 PyYAML-6.0.3 absl-py-2.4.0 astunparse-1.6.3 blinker-1.9.0 certifi-2026.5.20 charset_normalizer-3.4.7 click-8.4.1 colorama-0.4.6 contourpy-1.3.2 cycler-0.12.1 ethos-u-vela-4.2.0 exceptiongroup-1.3.1 flatbuffers-24.3.25 fonttools-4.63.0 gast-0.7.0 google-pasta-0.2.0 grpcio-1.81.0 h5py-3.16.0 idna-3.18 iniconfig-2.3.0 itsdangerous-2.2.0 jinja2-3.1.6 keras-3.12.2 kiwisolver-1.5.0 libclang-18.1.1 lxml-6.1.1 markdown-3.10.2 markdown-it-py-4.2.0 markupsafe-3.0.3 matplotlib-3.10.9 mdurl-0.1.2 mera-2.6.0+pkg.4513 mera-visualizer-2.5.0+mcuv4 ml-dtypes-0.4.1 namex-0.1.0 networkx-3.4.2 numpy-1.26.4 onnx-1.17.0 opt-einsum-3.4.0 optree-0.19.1 packaging-26.2 pandas-2.3.3 pillow-12.2.0 pluggy-1.6.0 portalocker-3.2.0 protobuf-5.29.6 pygments-2.20.0 pyparsing-3.3.2 pytest-9.0.3 python-dateutil-2.9.0.post0 pytz-2026.2 pywin32-312 requests-2.34.2 rich-15.0.0 seaborn-0.13.2 six-1.17.0 tabulate-0.10.0 tensorboard-2.18.0 tensorboard-data-server-0.7.2 tensorflow-2.18.0 tensorflow-intel-2.18.0 tensorflow-io-gcs-filesystem-0.31.0 termcolor-3.3.0 tflite-2.18.0 tomli-2.4.1 tqdm-4.68.2 typing-extensions-4.15.0 tzdata-2026.2 urllib3-2.7.0 werkzeug-3.1.8 wheel-0.47.0 wrapt-2.2.1

[notice] A new release of pip is available: 23.0.1 -> 26.1.2
[notice] To update, run: D:\Renesas\RUHMI\.venv\Scripts\python.exe -m pip install --upgrade pip
Exit code: 0