T6558 000:002.227   SEGGER J-Link V9.42 Log File
T6558 000:002.334   DLL Compiled: May  6 2026 12:25:27
T6558 000:002.339   Logging started @ 2026-07-11 14:41
T6558 000:002.343   Process: C:\Users\lingk\.eclipse\com.renesas.platform_1584587709\DebugComp\RA\e2-server-gdb.exe
T6558 000:002.352 - 2.347ms 
T6558 000:002.364 JLINK_GetDLLVersion()
T6558 000:002.368 - 0.005ms returns 94200
T6558 000:004.850 JLINK_OpenEx(...)
T6558 000:011.912   Firmware: J-Link OB-RA4M2 compiled Dec 10 2025 15:52:53
T6558 000:012.526   Firmware: J-Link OB-RA4M2 compiled Dec 10 2025 15:52:53
T6558 000:024.155   Hardware: V1.00
T6558 000:024.176   S/N: 1080068464
T6558 000:024.182   OEM: SEGGER
T6558 000:024.192   Feature(s): None
T6558 000:024.664   Bootloader: 2021 May 14
T6558 000:024.983   USB speed mode: Full speed (12 MBit/s)
T6558 000:025.243   TELNET listener socket opened on port 19021
T6558 000:025.393   WEBSRV WEBSRV_Init(): Starting webserver thread(s)
T6558 000:025.695   WEBSRV Webserver running on local port 19080
T6558 000:025.812   Looking for J-Link GUI Server exe at: C:\Users\lingk\.eclipse\com.renesas.platform_1584587709\DebugComp\RA\ARM\Segger_v9.42.0\JLinkGUIServer.exe
T6558 000:025.882   Looking for J-Link GUI Server exe at: D:\SEGGER\JLink_V942\JLinkGUIServer.exe
T6558 000:025.897   Forking J-Link GUI Server: D:\SEGGER\JLink_V942\JLinkGUIServer.exe
T6558 000:053.573   J-Link GUI Server info: "J-Link GUI server V9.42 "
T6558 000:085.100 - 80.242ms returns "O.K."
T6558 000:085.214 JLINK_TIF_Select(JLINKARM_TIF_SWD)
T6558 000:085.639 - 0.426ms returns 0x00
T6558 000:085.661 JLINK_ClrRESET()
T6558 000:085.816 - 0.155ms 
T6558 000:135.952 JLINK_SetSpeed(1500)
T6558 000:136.137 - 0.191ms 
T6558 000:136.527 JLINK_CORESIGHT_Configure(PerformTIFInit=0)
T6558 000:136.889 - 0.365ms returns 0
T6558 000:136.904 JLINK_CORESIGHT_ReadAPDPReg(DP reg 0x00)
T6558 000:137.298   Value=0x6BA02477
T6558 000:137.314 - 0.411ms returns 0
T6558 000:137.325 JLINK_CORESIGHT_WriteAPDPReg(DP reg 0x00, 0x0000001F)
T6558 000:137.507 - 0.182ms returns 0
T6558 000:137.519 JLINK_CORESIGHT_ReadAPDPReg(DP reg 0x00)
T6558 000:137.749   Value=0x6BA02477
T6558 000:137.762 - 0.242ms returns 0
T6558 000:137.771 JLINK_CORESIGHT_WriteAPDPReg(DP reg 0x02, 0x00000000)
T6558 000:137.951 - 0.180ms returns 0
T6558 000:137.958 JLINK_CORESIGHT_WriteAPDPReg(DP reg 0x01, 0x50000000)
T6558 000:138.133 - 0.174ms returns 0
T6558 000:138.152 JLINK_CORESIGHT_ReadAPDPReg(DP reg 0x01)
T6558 000:138.330   Value=0xF0000040
T6558 000:138.338 - 0.186ms returns 0
T6558 000:138.343 JLINK_CORESIGHT_WriteAPDPReg(DP reg 0x00, 0x0000001F)
T6558 000:138.519 - 0.175ms returns 0
T6558 000:138.526 JLINK_CORESIGHT_ReadAPDPReg(DP reg 0x00)
T6558 000:138.726   Value=0x6BA02477
T6558 000:138.734 - 0.207ms returns 0
T6558 000:138.739 JLINK_CORESIGHT_WriteAPDPReg(DP reg 0x01, 0x54000000)
T6558 000:138.900 - 0.160ms returns 0
T6558 000:138.907 JLINK_CORESIGHT_WriteAPDPReg(DP reg 0x01, 0x50000F00)
T6558 000:139.143 - 0.236ms returns 0
T6558 000:139.160 JLINK_CORESIGHT_WriteAPDPReg(DP reg 0x02, 0x01000000)
T6558 000:139.343 - 0.182ms returns 0
T6558 000:139.360 JLINK_CORESIGHT_WriteAPDPReg(AP reg 0x00, 0x80000002)
T6558 000:139.553 - 0.192ms returns 0
T6558 000:139.561 JLINK_CORESIGHT_WriteAPDPReg(AP reg 0x01, 0x80011100)
T6558 000:139.739 - 0.177ms returns 0
T6558 000:139.751 JLINK_CORESIGHT_WriteAPDPReg(AP reg 0x03, 0x000000A5)
T6558 000:139.923 - 0.172ms returns 0
T6558 000:139.930 JLINK_CORESIGHT_WriteAPDPReg(AP reg 0x00, 0x80000002)
T6558 000:140.122 - 0.192ms returns 0
T6558 000:140.135 JLINK_CORESIGHT_WriteAPDPReg(AP reg 0x01, 0x80011100)
T6558 000:140.312 - 0.177ms returns 0
T6558 000:140.319 JLINK_CORESIGHT_ReadAPDPReg(AP reg 0x03)
T6558 000:140.534   Value=0x000000A5
T6558 000:140.542 - 0.222ms returns 0
T6558 000:140.549 JLINK_ClrTMS()
T6558 000:140.599 - 0.050ms 
T6558 000:145.679 JLINK_SetTCK()
T6558 000:145.793 - 0.113ms returns 0
T6558 000:151.684 JLINK_SetRESET()
T6558 000:151.810 - 0.125ms 
T6558 000:351.962 JLINK_CORESIGHT_WriteAPDPReg(AP reg 0x00, 0x80000002)
T6558 000:352.255 - 0.293ms returns 0
T6558 000:352.274 JLINK_CORESIGHT_WriteAPDPReg(AP reg 0x01, 0x80011100)
T6558 000:352.458 - 0.183ms returns 0
T6558 000:352.471 JLINK_CORESIGHT_ReadAPDPReg(AP reg 0x03)
T6558 000:352.719   Value=0x00000000
T6558 000:352.727 - 0.255ms returns 0
T6558 000:352.734 JLINK_CORESIGHT_WriteAPDPReg(AP reg 0x00, 0x80000002)
T6558 000:352.906 - 0.171ms returns 0
T6558 000:352.920 JLINK_CORESIGHT_WriteAPDPReg(AP reg 0x01, 0x80011140)
T6558 000:353.127 - 0.207ms returns 0
T6558 000:353.139 JLINK_CORESIGHT_ReadAPDPReg(AP reg 0x03)
T6558 000:353.374   Value=0x00000002
T6558 000:353.386 - 0.246ms returns 0
T6558 000:353.393 JLINK_CORESIGHT_WriteAPDPReg(AP reg 0x00, 0x80000002)
T6558 000:353.572 - 0.179ms returns 0
T6558 000:353.581 JLINK_CORESIGHT_WriteAPDPReg(AP reg 0x01, 0x80011120)
T6558 000:353.770 - 0.188ms returns 0
T6558 000:353.786 JLINK_CORESIGHT_WriteAPDPReg(AP reg 0x03, 0x00000055)
T6558 000:353.969 - 0.182ms returns 0
T6558 000:353.976 JLINK_CORESIGHT_WriteAPDPReg(AP reg 0x00, 0x80000002)
T6558 000:354.158 - 0.182ms returns 0
T6558 000:354.170 JLINK_CORESIGHT_WriteAPDPReg(AP reg 0x01, 0x80011140)
T6558 000:354.355 - 0.184ms returns 0
T6558 000:354.369 JLINK_CORESIGHT_ReadAPDPReg(AP reg 0x03)
T6558 000:354.610   Value=0x00000002
T6558 000:354.621 - 0.252ms returns 0
T6558 000:354.628 JLINK_CORESIGHT_ReadAPDPReg(AP reg 0x03)
T6558 000:354.855   Value=0x00000002
T6558 000:354.871 - 0.242ms returns 0
T6558 000:354.879 JLINK_CORESIGHT_ReadAPDPReg(AP reg 0x03)
T6558 000:355.127   Value=0x00000002
T6558 000:355.138 - 0.259ms returns 0
T6558 000:355.146 JLINK_CORESIGHT_ReadAPDPReg(AP reg 0x03)
T6558 000:355.375   Value=0x00000002
T6558 000:355.384 - 0.238ms returns 0
T6558 000:355.392 JLINK_CORESIGHT_ReadAPDPReg(AP reg 0x03)
T6558 000:355.610   Value=0x00000002
T6558 000:355.624 - 0.232ms returns 0
T6558 000:355.632 JLINK_CORESIGHT_ReadAPDPReg(AP reg 0x03)
T6558 000:355.843   Value=0x00000002
T6558 000:355.851 - 0.219ms returns 0
T6558 000:355.857 JLINK_CORESIGHT_ReadAPDPReg(AP reg 0x03)
T6558 000:356.132   Value=0x00000002
T6558 000:356.144 - 0.286ms returns 0
T6558 000:356.152 JLINK_CORESIGHT_ReadAPDPReg(AP reg 0x03)
T6558 000:356.378   Value=0x00000002
T6558 000:356.391 - 0.239ms returns 0
T6558 000:356.399 JLINK_CORESIGHT_ReadAPDPReg(AP reg 0x03)
T6558 000:356.634   Value=0x00000002
T6558 000:356.650 - 0.251ms returns 0
T6558 000:356.658 JLINK_CORESIGHT_ReadAPDPReg(AP reg 0x03)
T6558 000:356.872   Value=0x00000002
T6558 000:356.884 - 0.225ms returns 0
T6558 000:356.890 JLINK_CORESIGHT_ReadAPDPReg(AP reg 0x03)
T6558 000:357.124   Value=0x00000002
T6558 000:357.133 - 0.243ms returns 0
T6558 000:357.141 JLINK_CORESIGHT_ReadAPDPReg(AP reg 0x03)
T6558 000:357.359   Value=0x00000002
T6558 000:357.373 - 0.232ms returns 0
T6558 000:357.381 JLINK_CORESIGHT_ReadAPDPReg(AP reg 0x03)
T6558 000:357.617   Value=0x00000002
T6558 000:357.626 - 0.245ms returns 0
T6558 000:357.633 JLINK_CORESIGHT_ReadAPDPReg(AP reg 0x03)
T6558 000:357.856   Value=0x00000002
T6558 000:357.876 - 0.243ms returns 0
T6558 000:357.888 JLINK_CORESIGHT_ReadAPDPReg(AP reg 0x03)
T6558 000:358.143   Value=0x00000002
T6558 000:358.155 - 0.268ms returns 0
T6558 000:358.163 JLINK_CORESIGHT_ReadAPDPReg(AP reg 0x03)
T6558 000:358.396   Value=0x00000002
T6558 000:358.411 - 0.248ms returns 0
T6558 000:358.419 JLINK_CORESIGHT_ReadAPDPReg(AP reg 0x03)
T6558 000:358.662   Value=0x00000002
T6558 000:358.675 - 0.256ms returns 0
T6558 000:358.682 JLINK_CORESIGHT_ReadAPDPReg(AP reg 0x03)
T6558 000:358.916   Value=0x00000002
T6558 000:358.931 - 0.248ms returns 0
T6558 000:358.938 JLINK_CORESIGHT_ReadAPDPReg(AP reg 0x03)
T6558 000:359.179   Value=0x00000002
T6558 000:359.187 - 0.249ms returns 0
T6558 000:359.193 JLINK_CORESIGHT_ReadAPDPReg(AP reg 0x03)
T6558 000:359.412   Value=0x00000002
T6558 000:359.426 - 0.232ms returns 0
T6558 000:359.433 JLINK_CORESIGHT_ReadAPDPReg(AP reg 0x03)
T6558 000:359.655   Value=0x00000002
T6558 000:359.662 - 0.229ms returns 0
T6558 000:359.675 JLINK_CORESIGHT_ReadAPDPReg(AP reg 0x03)
T6558 000:359.901   Value=0x00000002
T6558 000:359.915 - 0.240ms returns 0
T6558 000:359.923 JLINK_CORESIGHT_ReadAPDPReg(AP reg 0x03)
T6558 000:360.167   Value=0x00000002
T6558 000:360.189 - 0.265ms returns 0
T6558 000:360.201 JLINK_CORESIGHT_ReadAPDPReg(AP reg 0x03)
T6558 000:360.447   Value=0x00000002
T6558 000:360.465 - 0.263ms returns 0
T6558 000:360.474 JLINK_CORESIGHT_ReadAPDPReg(AP reg 0x03)
T6558 000:360.711   Value=0x00000002
T6558 000:360.725 - 0.250ms returns 0
T6558 000:360.732 JLINK_CORESIGHT_ReadAPDPReg(AP reg 0x03)
T6558 000:360.982   Value=0x00000002
T6558 000:361.001 - 0.268ms returns 0
T6558 000:361.011 JLINK_CORESIGHT_ReadAPDPReg(AP reg 0x03)
T6558 000:361.275   Value=0x00000002
T6558 000:361.283 - 0.272ms returns 0
T6558 000:361.292 JLINK_CORESIGHT_ReadAPDPReg(AP reg 0x03)
T6558 000:361.511   Value=0x00000002
T6558 000:361.524 - 0.231ms returns 0
T6558 000:361.531 JLINK_CORESIGHT_ReadAPDPReg(AP reg 0x03)
T6558 000:361.772   Value=0x00000002
T6558 000:361.784 - 0.252ms returns 0
T6558 000:361.791 JLINK_CORESIGHT_ReadAPDPReg(AP reg 0x03)
T6558 000:362.005   Value=0x00000002
T6558 000:362.016 - 0.225ms returns 0
T6558 000:362.022 JLINK_CORESIGHT_ReadAPDPReg(AP reg 0x03)
T6558 000:362.278   Value=0x00000002
T6558 000:362.287 - 0.265ms returns 0
T6558 000:362.295 JLINK_CORESIGHT_ReadAPDPReg(AP reg 0x03)
T6558 000:362.514   Value=0x00000002
T6558 000:362.527 - 0.232ms returns 0
T6558 000:362.534 JLINK_CORESIGHT_ReadAPDPReg(AP reg 0x03)
T6558 000:362.752   Value=0x00000002
T6558 000:362.767 - 0.232ms returns 0
T6558 000:362.775 JLINK_CORESIGHT_ReadAPDPReg(AP reg 0x03)
T6558 000:363.000   Value=0x00000002
T6558 000:363.013 - 0.237ms returns 0
T6558 000:363.020 JLINK_CORESIGHT_ReadAPDPReg(AP reg 0x03)
T6558 000:363.274   Value=0x00000002
T6558 000:363.287 - 0.267ms returns 0
T6558 000:363.294 JLINK_CORESIGHT_ReadAPDPReg(AP reg 0x03)
T6558 000:363.525   Value=0x00000002
T6558 000:363.539 - 0.245ms returns 0
T6558 000:363.547 JLINK_CORESIGHT_ReadAPDPReg(AP reg 0x03)
T6558 000:363.780   Value=0x00000002
T6558 000:363.793 - 0.246ms returns 0
T6558 000:363.800 JLINK_CORESIGHT_ReadAPDPReg(AP reg 0x03)
T6558 000:364.064   Value=0x00000002
T6558 000:364.076 - 0.275ms returns 0
T6558 000:364.083 JLINK_CORESIGHT_ReadAPDPReg(AP reg 0x03)
T6558 000:364.310   Value=0x00000002
T6558 000:364.318 - 0.234ms returns 0
T6558 000:364.323 JLINK_CORESIGHT_ReadAPDPReg(AP reg 0x03)
T6558 000:364.562   Value=0x00000002
T6558 000:364.574 - 0.250ms returns 0
T6558 000:364.581 JLINK_CORESIGHT_ReadAPDPReg(AP reg 0x03)
T6558 000:364.815   Value=0x00000002
T6558 000:364.824 - 0.243ms returns 0
T6558 000:364.831 JLINK_CORESIGHT_ReadAPDPReg(AP reg 0x03)
T6558 000:365.144   Value=0x00000002
T6558 000:365.156 - 0.325ms returns 0
T6558 000:365.164 JLINK_CORESIGHT_ReadAPDPReg(AP reg 0x03)
T6558 000:365.381   Value=0x00000000
T6558 000:365.394 - 0.230ms returns 0
T6558 000:365.402 JLINK_CORESIGHT_WriteAPDPReg(AP reg 0x00, 0x80000002)
T6558 000:365.580 - 0.177ms returns 0
T6558 000:365.594 JLINK_CORESIGHT_WriteAPDPReg(AP reg 0x01, 0x80011130)
T6558 000:365.775 - 0.180ms returns 0
T6558 000:365.794 JLINK_CORESIGHT_ReadAPDPReg(AP reg 0x03)
T6558 000:366.039   Value=0x000000C6
T6558 000:366.052 - 0.258ms returns 0
T6558 000:366.402 JLINK_CORESIGHT_WriteAPDPReg(AP reg 0x00, 0x80000002)
T6558 000:366.591 - 0.189ms returns 0
T6558 000:366.602 JLINK_CORESIGHT_WriteAPDPReg(AP reg 0x01, 0x80011140)
T6558 000:366.929 - 0.326ms returns 0
T6558 000:366.945 JLINK_CORESIGHT_ReadAPDPReg(AP reg 0x03)
T6558 000:367.177   Value=0x00000002
T6558 000:367.190 - 0.244ms returns 0
T6558 000:367.199 JLINK_CORESIGHT_WriteAPDPReg(AP reg 0x00, 0x80000002)
T6558 000:367.380 - 0.181ms returns 0
T6558 000:367.397 JLINK_CORESIGHT_WriteAPDPReg(AP reg 0x01, 0x80011120)
T6558 000:367.589 - 0.192ms returns 0
T6558 000:367.606 JLINK_CORESIGHT_WriteAPDPReg(AP reg 0x03, 0x3A010001)
T6558 000:367.815 - 0.208ms returns 0
T6558 000:367.839 JLINK_CORESIGHT_WriteAPDPReg(AP reg 0x00, 0x80000002)
T6558 000:368.028 - 0.190ms returns 0
T6558 000:368.040 JLINK_CORESIGHT_WriteAPDPReg(AP reg 0x01, 0x80011140)
T6558 000:368.225 - 0.185ms returns 0
T6558 000:368.232 JLINK_CORESIGHT_ReadAPDPReg(AP reg 0x03)
T6558 000:368.453   Value=0x00000002
T6558 000:368.464 - 0.231ms returns 0
T6558 000:368.472 JLINK_CORESIGHT_WriteAPDPReg(AP reg 0x00, 0x80000002)
T6558 000:368.643 - 0.171ms returns 0
T6558 000:368.651 JLINK_CORESIGHT_WriteAPDPReg(AP reg 0x01, 0x80011120)
T6558 000:368.824 - 0.172ms returns 0
T6558 000:368.832 JLINK_CORESIGHT_WriteAPDPReg(AP reg 0x03, 0x000003C5)
T6558 000:369.006 - 0.174ms returns 0
T6558 000:369.017 JLINK_CORESIGHT_WriteAPDPReg(AP reg 0x00, 0x80000002)
T6558 000:369.232 - 0.214ms returns 0
T6558 000:369.247 JLINK_CORESIGHT_WriteAPDPReg(AP reg 0x01, 0x80011140)
T6558 000:369.436 - 0.188ms returns 0
T6558 000:369.450 JLINK_CORESIGHT_ReadAPDPReg(AP reg 0x03)
T6558 000:369.695   Value=0x00000002
T6558 000:369.705 - 0.255ms returns 0
T6558 000:369.713 JLINK_CORESIGHT_ReadAPDPReg(AP reg 0x03)
T6558 000:369.948   Value=0x00000002
T6558 000:369.959 - 0.245ms returns 0
T6558 000:369.967 JLINK_CORESIGHT_ReadAPDPReg(AP reg 0x03)
T6558 000:370.192   Value=0x00000002
T6558 000:370.206 - 0.239ms returns 0
T6558 000:370.215 JLINK_CORESIGHT_ReadAPDPReg(AP reg 0x03)
T6558 000:370.446   Value=0x00000002
T6558 000:370.461 - 0.246ms returns 0
T6558 000:370.470 JLINK_CORESIGHT_ReadAPDPReg(AP reg 0x03)
T6558 000:370.701   Value=0x00000002
T6558 000:370.712 - 0.242ms returns 0
T6558 000:370.718 JLINK_CORESIGHT_ReadAPDPReg(AP reg 0x03)
T6558 000:371.074   Value=0x00000002
T6558 000:371.089 - 0.370ms returns 0
T6558 000:371.097 JLINK_CORESIGHT_ReadAPDPReg(AP reg 0x03)
T6558 000:371.309   Value=0x00000000
T6558 000:371.321 - 0.223ms returns 0
T6558 000:371.327 JLINK_CORESIGHT_WriteAPDPReg(AP reg 0x00, 0x80000002)
T6558 000:371.513 - 0.185ms returns 0
T6558 000:371.525 JLINK_CORESIGHT_WriteAPDPReg(AP reg 0x01, 0x80011130)
T6558 000:371.710 - 0.185ms returns 0
T6558 000:371.717 JLINK_CORESIGHT_ReadAPDPReg(AP reg 0x03)
T6558 000:371.934   Value=0x3A2A0081
T6558 000:371.950 - 0.232ms returns 0
T6558 000:371.959 JLINK_CORESIGHT_WriteAPDPReg(AP reg 0x00, 0x80000002)
T6558 000:372.266 - 0.307ms returns 0
T6558 000:372.277 JLINK_CORESIGHT_WriteAPDPReg(AP reg 0x01, 0x80011140)
T6558 000:372.468 - 0.191ms returns 0
T6558 000:372.481 JLINK_CORESIGHT_ReadAPDPReg(AP reg 0x03)
T6558 000:372.715   Value=0x00000000
T6558 000:372.730 - 0.249ms returns 0
T6558 000:372.739 JLINK_CORESIGHT_WriteAPDPReg(AP reg 0x00, 0x80000002)
T6558 000:372.918 - 0.179ms returns 0
T6558 000:372.928 JLINK_CORESIGHT_WriteAPDPReg(AP reg 0x01, 0x80011130)
T6558 000:373.135 - 0.207ms returns 0
T6558 000:373.146 JLINK_CORESIGHT_ReadAPDPReg(AP reg 0x03)
T6558 000:373.372   Value=0x808D5B00
T6558 000:373.383 - 0.237ms returns 0
T6558 000:373.390 JLINK_CORESIGHT_WriteAPDPReg(AP reg 0x00, 0x80000002)
T6558 000:373.569 - 0.178ms returns 0
T6558 000:373.575 JLINK_CORESIGHT_WriteAPDPReg(AP reg 0x01, 0x80011140)
T6558 000:373.744 - 0.168ms returns 0
T6558 000:373.760 JLINK_CORESIGHT_ReadAPDPReg(AP reg 0x03)
T6558 000:373.987   Value=0x00000000
T6558 000:373.998 - 0.238ms returns 0
T6558 000:374.006 JLINK_CORESIGHT_WriteAPDPReg(AP reg 0x00, 0x80000002)
T6558 000:374.232 - 0.226ms returns 0
T6558 000:374.243 JLINK_CORESIGHT_WriteAPDPReg(AP reg 0x01, 0x80011130)
T6558 000:374.411 - 0.168ms returns 0
T6558 000:374.421 JLINK_CORESIGHT_ReadAPDPReg(AP reg 0x03)
T6558 000:374.649   Value=0x0406070A
T6558 000:374.665 - 0.243ms returns 0
T6558 000:374.673 JLINK_CORESIGHT_WriteAPDPReg(AP reg 0x00, 0x80000002)
T6558 000:374.853 - 0.179ms returns 0
T6558 000:374.860 JLINK_CORESIGHT_WriteAPDPReg(AP reg 0x01, 0x80011140)
T6558 000:375.273 - 0.412ms returns 0
T6558 000:375.291 JLINK_CORESIGHT_ReadAPDPReg(AP reg 0x03)
T6558 000:375.549   Value=0x00000000
T6558 000:375.564 - 0.273ms returns 0
T6558 000:375.573 JLINK_CORESIGHT_WriteAPDPReg(AP reg 0x00, 0x80000002)
T6558 000:375.806 - 0.232ms returns 0
T6558 000:375.820 JLINK_CORESIGHT_WriteAPDPReg(AP reg 0x01, 0x80011130)
T6558 000:376.013 - 0.193ms returns 0
T6558 000:376.025 JLINK_CORESIGHT_ReadAPDPReg(AP reg 0x03)
T6558 000:376.280   Value=0x3254540B
T6558 000:376.292 - 0.267ms returns 0
T6558 000:376.301 JLINK_CORESIGHT_WriteAPDPReg(AP reg 0x00, 0x80000002)
T6558 000:376.489 - 0.187ms returns 0
T6558 000:376.503 JLINK_CORESIGHT_WriteAPDPReg(AP reg 0x01, 0x80011140)
T6558 000:376.686 - 0.182ms returns 0
T6558 000:376.699 JLINK_CORESIGHT_ReadAPDPReg(AP reg 0x03)
T6558 000:376.918   Value=0x00000000
T6558 000:376.926 - 0.226ms returns 0
T6558 000:376.932 JLINK_CORESIGHT_WriteAPDPReg(AP reg 0x00, 0x80000002)
T6558 000:377.122 - 0.190ms returns 0
T6558 000:377.130 JLINK_CORESIGHT_WriteAPDPReg(AP reg 0x01, 0x80011130)
T6558 000:377.317 - 0.186ms returns 0
T6558 000:377.328 JLINK_CORESIGHT_ReadAPDPReg(AP reg 0x03)
T6558 000:377.550   Value=0x54588559
T6558 000:377.557 - 0.229ms returns 0
T6558 000:377.563 JLINK_CORESIGHT_WriteAPDPReg(AP reg 0x00, 0x80000002)
T6558 000:377.742 - 0.179ms returns 0
T6558 000:377.748 JLINK_CORESIGHT_WriteAPDPReg(AP reg 0x01, 0x80011140)
T6558 000:377.917 - 0.168ms returns 0
T6558 000:377.928 JLINK_CORESIGHT_ReadAPDPReg(AP reg 0x03)
T6558 000:378.157   Value=0x00000000
T6558 000:378.165 - 0.236ms returns 0
T6558 000:378.172 JLINK_CORESIGHT_WriteAPDPReg(AP reg 0x00, 0x80000002)
T6558 000:378.349 - 0.176ms returns 0
T6558 000:378.363 JLINK_CORESIGHT_WriteAPDPReg(AP reg 0x01, 0x80011130)
T6558 000:378.540 - 0.177ms returns 0
T6558 000:378.552 JLINK_CORESIGHT_ReadAPDPReg(AP reg 0x03)
T6558 000:378.859   Value=0x34325736
T6558 000:378.874 - 0.321ms returns 0
T6558 000:378.882 JLINK_CORESIGHT_WriteAPDPReg(AP reg 0x00, 0x80000002)
T6558 000:379.127 - 0.245ms returns 0
T6558 000:379.140 JLINK_CORESIGHT_WriteAPDPReg(AP reg 0x01, 0x80011140)
T6558 000:379.392 - 0.252ms returns 0
T6558 000:379.405 JLINK_CORESIGHT_ReadAPDPReg(AP reg 0x03)
T6558 000:379.636   Value=0x00000000
T6558 000:379.648 - 0.242ms returns 0
T6558 000:379.656 JLINK_CORESIGHT_WriteAPDPReg(AP reg 0x00, 0x80000002)
T6558 000:379.839 - 0.183ms returns 0
T6558 000:379.851 JLINK_CORESIGHT_WriteAPDPReg(AP reg 0x01, 0x80011130)
T6558 000:380.023 - 0.172ms returns 0
T6558 000:380.030 JLINK_CORESIGHT_ReadAPDPReg(AP reg 0x03)
T6558 000:380.279   Value=0x70082D30
T6558 000:380.290 - 0.260ms returns 0
T6558 000:380.297 JLINK_CORESIGHT_WriteAPDPReg(AP reg 0x00, 0x80000002)
T6558 000:380.466 - 0.169ms returns 0
T6558 000:380.481 JLINK_CORESIGHT_WriteAPDPReg(AP reg 0x01, 0x80011140)
T6558 000:380.656 - 0.175ms returns 0
T6558 000:380.671 JLINK_CORESIGHT_ReadAPDPReg(AP reg 0x03)
T6558 000:380.904   Value=0x00000000
T6558 000:380.911 - 0.240ms returns 0
T6558 000:380.918 JLINK_CORESIGHT_WriteAPDPReg(AP reg 0x00, 0x80000002)
T6558 000:381.131 - 0.212ms returns 0
T6558 000:381.147 JLINK_CORESIGHT_WriteAPDPReg(AP reg 0x01, 0x80011130)
T6558 000:381.335 - 0.188ms returns 0
T6558 000:381.352 JLINK_CORESIGHT_ReadAPDPReg(AP reg 0x03)
T6558 000:381.581   Value=0x4B375268
T6558 000:381.588 - 0.235ms returns 0
T6558 000:381.593 JLINK_CORESIGHT_WriteAPDPReg(AP reg 0x00, 0x80000002)
T6558 000:381.769 - 0.175ms returns 0
T6558 000:381.775 JLINK_CORESIGHT_WriteAPDPReg(AP reg 0x01, 0x80011140)
T6558 000:381.953 - 0.178ms returns 0
T6558 000:381.969 JLINK_CORESIGHT_ReadAPDPReg(AP reg 0x03)
T6558 000:382.194   Value=0x00000000
T6558 000:382.204 - 0.234ms returns 0
T6558 000:382.211 JLINK_CORESIGHT_WriteAPDPReg(AP reg 0x00, 0x80000002)
T6558 000:382.390 - 0.178ms returns 0
T6558 000:382.405 JLINK_CORESIGHT_WriteAPDPReg(AP reg 0x01, 0x80011130)
T6558 000:382.594 - 0.188ms returns 0
T6558 000:382.606 JLINK_CORESIGHT_ReadAPDPReg(AP reg 0x03)
T6558 000:382.850   Value=0x31503841
T6558 000:382.859 - 0.253ms returns 0
T6558 000:382.867 JLINK_CORESIGHT_WriteAPDPReg(AP reg 0x00, 0x80000002)
T6558 000:383.137 - 0.271ms returns 0
T6558 000:383.150 JLINK_CORESIGHT_WriteAPDPReg(AP reg 0x01, 0x80011140)
T6558 000:383.340 - 0.189ms returns 0
T6558 000:383.353 JLINK_CORESIGHT_ReadAPDPReg(AP reg 0x03)
T6558 000:383.588   Value=0x00000000
T6558 000:383.598 - 0.244ms returns 0
T6558 000:383.604 JLINK_CORESIGHT_WriteAPDPReg(AP reg 0x00, 0x80000002)
T6558 000:383.787 - 0.182ms returns 0
T6558 000:383.800 JLINK_CORESIGHT_WriteAPDPReg(AP reg 0x01, 0x80011130)
T6558 000:383.976 - 0.175ms returns 0
T6558 000:383.991 JLINK_CORESIGHT_ReadAPDPReg(AP reg 0x03)
T6558 000:384.288   Value=0x434C464B
T6558 000:384.302 - 0.311ms returns 0
T6558 000:384.310 JLINK_CORESIGHT_WriteAPDPReg(AP reg 0x00, 0x80000002)
T6558 000:384.490 - 0.180ms returns 0
T6558 000:384.507 JLINK_CORESIGHT_WriteAPDPReg(AP reg 0x01, 0x80011140)
T6558 000:384.688 - 0.181ms returns 0
T6558 000:384.698 JLINK_CORESIGHT_ReadAPDPReg(AP reg 0x03)
T6558 000:384.922   Value=0x00000000
T6558 000:384.934 - 0.236ms returns 0
T6558 000:384.941 JLINK_CORESIGHT_WriteAPDPReg(AP reg 0x00, 0x80000002)
T6558 000:385.132 - 0.190ms returns 0
T6558 000:385.143 JLINK_CORESIGHT_WriteAPDPReg(AP reg 0x01, 0x80011130)
T6558 000:385.317 - 0.173ms returns 0
T6558 000:385.329 JLINK_CORESIGHT_ReadAPDPReg(AP reg 0x03)
T6558 000:385.563   Value=0x20204341
T6558 000:385.576 - 0.246ms returns 0
T6558 000:385.584 JLINK_CORESIGHT_WriteAPDPReg(AP reg 0x00, 0x80000002)
T6558 000:385.773 - 0.189ms returns 0
T6558 000:385.785 JLINK_CORESIGHT_WriteAPDPReg(AP reg 0x01, 0x80011140)
T6558 000:385.975 - 0.190ms returns 0
T6558 000:385.987 JLINK_CORESIGHT_ReadAPDPReg(AP reg 0x03)
T6558 000:386.286   Value=0x00000000
T6558 000:386.297 - 0.310ms returns 0
T6558 000:386.304 JLINK_CORESIGHT_WriteAPDPReg(AP reg 0x00, 0x80000002)
T6558 000:386.480 - 0.176ms returns 0
T6558 000:386.493 JLINK_CORESIGHT_WriteAPDPReg(AP reg 0x01, 0x80011130)
T6558 000:386.677 - 0.184ms returns 0
T6558 000:386.683 JLINK_CORESIGHT_ReadAPDPReg(AP reg 0x03)
T6558 000:386.914   Value=0x0003A820
T6558 000:386.924 - 0.240ms returns 0
T6558 000:386.983 JLINK_CORESIGHT_WriteAPDPReg(AP reg 0x00, 0x80000002)
T6558 000:387.233 - 0.250ms returns 0
T6558 000:387.245 JLINK_CORESIGHT_WriteAPDPReg(AP reg 0x01, 0x80011140)
T6558 000:387.425 - 0.179ms returns 0
T6558 000:387.439 JLINK_CORESIGHT_ReadAPDPReg(AP reg 0x03)
T6558 000:387.758   Value=0x00000002
T6558 000:387.766 - 0.327ms returns 0
T6558 000:387.773 JLINK_CORESIGHT_WriteAPDPReg(AP reg 0x00, 0x80000002)
T6558 000:387.960 - 0.187ms returns 0
T6558 000:387.967 JLINK_CORESIGHT_WriteAPDPReg(AP reg 0x01, 0x80011120)
T6558 000:388.150 - 0.183ms returns 0
T6558 000:388.164 JLINK_CORESIGHT_WriteAPDPReg(AP reg 0x03, 0x39020001)
T6558 000:388.344 - 0.179ms returns 0
T6558 000:388.355 JLINK_CORESIGHT_WriteAPDPReg(AP reg 0x00, 0x80000002)
T6558 000:388.541 - 0.185ms returns 0
T6558 000:388.559 JLINK_CORESIGHT_WriteAPDPReg(AP reg 0x01, 0x80011140)
T6558 000:388.740 - 0.181ms returns 0
T6558 000:388.751 JLINK_CORESIGHT_ReadAPDPReg(AP reg 0x03)
T6558 000:388.973   Value=0x00000002
T6558 000:388.985 - 0.234ms returns 0
T6558 000:388.992 JLINK_CORESIGHT_WriteAPDPReg(AP reg 0x00, 0x80000002)
T6558 000:389.236 - 0.244ms returns 0
T6558 000:389.249 JLINK_CORESIGHT_WriteAPDPReg(AP reg 0x01, 0x80011120)
T6558 000:389.421 - 0.171ms returns 0
T6558 000:389.433 JLINK_CORESIGHT_WriteAPDPReg(AP reg 0x03, 0x0003B312)
T6558 000:389.608 - 0.175ms returns 0
T6558 000:389.615 JLINK_CORESIGHT_WriteAPDPReg(AP reg 0x00, 0x80000002)
T6558 000:389.793 - 0.178ms returns 0
T6558 000:389.800 JLINK_CORESIGHT_WriteAPDPReg(AP reg 0x01, 0x80011140)
T6558 000:389.976 - 0.176ms returns 0
T6558 000:389.983 JLINK_CORESIGHT_ReadAPDPReg(AP reg 0x03)
T6558 000:390.226   Value=0x00000000
T6558 000:390.236 - 0.252ms returns 0
T6558 000:390.243 JLINK_CORESIGHT_WriteAPDPReg(AP reg 0x00, 0x80000002)
T6558 000:390.419 - 0.176ms returns 0
T6558 000:390.431 JLINK_CORESIGHT_WriteAPDPReg(AP reg 0x01, 0x80011130)
T6558 000:390.609 - 0.178ms returns 0
T6558 000:390.616 JLINK_CORESIGHT_ReadAPDPReg(AP reg 0x03)
T6558 000:390.831   Value=0xB90A0081
T6558 000:390.839 - 0.222ms returns 0
T6558 000:390.848 JLINK_CORESIGHT_WriteAPDPReg(AP reg 0x00, 0x80000002)
T6558 000:391.025 - 0.176ms returns 0
T6558 000:391.037 JLINK_CORESIGHT_WriteAPDPReg(AP reg 0x01, 0x80011140)
T6558 000:391.287 - 0.250ms returns 0
T6558 000:391.754 JLINK_CORESIGHT_ReadAPDPReg(AP reg 0x03)
T6558 000:391.996   Value=0x00000000
T6558 000:392.011 - 0.257ms returns 0
T6558 000:392.020 JLINK_CORESIGHT_WriteAPDPReg(AP reg 0x00, 0x80000002)
T6558 000:392.250 - 0.229ms returns 0
T6558 000:392.265 JLINK_CORESIGHT_WriteAPDPReg(AP reg 0x01, 0x80011130)
T6558 000:392.454 - 0.188ms returns 0
T6558 000:392.465 JLINK_CORESIGHT_ReadAPDPReg(AP reg 0x03)
T6558 000:392.690   Value=0xFFFFFFC0
T6558 000:392.705 - 0.240ms returns 0
T6558 000:392.713 JLINK_CORESIGHT_WriteAPDPReg(AP reg 0x00, 0x80000002)
T6558 000:392.892 - 0.178ms returns 0
T6558 000:392.899 JLINK_CORESIGHT_WriteAPDPReg(AP reg 0x01, 0x80011140)
T6558 000:393.122 - 0.222ms returns 0
T6558 000:393.138 JLINK_CORESIGHT_ReadAPDPReg(AP reg 0x03)
T6558 000:393.366   Value=0x00000000
T6558 000:393.373 - 0.236ms returns 0
T6558 000:393.380 JLINK_CORESIGHT_WriteAPDPReg(AP reg 0x00, 0x80000002)
T6558 000:393.559 - 0.178ms returns 0
T6558 000:393.570 JLINK_CORESIGHT_WriteAPDPReg(AP reg 0x01, 0x80011130)
T6558 000:393.745 - 0.175ms returns 0
T6558 000:393.753 JLINK_CORESIGHT_ReadAPDPReg(AP reg 0x03)
T6558 000:393.972   Value=0xFFFFFFFF
T6558 000:393.982 - 0.229ms returns 0
T6558 000:393.989 JLINK_CORESIGHT_WriteAPDPReg(AP reg 0x00, 0x80000002)
T6558 000:394.150 - 0.160ms returns 0
T6558 000:394.159 JLINK_CORESIGHT_WriteAPDPReg(AP reg 0x01, 0x80011140)
T6558 000:394.338 - 0.178ms returns 0
T6558 000:394.354 JLINK_CORESIGHT_ReadAPDPReg(AP reg 0x03)
T6558 000:394.583   Value=0x00000000
T6558 000:394.595 - 0.240ms returns 0
T6558 000:394.603 JLINK_CORESIGHT_WriteAPDPReg(AP reg 0x00, 0x80000002)
T6558 000:394.794 - 0.191ms returns 0
T6558 000:394.808 JLINK_CORESIGHT_WriteAPDPReg(AP reg 0x01, 0x80011130)
T6558 000:394.975 - 0.167ms returns 0
T6558 000:394.986 JLINK_CORESIGHT_ReadAPDPReg(AP reg 0x03)
T6558 000:395.208   Value=0x000385FF
T6558 000:395.216 - 0.229ms returns 0
T6558 000:395.276 JLINK_CORESIGHT_WriteAPDPReg(AP reg 0x00, 0x80000002)
T6558 000:395.458 - 0.182ms returns 0
T6558 000:395.465 JLINK_CORESIGHT_WriteAPDPReg(AP reg 0x01, 0x80011140)
T6558 000:395.638 - 0.172ms returns 0
T6558 000:395.649 JLINK_CORESIGHT_ReadAPDPReg(AP reg 0x03)
T6558 000:395.865   Value=0x00000002
T6558 000:395.878 - 0.228ms returns 0
T6558 000:395.886 JLINK_CORESIGHT_WriteAPDPReg(AP reg 0x00, 0x80000002)
T6558 000:396.128 - 0.241ms returns 0
T6558 000:396.136 JLINK_CORESIGHT_WriteAPDPReg(AP reg 0x01, 0x80011120)
T6558 000:396.308 - 0.171ms returns 0
T6558 000:396.320 JLINK_CORESIGHT_WriteAPDPReg(AP reg 0x03, 0x2C010001)
T6558 000:396.502 - 0.181ms returns 0
T6558 000:396.513 JLINK_CORESIGHT_WriteAPDPReg(AP reg 0x00, 0x80000002)
T6558 000:396.687 - 0.173ms returns 0
T6558 000:396.700 JLINK_CORESIGHT_WriteAPDPReg(AP reg 0x01, 0x80011140)
T6558 000:396.880 - 0.180ms returns 0
T6558 000:396.892 JLINK_CORESIGHT_ReadAPDPReg(AP reg 0x03)
T6558 000:397.130   Value=0x00000002
T6558 000:397.142 - 0.250ms returns 0
T6558 000:397.149 JLINK_CORESIGHT_WriteAPDPReg(AP reg 0x00, 0x80000002)
T6558 000:397.336 - 0.187ms returns 0
T6558 000:397.348 JLINK_CORESIGHT_WriteAPDPReg(AP reg 0x01, 0x80011120)
T6558 000:397.528 - 0.180ms returns 0
T6558 000:397.539 JLINK_CORESIGHT_WriteAPDPReg(AP reg 0x03, 0x000003D3)
T6558 000:397.729 - 0.189ms returns 0
T6558 000:397.740 JLINK_CORESIGHT_WriteAPDPReg(AP reg 0x00, 0x80000002)
T6558 000:397.927 - 0.187ms returns 0
T6558 000:397.937 JLINK_CORESIGHT_WriteAPDPReg(AP reg 0x01, 0x80011140)
T6558 000:398.125 - 0.188ms returns 0
T6558 000:398.133 JLINK_CORESIGHT_ReadAPDPReg(AP reg 0x03)
T6558 000:398.355   Value=0x00000002
T6558 000:398.366 - 0.233ms returns 0
T6558 000:398.374 JLINK_CORESIGHT_ReadAPDPReg(AP reg 0x03)
T6558 000:398.597   Value=0x00000002
T6558 000:398.610 - 0.236ms returns 0
T6558 000:398.618 JLINK_CORESIGHT_ReadAPDPReg(AP reg 0x03)
T6558 000:398.836   Value=0x00000002
T6558 000:398.849 - 0.231ms returns 0
T6558 000:398.855 JLINK_CORESIGHT_ReadAPDPReg(AP reg 0x03)
T6558 000:399.123   Value=0x00000002
T6558 000:399.137 - 0.282ms returns 0
T6558 000:399.145 JLINK_CORESIGHT_ReadAPDPReg(AP reg 0x03)
T6558 000:399.367   Value=0x00000002
T6558 000:399.382 - 0.236ms returns 0
T6558 000:399.390 JLINK_CORESIGHT_ReadAPDPReg(AP reg 0x03)
T6558 000:399.615   Value=0x00000002
T6558 000:399.626 - 0.236ms returns 0
T6558 000:399.634 JLINK_CORESIGHT_ReadAPDPReg(AP reg 0x03)
T6558 000:399.925   Value=0x00000002
T6558 000:399.936 - 0.302ms returns 0
T6558 000:399.943 JLINK_CORESIGHT_ReadAPDPReg(AP reg 0x03)
T6558 000:400.163   Value=0x00000002
T6558 000:400.178 - 0.234ms returns 0
T6558 000:400.186 JLINK_CORESIGHT_ReadAPDPReg(AP reg 0x03)
T6558 000:400.413   Value=0x00000000
T6558 000:400.427 - 0.241ms returns 0
T6558 000:400.435 JLINK_CORESIGHT_WriteAPDPReg(AP reg 0x00, 0x80000002)
T6558 000:400.607 - 0.171ms returns 0
T6558 000:400.619 JLINK_CORESIGHT_WriteAPDPReg(AP reg 0x01, 0x80011130)
T6558 000:400.795 - 0.176ms returns 0
T6558 000:400.802 JLINK_CORESIGHT_ReadAPDPReg(AP reg 0x03)
T6558 000:401.020   Value=0x2C020081
T6558 000:401.031 - 0.230ms returns 0
T6558 000:401.038 JLINK_CORESIGHT_WriteAPDPReg(AP reg 0x00, 0x80000002)
T6558 000:401.241 - 0.202ms returns 0
T6558 000:401.252 JLINK_CORESIGHT_WriteAPDPReg(AP reg 0x01, 0x80011140)
T6558 000:401.420 - 0.167ms returns 0
T6558 000:401.428 JLINK_CORESIGHT_ReadAPDPReg(AP reg 0x03)
T6558 000:401.658   Value=0x00000000
T6558 000:401.666 - 0.237ms returns 0
T6558 000:401.671 JLINK_CORESIGHT_WriteAPDPReg(AP reg 0x00, 0x80000002)
T6558 000:401.848 - 0.176ms returns 0
T6558 000:401.859 JLINK_CORESIGHT_WriteAPDPReg(AP reg 0x01, 0x80011130)
T6558 000:402.126 - 0.267ms returns 0
T6558 000:402.141 JLINK_CORESIGHT_ReadAPDPReg(AP reg 0x03)
T6558 000:402.375   Value=0x0003CE04
T6558 000:402.388 - 0.247ms returns 0
T6558 000:402.402 JLINK_CORESIGHT_WriteAPDPReg(AP reg 0x00, 0x80000002)
T6558 000:402.584 - 0.182ms returns 0
T6558 000:402.592 JLINK_CORESIGHT_WriteAPDPReg(AP reg 0x01, 0x80011140)
T6558 000:402.770 - 0.178ms returns 0
T6558 000:402.784 JLINK_CORESIGHT_ReadAPDPReg(AP reg 0x03)
T6558 000:402.997   Value=0x00000002
T6558 000:403.012 - 0.227ms returns 0
T6558 000:403.020 JLINK_CORESIGHT_WriteAPDPReg(AP reg 0x00, 0x80000002)
T6558 000:403.232 - 0.212ms returns 0
T6558 000:403.243 JLINK_CORESIGHT_WriteAPDPReg(AP reg 0x01, 0x80011120)
T6558 000:403.418 - 0.174ms returns 0
T6558 000:403.429 JLINK_CORESIGHT_WriteAPDPReg(AP reg 0x03, 0x73010001)
T6558 000:403.603 - 0.174ms returns 0
T6558 000:403.610 JLINK_CORESIGHT_WriteAPDPReg(AP reg 0x00, 0x80000002)
T6558 000:403.783 - 0.172ms returns 0
T6558 000:403.789 JLINK_CORESIGHT_WriteAPDPReg(AP reg 0x01, 0x80011140)
T6558 000:403.954 - 0.164ms returns 0
T6558 000:403.970 JLINK_CORESIGHT_ReadAPDPReg(AP reg 0x03)
T6558 000:404.192   Value=0x00000002
T6558 000:404.200 - 0.230ms returns 0
T6558 000:404.206 JLINK_CORESIGHT_WriteAPDPReg(AP reg 0x00, 0x80000002)
T6558 000:404.381 - 0.174ms returns 0
T6558 000:404.397 JLINK_CORESIGHT_WriteAPDPReg(AP reg 0x01, 0x80011120)
T6558 000:404.568 - 0.170ms returns 0
T6558 000:404.585 JLINK_CORESIGHT_WriteAPDPReg(AP reg 0x03, 0x0000038C)
T6558 000:404.766 - 0.180ms returns 0
T6558 000:404.778 JLINK_CORESIGHT_WriteAPDPReg(AP reg 0x00, 0x80000002)
T6558 000:404.959 - 0.180ms returns 0
T6558 000:404.966 JLINK_CORESIGHT_WriteAPDPReg(AP reg 0x01, 0x80011140)
T6558 000:405.135 - 0.168ms returns 0
T6558 000:405.152 JLINK_CORESIGHT_ReadAPDPReg(AP reg 0x03)
T6558 000:405.387   Value=0x00000002
T6558 000:405.399 - 0.247ms returns 0
T6558 000:405.407 JLINK_CORESIGHT_ReadAPDPReg(AP reg 0x03)
T6558 000:405.617   Value=0x00000002
T6558 000:405.625 - 0.218ms returns 0
T6558 000:405.632 JLINK_CORESIGHT_ReadAPDPReg(AP reg 0x03)
T6558 000:405.846   Value=0x00000002
T6558 000:405.860 - 0.228ms returns 0
T6558 000:405.867 JLINK_CORESIGHT_ReadAPDPReg(AP reg 0x03)
T6558 000:406.129   Value=0x00000002
T6558 000:406.146 - 0.279ms returns 0
T6558 000:406.155 JLINK_CORESIGHT_ReadAPDPReg(AP reg 0x03)
T6558 000:406.377   Value=0x00000000
T6558 000:406.388 - 0.233ms returns 0
T6558 000:406.395 JLINK_CORESIGHT_WriteAPDPReg(AP reg 0x00, 0x80000002)
T6558 000:406.609 - 0.214ms returns 0
T6558 000:406.626 JLINK_CORESIGHT_WriteAPDPReg(AP reg 0x01, 0x80011130)
T6558 000:406.817 - 0.191ms returns 0
T6558 000:406.829 JLINK_CORESIGHT_ReadAPDPReg(AP reg 0x03)
T6558 000:407.135   Value=0x73020081
T6558 000:407.149 - 0.319ms returns 0
T6558 000:407.155 JLINK_CORESIGHT_WriteAPDPReg(AP reg 0x00, 0x80000002)
T6558 000:407.334 - 0.179ms returns 0
T6558 000:407.344 JLINK_CORESIGHT_WriteAPDPReg(AP reg 0x01, 0x80011140)
T6558 000:407.526 - 0.181ms returns 0
T6558 000:407.535 JLINK_CORESIGHT_ReadAPDPReg(AP reg 0x03)
T6558 000:407.765   Value=0x00000000
T6558 000:407.781 - 0.246ms returns 0
T6558 000:407.790 JLINK_CORESIGHT_WriteAPDPReg(AP reg 0x00, 0x80000002)
T6558 000:407.969 - 0.179ms returns 0
T6558 000:407.979 JLINK_CORESIGHT_WriteAPDPReg(AP reg 0x01, 0x80011130)
T6558 000:408.152 - 0.173ms returns 0
T6558 000:408.161 JLINK_CORESIGHT_ReadAPDPReg(AP reg 0x03)
T6558 000:408.378   Value=0x00038902
T6558 000:408.389 - 0.228ms returns 0
T6558 000:408.397 JLINK_CORESIGHT_WriteAPDPReg(AP reg 0x00, 0x80000002)
T6558 000:408.571 - 0.173ms returns 0
T6558 000:408.585 JLINK_CORESIGHT_WriteAPDPReg(AP reg 0x01, 0x80011140)
T6558 000:408.780 - 0.195ms returns 0
T6558 000:408.792 JLINK_CORESIGHT_ReadAPDPReg(AP reg 0x03)
T6558 000:409.018   Value=0x00000002
T6558 000:409.030 - 0.238ms returns 0
T6558 000:409.039 JLINK_CORESIGHT_WriteAPDPReg(AP reg 0x00, 0x80000002)
T6558 000:409.243 - 0.204ms returns 0
T6558 000:409.257 JLINK_CORESIGHT_WriteAPDPReg(AP reg 0x01, 0x80011120)
T6558 000:409.456 - 0.199ms returns 0
T6558 000:409.469 JLINK_CORESIGHT_WriteAPDPReg(AP reg 0x03, 0x75010001)
T6558 000:409.648 - 0.179ms returns 0
T6558 000:409.665 JLINK_CORESIGHT_WriteAPDPReg(AP reg 0x00, 0x80000002)
T6558 000:409.849 - 0.184ms returns 0
T6558 000:409.866 JLINK_CORESIGHT_WriteAPDPReg(AP reg 0x01, 0x80011140)
T6558 000:410.128 - 0.261ms returns 0
T6558 000:410.147 JLINK_CORESIGHT_ReadAPDPReg(AP reg 0x03)
T6558 000:410.394   Value=0x00000002
T6558 000:410.410 - 0.264ms returns 0
T6558 000:410.420 JLINK_CORESIGHT_WriteAPDPReg(AP reg 0x00, 0x80000002)
T6558 000:410.599 - 0.179ms returns 0
T6558 000:410.613 JLINK_CORESIGHT_WriteAPDPReg(AP reg 0x01, 0x80011120)
T6558 000:410.801 - 0.187ms returns 0
T6558 000:410.808 JLINK_CORESIGHT_WriteAPDPReg(AP reg 0x03, 0x0000038A)
T6558 000:410.981 - 0.173ms returns 0
T6558 000:410.994 JLINK_CORESIGHT_WriteAPDPReg(AP reg 0x00, 0x80000002)
T6558 000:411.235 - 0.240ms returns 0
T6558 000:411.249 JLINK_CORESIGHT_WriteAPDPReg(AP reg 0x01, 0x80011140)
T6558 000:411.438 - 0.189ms returns 0
T6558 000:411.452 JLINK_CORESIGHT_ReadAPDPReg(AP reg 0x03)
T6558 000:411.680   Value=0x00000002
T6558 000:411.690 - 0.238ms returns 0
T6558 000:411.699 JLINK_CORESIGHT_ReadAPDPReg(AP reg 0x03)
T6558 000:411.921   Value=0x00000002
T6558 000:411.929 - 0.230ms returns 0
T6558 000:411.936 JLINK_CORESIGHT_ReadAPDPReg(AP reg 0x03)
T6558 000:412.163   Value=0x00000002
T6558 000:412.174 - 0.238ms returns 0
T6558 000:412.182 JLINK_CORESIGHT_ReadAPDPReg(AP reg 0x03)
T6558 000:412.423   Value=0x00000002
T6558 000:412.434 - 0.252ms returns 0
T6558 000:412.442 JLINK_CORESIGHT_ReadAPDPReg(AP reg 0x03)
T6558 000:412.669   Value=0x00000002
T6558 000:412.680 - 0.238ms returns 0
T6558 000:412.689 JLINK_CORESIGHT_ReadAPDPReg(AP reg 0x03)
T6558 000:412.914   Value=0x00000000
T6558 000:412.930 - 0.241ms returns 0
T6558 000:412.940 JLINK_CORESIGHT_WriteAPDPReg(AP reg 0x00, 0x80000002)
T6558 000:413.146 - 0.206ms returns 0
T6558 000:413.159 JLINK_CORESIGHT_WriteAPDPReg(AP reg 0x01, 0x80011130)
T6558 000:413.338 - 0.179ms returns 0
T6558 000:413.349 JLINK_CORESIGHT_ReadAPDPReg(AP reg 0x03)
T6558 000:413.572   Value=0x75020081
T6558 000:413.586 - 0.237ms returns 0
T6558 000:413.598 JLINK_CORESIGHT_WriteAPDPReg(AP reg 0x00, 0x80000002)
T6558 000:413.788 - 0.189ms returns 0
T6558 000:413.796 JLINK_CORESIGHT_WriteAPDPReg(AP reg 0x01, 0x80011140)
T6558 000:413.969 - 0.172ms returns 0
T6558 000:413.977 JLINK_CORESIGHT_ReadAPDPReg(AP reg 0x03)
T6558 000:414.199   Value=0x00000000
T6558 000:414.211 - 0.234ms returns 0
T6558 000:414.219 JLINK_CORESIGHT_WriteAPDPReg(AP reg 0x00, 0x80000002)
T6558 000:414.396 - 0.177ms returns 0
T6558 000:414.409 JLINK_CORESIGHT_WriteAPDPReg(AP reg 0x01, 0x80011130)
T6558 000:414.594 - 0.184ms returns 0
T6558 000:414.601 JLINK_CORESIGHT_ReadAPDPReg(AP reg 0x03)
T6558 000:414.822   Value=0x00038702
T6558 000:414.835 - 0.233ms returns 0
T6558 000:414.850 JLINK_CORESIGHT_WriteAPDPReg(AP reg 0x00, 0x80000002)
T6558 000:415.024 - 0.174ms returns 0
T6558 000:415.034 JLINK_CORESIGHT_WriteAPDPReg(AP reg 0x01, 0x80011140)
T6558 000:415.225 - 0.191ms returns 0
T6558 000:415.234 JLINK_CORESIGHT_ReadAPDPReg(AP reg 0x03)
T6558 000:415.461   Value=0x00000002
T6558 000:415.468 - 0.234ms returns 0
T6558 000:415.474 JLINK_CORESIGHT_WriteAPDPReg(AP reg 0x00, 0x80000002)
T6558 000:415.639 - 0.165ms returns 0
T6558 000:415.647 JLINK_CORESIGHT_WriteAPDPReg(AP reg 0x01, 0x80011120)
T6558 000:415.820 - 0.173ms returns 0
T6558 000:415.837 JLINK_CORESIGHT_WriteAPDPReg(AP reg 0x03, 0x4F010001)
T6558 000:416.016 - 0.179ms returns 0
T6558 000:416.024 JLINK_CORESIGHT_WriteAPDPReg(AP reg 0x00, 0x80000002)
T6558 000:416.236 - 0.211ms returns 0
T6558 000:416.249 JLINK_CORESIGHT_WriteAPDPReg(AP reg 0x01, 0x80011140)
T6558 000:416.416 - 0.167ms returns 0
T6558 000:416.429 JLINK_CORESIGHT_ReadAPDPReg(AP reg 0x03)
T6558 000:416.658   Value=0x00000002
T6558 000:416.667 - 0.237ms returns 0
T6558 000:416.674 JLINK_CORESIGHT_WriteAPDPReg(AP reg 0x00, 0x80000002)
T6558 000:416.849 - 0.175ms returns 0
T6558 000:416.857 JLINK_CORESIGHT_WriteAPDPReg(AP reg 0x01, 0x80011120)
T6558 000:417.017 - 0.160ms returns 0
T6558 000:417.034 JLINK_CORESIGHT_WriteAPDPReg(AP reg 0x03, 0x000003B0)
T6558 000:417.228 - 0.193ms returns 0
T6558 000:417.246 JLINK_CORESIGHT_WriteAPDPReg(AP reg 0x00, 0x80000002)
T6558 000:417.419 - 0.173ms returns 0
T6558 000:417.428 JLINK_CORESIGHT_WriteAPDPReg(AP reg 0x01, 0x80011140)
T6558 000:417.597 - 0.168ms returns 0
T6558 000:417.606 JLINK_CORESIGHT_ReadAPDPReg(AP reg 0x03)
T6558 000:417.831   Value=0x00000002
T6558 000:417.842 - 0.236ms returns 0
T6558 000:417.853 JLINK_CORESIGHT_ReadAPDPReg(AP reg 0x03)
T6558 000:418.129   Value=0x00000002
T6558 000:418.141 - 0.288ms returns 0
T6558 000:418.152 JLINK_CORESIGHT_ReadAPDPReg(AP reg 0x03)
T6558 000:418.374   Value=0x00000000
T6558 000:418.389 - 0.236ms returns 0
T6558 000:418.695 JLINK_CORESIGHT_WriteAPDPReg(AP reg 0x00, 0x80000002)
T6558 000:418.878 - 0.182ms returns 0
T6558 000:418.892 JLINK_CORESIGHT_WriteAPDPReg(AP reg 0x01, 0x80011130)
T6558 000:419.118 - 0.226ms returns 0
T6558 000:419.125 JLINK_CORESIGHT_ReadAPDPReg(AP reg 0x03)
T6558 000:419.334   Value=0x4F0B0081
T6558 000:419.346 - 0.221ms returns 0
T6558 000:419.353 JLINK_CORESIGHT_WriteAPDPReg(AP reg 0x00, 0x80000002)
T6558 000:419.524 - 0.170ms returns 0
T6558 000:419.531 JLINK_CORESIGHT_WriteAPDPReg(AP reg 0x01, 0x80011140)
T6558 000:419.707 - 0.175ms returns 0
T6558 000:419.720 JLINK_CORESIGHT_ReadAPDPReg(AP reg 0x03)
T6558 000:419.944   Value=0x00000000
T6558 000:419.955 - 0.234ms returns 0
T6558 000:419.961 JLINK_CORESIGHT_WriteAPDPReg(AP reg 0x00, 0x80000002)
T6558 000:420.133 - 0.171ms returns 0
T6558 000:420.148 JLINK_CORESIGHT_WriteAPDPReg(AP reg 0x01, 0x80011130)
T6558 000:420.317 - 0.169ms returns 0
T6558 000:420.329 JLINK_CORESIGHT_ReadAPDPReg(AP reg 0x03)
T6558 000:420.552   Value=0x80010000
T6558 000:420.562 - 0.233ms returns 0
T6558 000:420.568 JLINK_CORESIGHT_WriteAPDPReg(AP reg 0x00, 0x80000002)
T6558 000:420.740 - 0.172ms returns 0
T6558 000:420.746 JLINK_CORESIGHT_WriteAPDPReg(AP reg 0x01, 0x80011140)
T6558 000:420.916 - 0.169ms returns 0
T6558 000:420.926 JLINK_CORESIGHT_ReadAPDPReg(AP reg 0x03)
T6558 000:421.158   Value=0x00000000
T6558 000:421.168 - 0.241ms returns 0
T6558 000:421.175 JLINK_CORESIGHT_WriteAPDPReg(AP reg 0x00, 0x80000002)
T6558 000:421.346 - 0.171ms returns 0
T6558 000:421.360 JLINK_CORESIGHT_WriteAPDPReg(AP reg 0x01, 0x80011130)
T6558 000:421.535 - 0.174ms returns 0
T6558 000:421.547 JLINK_CORESIGHT_ReadAPDPReg(AP reg 0x03)
T6558 000:421.768   Value=0x00000000
T6558 000:421.777 - 0.230ms returns 0
T6558 000:421.903 JLINK_CORESIGHT_WriteAPDPReg(AP reg 0x00, 0x80000002)
T6558 000:422.148 - 0.245ms returns 0
T6558 000:422.169 JLINK_CORESIGHT_WriteAPDPReg(AP reg 0x01, 0x80011140)
T6558 000:422.369 - 0.200ms returns 0
T6558 000:422.384 JLINK_CORESIGHT_ReadAPDPReg(AP reg 0x03)
T6558 000:422.629   Value=0x00000000
T6558 000:422.641 - 0.257ms returns 0
T6558 000:422.650 JLINK_CORESIGHT_WriteAPDPReg(AP reg 0x00, 0x80000002)
T6558 000:422.837 - 0.187ms returns 0
T6558 000:422.852 JLINK_CORESIGHT_WriteAPDPReg(AP reg 0x01, 0x80011130)
T6558 000:423.028 - 0.176ms returns 0
T6558 000:423.040 JLINK_CORESIGHT_ReadAPDPReg(AP reg 0x03)
T6558 000:423.280   Value=0x03250000
T6558 000:423.288 - 0.248ms returns 0
T6558 000:423.390 JLINK_CORESIGHT_ReadAPDPReg(DP reg 0x01)
T6558 000:423.576   Value=0xF0000F40
T6558 000:423.588 - 0.198ms returns 0
T6558 000:423.595 JLINK_CORESIGHT_WriteAPDPReg(DP reg 0x01, 0xA0000F40)
T6558 000:423.773 - 0.178ms returns 0
T6558 000:423.782 JLINK_CORESIGHT_ReadAPDPReg(DP reg 0x01)
T6558 000:423.957   Value=0x00000F40
T6558 000:423.966 - 0.183ms returns 0
T6558 000:423.973 JLINK_ClrRESET()
T6558 000:424.161 - 0.187ms 
T6558 000:535.324 JLINK_Close()
T6558 000:542.492 - 7.166ms
T6558 000:542.521   
T6558 000:542.528   Closed
