     VMA      LMA     Size Align Out     In      Symbol
       0        0        0     1 RAM_START = 0x22000000
       0        0        0     1 RAM_LENGTH = 0x001d4000
       0        0        0     1 FLASH_START = 0x02000000
       0        0        0     1 FLASH_LENGTH = 0x00100000
       0        0        0     1 DATA_FLASH_START = 0x27000000
       0        0        0     1 DATA_FLASH_LENGTH = 0x00000000
       0        0        0     1 SDRAM_START = 0x68000000
       0        0        0     1 SDRAM_LENGTH = 0x08000000
       0        0        0     1 OSPI0_CS0_START = 0x80000000
       0        0        0     1 OSPI0_CS0_LENGTH = 0x10000000
       0        0        0     1 OSPI0_CS1_START = 0x90000000
       0        0        0     1 OSPI0_CS1_LENGTH = 0x10000000
       0        0        0     1 OSPI1_CS0_START = 0x70000000
       0        0        0     1 OSPI1_CS0_LENGTH = 0x08000000
       0        0        0     1 OSPI1_CS1_START = 0x78000000
       0        0        0     1 OSPI1_CS1_LENGTH = 0x08000000
       0        0        0     1 OPTION_SETTING_OFS0_START = 0x02c9f040
       0        0        0     1 OPTION_SETTING_OFS0_LENGTH = 0x00000004
       0        0        0     1 OPTION_SETTING_OFS2_START = 0x02c9f044
       0        0        0     1 OPTION_SETTING_OFS2_LENGTH = 0x00000004
       0        0        0     1 OPTION_SETTING_SAS_START = 0x02c9f074
       0        0        0     1 OPTION_SETTING_SAS_LENGTH = 0x00000004
       0        0        0     1 OPTION_SETTING_OFS1_START = 0x12c9f4c0
       0        0        0     1 OPTION_SETTING_OFS1_LENGTH = 0x00000004
       0        0        0     1 OPTION_SETTING_OFS1_SEC_START = 0x02c9f0c0
       0        0        0     1 OPTION_SETTING_OFS1_SEC_LENGTH = 0x00000004
       0        0        0     1 OPTION_SETTING_OFS1_SEL_START = 0x02c9f120
       0        0        0     1 OPTION_SETTING_OFS1_SEL_LENGTH = 0x00000004
       0        0        0     1 OPTION_SETTING_OFS3_START = 0x12c9f4c4
       0        0        0     1 OPTION_SETTING_OFS3_LENGTH = 0x00000004
       0        0        0     1 OPTION_SETTING_OFS3_SEC_START = 0x02c9f0c4
       0        0        0     1 OPTION_SETTING_OFS3_SEC_LENGTH = 0x00000004
       0        0        0     1 OPTION_SETTING_OFS3_SEL_START = 0x02c9f124
       0        0        0     1 OPTION_SETTING_OFS3_SEL_LENGTH = 0x00000004
       0        0        0     1 OPTION_SETTING_BPS_START = 0x12c9f600
       0        0        0     1 OPTION_SETTING_BPS_LENGTH = 0x00000080
       0        0        0     1 OPTION_SETTING_BPS_SEC_START = 0x02c9f200
       0        0        0     1 OPTION_SETTING_BPS_SEC_LENGTH = 0x00000080
       0        0        0     1 OPTION_SETTING_OTP_FSBLCTRL0_START = 0x02e07600
       0        0        0     1 OPTION_SETTING_OTP_FSBLCTRL0_LENGTH = 0x00000004
       0        0        0     1 OPTION_SETTING_OTP_FSBLCTRL1_START = 0x02e07604
       0        0        0     1 OPTION_SETTING_OTP_FSBLCTRL1_LENGTH = 0x00000004
       0        0        0     1 OPTION_SETTING_OTP_FSBLCTRL2_START = 0x02e07608
       0        0        0     1 OPTION_SETTING_OTP_FSBLCTRL2_LENGTH = 0x00000004
       0        0        0     1 OPTION_SETTING_OTP_SAMR_START = 0x02e07614
       0        0        0     1 OPTION_SETTING_OTP_SAMR_LENGTH = 0x00000004
       0        0        0     1 OPTION_SETTING_OTP_SACC00_START = 0x02e07620
       0        0        0     1 OPTION_SETTING_OTP_SACC00_LENGTH = 0x00000004
       0        0        0     1 OPTION_SETTING_OTP_SACC10_START = 0x02e07630
       0        0        0     1 OPTION_SETTING_OTP_SACC10_LENGTH = 0x00000004
       0        0        0     1 OPTION_SETTING_OTP_SACC01_START = 0x02e07640
       0        0        0     1 OPTION_SETTING_OTP_SACC01_LENGTH = 0x00000004
       0        0        0     1 OPTION_SETTING_OTP_SACC11_START = 0x02e07650
       0        0        0     1 OPTION_SETTING_OTP_SACC11_LENGTH = 0x00000004
       0        0        0     1 OPTION_SETTING_OTP_SACC02_START = 0x02e07660
       0        0        0     1 OPTION_SETTING_OTP_SACC02_LENGTH = 0x00000004
       0        0        0     1 OPTION_SETTING_OTP_SACC12_START = 0x02e07670
       0        0        0     1 OPTION_SETTING_OTP_SACC12_LENGTH = 0x00000004
       0        0        0     1 OPTION_SETTING_OTP_SACC03_START = 0x02e07680
       0        0        0     1 OPTION_SETTING_OTP_SACC03_LENGTH = 0x00000004
       0        0        0     1 OPTION_SETTING_OTP_SACC13_START = 0x02e07690
       0        0        0     1 OPTION_SETTING_OTP_SACC13_LENGTH = 0x00000004
       0        0        0     1 OPTION_SETTING_OTP_PBPS_SEC_START = 0x02e17700
       0        0        0     1 OPTION_SETTING_OTP_PBPS_SEC_LENGTH = 0x00000080
       0        0        0     1 OPTION_SETTING_OTP_PBPS_START = 0x12e17780
       0        0        0     1 OPTION_SETTING_OTP_PBPS_LENGTH = 0x00000080
       0        0        0     1 OPTION_SETTING_OTP_ZHUK_START = 0x02e17920
       0        0        0     1 OPTION_SETTING_OTP_ZHUK_LENGTH = 0x00000004
       0        0        0     1 ITCM_START = 0x00000000
       0        0        0     1 ITCM_LENGTH = 0x00020000
       0        0        0     1 DTCM_START = 0x20000000
       0        0        0     1 DTCM_LENGTH = 0x00020000
90000000 90000000        0     1 .ospi0_cs1.startof
90000000 90000000        0     1         __ddsc_OSPI0_CS1_START = .
68000000 68000000        0     1 .sdram.startof
68000000 68000000        0     1         __ddsc_SDRAM_START = .
68000000 68000000        0     1 __sdram_from_ospi0_cs1$$
68000000 68000000        0     1         __sdram_from_ospi0_cs1$$Base = .
68000000 68000000        0     1         __sdram_from_ospi0_cs1$$Load = LOADADDR(__sdram_from_ospi0_cs1$$)
68000000 68000000        0     1         __sdram_from_ospi0_cs1$$Limit = .
80000000 80000000        0     1 .ospi0_cs0.startof
80000000 80000000        0     1         __ddsc_OSPI0_CS0_START = .
80000000 80000000        0     1 __ospi0_cs0_from_ospi0_cs1$$
80000000 80000000        0     1         __ospi0_cs0_from_ospi0_cs1$$Base = .
80000000 80000000        0     1         __ospi0_cs0_from_ospi0_cs1$$Load = LOADADDR(__ospi0_cs0_from_ospi0_cs1$$)
80000000 80000000        0     1         __ospi0_cs0_from_ospi0_cs1$$Limit = .
70000000 70000000        0     1 .ospi1_cs0.startof
70000000 70000000        0     1         __ddsc_OSPI1_CS0_START = .
70000000 70000000        0     1 __ospi1_cs0_from_ospi0_cs1$$
70000000 70000000        0     1         __ospi1_cs0_from_ospi0_cs1$$Base = .
70000000 70000000        0     1         __ospi1_cs0_from_ospi0_cs1$$Load = LOADADDR(__ospi1_cs0_from_ospi0_cs1$$)
70000000 70000000        0     1         __ospi1_cs0_from_ospi0_cs1$$Limit = .
       0        0        0     1 .itcm.startof
       0        0        0     1         __ddsc_ITCM_START = .
       0        0        0     1 __itcm_from_ospi0_cs1$$
       0        0        0     1         __itcm_from_ospi0_cs1$$Base = .
       0        0        0     1         __itcm_from_ospi0_cs1$$Load = LOADADDR(__itcm_from_ospi0_cs1$$)
       0        0        0     1         __itcm_from_ospi0_cs1$$Limit = .
20000000 20000000        0     1 .dtcm.startof
20000000 20000000        0     1         __ddsc_DTCM_START = .
20000000 20000000        0     1 __dtcm_from_ospi0_cs1$$
20000000 20000000        0     1         __dtcm_from_ospi0_cs1$$Base = .
20000000 20000000        0     1         __dtcm_from_ospi0_cs1$$Load = LOADADDR(__dtcm_from_ospi0_cs1$$)
20000000 20000000        0     1         __dtcm_from_ospi0_cs1$$Limit = .
22000000 22000000        0     1 .ram.startof
22000000 22000000        0     1         __ddsc_RAM_START = .
22000000 22000000       40  1024 __ram_dtc_vector$$
22000000 22000000        0     1         __ram_dtc_vector$$Base = .
22000000 22000000       40  1024         ./ra/fsp/src/r_dtc/r_dtc.o:(.fsp_dtc_vector_table)
22000000 22000000       40     1                 gp_dtc_vector_table
22000040 22000040        0     1         __ram_dtc_vector$$Limit = .
22000040 22000040        0     1 __ram_from_ospi0_cs1$$
22000040 22000040        0     1         __ram_from_ospi0_cs1$$Base = .
22000040 22000040        0     1         __ram_from_ospi0_cs1$$Load = LOADADDR(__ram_from_ospi0_cs1$$)
22000040 22000040        0     1         __ram_from_ospi0_cs1$$Limit = .
90000000 90000000        0     1 __ospi0_cs1_readonly$$
90000000 90000000        0     1         __ospi0_cs1_readonly$$Base = .
90000000 90000000        0     1         __ospi0_cs1_readonly$$Limit = .
90000000 90000000        0     1 __ospi0_cs1_noinit$$
90000000 90000000        0     1         __ospi0_cs1_noinit$$Base = .
90000000 90000000        0     1         __ospi0_cs1_noinit$$Limit = .
90000000 90000000        0     1 .ospi0_cs1.endof
90000000 90000000        0     1         __ddsc_OSPI0_CS1_END = .
78000000 78000000        0     1 .ospi1_cs1.startof
78000000 78000000        0     1         __ddsc_OSPI1_CS1_START = .
68000000 68000000        0     1 __sdram_from_ospi1_cs1$$
68000000 68000000        0     1         __sdram_from_ospi1_cs1$$Base = .
68000000 68000000        0     1         __sdram_from_ospi1_cs1$$Load = LOADADDR(__sdram_from_ospi1_cs1$$)
68000000 68000000        0     1         __sdram_from_ospi1_cs1$$Limit = .
80000000 80000000        0     1 __ospi0_cs0_from_ospi1_cs1$$
80000000 80000000        0     1         __ospi0_cs0_from_ospi1_cs1$$Base = .
80000000 80000000        0     1         __ospi0_cs0_from_ospi1_cs1$$Load = LOADADDR(__ospi0_cs0_from_ospi1_cs1$$)
80000000 80000000        0     1         __ospi0_cs0_from_ospi1_cs1$$Limit = .
70000000 70000000        0     1 __ospi1_cs0_from_ospi1_cs1$$
70000000 70000000        0     1         __ospi1_cs0_from_ospi1_cs1$$Base = .
70000000 70000000        0     1         __ospi1_cs0_from_ospi1_cs1$$Load = LOADADDR(__ospi1_cs0_from_ospi1_cs1$$)
70000000 70000000        0     1         __ospi1_cs0_from_ospi1_cs1$$Limit = .
       0        0        0     1 __itcm_from_ospi1_cs1$$
       0        0        0     1         __itcm_from_ospi1_cs1$$Base = .
       0        0        0     1         __itcm_from_ospi1_cs1$$Load = LOADADDR(__itcm_from_ospi1_cs1$$)
       0        0        0     1         __itcm_from_ospi1_cs1$$Limit = .
20000000 20000000        0     1 __dtcm_from_ospi1_cs1$$
20000000 20000000        0     1         __dtcm_from_ospi1_cs1$$Base = .
20000000 20000000        0     1         __dtcm_from_ospi1_cs1$$Load = LOADADDR(__dtcm_from_ospi1_cs1$$)
20000000 20000000        0     1         __dtcm_from_ospi1_cs1$$Limit = .
22000040 22000040        0     1 __ram_from_ospi1_cs1$$
22000040 22000040        0     1         __ram_from_ospi1_cs1$$Base = .
22000040 22000040        0     1         __ram_from_ospi1_cs1$$Load = LOADADDR(__ram_from_ospi1_cs1$$)
22000040 22000040        0     1         __ram_from_ospi1_cs1$$Limit = .
78000000 78000000        0     1 __ospi1_cs1_readonly$$
78000000 78000000        0     1         __ospi1_cs1_readonly$$Base = .
78000000 78000000        0     1         __ospi1_cs1_readonly$$Limit = .
78000000 78000000        0     1 __ospi1_cs1_noinit$$
78000000 78000000        0     1         __ospi1_cs1_noinit$$Base = .
78000000 78000000        0     1         __ospi1_cs1_noinit$$Limit = .
78000000 78000000        0     1 .ospi1_cs1.endof
78000000 78000000        0     1         __ddsc_OSPI1_CS1_END = .
27000000 27000000        0     1 .data_flash.startof
27000000 27000000        0     1         __ddsc_DATA_FLASH_START = .
68000000 68000000        0     1 __sdram_from_data_flash$$
68000000 68000000        0     1         __sdram_from_data_flash$$Base = .
68000000 68000000        0     1         __sdram_from_data_flash$$Load = LOADADDR(__sdram_from_data_flash$$)
68000000 68000000        0     1         __sdram_from_data_flash$$Limit = .
80000000 80000000        0     1 __ospi0_cs0_from_data_flash$$
80000000 80000000        0     1         __ospi0_cs0_from_data_flash$$Base = .
80000000 80000000        0     1         __ospi0_cs0_from_data_flash$$Load = LOADADDR(__ospi0_cs0_from_data_flash$$)
80000000 80000000        0     1         __ospi0_cs0_from_data_flash$$Limit = .
70000000 70000000        0     1 __ospi1_cs0_from_data_flash$$
70000000 70000000        0     1         __ospi1_cs0_from_data_flash$$Base = .
70000000 70000000        0     1         __ospi1_cs0_from_data_flash$$Load = LOADADDR(__ospi1_cs0_from_data_flash$$)
70000000 70000000        0     1         __ospi1_cs0_from_data_flash$$Limit = .
       0        0        0     1 __itcm_from_data_flash$$
       0        0        0     1         __itcm_from_data_flash$$Base = .
       0        0        0     1         __itcm_from_data_flash$$Load = LOADADDR(__itcm_from_data_flash$$)
       0        0        0     1         __itcm_from_data_flash$$Limit = .
20000000 20000000        0     1 __dtcm_from_data_flash$$
20000000 20000000        0     1         __dtcm_from_data_flash$$Base = .
20000000 20000000        0     1         __dtcm_from_data_flash$$Load = LOADADDR(__dtcm_from_data_flash$$)
20000000 20000000        0     1         __dtcm_from_data_flash$$Limit = .
22000040 22000040        0     1 __ram_from_data_flash$$
22000040 22000040        0     1         __ram_from_data_flash$$Base = .
22000040 22000040        0     1         __ram_from_data_flash$$Load = LOADADDR(__ram_from_data_flash$$)
22000040 22000040        0     1         __ram_from_data_flash$$Limit = .
27000000 27000000        0     1 __data_flash_readonly$$
27000000 27000000        0     1         __data_flash_readonly$$Base = .
27000000 27000000        0     1         __data_flash_readonly$$Limit = .
27000000 27000000        0     1 __data_flash_noinit$$
27000000 27000000        0     1         __data_flash_noinit$$Base = .
27000000 27000000        0     1         __data_flash_noinit$$Limit = .
27000000 27000000        0     1 .data_flash.endof
27000000 27000000        0     1         __ddsc_DATA_FLASH_END = .
 2000000  2000000        0     1 .flash.startof
 2000000  2000000        0     1         __ddsc_FLASH_START = .
 2000000  2000000       80     4 __flash_vectors$$
 2000000  2000000        0     1         __flash_vectors$$Base = .
 2000000  2000000        0     1         _VECTORS = .
 2000000  2000000       40     4         ./ra/fsp/src/bsp/cmsis/Device/RENESAS/Source/startup.o:(.fixed_vectors)
 2000000  2000000       40     1                 __Vectors
 2000040  2000040       40     4         ./ra_gen/vector_data.o:(.application_vectors)
 2000040  2000040       40     1                 g_vector_table
 2000080  2000080        0     1         __flash_vectors$$Limit = .
 2000080  2000080        0     1 __flash_noinit$$
 2000080  2000080        0     1         __flash_noinit$$Base = .
 2000080  2000080        0     1         __flash_noinit$$Limit = .
68000000 68000000        0     1 __sdram_from_flash$$
68000000 68000000        0     1         __sdram_from_flash$$Base = .
68000000 68000000        0     1         __sdram_from_flash$$Load = LOADADDR(__sdram_from_flash$$)
68000000 68000000        0     1         __sdram_from_flash$$Limit = .
68000000 68000000   3b1ad0    64 __sdram_noinit_nocache$$
68000000 68000000        0     1         __sdram_noinit_nocache$$Base = .
68000000 68000000   1e2ac9    64         ./src/model/model.o:(.sdram_noinit_nocache)
68000000 68000000    c0000     1                 buf_input_1
680c0000 680c0000     6c00     1                 buf__722_70391_70619
680c6c00 680c6c00     1b00     1                 buf__723_70392_70620
680c8700 680c8700    30005     1                 compute_arena_sub_0000
680f8740 680f8740    30000     1                 buf_input_1_70592_11293
68128740 68128740     c005     1                 compute_arena_sub_0002
68134780 68134780     6000     1                 buf__backbone_stage2_stage2_1_Slice_1_output_0_70251_70594_11101_70304
6813a780 6813a780     6000     1                 buf__backbone_stage2_stage2_1_Slice_output_0_70250_70593_11105_70310
68140780 68140780     c005     1                 compute_arena_sub_0004
6814c7c0 6814c7c0     6000     1                 buf__backbone_stage2_stage2_2_Slice_1_output_0_70259_70596_11117_70328
681527c0 681527c0     6000     1                 buf__backbone_stage2_stage2_2_Slice_output_0_70258_70595_11121_70334
681587c0 681587c0     c005     1                 compute_arena_sub_0006
68164800 68164800     6000     1                 buf__backbone_stage2_stage2_3_Slice_1_output_0_70267_70598_11125_70340
6816a800 6816a800     6000     1                 buf__backbone_stage2_stage2_3_Slice_output_0_70266_70597_11129_70346
68170800 68170800     6005     1                 compute_arena_sub_0008
68176840 68176840     3000     1                 buf__backbone_stage3_stage3_1_Slice_1_output_0_70284_70600_11149_70376
68179840 68179840     3000     1                 buf__backbone_stage3_stage3_1_Slice_output_0_70283_70599_11153_70382
6817c840 6817c840     6005     1                 compute_arena_sub_0010
68182880 68182880     3000     1                 buf__backbone_stage3_stage3_2_Slice_1_output_0_70292_70602_11165_70400
68185880 68185880     3000     1                 buf__backbone_stage3_stage3_2_Slice_output_0_70291_70601_11169_70406
68188880 68188880     6005     1                 compute_arena_sub_0012
6818e8c0 6818e8c0     3000     1                 buf__backbone_stage3_stage3_3_Slice_1_output_0_70300_70604_11181_70424
681918c0 681918c0     3000     1                 buf__backbone_stage3_stage3_3_Slice_output_0_70299_70603_11185_70430
681948c0 681948c0     6005     1                 compute_arena_sub_0014
6819a900 6819a900     3000     1                 buf__backbone_stage3_stage3_4_Slice_1_output_0_70308_70606_11197_70448
6819d900 6819d900     3000     1                 buf__backbone_stage3_stage3_4_Slice_output_0_70307_70605_11201_70454
681a0900 681a0900     6005     1                 compute_arena_sub_0016
681a6940 681a6940     3000     1                 buf__backbone_stage3_stage3_5_Slice_1_output_0_70316_70608_11213_70472
681a9940 681a9940     3000     1                 buf__backbone_stage3_stage3_5_Slice_output_0_70315_70607_11217_70478
681ac940 681ac940     6005     1                 compute_arena_sub_0018
681b2980 681b2980     3000     1                 buf__backbone_stage3_stage3_6_Slice_1_output_0_70324_70610_11229_70496
681b5980 681b5980     3000     1                 buf__backbone_stage3_stage3_6_Slice_output_0_70323_70609_11233_70502
681b8980 681b8980     6005     1                 compute_arena_sub_0020
681be9c0 681be9c0     3000     1                 buf__backbone_stage3_stage3_7_Slice_1_output_0_70332_70612_11237_70508
681c19c0 681c19c0     3000     1                 buf__backbone_stage3_stage3_7_Slice_output_0_70331_70611_11241_70514
681c49c0 681c49c0     3005     1                 compute_arena_sub_0022
681c7a00 681c7a00     1800     1                 buf__backbone_stage4_stage4_1_Slice_1_output_0_70349_70614_11261_70544
681c9200 681c9200     1800     1                 buf__backbone_stage4_stage4_1_Slice_output_0_70348_70613_11265_70550
681caa00 681caa00     3005     1                 compute_arena_sub_0024
681cda40 681cda40     1800     1                 buf__backbone_stage4_stage4_2_Slice_1_output_0_70357_70616_11277_70568
681cf240 681cf240     1800     1                 buf__backbone_stage4_stage4_2_Slice_output_0_70356_70615_11281_70574
681d0a40 681d0a40     3005     1                 compute_arena_sub_0026
681d3a80 681d3a80     1800     1                 buf__backbone_stage4_stage4_3_Slice_1_output_0_70365_70618_11285_70580
681d5280 681d5280     1800     1                 buf__backbone_stage4_stage4_3_Slice_output_0_70364_70617_11289_70586
681d6a80 681d6a80        9     1                 compute_arena_sub_0028
681d6ac0 681d6ac0     c000     1                 buf__fpn_Resize_output_0_70381_10947
681e2ac0 681e2ac0        9     1                 compute_arena_sub_0030
681e2ad0 681e2ad0    b0000    16         ./src/model/sub_0001_invoke.o:(.sdram_noinit_nocache)
681e2ad0 681e2ad0    b0000     1                 sub_0001_arena
68292ad0 68292ad0    24000    16         ./src/model/sub_0003_invoke.o:(.sdram_noinit_nocache)
68292ad0 68292ad0    24000     1                 sub_0003_arena
682b6ad0 682b6ad0    24000    16         ./src/model/sub_0005_invoke.o:(.sdram_noinit_nocache)
682b6ad0 682b6ad0    24000     1                 sub_0005_arena
682daad0 682daad0    1e000    16         ./src/model/sub_0007_invoke.o:(.sdram_noinit_nocache)
682daad0 682daad0    1e000     1                 sub_0007_arena
682f8ad0 682f8ad0    12000    16         ./src/model/sub_0009_invoke.o:(.sdram_noinit_nocache)
682f8ad0 682f8ad0    12000     1                 sub_0009_arena
6830aad0 6830aad0    12000    16         ./src/model/sub_0011_invoke.o:(.sdram_noinit_nocache)
6830aad0 6830aad0    12000     1                 sub_0011_arena
6831cad0 6831cad0    12000    16         ./src/model/sub_0013_invoke.o:(.sdram_noinit_nocache)
6831cad0 6831cad0    12000     1                 sub_0013_arena
6832ead0 6832ead0    12000    16         ./src/model/sub_0015_invoke.o:(.sdram_noinit_nocache)
6832ead0 6832ead0    12000     1                 sub_0015_arena
68340ad0 68340ad0    12000    16         ./src/model/sub_0017_invoke.o:(.sdram_noinit_nocache)
68340ad0 68340ad0    12000     1                 sub_0017_arena
68352ad0 68352ad0    12000    16         ./src/model/sub_0019_invoke.o:(.sdram_noinit_nocache)
68352ad0 68352ad0    12000     1                 sub_0019_arena
68364ad0 68364ad0    10800    16         ./src/model/sub_0021_invoke.o:(.sdram_noinit_nocache)
68364ad0 68364ad0    10800     1                 sub_0021_arena
683752d0 683752d0     9000    16         ./src/model/sub_0023_invoke.o:(.sdram_noinit_nocache)
683752d0 683752d0     9000     1                 sub_0023_arena
6837e2d0 6837e2d0     9000    16         ./src/model/sub_0025_invoke.o:(.sdram_noinit_nocache)
6837e2d0 6837e2d0     9000     1                 sub_0025_arena
683872d0 683872d0     6800    16         ./src/model/sub_0027_invoke.o:(.sdram_noinit_nocache)
683872d0 683872d0     6800     1                 sub_0027_arena
6838dad0 6838dad0    24000    16         ./src/model/sub_0029_invoke.o:(.sdram_noinit_nocache)
6838dad0 6838dad0    24000     1                 sub_0029_arena
683b1ad0 683b1ad0        0     1         __sdram_noinit_nocache$$Limit = .
683b1ad0 683b1ad0       10     1 __sdram_zero_nocache$$
683b1ad0 683b1ad0        0     1         __sdram_zero_nocache$$Base = .
683b1ad0 683b1ad0       10     1         . = ALIGN(32)
683b1ae0 683b1ae0        0     1         __sdram_zero_nocache$$Limit = .
683b1b00 683b1b00   5dc000   128 __sdram_noinit$$
683b1b00 683b1b00        0     1         __sdram_noinit$$Base = .
683b1b00 683b1b00   5dc000   128         ./ra_gen/common_data.o:(.sdram_noinit)
683b1b00 683b1b00   258000     1                 fb_background
68609b00 68609b00   12c000     1                 vin_image_buffer_1
68735b00 68735b00   12c000     1                 vin_image_buffer_2
68861b00 68861b00   12c000     1                 vin_image_buffer_3
6898db00 6898db00        0     1         __sdram_noinit$$Limit = .
6898db00 6898db00        0     1 __sdram_zero$$
6898db00 6898db00        0     1         __sdram_zero$$Base = .
6898db00 6898db00        0     1         __sdram_zero$$Limit = .
6898dc00 6898dc00        0     1 .sdram.endof
6898dc00 6898dc00        0     1         __ddsc_SDRAM_END = .
80000000 80000000        0     1 __ospi0_cs0_from_flash$$
80000000 80000000        0     1         __ospi0_cs0_from_flash$$Base = .
80000000 80000000        0     1         __ospi0_cs0_from_flash$$Load = LOADADDR(__ospi0_cs0_from_flash$$)
80000000 80000000        0     1         __ospi0_cs0_from_flash$$Limit = .
80000000 80000000        0     1 __ospi0_cs0_noinit_nocache$$
80000000 80000000        0     1         __ospi0_cs0_noinit_nocache$$Base = .
80000000 80000000        0     1         __ospi0_cs0_noinit_nocache$$Limit = .
80000000 80000000        0     1 __ospi0_cs0_zero_nocache$$
80000000 80000000        0     1         __ospi0_cs0_zero_nocache$$Base = .
80000000 80000000        0     1         . = ALIGN(32)
80000000 80000000        0     1         __ospi0_cs0_zero_nocache$$Limit = .
80000000 80000000        0     1 __ospi0_cs0_noinit$$
80000000 80000000        0     1         __ospi0_cs0_noinit$$Base = .
80000000 80000000        0     1         __ospi0_cs0_noinit$$Limit = .
80000000 80000000        0     1 __ospi0_cs0_zero$$
80000000 80000000        0     1         __ospi0_cs0_zero$$Base = .
80000000 80000000        0     1         __ospi0_cs0_zero$$Limit = .
80000000 80000000        0     1 .ospi0_cs0.endof
80000000 80000000        0     1         __ddsc_OSPI0_CS0_END = .
70000000 70000000        0     1 __ospi1_cs0_from_flash$$
70000000 70000000        0     1         __ospi1_cs0_from_flash$$Base = .
70000000 70000000        0     1         __ospi1_cs0_from_flash$$Load = LOADADDR(__ospi1_cs0_from_flash$$)
70000000 70000000        0     1         __ospi1_cs0_from_flash$$Limit = .
70000000 70000000        0     1 __ospi1_cs0_noinit_nocache$$
70000000 70000000        0     1         __ospi1_cs0_noinit_nocache$$Base = .
70000000 70000000        0     1         __ospi1_cs0_noinit_nocache$$Limit = .
70000000 70000000        0     1 __ospi1_cs0_zero_nocache$$
70000000 70000000        0     1         __ospi1_cs0_zero_nocache$$Base = .
70000000 70000000        0     1         . = ALIGN(32)
70000000 70000000        0     1         __ospi1_cs0_zero_nocache$$Limit = .
70000000 70000000        0     1 __ospi1_cs0_noinit$$
70000000 70000000        0     1         __ospi1_cs0_noinit$$Base = .
70000000 70000000        0     1         __ospi1_cs0_noinit$$Limit = .
70000000 70000000        0     1 __ospi1_cs0_zero$$
70000000 70000000        0     1         __ospi1_cs0_zero$$Base = .
70000000 70000000        0     1         __ospi1_cs0_zero$$Limit = .
70000000 70000000        0     1 .ospi1_cs0.endof
70000000 70000000        0     1         __ddsc_OSPI1_CS0_END = .
       0        0        0     1 __itcm_from_flash$$
       0        0        0     1         __itcm_from_flash$$Base = .
       0        0        0     1         __itcm_from_flash$$Load = LOADADDR(__itcm_from_flash$$)
       0        0        0     1         __itcm_from_flash$$Limit = .
       0        0        0     1 __itcm_noinit$$
       0        0        0     1         __itcm_noinit$$Base = .
       0        0        0     1         __itcm_noinit$$Limit = .
       0        0        0     1 __itcm_zero$$
       0        0        0     1         __itcm_zero$$Base = .
       0        0        0     1         __itcm_zero$$Limit = .
       0        0        0     1 .itcm.endof
       0        0        0     1         __ddsc_ITCM_END = .
20000000 20000000        0     1 __dtcm_from_flash$$
20000000 20000000        0     1         __dtcm_from_flash$$Base = .
20000000 20000000        0     1         __dtcm_from_flash$$Load = LOADADDR(__dtcm_from_flash$$)
20000000 20000000        0     1         __dtcm_from_flash$$Limit = .
20000000 20000000        0     1 __dtcm_noinit$$
20000000 20000000        0     1         __dtcm_noinit$$Base = .
20000000 20000000        0     1         __dtcm_noinit$$Limit = .
20000000 20000000        0     1 __dtcm_zero$$
20000000 20000000        0     1         __dtcm_zero$$Base = .
20000000 20000000        0     1         __dtcm_zero$$Limit = .
20000000 20000000        0     1 .dtcm.endof
20000000 20000000        0     1         __ddsc_DTCM_END = .
22000040  2000080      322    16 __ram_from_flash$$
22000040  2000080        0     1         __ram_from_flash$$Base = .
22000040  2000080        0     1         __ram_from_flash$$Load = LOADADDR(__ram_from_flash$$)
22000040  2000080        c     2         ./src/camera_sensor.o:(.data.live_camera)
22000040  2000080        c     1                 live_camera
2200004c  200008c      2b4     2         ./src/camera_sensor.o:(.data.ov5640_mipi)
2200004c  200008c      2b4     1                 ov5640_mipi
22000300  2000340        4     4         ./ra_gen/common_data.o:(.data.g_rm_ethosu0_ext_cfg)
22000300  2000340        4     1                 g_rm_ethosu0_ext_cfg
22000304  2000344       18     4         ./ra_gen/common_data.o:(.data.g_rm_ethosu0_ctrl)
22000304  2000344       18     1                 g_rm_ethosu0_ctrl
2200031c  200035c       20     4         ./ra_gen/common_data.o:(.data.g_display_runtime_cfg_bg)
2200031c  200035c       20     1                 g_display_runtime_cfg_bg
22000340  2000380       10    16         ./ra_gen/hal_data.o:(.data.g_transfer1_info)
22000340  2000380       10     1                 g_transfer1_info
22000350  2000390       10    16         ./ra_gen/hal_data.o:(.data.g_transfer0_info)
22000350  2000390       10     1                 g_transfer0_info
22000360  20003a0        2     1         ./ra/fsp/src/r_glcdc/r_glcdc.o:(.data.g_clut_data_latched)
22000360  20003a0        2     1                 g_clut_data_latched
22000362  20003a2        0     1         __ram_from_flash$$Limit = .
22000380 22000380        0     1 __ram_noinit_nocache$$
22000380 22000380        0     1         __ram_noinit_nocache$$Base = .
22000380 22000380        0     1         __ram_noinit_nocache$$Limit = .
22000380 22000380        0     1 __ram_zero_nocache$$
22000380 22000380        0     1         __ram_zero_nocache$$Base = .
22000380 22000380        0     1         . = ALIGN(32)
22000380 22000380        0     1         __ram_zero_nocache$$Limit = .
22000380 22000380     c02c     8 __ram_noinit$$
22000380 22000380        0     1         __ram_noinit$$Base = .
22000380 22000380     4000     8         ./ra/fsp/src/bsp/cmsis/Device/RENESAS/Source/startup.o:(.bss.g_heap)
22000380 22000380     4000     1                 g_heap
22004380 22004380     8000     8         ./ra/fsp/src/bsp/cmsis/Device/RENESAS/Source/startup.o:(.bss.g_main_stack)
22004380 22004380     8000     1                 g_main_stack
2200c380 2200c380       2c     4         ./ra/fsp/src/bsp/mcu/all/bsp_clocks.o:(.ram_noinit)
2200c380 2200c380       2c     1                 g_clock_freq
2200c3ac 2200c3ac        0     1         __ram_noinit$$Limit = .
2200c3b0 2200c3b0      b3c     8 __ram_zero$$
2200c3b0 2200c3b0        0     1         __ram_zero$$Base = .
2200c3b0 2200c3b0       a8     4         ./src/SEGGER_RTT/SEGGER_RTT.o:(.bss._SEGGER_RTT)
2200c3b0 2200c3b0       a8     1                 _SEGGER_RTT
2200c458 2200c458      800     1         ./src/SEGGER_RTT/SEGGER_RTT.o:(.bss._acUpBuffer)
2200c458 2200c458      800     1                 _acUpBuffer
2200cc58 2200cc58       10     1         ./src/SEGGER_RTT/SEGGER_RTT.o:(.bss._acDownBuffer)
2200cc58 2200cc58       10     1                 _acDownBuffer
2200cc68 2200cc68        4     4         ./src/camera_sensor.o:(.bss.g_plck_hz)
2200cc68 2200cc68        4     1                 g_plck_hz
2200cc6c 2200cc6c        1     1         ./src/glcdc_display.o:(.bss.g_vsync_flag)
2200cc6c 2200cc6c        1     1                 g_vsync_flag
2200cc70 2200cc70        4     4         ./src/glcdc_display.o:(.bss.g_buffer_size)
2200cc70 2200cc70        4     1                 g_buffer_size
2200cc74 2200cc74        1     1         ./src/i2c_control.o:(.bss.g_i2c_event_for_peripheral)
2200cc74 2200cc74        1     1                 g_i2c_event_for_peripheral
2200cc76 2200cc76        2     2         ./src/mipi_csi.o:(.bss.g_image_width)
2200cc76 2200cc76        2     1                 g_image_width
2200cc78 2200cc78        2     2         ./src/mipi_csi.o:(.bss.g_image_height)
2200cc78 2200cc78        2     1                 g_image_height
2200cc7c 2200cc7c       18     4         ./src/mipi_csi.o:(.bss.g_vin_cfg_run_time)
2200cc7c 2200cc7c       18     1                 g_vin_cfg_run_time
2200cc94 2200cc94        4     4         ./src/mipi_csi.o:(.bss.gp_next_buffer)
2200cc94 2200cc94        4     1                 gp_next_buffer
2200cc98 2200cc98       84     4         ./src/mipi_csi.o:(.bss.g_vin_cfg_run_time_extend)
2200cc98 2200cc98       84     1                 g_vin_cfg_run_time_extend
2200cd20 2200cd20       48     8         ./ra_gen/common_data.o:(.bss.g_ethosu0)
2200cd20 2200cd20       48     1                 g_ethosu0
2200cd68 2200cd68       10     4         ./ra_gen/common_data.o:(.bss.g_display_ctrl)
2200cd68 2200cd68       10     1                 g_display_ctrl
2200cd78 2200cd78        8     4         ./ra_gen/common_data.o:(.bss.g_mipi_phy0_ctrl)
2200cd78 2200cd78        8     1                 g_mipi_phy0_ctrl
2200cd80 2200cd80       14     4         ./ra_gen/common_data.o:(.bss.g_mipi_csi0_ctrl)
2200cd80 2200cd80       14     1                 g_mipi_csi0_ctrl
2200cd94 2200cd94       14     4         ./ra_gen/common_data.o:(.bss.g_vin_ctrl)
2200cd94 2200cd94       14     1                 g_vin_ctrl
2200cda8 2200cda8        8     4         ./ra_gen/common_data.o:(.bss.g_ioport_ctrl)
2200cda8 2200cda8        8     1                 g_ioport_ctrl
2200cdb0 2200cdb0        8     4         ./ra_gen/hal_data.o:(.bss.g_transfer1_ctrl)
2200cdb0 2200cdb0        8     1                 g_transfer1_ctrl
2200cdb8 2200cdb8        8     4         ./ra_gen/hal_data.o:(.bss.g_transfer0_ctrl)
2200cdb8 2200cdb8        8     1                 g_transfer0_ctrl
2200cdc0 2200cdc0       40     4         ./ra_gen/hal_data.o:(.bss.g_i2c_master_for_peripheral_ctrl)
2200cdc0 2200cdc0       40     1                 g_i2c_master_for_peripheral_ctrl
2200ce00 2200ce00        1     1         ./ra/npu/ethos-u-core-driver/src/ethosu_driver.o:(.bss.ethosu_mutex_create.mutex_placeholder)
2200ce00 2200ce00        1     1                 ethosu_mutex_create.mutex_placeholder
2200ce04 2200ce04        4     4         ./ra/npu/ethos-u-core-driver/src/ethosu_driver.o:(.bss.ethosu_mutex)
2200ce04 2200ce04        4     1                 ethosu_mutex
2200ce08 2200ce08        4     4         ./ra/npu/ethos-u-core-driver/src/ethosu_driver.o:(.bss.ethosu_semaphore)
2200ce08 2200ce08        4     1                 ethosu_semaphore
2200ce0c 2200ce0c        4     4         ./ra/npu/ethos-u-core-driver/src/ethosu_driver.o:(.bss.registered_drivers)
2200ce0c 2200ce0c        4     1                 registered_drivers
2200ce10 2200ce10        2     4         ./ra/fsp/src/r_glcdc/r_glcdc.o:(.bss.g_ctrl_blk.0)
2200ce10 2200ce10        2     1                 g_ctrl_blk.0
2200ce12 2200ce12        2     2         ./ra/fsp/src/r_glcdc/r_glcdc.o:(.bss.g_ctrl_blk.1)
2200ce12 2200ce12        2     1                 g_ctrl_blk.1
2200ce14 2200ce14        2     4         ./ra/fsp/src/r_glcdc/r_glcdc.o:(.bss.g_ctrl_blk.2)
2200ce14 2200ce14        2     1                 g_ctrl_blk.2
2200ce16 2200ce16        2     2         ./ra/fsp/src/r_glcdc/r_glcdc.o:(.bss.g_ctrl_blk.3)
2200ce16 2200ce16        2     1                 g_ctrl_blk.3
2200ce18 2200ce18        4     4         ./ra/fsp/src/r_glcdc/r_glcdc.o:(.bss.g_ctrl_blk.4)
2200ce18 2200ce18        4     1                 g_ctrl_blk.4
2200ce1c 2200ce1c        8     4         ./ra/fsp/src/r_glcdc/r_glcdc.o:(.bss.g_fade_pending)
2200ce1c 2200ce1c        8     1                 g_fade_pending
2200ce24 2200ce24        4     4         ./ra/fsp/src/r_glcdc/r_glcdc.o:(.bss.g_frame_ctr)
2200ce24 2200ce24        4     1                 g_frame_ctr
2200ce28 2200ce28        1     1         ./ra/fsp/src/r_dtc/r_dtc.o:(.bss.r_dtc_state_initialize.g_dtc_state_initialized)
2200ce28 2200ce28        1     1                 r_dtc_state_initialize.g_dtc_state_initialized
2200ce2c 2200ce2c       54     4         ./ra/fsp/src/bsp/mcu/all/bsp_group_irq.o:(.bss.g_bsp_group_irq_sources)
2200ce2c 2200ce2c       54     1                 g_bsp_group_irq_sources
2200ce80 2200ce80        4     4         ./ra/fsp/src/bsp/mcu/all/bsp_io.o:(.bss.g_protect_pfswe_counter)
2200ce80 2200ce80        4     1                 g_protect_pfswe_counter
2200ce84 2200ce84       40     4         ./ra/fsp/src/bsp/mcu/all/bsp_irq.o:(.bss.gp_renesas_isr_context)
2200ce84 2200ce84       40     1                 gp_renesas_isr_context
2200cec4 2200cec4        a     2         ./ra/fsp/src/bsp/mcu/all/bsp_register_protection.o:(.bss.g_protect_counters)
2200cec4 2200cec4        a     1                 g_protect_counters
2200ced0 2200ced0        4     4         ./ra/fsp/src/bsp/mcu/all/bsp_sbrk.o:(.bss.sbrk.current_block_offset)
2200ced0 2200ced0        4     1                 sbrk.current_block_offset
2200ced4 2200ced4        4     4         ./ra/fsp/src/bsp/cmsis/Device/RENESAS/Source/system.o:(.bss.SystemCoreClock)
2200ced4 2200ced4        4     1                 SystemCoreClock
2200ced8 2200ced8        4     4         C:\\Renesas\\RA\\e2studio_v2026-04.2_fsp_v6.5.0\\toolchains\\llvm_arm\\ATfE-21.1.1-Windows-x86_64\\bin\\..\\lib\\clang-runtimes/arm-none-eabi/armv8.1m.main_hard_fpdp_nomve_exn_rtti_unaligned_size\\lib\libc.a(nano-malloc.c.o):(.bss.__malloc_free_list)
2200ced8 2200ced8        4     1                 __malloc_free_list
2200cedc 2200cedc        8     4         C:\\Renesas\\RA\\e2studio_v2026-04.2_fsp_v6.5.0\\toolchains\\llvm_arm\\ATfE-21.1.1-Windows-x86_64\\bin\\..\\lib\\clang-runtimes/arm-none-eabi/armv8.1m.main_hard_fpdp_nomve_exn_rtti_unaligned_size\\lib\libc.a(nano-malloc.c.o):(.bss..L_MergedGlobals)
2200cedc 2200cedc        4     1                 __malloc_sbrk_top
2200cee0 2200cee0        4     1                 __malloc_sbrk_start
2200cee4 2200cee4        1     1         C:\\Renesas\\RA\\e2studio_v2026-04.2_fsp_v6.5.0\\toolchains\\llvm_arm\\ATfE-21.1.1-Windows-x86_64\\bin\\..\\lib\\clang-runtimes/arm-none-eabi/armv8.1m.main_hard_fpdp_nomve_exn_rtti_unaligned_size\\lib\libc.a(libc_misc_lock.c.o):(.bss.__lock___libc_recursive_mutex)
2200cee4 2200cee4        1     1                 __lock___libc_recursive_mutex
2200cee8 2200cee8        4     4         C:\\Renesas\\RA\\e2studio_v2026-04.2_fsp_v6.5.0\\toolchains\\llvm_arm\\ATfE-21.1.1-Windows-x86_64\\bin\\..\\lib\\clang-runtimes/arm-none-eabi/armv8.1m.main_hard_fpdp_nomve_exn_rtti_unaligned_size\\lib\libc.a(libc_picolib_machine_arm_tls.c.o):(.bss.__tls)
2200cee8 2200cee8        4     1                 __tls
2200ceec 2200ceec        0     1         __ram_zero$$Limit = .
2200ceec 2200ceec        0     1 __ram_tdata$$
2200ceec 2200ceec        0     1         __ram_tdata$$Base = .
2200ceec 2200ceec        0     1         __ram_tdata$$Load = LOADADDR(__ram_tdata$$)
2200ceec 2200ceec        0     1         __ram_tdata$$Limit = .
2200ceec 2200ceec        4     4 __ram_tbss$$
2200ceec 2200ceec        0     1         __ram_tbss$$Base = .
2200ceec 2200ceec        4     4         C:\\Renesas\\RA\\e2studio_v2026-04.2_fsp_v6.5.0\\toolchains\\llvm_arm\\ATfE-21.1.1-Windows-x86_64\\bin\\..\\lib\\clang-runtimes/arm-none-eabi/armv8.1m.main_hard_fpdp_nomve_exn_rtti_unaligned_size\\lib\libc.a(libc_errno_errno.c.o):(.tbss.errno)
       0        0        4     1                 errno
2200cef0 2200cef0        0     1         __ram_tbss$$Limit = .
2200cef0 2200cef0        0     1 __ram_thread_stack$$
2200cef0 2200cef0        0     1         __ram_thread_stack$$Base = .
2200cef0 2200cef0        0     1         __ram_thread_stack$$Limit = .
2200d000 2200d000        0     1 .ram.endof
2200d000 2200d000        0     1         __ddsc_RAM_END = .
2200d000 2200d000        0     1 .ram.flat_nsc
2200d000 2200d000        0     1         __ddsc_RAM_NSC = .
 20003b0  20003b0    5da0e    16 __flash_readonly$$
 20003b0  20003b0        0     1         __flash_readonly$$Base = .
 20003b0  20003b0       78     4         ./src/model/compute_sub_0000.o:(.text.compute_sub_0000)
 20003b0  20003b0        0     1                 $t
 20003b1  20003b1       78     1                 compute_sub_0000
 2000424  2000424        0     1                 $d
 2000428  2000428       e2     2         ./src/model/compute_sub_0002.o:(.text.compute_sub_0002)
 2000428  2000428        0     1                 $t
 2000429  2000429       e2     1                 compute_sub_0002
 200050a  200050a       e2     2         ./src/model/compute_sub_0004.o:(.text.compute_sub_0004)
 200050a  200050a        0     1                 $t
 200050b  200050b       e2     1                 compute_sub_0004
 20005ec  20005ec       e2     2         ./src/model/compute_sub_0006.o:(.text.compute_sub_0006)
 20005ec  20005ec        0     1                 $t
 20005ed  20005ed       e2     1                 compute_sub_0006
 20006ce  20006ce       e2     2         ./src/model/compute_sub_0008.o:(.text.compute_sub_0008)
 20006ce  20006ce        0     1                 $t
 20006cf  20006cf       e2     1                 compute_sub_0008
 20007b0  20007b0       e2     2         ./src/model/compute_sub_0010.o:(.text.compute_sub_0010)
 20007b0  20007b0        0     1                 $t
 20007b1  20007b1       e2     1                 compute_sub_0010
 2000892  2000892       e2     2         ./src/model/compute_sub_0012.o:(.text.compute_sub_0012)
 2000892  2000892        0     1                 $t
 2000893  2000893       e2     1                 compute_sub_0012
 2000974  2000974       e2     2         ./src/model/compute_sub_0014.o:(.text.compute_sub_0014)
 2000974  2000974        0     1                 $t
 2000975  2000975       e2     1                 compute_sub_0014
 2000a56  2000a56       e2     2         ./src/model/compute_sub_0016.o:(.text.compute_sub_0016)
 2000a56  2000a56        0     1                 $t
 2000a57  2000a57       e2     1                 compute_sub_0016
 2000b38  2000b38       e2     2         ./src/model/compute_sub_0018.o:(.text.compute_sub_0018)
 2000b38  2000b38        0     1                 $t
 2000b39  2000b39       e2     1                 compute_sub_0018
 2000c1a  2000c1a       e2     2         ./src/model/compute_sub_0020.o:(.text.compute_sub_0020)
 2000c1a  2000c1a        0     1                 $t
 2000c1b  2000c1b       e2     1                 compute_sub_0020
 2000cfc  2000cfc       e2     2         ./src/model/compute_sub_0022.o:(.text.compute_sub_0022)
 2000cfc  2000cfc        0     1                 $t
 2000cfd  2000cfd       e2     1                 compute_sub_0022
 2000dde  2000dde       e2     2         ./src/model/compute_sub_0024.o:(.text.compute_sub_0024)
 2000dde  2000dde        0     1                 $t
 2000ddf  2000ddf       e2     1                 compute_sub_0024
 2000ec0  2000ec0       e2     2         ./src/model/compute_sub_0026.o:(.text.compute_sub_0026)
 2000ec0  2000ec0        0     1                 $t
 2000ec1  2000ec1       e2     1                 compute_sub_0026
 2000fa4  2000fa4       60     4         ./src/model/compute_sub_0028.o:(.text.compute_sub_0028)
 2000fa4  2000fa4        0     1                 $t
 2000fa5  2000fa5       60     1                 compute_sub_0028
 2001000  2001000        0     1                 $d
 2001004  2001004       18     4         ./src/model/compute_sub_0030.o:(.text.compute_sub_0030)
 2001004  2001004        0     1                 $t
 2001005  2001005       18     1                 compute_sub_0030
 2001018  2001018        0     1                 $d
 2001020  2001020       2c     8         ./src/model/kernel_library_int.o:(.text.AffineQuantizeFloatToInt8)
 2001020  2001020        0     1                 $t
 2001021  2001021       2c     1                 AffineQuantizeFloatToInt8
 2001050  2001050       24     8         ./src/model/kernel_library_int.o:(.text.AffineDequantizeInt8ToFloat)
 2001050  2001050        0     1                 $t
 2001051  2001051       24     1                 AffineDequantizeInt8ToFloat
 2001078  2001078      250     8         ./src/model/kernel_library_int.o:(.text.StridedSlice)
 2001078  2001078        0     1                 $t
 2001079  2001079      250     1                 StridedSlice
 20012c8  20012c8       6e     8         ./src/model/kernel_library_int.o:(.text.Transpose)
 20012c8  20012c8        0     1                 $t
 20012c9  20012c9       6e     1                 Transpose
 2001338  2001338       be     8         ./src/model/kernel_library_int.o:(.text.UpsamplingNearestNeighbor)
 2001338  2001338        0     1                 $t
 2001339  2001339       be     1                 UpsamplingNearestNeighbor
 20013f8  20013f8       38     8         ./src/model/kernel_library_utils.o:(.text.ExtendedShape)
 20013f8  20013f8        0     1                 $t
 20013f9  20013f9       38     1                 ExtendedShape
 2001430  2001430       12     2         ./src/model/kernel_library_utils.o:(.text.lc)
 2001430  2001430        0     1                 $t
 2001431  2001431       12     1                 lc
 2001448  2001448       70     8         ./src/model/kernel_library_utils.o:(.text.BuildStridedSliceParams)
 2001448  2001448        0     1                 $t
 2001449  2001449       70     1                 BuildStridedSliceParams
 20014b8  20014b8       b6     8         ./src/model/kernel_library_utils.o:(.text.StridedSlicePadIndices)
 20014b8  20014b8        0     1                 $t
 20014b9  20014b9       b6     1                 StridedSlicePadIndices
 200156e  200156e       48     2         ./src/model/kernel_library_utils.o:(.text.StridedSliceStartForAxis)
 200156e  200156e        0     1                 $t
 200156f  200156f       48     1                 StridedSliceStartForAxis
 20015b6  20015b6       68     2         ./src/model/kernel_library_utils.o:(.text.StridedSliceEndForAxis)
 20015b6  20015b6        0     1                 $t
 20015b7  20015b7       68     1                 StridedSliceEndForAxis
 2001620  2001620       8c     4         ./src/model/kernel_library_utils.o:(.text.GetNearestNeighbor)
 2001620  2001620        0     1                 $t
 2001621  2001621       8c     1                 GetNearestNeighbor
 20016a8  20016a8        0     1                 $d
 20016ac  20016ac        a     2         ./src/model/model.o:(.text.GetModelInputPtr_input_1)
 20016ac  20016ac        0     1                 $t
 20016ad  20016ad        a     1                 GetModelInputPtr_input_1
 20016b6  20016b6        a     2         ./src/model/model.o:(.text.GetModelOutputPtr__722_70391_70619)
 20016b6  20016b6        0     1                 $t
 20016b7  20016b7        a     1                 GetModelOutputPtr__722_70391_70619
 20016c0  20016c0        a     2         ./src/model/model.o:(.text.GetModelOutputPtr__723_70392_70620)
 20016c0  20016c0        0     1                 $t
 20016c1  20016c1        a     1                 GetModelOutputPtr__723_70392_70620
 20016ca  20016ca      78e     2         ./src/model/model.o:(.text.RunModel)
 20016ca  20016ca        0     1                 $t
 20016cb  20016cb      78e     1                 RunModel
 2001e58  2001e58       a2     2         ./src/model/sub_0001_invoke.o:(.text.sub_0001_invoke)
 2001e58  2001e58        0     1                 $t
 2001e59  2001e59       a2     1                 sub_0001_invoke
 2001f00  2001f00       b0     8         ./src/model/sub_0003_invoke.o:(.text.sub_0003_invoke)
 2001f00  2001f00        0     1                 $t
 2001f01  2001f01       b0     1                 sub_0003_invoke
 2001fa0  2001fa0        0     1                 $d
 2001fb0  2001fb0       b0     8         ./src/model/sub_0005_invoke.o:(.text.sub_0005_invoke)
 2001fb0  2001fb0        0     1                 $t
 2001fb1  2001fb1       b0     1                 sub_0005_invoke
 2002050  2002050        0     1                 $d
 2002060  2002060       b0     8         ./src/model/sub_0007_invoke.o:(.text.sub_0007_invoke)
 2002060  2002060        0     1                 $t
 2002061  2002061       b0     1                 sub_0007_invoke
 2002100  2002100        0     1                 $d
 2002110  2002110       b0     8         ./src/model/sub_0009_invoke.o:(.text.sub_0009_invoke)
 2002110  2002110        0     1                 $t
 2002111  2002111       b0     1                 sub_0009_invoke
 20021b0  20021b0        0     1                 $d
 20021c0  20021c0       b0     8         ./src/model/sub_0011_invoke.o:(.text.sub_0011_invoke)
 20021c0  20021c0        0     1                 $t
 20021c1  20021c1       b0     1                 sub_0011_invoke
 2002260  2002260        0     1                 $d
 2002270  2002270       b0     8         ./src/model/sub_0013_invoke.o:(.text.sub_0013_invoke)
 2002270  2002270        0     1                 $t
 2002271  2002271       b0     1                 sub_0013_invoke
 2002310  2002310        0     1                 $d
 2002320  2002320       b0     8         ./src/model/sub_0015_invoke.o:(.text.sub_0015_invoke)
 2002320  2002320        0     1                 $t
 2002321  2002321       b0     1                 sub_0015_invoke
 20023c0  20023c0        0     1                 $d
 20023d0  20023d0       b0     8         ./src/model/sub_0017_invoke.o:(.text.sub_0017_invoke)
 20023d0  20023d0        0     1                 $t
 20023d1  20023d1       b0     1                 sub_0017_invoke
 2002470  2002470        0     1                 $d
 2002480  2002480       b0     8         ./src/model/sub_0019_invoke.o:(.text.sub_0019_invoke)
 2002480  2002480        0     1                 $t
 2002481  2002481       b0     1                 sub_0019_invoke
 2002520  2002520        0     1                 $d
 2002530  2002530       b8     8         ./src/model/sub_0021_invoke.o:(.text.sub_0021_invoke)
 2002530  2002530        0     1                 $t
 2002531  2002531       b8     1                 sub_0021_invoke
 20025d8  20025d8        0     1                 $d
 20025e8  20025e8       b0     8         ./src/model/sub_0023_invoke.o:(.text.sub_0023_invoke)
 20025e8  20025e8        0     1                 $t
 20025e9  20025e9       b0     1                 sub_0023_invoke
 2002688  2002688        0     1                 $d
 2002698  2002698       b0     8         ./src/model/sub_0025_invoke.o:(.text.sub_0025_invoke)
 2002698  2002698        0     1                 $t
 2002699  2002699       b0     1                 sub_0025_invoke
 2002738  2002738        0     1                 $d
 2002748  2002748       b8     8         ./src/model/sub_0027_invoke.o:(.text.sub_0027_invoke)
 2002748  2002748        0     1                 $t
 2002749  2002749       b8     1                 sub_0027_invoke
 20027f0  20027f0        0     1                 $d
 2002800  2002800       a8     8         ./src/model/sub_0029_invoke.o:(.text.sub_0029_invoke)
 2002800  2002800        0     1                 $t
 2002801  2002801       a8     1                 sub_0029_invoke
 2002898  2002898        0     1                 $d
 20028a8  20028a8        2     2         ./src/SERIAL_TERM/r_sci_b_uart/r_sci_b_uart.o:(.text.sci_b_uart_rxi_isr)
 20028a8  20028a8        0     1                 $t
 20028a9  20028a9        2     1                 sci_b_uart_rxi_isr
 20028aa  20028aa        2     2         ./src/SERIAL_TERM/r_sci_b_uart/r_sci_b_uart.o:(.text.sci_b_uart_txi_isr)
 20028aa  20028aa        0     1                 $t
 20028ab  20028ab        2     1                 sci_b_uart_txi_isr
 20028ac  20028ac        2     2         ./src/SERIAL_TERM/r_sci_b_uart/r_sci_b_uart.o:(.text.sci_b_uart_tei_isr)
 20028ac  20028ac        0     1                 $t
 20028ad  20028ad        2     1                 sci_b_uart_tei_isr
 20028ae  20028ae        2     2         ./src/SERIAL_TERM/r_sci_b_uart/r_sci_b_uart.o:(.text.sci_b_uart_eri_isr)
 20028ae  20028ae        0     1                 $t
 20028af  20028af        2     1                 sci_b_uart_eri_isr
 20028b0  20028b0       7a     8         ./src/SEGGER_RTT/SEGGER_RTT.o:(.text._DoInit)
 20028b0  20028b0        0     1                 $t
 20028b1  20028b1       7a     1                 _DoInit
 2002930  2002930       7e     8         ./src/SEGGER_RTT/SEGGER_RTT.o:(.text._WriteBlocking)
 2002930  2002930        0     1                 $t
 2002931  2002931       7e     1                 _WriteBlocking
 20029ae  20029ae       f4     2         ./src/SEGGER_RTT/SEGGER_RTT.o:(.text.SEGGER_RTT_WriteNoLock)
 20029ae  20029ae        0     1                 $t
 20029af  20029af       f4     1                 SEGGER_RTT_WriteNoLock
 2002aa2  2002aa2       3a     2         ./src/SEGGER_RTT/SEGGER_RTT.o:(.text.SEGGER_RTT_Write)
 2002aa2  2002aa2        0     1                 $t
 2002aa3  2002aa3       3a     1                 SEGGER_RTT_Write
 2002ae0  2002ae0      32a     8         ./src/SEGGER_RTT/SEGGER_RTT_printf.o:(.text.SEGGER_RTT_vprintf)
 2002ae0  2002ae0        0     1                 $t
 2002ae1  2002ae1      32a     1                 SEGGER_RTT_vprintf
 2002c2c  2002c2c        0     1                 $d
 2002c36  2002c36        0     1                 $t
 2002e0a  2002e0a       40     2         ./src/SEGGER_RTT/SEGGER_RTT_printf.o:(.text._StoreChar)
 2002e0a  2002e0a        0     1                 $t
 2002e0b  2002e0b       40     1                 _StoreChar
 2002e50  2002e50       f8     8         ./src/SEGGER_RTT/SEGGER_RTT_printf.o:(.text._PrintUnsigned)
 2002e50  2002e50        0     1                 $t
 2002e51  2002e51       f8     1                 _PrintUnsigned
 2002f48  2002f48       1e     2         ./src/SEGGER_RTT/SEGGER_RTT_printf.o:(.text.SEGGER_RTT_printf)
 2002f48  2002f48        0     1                 $t
 2002f49  2002f49       1e     1                 SEGGER_RTT_printf
 2002f68  2002f68       92     8         ./src/camera_sensor.o:(.text.camera_write_array)
 2002f68  2002f68        0     1                 $t
 2002f69  2002f69       92     1                 camera_write_array
 2002ffc  2002ffc      274     4         ./src/camera_sensor.o:(.text.camera_open)
 2002ffc  2002ffc        0     1                 $t
 2002ffd  2002ffd      274     1                 camera_open
 2003268  2003268        0     1                 $d
 2003270  2003270       5e     2         ./src/camera_sensor.o:(.text.camera_set_mipi_virtual_channel)
 2003270  2003270        0     1                 $t
 2003271  2003271       5e     1                 camera_set_mipi_virtual_channel
 20032ce  20032ce       4e     2         ./src/camera_sensor.o:(.text.camera_stream_on)
 20032ce  20032ce        0     1                 $t
 20032cf  20032cf       4e     1                 camera_stream_on
 200331c  200331c       32     2         ./src/camera_sensor.o:(.text.camera_stream_off)
 200331c  200331c        0     1                 $t
 200331d  200331d       32     1                 camera_stream_off
 2003350  2003350      104     8         ./src/glcdc_display.o:(.text.glcdc_init)
 2003350  2003350        0     1                 $t
 2003351  2003351      104     1                 glcdc_init
 2003454  2003454       16     2         ./src/glcdc_display.o:(.text.glcdc_vsync_isr)
 2003454  2003454        0     1                 $t
 2003455  2003455       16     1                 glcdc_vsync_isr
 200346a  200346a        4     2         ./src/hal_entry.o:(.text.hal_entry)
 200346a  200346a        0     1                 $t
 200346b  200346b        4     1                 hal_entry
 200346e  200346e       26     2         ./src/hal_entry.o:(.text.R_BSP_WarmStart)
 200346e  200346e        0     1                 $t
 200346f  200346f       26     1                 R_BSP_WarmStart
 2003494  2003494       3c     2         ./src/i2c_control.o:(.text.i2c_control_init)
 2003494  2003494        0     1                 $t
 2003495  2003495       3c     1                 i2c_control_init
 20034d0  20034d0       2e     8         ./src/i2c_control.o:(.text.i2c_master_wait_event)
 20034d0  20034d0        0     1                 $t
 20034d1  20034d1       2e     1                 i2c_master_wait_event
 20034fe  20034fe       96     2         ./src/i2c_control.o:(.text.read_reg_16bit)
 20034fe  20034fe        0     1                 $t
 20034ff  20034ff       96     1                 read_reg_16bit
 2003594  2003594       62     2         ./src/i2c_control.o:(.text.write_reg_16bit)
 2003594  2003594        0     1                 $t
 2003595  2003595       62     1                 write_reg_16bit
 20035f6  20035f6       10     2         ./src/i2c_control.o:(.text.g_i2c_master_for_peripheral_callback)
 20035f6  20035f6        0     1                 $t
 20035f7  20035f7       10     1                 g_i2c_master_for_peripheral_callback
 2003608  2003608      916     8         ./src/mipi_csi.o:(.text.mipi_csi_ep_entry)
 2003608  2003608        0     1                 $t
 2003609  2003609      916     1                 mipi_csi_ep_entry
 2003b2c  2003b2c        0     1                 $d
 2003bd8  2003bd8        0     1                 $t
 2003f1e  2003f1e       94     2         ./src/mipi_csi.o:(.text.handle_error)
 2003f1e  2003f1e        0     1                 $t
 2003f1f  2003f1f       94     1                 handle_error
 2003fb2  2003fb2       1c     2         ./src/mipi_csi.o:(.text.vin_callback)
 2003fb2  2003fb2        0     1                 $t
 2003fb3  2003fb3       1c     1                 vin_callback
 2003fce  2003fce        2     2         ./src/mipi_csi.o:(.text.mipi_csi0_callback)
 2003fce  2003fce        0     1                 $t
 2003fcf  2003fcf        2     1                 mipi_csi0_callback
 2003fd0  2003fd0      3f8     8         ./src/yolo_postprocess.o:(.text.yolo_decode_head)
 2003fd0  2003fd0        0     1                 $t
 2003fd1  2003fd1      3f8     1                 yolo_decode_head
 20043c0  20043c0        0     1                 $d
 20043c8  20043c8      1e8     8         ./src/yolo_postprocess.o:(.text.yolo_nms)
 20043c8  20043c8        0     1                 $t
 20043c9  20043c9      1e8     1                 yolo_nms
 20045ac  20045ac        0     1                 $d
 20045b0  20045b0        a     2         ./ra_gen/main.o:(.text.main)
 20045b0  20045b0        0     1                 $t
 20045b1  20045b1        a     1                 main
 20045ba  20045ba        2     2         ./ra/npu/ethos-u-core-driver/src/ethosu_device_u55_u65.o:(.text.ethosu_address_remap)
 20045ba  20045ba        0     1                 $t
 20045bb  20045bb        2     1                 ethosu_address_remap
 20045bc  20045bc       22     2         ./ra/npu/ethos-u-core-driver/src/ethosu_device_u55_u65.o:(.text.ethosu_dev_init)
 20045bc  20045bc        0     1                 $t
 20045bd  20045bd       22     1                 ethosu_dev_init
 20045e0  20045e0       88     8         ./ra/npu/ethos-u-core-driver/src/ethosu_device_u55_u65.o:(.text.ethosu_dev_soft_reset)
 20045e0  20045e0        0     1                 $t
 20045e1  20045e1       88     1                 ethosu_dev_soft_reset
 2004668  2004668       bc     8         ./ra/npu/ethos-u-core-driver/src/ethosu_device_u55_u65.o:(.text.ethosu_dev_run_command_stream)
 2004668  2004668        0     1                 $t
 2004669  2004669       bc     1                 ethosu_dev_run_command_stream
 2004724  2004724        2     2         ./ra/npu/ethos-u-core-driver/src/ethosu_device_u55_u65.o:(.text.ethosu_dev_print_err_status)
 2004724  2004724        0     1                 $t
 2004725  2004725        2     1                 ethosu_dev_print_err_status
 2004726  2004726       36     2         ./ra/npu/ethos-u-core-driver/src/ethosu_device_u55_u65.o:(.text.ethosu_dev_handle_interrupt)
 2004726  2004726        0     1                 $t
 2004727  2004727       36     1                 ethosu_dev_handle_interrupt
 200475c  200475c       32     2         ./ra/npu/ethos-u-core-driver/src/ethosu_device_u55_u65.o:(.text.ethosu_dev_set_clock_and_power)
 200475c  200475c        0     1                 $t
 200475d  200475d       32     1                 ethosu_dev_set_clock_and_power
 200478e  200478e       52     2         ./ra/npu/ethos-u-core-driver/src/ethosu_device_u55_u65.o:(.text.ethosu_dev_verify_optimizer_config)
 200478e  200478e        0     1                 $t
 200478f  200478f       52     1                 ethosu_dev_verify_optimizer_config
 20047e0  20047e0        a     2         ./ra/npu/ethos-u-core-driver/src/ethosu_driver.o:(.text.ethosu_mutex_create)
 20047e0  20047e0        0     1                 $t
 20047e1  20047e1        a     1                 ethosu_mutex_create
 20047ea  20047ea        4     2         ./ra/npu/ethos-u-core-driver/src/ethosu_driver.o:(.text.ethosu_mutex_lock)
 20047ea  20047ea        0     1                 $t
 20047eb  20047eb        4     1                 ethosu_mutex_lock
 20047ee  20047ee        4     2         ./ra/npu/ethos-u-core-driver/src/ethosu_driver.o:(.text.ethosu_mutex_unlock)
 20047ee  20047ee        0     1                 $t
 20047ef  20047ef        4     1                 ethosu_mutex_unlock
 20047f2  20047f2       10     2         ./ra/npu/ethos-u-core-driver/src/ethosu_driver.o:(.text.ethosu_semaphore_create)
 20047f2  20047f2        0     1                 $t
 20047f3  20047f3       10     1                 ethosu_semaphore_create
 2004808  2004808       18     8         ./ra/npu/ethos-u-core-driver/src/ethosu_driver.o:(.text.ethosu_semaphore_take)
 2004808  2004808        0     1                 $t
 2004809  2004809       18     1                 ethosu_semaphore_take
 2004820  2004820        c     2         ./ra/npu/ethos-u-core-driver/src/ethosu_driver.o:(.text.ethosu_semaphore_give)
 2004820  2004820        0     1                 $t
 2004821  2004821        c     1                 ethosu_semaphore_give
 200482c  200482c        2     2         ./ra/npu/ethos-u-core-driver/src/ethosu_driver.o:(.text.ethosu_inference_begin)
 200482c  200482c        0     1                 $t
 200482d  200482d        2     1                 ethosu_inference_begin
 200482e  200482e        2     2         ./ra/npu/ethos-u-core-driver/src/ethosu_driver.o:(.text.ethosu_inference_end)
 200482e  200482e        0     1                 $t
 200482f  200482f        2     1                 ethosu_inference_end
 2004830  2004830       28     2         ./ra/npu/ethos-u-core-driver/src/ethosu_driver.o:(.text.ethosu_irq_handler)
 2004830  2004830        0     1                 $t
 2004831  2004831       28     1                 ethosu_irq_handler
 2004858  2004858       a6     2         ./ra/npu/ethos-u-core-driver/src/ethosu_driver.o:(.text.ethosu_init)
 2004858  2004858        0     1                 $t
 2004859  2004859       a6     1                 ethosu_init
 20048fe  20048fe       24     2         ./ra/npu/ethos-u-core-driver/src/ethosu_driver.o:(.text.ethosu_soft_reset)
 20048fe  20048fe        0     1                 $t
 20048ff  20048ff       24     1                 ethosu_soft_reset
 2004922  2004922       2a     2         ./ra/npu/ethos-u-core-driver/src/ethosu_driver.o:(.text.ethosu_request_power)
 2004922  2004922        0     1                 $t
 2004923  2004923       2a     1                 ethosu_request_power
 2004950  2004950       c8     8         ./ra/npu/ethos-u-core-driver/src/ethosu_driver.o:(.text.ethosu_wait)
 2004950  2004950        0     1                 $t
 2004951  2004951       c8     1                 ethosu_wait
 2004a18  2004a18      1a2     8         ./ra/npu/ethos-u-core-driver/src/ethosu_driver.o:(.text.ethosu_invoke_async)
 2004a18  2004a18        0     1                 $t
 2004a19  2004a19      1a2     1                 ethosu_invoke_async
 2004bba  2004bba       2e     2         ./ra/npu/ethos-u-core-driver/src/ethosu_driver.o:(.text.ethosu_invoke_v3)
 2004bba  2004bba        0     1                 $t
 2004bbb  2004bbb       2e     1                 ethosu_invoke_v3
 2004be8  2004be8       d8     2         ./ra/fsp/src/rm_ethosu/rm_ethosu.o:(.text.RM_ETHOSU_Open)
 2004be8  2004be8        0     1                 $t
 2004be9  2004be9       d8     1                 RM_ETHOSU_Open
 2004cc0  2004cc0       60     2         ./ra/fsp/src/rm_ethosu/rm_ethosu.o:(.text.rm_ethosu_isr)
 2004cc0  2004cc0        0     1                 $t
 2004cc1  2004cc1       60     1                 rm_ethosu_isr
 2004d20  2004d20       9a     8         ./ra/fsp/src/rm_ethosu/rm_ethosu.o:(.text.ethosu_flush_dcache)
 2004d20  2004d20        0     1                 $t
 2004d21  2004d21       9a     1                 ethosu_flush_dcache
 2004dc0  2004dc0       9a     8         ./ra/fsp/src/rm_ethosu/rm_ethosu.o:(.text.ethosu_invalidate_dcache)
 2004dc0  2004dc0        0     1                 $t
 2004dc1  2004dc1       9a     1                 ethosu_invalidate_dcache
 2004e5a  2004e5a      154     2         ./ra/fsp/src/r_vin/r_vin.o:(.text.R_VIN_Open)
 2004e5a  2004e5a        0     1                 $t
 2004e5b  2004e5b      154     1                 R_VIN_Open
 2004fae  2004fae       d0     2         ./ra/fsp/src/r_vin/r_vin.o:(.text.R_VIN_Close)
 2004fae  2004fae        0     1                 $t
 2004faf  2004faf       d0     1                 R_VIN_Close
 200507e  200507e       7e     2         ./ra/fsp/src/r_vin/r_vin.o:(.text.R_VIN_CaptureStart)
 200507e  200507e        0     1                 $t
 200507f  200507f       7e     1                 R_VIN_CaptureStart
 20050fc  20050fc       74     2         ./ra/fsp/src/r_vin/r_vin.o:(.text.vin_isr_enable)
 20050fc  20050fc        0     1                 $t
 20050fd  20050fd       74     1                 vin_isr_enable
 2005170  2005170        6     2         ./ra/fsp/src/r_vin/r_vin.o:(.text.vin_status_isr)
 2005170  2005170        0     1                 $t
 2005171  2005171        6     1                 vin_status_isr
 2005176  2005176       c6     2         ./ra/fsp/src/r_vin/r_vin.o:(.text.vin_common_isr)
 2005176  2005176        0     1                 $t
 2005177  2005177       c6     1                 vin_common_isr
 2005240  2005240      114     8         ./ra/fsp/src/r_mipi_phy/r_mipi_phy.o:(.text.r_mipi_phy_open)
 2005240  2005240        0     1                 $t
 2005241  2005241      114     1                 r_mipi_phy_open
 2005354  2005354       2a     2         ./ra/fsp/src/r_mipi_phy/r_mipi_phy.o:(.text.r_mipi_phy_close)
 2005354  2005354        0     1                 $t
 2005355  2005355       2a     1                 r_mipi_phy_close
 2005380  2005380       f4     8         ./ra/fsp/src/r_mipi_csi/r_mipi_csi.o:(.text.R_MIPI_CSI_Open)
 2005380  2005380        0     1                 $t
 2005381  2005381       f4     1                 R_MIPI_CSI_Open
 2005474  2005474       dc     2         ./ra/fsp/src/r_mipi_csi/r_mipi_csi.o:(.text.R_MIPI_CSI_Close)
 2005474  2005474        0     1                 $t
 2005475  2005475       dc     1                 R_MIPI_CSI_Close
 2005550  2005550       14     2         ./ra/fsp/src/r_mipi_csi/r_mipi_csi.o:(.text.R_MIPI_CSI_Start)
 2005550  2005550        0     1                 $t
 2005551  2005551       14     1                 R_MIPI_CSI_Start
 2005564  2005564       26     2         ./ra/fsp/src/r_mipi_csi/r_mipi_csi.o:(.text.R_MIPI_CSI_Stop)
 2005564  2005564        0     1                 $t
 2005565  2005565       26     1                 R_MIPI_CSI_Stop
 200558a  200558a       24     2         ./ra/fsp/src/r_mipi_csi/r_mipi_csi.o:(.text.R_MIPI_CSI_Read)
 200558a  200558a        0     1                 $t
 200558b  200558b       24     1                 R_MIPI_CSI_Read
 20055ae  20055ae       24     2         ./ra/fsp/src/r_mipi_csi/r_mipi_csi.o:(.text.R_MIPI_CSI_StatusGet)
 20055ae  20055ae        0     1                 $t
 20055af  20055af       24     1                 R_MIPI_CSI_StatusGet
 20055d2  20055d2       74     2         ./ra/fsp/src/r_mipi_csi/r_mipi_csi.o:(.text.csi_isr_enable)
 20055d2  20055d2        0     1                 $t
 20055d3  20055d3       74     1                 csi_isr_enable
 2005646  2005646       80     2         ./ra/fsp/src/r_mipi_csi/r_mipi_csi.o:(.text.mipi_csi_rx_isr)
 2005646  2005646        0     1                 $t
 2005647  2005647       80     1                 mipi_csi_rx_isr
 20056c6  20056c6       e0     2         ./ra/fsp/src/r_mipi_csi/r_mipi_csi.o:(.text.mipi_csi_dl_isr)
 20056c6  20056c6        0     1                 $t
 20056c7  20056c7       e0     1                 mipi_csi_dl_isr
 20057a6  20057a6       80     2         ./ra/fsp/src/r_mipi_csi/r_mipi_csi.o:(.text.mipi_csi_vc_isr)
 20057a6  20057a6        0     1                 $t
 20057a7  20057a7       80     1                 mipi_csi_vc_isr
 2005826  2005826       16     2         ./ra/fsp/src/r_ioport/r_ioport.o:(.text.R_IOPORT_Open)
 2005826  2005826        0     1                 $t
 2005827  2005827       16     1                 R_IOPORT_Open
 2005840  2005840       c4     8         ./ra/fsp/src/r_ioport/r_ioport.o:(.text.r_ioport_pins_config)
 2005840  2005840        0     1                 $t
 2005841  2005841       c4     1                 r_ioport_pins_config
 2005908  2005908       e0     8         ./ra/fsp/src/r_ioport/r_ioport.o:(.text.bsp_vbatt_init)
 2005908  2005908        0     1                 $t
 2005909  2005909       e0     1                 bsp_vbatt_init
 20059e8  20059e8       fc     2         ./ra/fsp/src/r_iic_master/r_iic_master.o:(.text.R_IIC_MASTER_Open)
 20059e8  20059e8        0     1                 $t
 20059e9  20059e9       fc     1                 R_IIC_MASTER_Open
 2005ae4  2005ae4        c     2         ./ra/fsp/src/r_iic_master/r_iic_master.o:(.text.R_IIC_MASTER_Read)
 2005ae4  2005ae4        0     1                 $t
 2005ae5  2005ae5        c     1                 R_IIC_MASTER_Read
 2005af0  2005af0        c     2         ./ra/fsp/src/r_iic_master/r_iic_master.o:(.text.R_IIC_MASTER_Write)
 2005af0  2005af0        0     1                 $t
 2005af1  2005af1        c     1                 R_IIC_MASTER_Write
 2005afc  2005afc        a     2         ./ra/fsp/src/r_iic_master/r_iic_master.o:(.text.R_IIC_MASTER_SlaveAddressSet)
 2005afc  2005afc        0     1                 $t
 2005afd  2005afd        a     1                 R_IIC_MASTER_SlaveAddressSet
 2005b06  2005b06       fc     2         ./ra/fsp/src/r_iic_master/r_iic_master.o:(.text.R_IIC_MASTER_Close)
 2005b06  2005b06        0     1                 $t
 2005b07  2005b07       fc     1                 R_IIC_MASTER_Close
 2005c08  2005c08      1ee     8         ./ra/fsp/src/r_iic_master/r_iic_master.o:(.text.iic_master_open_hw_master)
 2005c08  2005c08        0     1                 $t
 2005c09  2005c09      1ee     1                 iic_master_open_hw_master
 2005df8  2005df8      152     8         ./ra/fsp/src/r_iic_master/r_iic_master.o:(.text.iic_master_read_write)
 2005df8  2005df8        0     1                 $t
 2005df9  2005df9      152     1                 iic_master_read_write
 2005f4a  2005f4a      1d4     2         ./ra/fsp/src/r_iic_master/r_iic_master.o:(.text.iic_master_rxi_isr)
 2005f4a  2005f4a        0     1                 $t
 2005f4b  2005f4b      1d4     1                 iic_master_rxi_isr
 2006120  2006120      166     8         ./ra/fsp/src/r_iic_master/r_iic_master.o:(.text.iic_master_txi_isr)
 2006120  2006120        0     1                 $t
 2006121  2006121      166     1                 iic_master_txi_isr
 2006288  2006288       e8     8         ./ra/fsp/src/r_iic_master/r_iic_master.o:(.text.iic_master_tei_isr)
 2006288  2006288        0     1                 $t
 2006289  2006289       e8     1                 iic_master_tei_isr
 2006370  2006370      138     2         ./ra/fsp/src/r_iic_master/r_iic_master.o:(.text.iic_master_eri_isr)
 2006370  2006370        0     1                 $t
 2006371  2006371      138     1                 iic_master_eri_isr
 20064a8  20064a8       62     2         ./ra/fsp/src/r_iic_master/r_iic_master.o:(.text.iic_master_notify)
 20064a8  20064a8        0     1                 $t
 20064a9  20064a9       62     1                 iic_master_notify
 200650a  200650a      3b8     2         ./ra/fsp/src/r_glcdc/r_glcdc.o:(.text.R_GLCDC_Open)
 200650a  200650a        0     1                 $t
 200650b  200650b      3b8     1                 R_GLCDC_Open
 20068c2  20068c2       e0     2         ./ra/fsp/src/r_glcdc/r_glcdc.o:(.text.R_GLCDC_Close)
 20068c2  20068c2        0     1                 $t
 20068c3  20068c3       e0     1                 R_GLCDC_Close
 20069a2  20069a2       2e     2         ./ra/fsp/src/r_glcdc/r_glcdc.o:(.text.R_GLCDC_Start)
 20069a2  20069a2        0     1                 $t
 20069a3  20069a3       2e     1                 R_GLCDC_Start
 20069d0  20069d0       4c     2         ./ra/fsp/src/r_glcdc/r_glcdc.o:(.text.R_GLCDC_BufferChange)
 20069d0  20069d0        0     1                 $t
 20069d1  20069d1       4c     1                 R_GLCDC_BufferChange
 2006a1c  2006a1c      25e     2         ./ra/fsp/src/r_glcdc/r_glcdc.o:(.text.r_glcdc_graphics_layer_set)
 2006a1c  2006a1c        0     1                 $t
 2006a1d  2006a1d      25e     1                 r_glcdc_graphics_layer_set
 2006c7a  2006c7a       3e     2         ./ra/fsp/src/r_glcdc/r_glcdc.o:(.text.r_glcdc_stop)
 2006c7a  2006c7a        0     1                 $t
 2006c7b  2006c7b       3e     1                 r_glcdc_stop
 2006cb8  2006cb8       82     2         ./ra/fsp/src/r_glcdc/r_glcdc.o:(.text.glcdc_line_detect_isr)
 2006cb8  2006cb8        0     1                 $t
 2006cb9  2006cb9       82     1                 glcdc_line_detect_isr
 2006d3a  2006d3a       54     2         ./ra/fsp/src/r_glcdc/r_glcdc.o:(.text.glcdc_underflow_1_isr)
 2006d3a  2006d3a        0     1                 $t
 2006d3b  2006d3b       54     1                 glcdc_underflow_1_isr
 2006d8e  2006d8e       54     2         ./ra/fsp/src/r_glcdc/r_glcdc.o:(.text.glcdc_underflow_2_isr)
 2006d8e  2006d8e        0     1                 $t
 2006d8f  2006d8f       54     1                 glcdc_underflow_2_isr
 2006de2  2006de2       98     2         ./ra/fsp/src/r_dtc/r_dtc.o:(.text.R_DTC_Open)
 2006de2  2006de2        0     1                 $t
 2006de3  2006de3       98     1                 R_DTC_Open
 2006e80  2006e80       50     8         ./ra/fsp/src/r_dtc/r_dtc.o:(.text.R_DTC_Reconfigure)
 2006e80  2006e80        0     1                 $t
 2006e81  2006e81       50     1                 R_DTC_Reconfigure
 2006ed0  2006ed0       94     8         ./ra/fsp/src/r_dtc/r_dtc.o:(.text.R_DTC_Reset)
 2006ed0  2006ed0        0     1                 $t
 2006ed1  2006ed1       94     1                 R_DTC_Reset
 2006f64  2006f64       1c     2         ./ra/fsp/src/r_dtc/r_dtc.o:(.text.R_DTC_Enable)
 2006f64  2006f64        0     1                 $t
 2006f65  2006f65       1c     1                 R_DTC_Enable
 2006f80  2006f80       1c     2         ./ra/fsp/src/r_dtc/r_dtc.o:(.text.R_DTC_Disable)
 2006f80  2006f80        0     1                 $t
 2006f81  2006f81       1c     1                 R_DTC_Disable
 2006f9c  2006f9c        4     2         ./ra/fsp/src/r_dtc/r_dtc.o:(.text.R_DTC_SoftwareStart)
 2006f9c  2006f9c        0     1                 $t
 2006f9d  2006f9d        4     1                 R_DTC_SoftwareStart
 2006fa0  2006fa0        4     2         ./ra/fsp/src/r_dtc/r_dtc.o:(.text.R_DTC_SoftwareStop)
 2006fa0  2006fa0        0     1                 $t
 2006fa1  2006fa1        4     1                 R_DTC_SoftwareStop
 2006fa4  2006fa4       4c     2         ./ra/fsp/src/r_dtc/r_dtc.o:(.text.R_DTC_InfoGet)
 2006fa4  2006fa4        0     1                 $t
 2006fa5  2006fa5       4c     1                 R_DTC_InfoGet
 2006ff0  2006ff0       2e     2         ./ra/fsp/src/r_dtc/r_dtc.o:(.text.R_DTC_Close)
 2006ff0  2006ff0        0     1                 $t
 2006ff1  2006ff1       2e     1                 R_DTC_Close
 200701e  200701e        4     2         ./ra/fsp/src/r_dtc/r_dtc.o:(.text.R_DTC_Reload)
 200701e  200701e        0     1                 $t
 200701f  200701f        4     1                 R_DTC_Reload
 2007022  2007022        4     2         ./ra/fsp/src/r_dtc/r_dtc.o:(.text.R_DTC_CallbackSet)
 2007022  2007022        0     1                 $t
 2007023  2007023        4     1                 R_DTC_CallbackSet
 2007028  2007028       4c     8         ./ra/fsp/src/r_dtc/r_dtc.o:(.text.r_dtc_set_info)
 2007028  2007028        0     1                 $t
 2007029  2007029       4c     1                 r_dtc_set_info
 2007074  2007074       aa     4         ./ra/fsp/src/bsp/mcu/all/bsp_clocks.o:(.text.SystemCoreClockUpdate)
 2007074  2007074        0     1                 $t
 2007075  2007075       aa     1                 SystemCoreClockUpdate
 2007090  2007090        0     1                 $d
 2007094  2007094        0     1                 $t
 2007120  2007120      390     8         ./ra/fsp/src/bsp/mcu/all/bsp_clocks.o:(.text.bsp_clock_init)
 2007120  2007120        0     1                 $t
 2007121  2007121      390     1                 bsp_clock_init
 2007490  2007490        0     1                 $d
 20074b0  20074b0        2     2         ./ra/fsp/src/bsp/mcu/all/bsp_clocks.o:(.text.R_BSP_SubClockStabilizeWaitAfterReset)
 20074b0  20074b0        0     1                 $t
 20074b1  20074b1        2     1                 R_BSP_SubClockStabilizeWaitAfterReset
 20074b8  20074b8       8a     8         ./ra/fsp/src/bsp/mcu/all/bsp_clocks.o:(.text.R_BSP_Init_RTC)
 20074b8  20074b8        0     1                 $t
 20074b9  20074b9       8a     1                 R_BSP_Init_RTC
 2007542  2007542        e     2         ./ra/fsp/src/bsp/mcu/all/bsp_common.o:(.text.R_FSP_VersionGet)
 2007542  2007542        0     1                 $t
 2007543  2007543        e     1                 R_FSP_VersionGet
 2007550  2007550        a     8         ./ra/fsp/src/bsp/mcu/all/bsp_common.o:(.text.__assert_func)
 2007550  2007550        0     1                 $t
 2007551  2007551        a     1                 __assert_func
 200755a  200755a       7a     2         ./ra/fsp/src/bsp/mcu/all/bsp_delay.o:(.text.R_BSP_SoftwareDelay)
 200755a  200755a        0     1                 $t
 200755b  200755b       7a     1                 R_BSP_SoftwareDelay
 20075d8  20075d8        8     8         ./ra/fsp/src/bsp/mcu/all/bsp_delay.o:(.text.bsp_prv_software_delay_loop)
 20075d8  20075d8        0     1                 sw_delay_loop
 20075d8  20075d8        0     1                 $t
 20075d9  20075d9        8     1                 bsp_prv_software_delay_loop
 20075e0  20075e0       4a     8         ./ra/fsp/src/bsp/mcu/all/bsp_group_irq.o:(.text.NMI_Handler)
 20075e0  20075e0        0     1                 $t
 20075e1  20075e1       4a     1                 NMI_Handler
 2007630  2007630       28     8         ./ra/fsp/src/bsp/mcu/all/bsp_irq.o:(.text.bsp_irq_cfg)
 2007630  2007630        0     1                 $t
 2007631  2007631       28     1                 bsp_irq_cfg
 2007658  2007658       4e     2         ./ra/fsp/src/bsp/mcu/all/bsp_register_protection.o:(.text.R_BSP_RegisterProtectEnable)
 2007658  2007658        0     1                 $t
 2007659  2007659       4e     1                 R_BSP_RegisterProtectEnable
 20076a6  20076a6       4c     2         ./ra/fsp/src/bsp/mcu/all/bsp_register_protection.o:(.text.R_BSP_RegisterProtectDisable)
 20076a6  20076a6        0     1                 $t
 20076a7  20076a7       4c     1                 R_BSP_RegisterProtectDisable
 20076f4  20076f4       3c     4         ./ra/fsp/src/bsp/mcu/all/bsp_sbrk.o:(.text.sbrk)
 20076f4  20076f4        0     1                 $t
 20076f5  20076f5       3c     1                 sbrk
 200772c  200772c        0     1                 $d
 2007730  2007730       c6     8         ./ra/fsp/src/bsp/mcu/all/bsp_sdram.o:(.text.R_BSP_SdramInit)
 2007730  2007730        0     1                 $t
 2007731  2007731       c6     1                 R_BSP_SdramInit
 20077f8  20077f8        a     8         ./ra/fsp/src/bsp/cmsis/Device/RENESAS/Source/startup.o:(.text.Reset_Handler)
 20077f8  20077f8        0     1                 $t
 20077f9  20077f9        a     1                 Reset_Handler
[...]
                                                  C:\\Renesas\\RA\\e2studio_v2026-04.2_fsp_v6.5.0\\toolchains\\llvm_arm\\ATfE-21.1.1-Windows-x86_64\\bin\\..\\lib\\clang-runtimes/arm-none-eabi/armv8.1m.main_hard_fpdp_nomve_exn_rtti_unaligned_size\\lib\libc.a(nano-malloc.c.o)
Reset_Handler                                     ./ra/fsp/src/bsp/cmsis/Device/RENESAS/Source/startup.o
SystemInit                                        ./ra/fsp/src/bsp/cmsis/Device/RENESAS/Source/system.o
                                                  ./ra/fsp/src/bsp/cmsis/Device/RENESAS/Source/startup.o
Default_Handler                                   ./ra/fsp/src/bsp/cmsis/Device/RENESAS/Source/startup.o
g_main_stack                                      ./ra/fsp/src/bsp/cmsis/Device/RENESAS/Source/startup.o
                                                  ./ra/fsp/src/bsp/cmsis/Device/RENESAS/Source/system.o
__Vectors                                         ./ra/fsp/src/bsp/cmsis/Device/RENESAS/Source/startup.o
                                                  ./ra/fsp/src/bsp/cmsis/Device/RENESAS/Source/system.o
HardFault_Handler                                 ./ra/fsp/src/bsp/cmsis/Device/RENESAS/Source/startup.o
MemManage_Handler                                 ./ra/fsp/src/bsp/cmsis/Device/RENESAS/Source/startup.o
BusFault_Handler                                  ./ra/fsp/src/bsp/cmsis/Device/RENESAS/Source/startup.o
UsageFault_Handler                                ./ra/fsp/src/bsp/cmsis/Device/RENESAS/Source/startup.o
SecureFault_Handler                               ./ra/fsp/src/bsp/cmsis/Device/RENESAS/Source/startup.o
SVC_Handler                                       ./ra/fsp/src/bsp/cmsis/Device/RENESAS/Source/startup.o
DebugMon_Handler                                  ./ra/fsp/src/bsp/cmsis/Device/RENESAS/Source/startup.o
PendSV_Handler                                    ./ra/fsp/src/bsp/cmsis/Device/RENESAS/Source/startup.o
SysTick_Handler                                   ./ra/fsp/src/bsp/cmsis/Device/RENESAS/Source/startup.o
_init_tls                                         C:\\Renesas\\RA\\e2studio_v2026-04.2_fsp_v6.5.0\\toolchains\\llvm_arm\\ATfE-21.1.1-Windows-x86_64\\bin\\..\\lib\\clang-runtimes/arm-none-eabi/armv8.1m.main_hard_fpdp_nomve_exn_rtti_unaligned_size\\lib\libc.a(libc_picolib_inittls.c.o)
                                                  ./ra/fsp/src/bsp/cmsis/Device/RENESAS/Source/system.o
__init_array_start                                fsp_gen.lld:749
                                                  ./ra/fsp/src/bsp/cmsis/Device/RENESAS/Source/system.o
__init_array_end                                  fsp_gen.lld:752
                                                  ./ra/fsp/src/bsp/cmsis/Device/RENESAS/Source/system.o
__aeabi_memcpy8                                   C:\\Renesas\\RA\\e2studio_v2026-04.2_fsp_v6.5.0\\toolchains\\llvm_arm\\ATfE-21.1.1-Windows-x86_64\\bin\\..\\lib\\clang-runtimes/arm-none-eabi/armv8.1m.main_hard_fpdp_nomve_exn_rtti_unaligned_size\\lib\libc.a(memcpy.c.o)
                                                  ./ra/arm/CMSIS-NN/Source/FullyConnectedFunctions/arm_vector_sum_s8_s64.o
                                                  ./ra/arm/CMSIS-DSP/Source/MatrixFunctions/arm_mat_ldlt_f64.o
                                                  ./ra/arm/CMSIS-DSP/Source/MatrixFunctions/arm_mat_qr_f64.o
bzero                                             C:\\Renesas\\RA\\e2studio_v2026-04.2_fsp_v6.5.0\\toolchains\\llvm_arm\\ATfE-21.1.1-Windows-x86_64\\bin\\..\\lib\\clang-runtimes/arm-none-eabi/armv8.1m.main_hard_fpdp_nomve_exn_rtti_unaligned_size\\lib\libc.a(bzero.c.o)
__retarget_lock_acquire_recursive                 C:\\Renesas\\RA\\e2studio_v2026-04.2_fsp_v6.5.0\\toolchains\\llvm_arm\\ATfE-21.1.1-Windows-x86_64\\bin\\..\\lib\\clang-runtimes/arm-none-eabi/armv8.1m.main_hard_fpdp_nomve_exn_rtti_unaligned_size\\lib\libc.a(libc_misc_lock.c.o)
                                                  C:\\Renesas\\RA\\e2studio_v2026-04.2_fsp_v6.5.0\\toolchains\\llvm_arm\\ATfE-21.1.1-Windows-x86_64\\bin\\..\\lib\\clang-runtimes/arm-none-eabi/armv8.1m.main_hard_fpdp_nomve_exn_rtti_unaligned_size\\lib\libc.a(nano-free.c.o)
                                                  C:\\Renesas\\RA\\e2studio_v2026-04.2_fsp_v6.5.0\\toolchains\\llvm_arm\\ATfE-21.1.1-Windows-x86_64\\bin\\..\\lib\\clang-runtimes/arm-none-eabi/armv8.1m.main_hard_fpdp_nomve_exn_rtti_unaligned_size\\lib\libc.a(nano-malloc.c.o)
__retarget_lock_release_recursive                 C:\\Renesas\\RA\\e2studio_v2026-04.2_fsp_v6.5.0\\toolchains\\llvm_arm\\ATfE-21.1.1-Windows-x86_64\\bin\\..\\lib\\clang-runtimes/arm-none-eabi/armv8.1m.main_hard_fpdp_nomve_exn_rtti_unaligned_size\\lib\libc.a(libc_misc_lock.c.o)
                                                  C:\\Renesas\\RA\\e2studio_v2026-04.2_fsp_v6.5.0\\toolchains\\llvm_arm\\ATfE-21.1.1-Windows-x86_64\\bin\\..\\lib\\clang-runtimes/arm-none-eabi/armv8.1m.main_hard_fpdp_nomve_exn_rtti_unaligned_size\\lib\libc.a(nano-free.c.o)
                                                  C:\\Renesas\\RA\\e2studio_v2026-04.2_fsp_v6.5.0\\toolchains\\llvm_arm\\ATfE-21.1.1-Windows-x86_64\\bin\\..\\lib\\clang-runtimes/arm-none-eabi/armv8.1m.main_hard_fpdp_nomve_exn_rtti_unaligned_size\\lib\libc.a(nano-malloc.c.o)
__lock___libc_recursive_mutex                     C:\\Renesas\\RA\\e2studio_v2026-04.2_fsp_v6.5.0\\toolchains\\llvm_arm\\ATfE-21.1.1-Windows-x86_64\\bin\\..\\lib\\clang-runtimes/arm-none-eabi/armv8.1m.main_hard_fpdp_nomve_exn_rtti_unaligned_size\\lib\libc.a(libc_misc_lock.c.o)
                                                  C:\\Renesas\\RA\\e2studio_v2026-04.2_fsp_v6.5.0\\toolchains\\llvm_arm\\ATfE-21.1.1-Windows-x86_64\\bin\\..\\lib\\clang-runtimes/arm-none-eabi/armv8.1m.main_hard_fpdp_nomve_exn_rtti_unaligned_size\\lib\libc.a(nano-free.c.o)
                                                  C:\\Renesas\\RA\\e2studio_v2026-04.2_fsp_v6.5.0\\toolchains\\llvm_arm\\ATfE-21.1.1-Windows-x86_64\\bin\\..\\lib\\clang-runtimes/arm-none-eabi/armv8.1m.main_hard_fpdp_nomve_exn_rtti_unaligned_size\\lib\libc.a(nano-malloc.c.o)
__malloc_free_list                                C:\\Renesas\\RA\\e2studio_v2026-04.2_fsp_v6.5.0\\toolchains\\llvm_arm\\ATfE-21.1.1-Windows-x86_64\\bin\\..\\lib\\clang-runtimes/arm-none-eabi/armv8.1m.main_hard_fpdp_nomve_exn_rtti_unaligned_size\\lib\libc.a(nano-malloc.c.o)
                                                  C:\\Renesas\\RA\\e2studio_v2026-04.2_fsp_v6.5.0\\toolchains\\llvm_arm\\ATfE-21.1.1-Windows-x86_64\\bin\\..\\lib\\clang-runtimes/arm-none-eabi/armv8.1m.main_hard_fpdp_nomve_exn_rtti_unaligned_size\\lib\libc.a(nano-free.c.o)
__malloc_free                                     C:\\Renesas\\RA\\e2studio_v2026-04.2_fsp_v6.5.0\\toolchains\\llvm_arm\\ATfE-21.1.1-Windows-x86_64\\bin\\..\\lib\\clang-runtimes/arm-none-eabi/armv8.1m.main_hard_fpdp_nomve_exn_rtti_unaligned_size\\lib\libc.a(nano-free.c.o)
                                                  C:\\Renesas\\RA\\e2studio_v2026-04.2_fsp_v6.5.0\\toolchains\\llvm_arm\\ATfE-21.1.1-Windows-x86_64\\bin\\..\\lib\\clang-runtimes/arm-none-eabi/armv8.1m.main_hard_fpdp_nomve_exn_rtti_unaligned_size\\lib\libc.a(nano-malloc.c.o)
cfree                                             C:\\Renesas\\RA\\e2studio_v2026-04.2_fsp_v6.5.0\\toolchains\\llvm_arm\\ATfE-21.1.1-Windows-x86_64\\bin\\..\\lib\\clang-runtimes/arm-none-eabi/armv8.1m.main_hard_fpdp_nomve_exn_rtti_unaligned_size\\lib\libc.a(nano-free.c.o)
__malloc_grow_chunk                               C:\\Renesas\\RA\\e2studio_v2026-04.2_fsp_v6.5.0\\toolchains\\llvm_arm\\ATfE-21.1.1-Windows-x86_64\\bin\\..\\lib\\clang-runtimes/arm-none-eabi/armv8.1m.main_hard_fpdp_nomve_exn_rtti_unaligned_size\\lib\libc.a(nano-malloc.c.o)
__malloc_malloc                                   C:\\Renesas\\RA\\e2studio_v2026-04.2_fsp_v6.5.0\\toolchains\\llvm_arm\\ATfE-21.1.1-Windows-x86_64\\bin\\..\\lib\\clang-runtimes/arm-none-eabi/armv8.1m.main_hard_fpdp_nomve_exn_rtti_unaligned_size\\lib\libc.a(nano-malloc.c.o)
__malloc_sbrk_top                                 C:\\Renesas\\RA\\e2studio_v2026-04.2_fsp_v6.5.0\\toolchains\\llvm_arm\\ATfE-21.1.1-Windows-x86_64\\bin\\..\\lib\\clang-runtimes/arm-none-eabi/armv8.1m.main_hard_fpdp_nomve_exn_rtti_unaligned_size\\lib\libc.a(nano-malloc.c.o)
__malloc_sbrk_start                               C:\\Renesas\\RA\\e2studio_v2026-04.2_fsp_v6.5.0\\toolchains\\llvm_arm\\ATfE-21.1.1-Windows-x86_64\\bin\\..\\lib\\clang-runtimes/arm-none-eabi/armv8.1m.main_hard_fpdp_nomve_exn_rtti_unaligned_size\\lib\libc.a(nano-malloc.c.o)
__tdata_source                                    fsp_gen.lld:1285
                                                  C:\\Renesas\\RA\\e2studio_v2026-04.2_fsp_v6.5.0\\toolchains\\llvm_arm\\ATfE-21.1.1-Windows-x86_64\\bin\\..\\lib\\clang-runtimes/arm-none-eabi/armv8.1m.main_hard_fpdp_nomve_exn_rtti_unaligned_size\\lib\libc.a(libc_picolib_inittls.c.o)
__tdata_size                                      fsp_gen.lld:1286
                                                  C:\\Renesas\\RA\\e2studio_v2026-04.2_fsp_v6.5.0\\toolchains\\llvm_arm\\ATfE-21.1.1-Windows-x86_64\\bin\\..\\lib\\clang-runtimes/arm-none-eabi/armv8.1m.main_hard_fpdp_nomve_exn_rtti_unaligned_size\\lib\libc.a(libc_picolib_inittls.c.o)
__tbss_offset                                     fsp_gen.lld:1287
                                                  C:\\Renesas\\RA\\e2studio_v2026-04.2_fsp_v6.5.0\\toolchains\\llvm_arm\\ATfE-21.1.1-Windows-x86_64\\bin\\..\\lib\\clang-runtimes/arm-none-eabi/armv8.1m.main_hard_fpdp_nomve_exn_rtti_unaligned_size\\lib\libc.a(libc_picolib_inittls.c.o)
__tbss_size                                       fsp_gen.lld:1288
                                                  C:\\Renesas\\RA\\e2studio_v2026-04.2_fsp_v6.5.0\\toolchains\\llvm_arm\\ATfE-21.1.1-Windows-x86_64\\bin\\..\\lib\\clang-runtimes/arm-none-eabi/armv8.1m.main_hard_fpdp_nomve_exn_rtti_unaligned_size\\lib\libc.a(libc_picolib_inittls.c.o)
__arm32_tls_tcb_offset                            fsp_gen.lld:1289
                                                  C:\\Renesas\\RA\\e2studio_v2026-04.2_fsp_v6.5.0\\toolchains\\llvm_arm\\ATfE-21.1.1-Windows-x86_64\\bin\\..\\lib\\clang-runtimes/arm-none-eabi/armv8.1m.main_hard_fpdp_nomve_exn_rtti_unaligned_size\\lib\libc.a(libc_picolib_machine_arm_set_tls.c.o)
__tls                                             C:\\Renesas\\RA\\e2studio_v2026-04.2_fsp_v6.5.0\\toolchains\\llvm_arm\\ATfE-21.1.1-Windows-x86_64\\bin\\..\\lib\\clang-runtimes/arm-none-eabi/armv8.1m.main_hard_fpdp_nomve_exn_rtti_unaligned_size\\lib\libc.a(libc_picolib_machine_arm_tls.c.o)
                                                  C:\\Renesas\\RA\\e2studio_v2026-04.2_fsp_v6.5.0\\toolchains\\llvm_arm\\ATfE-21.1.1-Windows-x86_64\\bin\\..\\lib\\clang-runtimes/arm-none-eabi/armv8.1m.main_hard_fpdp_nomve_exn_rtti_unaligned_size\\lib\libc.a(libc_picolib_machine_arm_set_tls.c.o)
                                                  C:\\Renesas\\RA\\e2studio_v2026-04.2_fsp_v6.5.0\\toolchains\\llvm_arm\\ATfE-21.1.1-Windows-x86_64\\bin\\..\\lib\\clang-runtimes/arm-none-eabi/armv8.1m.main_hard_fpdp_nomve_exn_rtti_unaligned_size\\lib\libc.a(libc_picolib_machine_arm_read_tp.S.o)
vfprintf                                          C:\\Renesas\\RA\\e2studio_v2026-04.2_fsp_v6.5.0\\toolchains\\llvm_arm\\ATfE-21.1.1-Windows-x86_64\\bin\\..\\lib\\clang-runtimes/arm-none-eabi/armv8.1m.main_hard_fpdp_nomve_exn_rtti_unaligned_size\\lib\libc.a(libc_tinystdio_vfprintf.c.o)
                                                  C:\\Renesas\\RA\\e2studio_v2026-04.2_fsp_v6.5.0\\toolchains\\llvm_arm\\ATfE-21.1.1-Windows-x86_64\\bin\\..\\lib\\clang-runtimes/arm-none-eabi/armv8.1m.main_hard_fpdp_nomve_exn_rtti_unaligned_size\\lib\libc.a(libc_tinystdio_snprintf.c.o)
__file_str_put                                    C:\\Renesas\\RA\\e2studio_v2026-04.2_fsp_v6.5.0\\toolchains\\llvm_arm\\ATfE-21.1.1-Windows-x86_64\\bin\\..\\lib\\clang-runtimes/arm-none-eabi/armv8.1m.main_hard_fpdp_nomve_exn_rtti_unaligned_size\\lib\libc.a(libc_tinystdio_filestrput.c.o)
                                                  C:\\Renesas\\RA\\e2studio_v2026-04.2_fsp_v6.5.0\\toolchains\\llvm_arm\\ATfE-21.1.1-Windows-x86_64\\bin\\..\\lib\\clang-runtimes/arm-none-eabi/armv8.1m.main_hard_fpdp_nomve_exn_rtti_unaligned_size\\lib\libc.a(libc_tinystdio_snprintf.c.o)
__dtox_engine                                     C:\\Renesas\\RA\\e2studio_v2026-04.2_fsp_v6.5.0\\toolchains\\llvm_arm\\ATfE-21.1.1-Windows-x86_64\\bin\\..\\lib\\clang-runtimes/arm-none-eabi/armv8.1m.main_hard_fpdp_nomve_exn_rtti_unaligned_size\\lib\libc.a(libc_tinystdio_dtox_engine.c.o)
                                                  C:\\Renesas\\RA\\e2studio_v2026-04.2_fsp_v6.5.0\\toolchains\\llvm_arm\\ATfE-21.1.1-Windows-x86_64\\bin\\..\\lib\\clang-runtimes/arm-none-eabi/armv8.1m.main_hard_fpdp_nomve_exn_rtti_unaligned_size\\lib\libc.a(libc_tinystdio_vfprintf.c.o)
__dtoa_engine                                     C:\\Renesas\\RA\\e2studio_v2026-04.2_fsp_v6.5.0\\toolchains\\llvm_arm\\ATfE-21.1.1-Windows-x86_64\\bin\\..\\lib\\clang-runtimes/arm-none-eabi/armv8.1m.main_hard_fpdp_nomve_exn_rtti_unaligned_size\\lib\libc.a(libc_tinystdio_dtoa_ryu.c.o)
                                                  C:\\Renesas\\RA\\e2studio_v2026-04.2_fsp_v6.5.0\\toolchains\\llvm_arm\\ATfE-21.1.1-Windows-x86_64\\bin\\..\\lib\\clang-runtimes/arm-none-eabi/armv8.1m.main_hard_fpdp_nomve_exn_rtti_unaligned_size\\lib\libc.a(libc_tinystdio_vfprintf.c.o)
strnlen                                           C:\\Renesas\\RA\\e2studio_v2026-04.2_fsp_v6.5.0\\toolchains\\llvm_arm\\ATfE-21.1.1-Windows-x86_64\\bin\\..\\lib\\clang-runtimes/arm-none-eabi/armv8.1m.main_hard_fpdp_nomve_exn_rtti_unaligned_size\\lib\libc.a(libc_string_strnlen.c.o)
                                                  C:\\Renesas\\RA\\e2studio_v2026-04.2_fsp_v6.5.0\\toolchains\\llvm_arm\\ATfE-21.1.1-Windows-x86_64\\bin\\..\\lib\\clang-runtimes/arm-none-eabi/armv8.1m.main_hard_fpdp_nomve_exn_rtti_unaligned_size\\lib\libc.a(libc_tinystdio_vfprintf.c.o)
__d_vfprintf                                      C:\\Renesas\\RA\\e2studio_v2026-04.2_fsp_v6.5.0\\toolchains\\llvm_arm\\ATfE-21.1.1-Windows-x86_64\\bin\\..\\lib\\clang-runtimes/arm-none-eabi/armv8.1m.main_hard_fpdp_nomve_exn_rtti_unaligned_size\\lib\libc.a(libc_tinystdio_vfprintf.c.o)
__log10Pow2                                       C:\\Renesas\\RA\\e2studio_v2026-04.2_fsp_v6.5.0\\toolchains\\llvm_arm\\ATfE-21.1.1-Windows-x86_64\\bin\\..\\lib\\clang-runtimes/arm-none-eabi/armv8.1m.main_hard_fpdp_nomve_exn_rtti_unaligned_size\\lib\libc.a(libc_tinystdio_ryu_log10.c.o)
                                                  C:\\Renesas\\RA\\e2studio_v2026-04.2_fsp_v6.5.0\\toolchains\\llvm_arm\\ATfE-21.1.1-Windows-x86_64\\bin\\..\\lib\\clang-runtimes/arm-none-eabi/armv8.1m.main_hard_fpdp_nomve_exn_rtti_unaligned_size\\lib\libc.a(libc_tinystdio_dtoa_ryu.c.o)
__pow5bits                                        C:\\Renesas\\RA\\e2studio_v2026-04.2_fsp_v6.5.0\\toolchains\\llvm_arm\\ATfE-21.1.1-Windows-x86_64\\bin\\..\\lib\\clang-runtimes/arm-none-eabi/armv8.1m.main_hard_fpdp_nomve_exn_rtti_unaligned_size\\lib\libc.a(libc_tinystdio_ryu_pow5bits.c.o)
                                                  C:\\Renesas\\RA\\e2studio_v2026-04.2_fsp_v6.5.0\\toolchains\\llvm_arm\\ATfE-21.1.1-Windows-x86_64\\bin\\..\\lib\\clang-runtimes/arm-none-eabi/armv8.1m.main_hard_fpdp_nomve_exn_rtti_unaligned_size\\lib\libc.a(libc_tinystdio_dtoa_ryu.c.o)
                                                  C:\\Renesas\\RA\\e2studio_v2026-04.2_fsp_v6.5.0\\toolchains\\llvm_arm\\ATfE-21.1.1-Windows-x86_64\\bin\\..\\lib\\clang-runtimes/arm-none-eabi/armv8.1m.main_hard_fpdp_nomve_exn_rtti_unaligned_size\\lib\libc.a(libc_tinystdio_ryu_table.c.o)
__double_computeInvPow5                           C:\\Renesas\\RA\\e2studio_v2026-04.2_fsp_v6.5.0\\toolchains\\llvm_arm\\ATfE-21.1.1-Windows-x86_64\\bin\\..\\lib\\clang-runtimes/arm-none-eabi/armv8.1m.main_hard_fpdp_nomve_exn_rtti_unaligned_size\\lib\libc.a(libc_tinystdio_ryu_table.c.o)
                                                  C:\\Renesas\\RA\\e2studio_v2026-04.2_fsp_v6.5.0\\toolchains\\llvm_arm\\ATfE-21.1.1-Windows-x86_64\\bin\\..\\lib\\clang-runtimes/arm-none-eabi/armv8.1m.main_hard_fpdp_nomve_exn_rtti_unaligned_size\\lib\libc.a(libc_tinystdio_dtoa_ryu.c.o)
__pow5Factor                                      C:\\Renesas\\RA\\e2studio_v2026-04.2_fsp_v6.5.0\\toolchains\\llvm_arm\\ATfE-21.1.1-Windows-x86_64\\bin\\..\\lib\\clang-runtimes/arm-none-eabi/armv8.1m.main_hard_fpdp_nomve_exn_rtti_unaligned_size\\lib\libc.a(libc_tinystdio_ryu_table.c.o)
                                                  C:\\Renesas\\RA\\e2studio_v2026-04.2_fsp_v6.5.0\\toolchains\\llvm_arm\\ATfE-21.1.1-Windows-x86_64\\bin\\..\\lib\\clang-runtimes/arm-none-eabi/armv8.1m.main_hard_fpdp_nomve_exn_rtti_unaligned_size\\lib\libc.a(libc_tinystdio_dtoa_ryu.c.o)
__log10Pow5                                       C:\\Renesas\\RA\\e2studio_v2026-04.2_fsp_v6.5.0\\toolchains\\llvm_arm\\ATfE-21.1.1-Windows-x86_64\\bin\\..\\lib\\clang-runtimes/arm-none-eabi/armv8.1m.main_hard_fpdp_nomve_exn_rtti_unaligned_size\\lib\libc.a(libc_tinystdio_ryu_log10.c.o)
                                                  C:\\Renesas\\RA\\e2studio_v2026-04.2_fsp_v6.5.0\\toolchains\\llvm_arm\\ATfE-21.1.1-Windows-x86_64\\bin\\..\\lib\\clang-runtimes/arm-none-eabi/armv8.1m.main_hard_fpdp_nomve_exn_rtti_unaligned_size\\lib\libc.a(libc_tinystdio_dtoa_ryu.c.o)
__double_computePow5                              C:\\Renesas\\RA\\e2studio_v2026-04.2_fsp_v6.5.0\\toolchains\\llvm_arm\\ATfE-21.1.1-Windows-x86_64\\bin\\..\\lib\\clang-runtimes/arm-none-eabi/armv8.1m.main_hard_fpdp_nomve_exn_rtti_unaligned_size\\lib\libc.a(libc_tinystdio_ryu_table.c.o)
                                                  C:\\Renesas\\RA\\e2studio_v2026-04.2_fsp_v6.5.0\\toolchains\\llvm_arm\\ATfE-21.1.1-Windows-x86_64\\bin\\..\\lib\\clang-runtimes/arm-none-eabi/armv8.1m.main_hard_fpdp_nomve_exn_rtti_unaligned_size\\lib\libc.a(libc_tinystdio_dtoa_ryu.c.o)
__umul128                                         C:\\Renesas\\RA\\e2studio_v2026-04.2_fsp_v6.5.0\\toolchains\\llvm_arm\\ATfE-21.1.1-Windows-x86_64\\bin\\..\\lib\\clang-runtimes/arm-none-eabi/armv8.1m.main_hard_fpdp_nomve_exn_rtti_unaligned_size\\lib\libc.a(libc_tinystdio_ryu_umul128.c.o)
                                                  C:\\Renesas\\RA\\e2studio_v2026-04.2_fsp_v6.5.0\\toolchains\\llvm_arm\\ATfE-21.1.1-Windows-x86_64\\bin\\..\\lib\\clang-runtimes/arm-none-eabi/armv8.1m.main_hard_fpdp_nomve_exn_rtti_unaligned_size\\lib\libc.a(libc_tinystdio_dtoa_ryu.c.o)
                                                  C:\\Renesas\\RA\\e2studio_v2026-04.2_fsp_v6.5.0\\toolchains\\llvm_arm\\ATfE-21.1.1-Windows-x86_64\\bin\\..\\lib\\clang-runtimes/arm-none-eabi/armv8.1m.main_hard_fpdp_nomve_exn_rtti_unaligned_size\\lib\libc.a(libc_tinystdio_ryu_table.c.o)
__shiftright128                                   C:\\Renesas\\RA\\e2studio_v2026-04.2_fsp_v6.5.0\\toolchains\\llvm_arm\\ATfE-21.1.1-Windows-x86_64\\bin\\..\\lib\\clang-runtimes/arm-none-eabi/armv8.1m.main_hard_fpdp_nomve_exn_rtti_unaligned_size\\lib\libc.a(libc_tinystdio_ryu_umul128.c.o)
                                                  C:\\Renesas\\RA\\e2studio_v2026-04.2_fsp_v6.5.0\\toolchains\\llvm_arm\\ATfE-21.1.1-Windows-x86_64\\bin\\..\\lib\\clang-runtimes/arm-none-eabi/armv8.1m.main_hard_fpdp_nomve_exn_rtti_unaligned_size\\lib\libc.a(libc_tinystdio_dtoa_ryu.c.o)
                                                  C:\\Renesas\\RA\\e2studio_v2026-04.2_fsp_v6.5.0\\toolchains\\llvm_arm\\ATfE-21.1.1-Windows-x86_64\\bin\\..\\lib\\clang-runtimes/arm-none-eabi/armv8.1m.main_hard_fpdp_nomve_exn_rtti_unaligned_size\\lib\libc.a(libc_tinystdio_ryu_table.c.o)
