     VMA      LMA     Size Align Out     In      Symbol
       0        0        0     1 RAM_START = 0x22000000
       0        0        0     1 RAM_LENGTH = 0x001d4000
       0        0        0     1 FLASH_START = 0x02000000
       0        0        0     1 FLASH_LENGTH = 0x00100000
       0        0        0     1 DATA_FLASH_START = 0x27000000
       0        0        0     1 DATA_FLASH_LENGTH = 0x00000000
       0        0        0     1 SDRAM_START = 0x68000000
       0        0        0     1 SDRAM_LENGTH = 0x08000000
       0        0        0     1 OSPI0_CS0_START = 0x80000000
       0        0        0     1 OSPI0_CS0_LENGTH = 0x10000000
       0        0        0     1 OSPI0_CS1_START = 0x90000000
       0        0        0     1 OSPI0_CS1_LENGTH = 0x10000000
       0        0        0     1 OSPI1_CS0_START = 0x70000000
       0        0        0     1 OSPI1_CS0_LENGTH = 0x08000000
       0        0        0     1 OSPI1_CS1_START = 0x78000000
       0        0        0     1 OSPI1_CS1_LENGTH = 0x08000000
       0        0        0     1 OPTION_SETTING_OFS0_START = 0x02c9f040
       0        0        0     1 OPTION_SETTING_OFS0_LENGTH = 0x00000004
       0        0        0     1 OPTION_SETTING_OFS2_START = 0x02c9f044
       0        0        0     1 OPTION_SETTING_OFS2_LENGTH = 0x00000004
       0        0        0     1 OPTION_SETTING_SAS_START = 0x02c9f074
       0        0        0     1 OPTION_SETTING_SAS_LENGTH = 0x00000004
       0        0        0     1 OPTION_SETTING_OFS1_START = 0x12c9f4c0
       0        0        0     1 OPTION_SETTING_OFS1_LENGTH = 0x00000004
       0        0        0     1 OPTION_SETTING_OFS1_SEC_START = 0x02c9f0c0
       0        0        0     1 OPTION_SETTING_OFS1_SEC_LENGTH = 0x00000004
       0        0        0     1 OPTION_SETTING_OFS1_SEL_START = 0x02c9f120
       0        0        0     1 OPTION_SETTING_OFS1_SEL_LENGTH = 0x00000004
       0        0        0     1 OPTION_SETTING_OFS3_START = 0x12c9f4c4
       0        0        0     1 OPTION_SETTING_OFS3_LENGTH = 0x00000004
       0        0        0     1 OPTION_SETTING_OFS3_SEC_START = 0x02c9f0c4
       0        0        0     1 OPTION_SETTING_OFS3_SEC_LENGTH = 0x00000004
       0        0        0     1 OPTION_SETTING_OFS3_SEL_START = 0x02c9f124
       0        0        0     1 OPTION_SETTING_OFS3_SEL_LENGTH = 0x00000004
       0        0        0     1 OPTION_SETTING_BPS_START = 0x12c9f600
       0        0        0     1 OPTION_SETTING_BPS_LENGTH = 0x00000080
       0        0        0     1 OPTION_SETTING_BPS_SEC_START = 0x02c9f200
       0        0        0     1 OPTION_SETTING_BPS_SEC_LENGTH = 0x00000080
       0        0        0     1 OPTION_SETTING_OTP_FSBLCTRL0_START = 0x02e07600
       0        0        0     1 OPTION_SETTING_OTP_FSBLCTRL0_LENGTH = 0x00000004
       0        0        0     1 OPTION_SETTING_OTP_FSBLCTRL1_START = 0x02e07604
       0        0        0     1 OPTION_SETTING_OTP_FSBLCTRL1_LENGTH = 0x00000004
       0        0        0     1 OPTION_SETTING_OTP_FSBLCTRL2_START = 0x02e07608
       0        0        0     1 OPTION_SETTING_OTP_FSBLCTRL2_LENGTH = 0x00000004
       0        0        0     1 OPTION_SETTING_OTP_SAMR_START = 0x02e07614
       0        0        0     1 OPTION_SETTING_OTP_SAMR_LENGTH = 0x00000004
       0        0        0     1 OPTION_SETTING_OTP_SACC00_START = 0x02e07620
       0        0        0     1 OPTION_SETTING_OTP_SACC00_LENGTH = 0x00000004
       0        0        0     1 OPTION_SETTING_OTP_SACC10_START = 0x02e07630
       0        0        0     1 OPTION_SETTING_OTP_SACC10_LENGTH = 0x00000004
       0        0        0     1 OPTION_SETTING_OTP_SACC01_START = 0x02e07640
       0        0        0     1 OPTION_SETTING_OTP_SACC01_LENGTH = 0x00000004
       0        0        0     1 OPTION_SETTING_OTP_SACC11_START = 0x02e07650
       0        0        0     1 OPTION_SETTING_OTP_SACC11_LENGTH = 0x00000004
       0        0        0     1 OPTION_SETTING_OTP_SACC02_START = 0x02e07660
       0        0        0     1 OPTION_SETTING_OTP_SACC02_LENGTH = 0x00000004
       0        0        0     1 OPTION_SETTING_OTP_SACC12_START = 0x02e07670
       0        0        0     1 OPTION_SETTING_OTP_SACC12_LENGTH = 0x00000004
       0        0        0     1 OPTION_SETTING_OTP_SACC03_START = 0x02e07680
       0        0        0     1 OPTION_SETTING_OTP_SACC03_LENGTH = 0x00000004
       0        0        0     1 OPTION_SETTING_OTP_SACC13_START = 0x02e07690
       0        0        0     1 OPTION_SETTING_OTP_SACC13_LENGTH = 0x00000004
       0        0        0     1 OPTION_SETTING_OTP_PBPS_SEC_START = 0x02e17700
       0        0        0     1 OPTION_SETTING_OTP_PBPS_SEC_LENGTH = 0x00000080
       0        0        0     1 OPTION_SETTING_OTP_PBPS_START = 0x12e17780
       0        0        0     1 OPTION_SETTING_OTP_PBPS_LENGTH = 0x00000080
       0        0        0     1 OPTION_SETTING_OTP_ZHUK_START = 0x02e17920
       0        0        0     1 OPTION_SETTING_OTP_ZHUK_LENGTH = 0x00000004
       0        0        0     1 ITCM_START = 0x00000000
       0        0        0     1 ITCM_LENGTH = 0x00020000
       0        0        0     1 DTCM_START = 0x20000000
       0        0        0     1 DTCM_LENGTH = 0x00020000
90000000 90000000        0     1 .ospi0_cs1.startof
90000000 90000000        0     1         __ddsc_OSPI0_CS1_START = .
68000000 68000000        0     1 .sdram.startof
68000000 68000000        0     1         __ddsc_SDRAM_START = .
68000000 68000000        0     1 __sdram_from_ospi0_cs1$$
68000000 68000000        0     1         __sdram_from_ospi0_cs1$$Base = .
68000000 68000000        0     1         __sdram_from_ospi0_cs1$$Load = LOADADDR(__sdram_from_ospi0_cs1$$)
68000000 68000000        0     1         __sdram_from_ospi0_cs1$$Limit = .
80000000 80000000        0     1 .ospi0_cs0.startof
80000000 80000000        0     1         __ddsc_OSPI0_CS0_START = .
80000000 80000000        0     1 __ospi0_cs0_from_ospi0_cs1$$
80000000 80000000        0     1         __ospi0_cs0_from_ospi0_cs1$$Base = .
80000000 80000000        0     1         __ospi0_cs0_from_ospi0_cs1$$Load = LOADADDR(__ospi0_cs0_from_ospi0_cs1$$)
80000000 80000000        0     1         __ospi0_cs0_from_ospi0_cs1$$Limit = .
70000000 70000000        0     1 .ospi1_cs0.startof
70000000 70000000        0     1         __ddsc_OSPI1_CS0_START = .
70000000 70000000        0     1 __ospi1_cs0_from_ospi0_cs1$$
70000000 70000000        0     1         __ospi1_cs0_from_ospi0_cs1$$Base = .
70000000 70000000        0     1         __ospi1_cs0_from_ospi0_cs1$$Load = LOADADDR(__ospi1_cs0_from_ospi0_cs1$$)
70000000 70000000        0     1         __ospi1_cs0_from_ospi0_cs1$$Limit = .
       0        0        0     1 .itcm.startof
       0        0        0     1         __ddsc_ITCM_START = .
       0        0        0     1 __itcm_from_ospi0_cs1$$
       0        0        0     1         __itcm_from_ospi0_cs1$$Base = .
       0        0        0     1         __itcm_from_ospi0_cs1$$Load = LOADADDR(__itcm_from_ospi0_cs1$$)
       0        0        0     1         __itcm_from_ospi0_cs1$$Limit = .
20000000 20000000        0     1 .dtcm.startof
20000000 20000000        0     1         __ddsc_DTCM_START = .
20000000 20000000        0     1 __dtcm_from_ospi0_cs1$$
20000000 20000000        0     1         __dtcm_from_ospi0_cs1$$Base = .
20000000 20000000        0     1         __dtcm_from_ospi0_cs1$$Load = LOADADDR(__dtcm_from_ospi0_cs1$$)
20000000 20000000        0     1         __dtcm_from_ospi0_cs1$$Limit = .
22000000 22000000        0     1 .ram.startof
22000000 22000000        0     1         __ddsc_RAM_START = .
22000000 22000000       40  1024 __ram_dtc_vector$$
22000000 22000000        0     1         __ram_dtc_vector$$Base = .
22000000 22000000       40  1024         ./ra/fsp/src/r_dtc/r_dtc.o:(.fsp_dtc_vector_table)
22000000 22000000       40     1                 gp_dtc_vector_table
22000040 22000040        0     1         __ram_dtc_vector$$Limit = .
22000040 22000040        0     1 __ram_from_ospi0_cs1$$
22000040 22000040        0     1         __ram_from_ospi0_cs1$$Base = .
22000040 22000040        0     1         __ram_from_ospi0_cs1$$Load = LOADADDR(__ram_from_ospi0_cs1$$)
22000040 22000040        0     1         __ram_from_ospi0_cs1$$Limit = .
90000000 90000000        0     1 __ospi0_cs1_readonly$$
90000000 90000000        0     1         __ospi0_cs1_readonly$$Base = .
90000000 90000000        0     1         __ospi0_cs1_readonly$$Limit = .
90000000 90000000        0     1 __ospi0_cs1_noinit$$
90000000 90000000        0     1         __ospi0_cs1_noinit$$Base = .
90000000 90000000        0     1         __ospi0_cs1_noinit$$Limit = .
90000000 90000000        0     1 .ospi0_cs1.endof
90000000 90000000        0     1         __ddsc_OSPI0_CS1_END = .
78000000 78000000        0     1 .ospi1_cs1.startof
78000000 78000000        0     1         __ddsc_OSPI1_CS1_START = .
68000000 68000000        0     1 __sdram_from_ospi1_cs1$$
68000000 68000000        0     1         __sdram_from_ospi1_cs1$$Base = .
68000000 68000000        0     1         __sdram_from_ospi1_cs1$$Load = LOADADDR(__sdram_from_ospi1_cs1$$)
68000000 68000000        0     1         __sdram_from_ospi1_cs1$$Limit = .
80000000 80000000        0     1 __ospi0_cs0_from_ospi1_cs1$$
80000000 80000000        0     1         __ospi0_cs0_from_ospi1_cs1$$Base = .
80000000 80000000        0     1         __ospi0_cs0_from_ospi1_cs1$$Load = LOADADDR(__ospi0_cs0_from_ospi1_cs1$$)
80000000 80000000        0     1         __ospi0_cs0_from_ospi1_cs1$$Limit = .
70000000 70000000        0     1 __ospi1_cs0_from_ospi1_cs1$$
70000000 70000000        0     1         __ospi1_cs0_from_ospi1_cs1$$Base = .
70000000 70000000        0     1         __ospi1_cs0_from_ospi1_cs1$$Load = LOADADDR(__ospi1_cs0_from_ospi1_cs1$$)
70000000 70000000        0     1         __ospi1_cs0_from_ospi1_cs1$$Limit = .
       0        0        0     1 __itcm_from_ospi1_cs1$$
       0        0        0     1         __itcm_from_ospi1_cs1$$Base = .
       0        0        0     1         __itcm_from_ospi1_cs1$$Load = LOADADDR(__itcm_from_ospi1_cs1$$)
       0        0        0     1         __itcm_from_ospi1_cs1$$Limit = .
20000000 20000000        0     1 __dtcm_from_ospi1_cs1$$
20000000 20000000        0     1         __dtcm_from_ospi1_cs1$$Base = .
20000000 20000000        0     1         __dtcm_from_ospi1_cs1$$Load = LOADADDR(__dtcm_from_ospi1_cs1$$)
20000000 20000000        0     1         __dtcm_from_ospi1_cs1$$Limit = .
22000040 22000040        0     1 __ram_from_ospi1_cs1$$
22000040 22000040        0     1         __ram_from_ospi1_cs1$$Base = .
22000040 22000040        0     1         __ram_from_ospi1_cs1$$Load = LOADADDR(__ram_from_ospi1_cs1$$)
22000040 22000040        0     1         __ram_from_ospi1_cs1$$Limit = .
78000000 78000000        0     1 __ospi1_cs1_readonly$$
78000000 78000000        0     1         __ospi1_cs1_readonly$$Base = .
78000000 78000000        0     1         __ospi1_cs1_readonly$$Limit = .
78000000 78000000        0     1 __ospi1_cs1_noinit$$
78000000 78000000        0     1         __ospi1_cs1_noinit$$Base = .
78000000 78000000        0     1         __ospi1_cs1_noinit$$Limit = .
78000000 78000000        0     1 .ospi1_cs1.endof
78000000 78000000        0     1         __ddsc_OSPI1_CS1_END = .
27000000 27000000        0     1 .data_flash.startof
27000000 27000000        0     1         __ddsc_DATA_FLASH_START = .
68000000 68000000        0     1 __sdram_from_data_flash$$
68000000 68000000        0     1         __sdram_from_data_flash$$Base = .
68000000 68000000        0     1         __sdram_from_data_flash$$Load = LOADADDR(__sdram_from_data_flash$$)
68000000 68000000        0     1         __sdram_from_data_flash$$Limit = .
80000000 80000000        0     1 __ospi0_cs0_from_data_flash$$
80000000 80000000        0     1         __ospi0_cs0_from_data_flash$$Base = .
80000000 80000000        0     1         __ospi0_cs0_from_data_flash$$Load = LOADADDR(__ospi0_cs0_from_data_flash$$)
80000000 80000000        0     1         __ospi0_cs0_from_data_flash$$Limit = .
70000000 70000000        0     1 __ospi1_cs0_from_data_flash$$
70000000 70000000        0     1         __ospi1_cs0_from_data_flash$$Base = .
70000000 70000000        0     1         __ospi1_cs0_from_data_flash$$Load = LOADADDR(__ospi1_cs0_from_data_flash$$)
70000000 70000000        0     1         __ospi1_cs0_from_data_flash$$Limit = .
       0        0        0     1 __itcm_from_data_flash$$
       0        0        0     1         __itcm_from_data_flash$$Base = .
       0        0        0     1         __itcm_from_data_flash$$Load = LOADADDR(__itcm_from_data_flash$$)
       0        0        0     1         __itcm_from_data_flash$$Limit = .
20000000 20000000        0     1 __dtcm_from_data_flash$$
20000000 20000000        0     1         __dtcm_from_data_flash$$Base = .
20000000 20000000        0     1         __dtcm_from_data_flash$$Load = LOADADDR(__dtcm_from_data_flash$$)
20000000 20000000        0     1         __dtcm_from_data_flash$$Limit = .
22000040 22000040        0     1 __ram_from_data_flash$$
22000040 22000040        0     1         __ram_from_data_flash$$Base = .
22000040 22000040        0     1         __ram_from_data_flash$$Load = LOADADDR(__ram_from_data_flash$$)
22000040 22000040        0     1         __ram_from_data_flash$$Limit = .
27000000 27000000        0     1 __data_flash_readonly$$
27000000 27000000        0     1         __data_flash_readonly$$Base = .
27000000 27000000        0     1         __data_flash_readonly$$Limit = .
27000000 27000000        0     1 __data_flash_noinit$$
27000000 27000000        0     1         __data_flash_noinit$$Base = .
27000000 27000000        0     1         __data_flash_noinit$$Limit = .
27000000 27000000        0     1 .data_flash.endof
27000000 27000000        0     1         __ddsc_DATA_FLASH_END = .
 2000000  2000000        0     1 .flash.startof
 2000000  2000000        0     1         __ddsc_FLASH_START = .
 2000000  2000000       80     4 __flash_vectors$$
 2000000  2000000        0     1         __flash_vectors$$Base = .
 2000000  2000000        0     1         _VECTORS = .
 2000000  2000000       40     4         ./ra/fsp/src/bsp/cmsis/Device/RENESAS/Source/startup.o:(.fixed_vectors)
 2000000  2000000       40     1                 __Vectors
 2000040  2000040       40     4         ./ra_gen/vector_data.o:(.application_vectors)
 2000040  2000040       40     1                 g_vector_table
 2000080  2000080        0     1         __flash_vectors$$Limit = .
 2000080  2000080        0     1 __flash_noinit$$
 2000080  2000080        0     1         __flash_noinit$$Base = .
 2000080  2000080        0     1         __flash_noinit$$Limit = .
68000000 68000000        0     1 __sdram_from_flash$$
68000000 68000000        0     1         __sdram_from_flash$$Base = .
68000000 68000000        0     1         __sdram_from_flash$$Load = LOADADDR(__sdram_from_flash$$)
68000000 68000000        0     1         __sdram_from_flash$$Limit = .
68000000 68000000        0     1 __sdram_noinit_nocache$$
68000000 68000000        0     1         __sdram_noinit_nocache$$Base = .
68000000 68000000        0     1         __sdram_noinit_nocache$$Limit = .
68000000 68000000        0     1 __sdram_zero_nocache$$
68000000 68000000        0     1         __sdram_zero_nocache$$Base = .
68000000 68000000        0     1         . = ALIGN(32)
68000000 68000000        0     1         __sdram_zero_nocache$$Limit = .
68000000 68000000   5dc000   128 __sdram_noinit$$
68000000 68000000        0     1         __sdram_noinit$$Base = .
68000000 68000000   5dc000   128         ./ra_gen/common_data.o:(.sdram_noinit)
68000000 68000000   258000     1                 fb_background
68258000 68258000   12c000     1                 vin_image_buffer_1
68384000 68384000   12c000     1                 vin_image_buffer_2
684b0000 684b0000   12c000     1                 vin_image_buffer_3
685dc000 685dc000        0     1         __sdram_noinit$$Limit = .
685dc000 685dc000        0     1 __sdram_zero$$
685dc000 685dc000        0     1         __sdram_zero$$Base = .
685dc000 685dc000        0     1         __sdram_zero$$Limit = .
685dc000 685dc000        0     1 .sdram.endof
685dc000 685dc000        0     1         __ddsc_SDRAM_END = .
80000000 80000000        0     1 __ospi0_cs0_from_flash$$
80000000 80000000        0     1         __ospi0_cs0_from_flash$$Base = .
80000000 80000000        0     1         __ospi0_cs0_from_flash$$Load = LOADADDR(__ospi0_cs0_from_flash$$)
80000000 80000000        0     1         __ospi0_cs0_from_flash$$Limit = .
80000000 80000000        0     1 __ospi0_cs0_noinit_nocache$$
80000000 80000000        0     1         __ospi0_cs0_noinit_nocache$$Base = .
80000000 80000000        0     1         __ospi0_cs0_noinit_nocache$$Limit = .
80000000 80000000        0     1 __ospi0_cs0_zero_nocache$$
80000000 80000000        0     1         __ospi0_cs0_zero_nocache$$Base = .
80000000 80000000        0     1         . = ALIGN(32)
80000000 80000000        0     1         __ospi0_cs0_zero_nocache$$Limit = .
80000000 80000000        0     1 __ospi0_cs0_noinit$$
80000000 80000000        0     1         __ospi0_cs0_noinit$$Base = .
80000000 80000000        0     1         __ospi0_cs0_noinit$$Limit = .
80000000 80000000        0     1 __ospi0_cs0_zero$$
80000000 80000000        0     1         __ospi0_cs0_zero$$Base = .
80000000 80000000        0     1         __ospi0_cs0_zero$$Limit = .
80000000 80000000        0     1 .ospi0_cs0.endof
80000000 80000000        0     1         __ddsc_OSPI0_CS0_END = .
70000000 70000000        0     1 __ospi1_cs0_from_flash$$
70000000 70000000        0     1         __ospi1_cs0_from_flash$$Base = .
70000000 70000000        0     1         __ospi1_cs0_from_flash$$Load = LOADADDR(__ospi1_cs0_from_flash$$)
70000000 70000000        0     1         __ospi1_cs0_from_flash$$Limit = .
70000000 70000000        0     1 __ospi1_cs0_noinit_nocache$$
70000000 70000000        0     1         __ospi1_cs0_noinit_nocache$$Base = .
70000000 70000000        0     1         __ospi1_cs0_noinit_nocache$$Limit = .
70000000 70000000        0     1 __ospi1_cs0_zero_nocache$$
70000000 70000000        0     1         __ospi1_cs0_zero_nocache$$Base = .
70000000 70000000        0     1         . = ALIGN(32)
70000000 70000000        0     1         __ospi1_cs0_zero_nocache$$Limit = .
70000000 70000000        0     1 __ospi1_cs0_noinit$$
70000000 70000000        0     1         __ospi1_cs0_noinit$$Base = .
70000000 70000000        0     1         __ospi1_cs0_noinit$$Limit = .
70000000 70000000        0     1 __ospi1_cs0_zero$$
70000000 70000000        0     1         __ospi1_cs0_zero$$Base = .
70000000 70000000        0     1         __ospi1_cs0_zero$$Limit = .
70000000 70000000        0     1 .ospi1_cs0.endof
70000000 70000000        0     1         __ddsc_OSPI1_CS0_END = .
       0        0        0     1 __itcm_from_flash$$
       0        0        0     1         __itcm_from_flash$$Base = .
       0        0        0     1         __itcm_from_flash$$Load = LOADADDR(__itcm_from_flash$$)
       0        0        0     1         __itcm_from_flash$$Limit = .
       0        0        0     1 __itcm_noinit$$
       0        0        0     1         __itcm_noinit$$Base = .
       0        0        0     1         __itcm_noinit$$Limit = .
       0        0        0     1 __itcm_zero$$
       0        0        0     1         __itcm_zero$$Base = .
       0        0        0     1         __itcm_zero$$Limit = .
       0        0        0     1 .itcm.endof
       0        0        0     1         __ddsc_ITCM_END = .
20000000 20000000        0     1 __dtcm_from_flash$$
20000000 20000000        0     1         __dtcm_from_flash$$Base = .
20000000 20000000        0     1         __dtcm_from_flash$$Load = LOADADDR(__dtcm_from_flash$$)
20000000 20000000        0     1         __dtcm_from_flash$$Limit = .
20000000 20000000        0     1 __dtcm_noinit$$
20000000 20000000        0     1         __dtcm_noinit$$Base = .
20000000 20000000        0     1         __dtcm_noinit$$Limit = .
20000000 20000000        0     1 __dtcm_zero$$
20000000 20000000        0     1         __dtcm_zero$$Base = .
20000000 20000000        0     1         __dtcm_zero$$Limit = .
20000000 20000000        0     1 .dtcm.endof
20000000 20000000        0     1         __ddsc_DTCM_END = .
22000040  2000080      322    16 __ram_from_flash$$
22000040  2000080        0     1         __ram_from_flash$$Base = .
22000040  2000080        0     1         __ram_from_flash$$Load = LOADADDR(__ram_from_flash$$)
22000040  2000080        c     2         ./src/camera_sensor.o:(.data.live_camera)
22000040  2000080        c     1                 live_camera
2200004c  200008c      2b4     2         ./src/camera_sensor.o:(.data.ov5640_mipi)
2200004c  200008c      2b4     1                 ov5640_mipi
22000300  2000340        4     4         ./ra_gen/common_data.o:(.data.g_rm_ethosu0_ext_cfg)
22000300  2000340        4     1                 g_rm_ethosu0_ext_cfg
22000304  2000344       18     4         ./ra_gen/common_data.o:(.data.g_rm_ethosu0_ctrl)
22000304  2000344       18     1                 g_rm_ethosu0_ctrl
2200031c  200035c       20     4         ./ra_gen/common_data.o:(.data.g_display_runtime_cfg_bg)
2200031c  200035c       20     1                 g_display_runtime_cfg_bg
22000340  2000380       10    16         ./ra_gen/hal_data.o:(.data.g_transfer1_info)
22000340  2000380       10     1                 g_transfer1_info
22000350  2000390       10    16         ./ra_gen/hal_data.o:(.data.g_transfer0_info)
22000350  2000390       10     1                 g_transfer0_info
22000360  20003a0        2     1         ./ra/fsp/src/r_glcdc/r_glcdc.o:(.data.g_clut_data_latched)
22000360  20003a0        2     1                 g_clut_data_latched
22000362  20003a2        0     1         __ram_from_flash$$Limit = .
22000380 22000380        0     1 __ram_noinit_nocache$$
22000380 22000380        0     1         __ram_noinit_nocache$$Base = .
22000380 22000380        0     1         __ram_noinit_nocache$$Limit = .
22000380 22000380        0     1 __ram_zero_nocache$$
22000380 22000380        0     1         __ram_zero_nocache$$Base = .
22000380 22000380        0     1         . = ALIGN(32)
22000380 22000380        0     1         __ram_zero_nocache$$Limit = .
22000380 22000380     c02c     8 __ram_noinit$$
22000380 22000380        0     1         __ram_noinit$$Base = .
22000380 22000380     4000     8         ./ra/fsp/src/bsp/cmsis/Device/RENESAS/Source/startup.o:(.bss.g_heap)
22000380 22000380     4000     1                 g_heap
22004380 22004380     8000     8         ./ra/fsp/src/bsp/cmsis/Device/RENESAS/Source/startup.o:(.bss.g_main_stack)
22004380 22004380     8000     1                 g_main_stack
2200c380 2200c380       2c     4         ./ra/fsp/src/bsp/mcu/all/bsp_clocks.o:(.ram_noinit)
2200c380 2200c380       2c     1                 g_clock_freq
2200c3ac 2200c3ac        0     1         __ram_noinit$$Limit = .
2200c3b0 2200c3b0   100b3c    16 __ram_zero$$
2200c3b0 2200c3b0        0     1         __ram_zero$$Base = .
2200c3b0 2200c3b0   100000    16         ./src/model/sub_0000_invoke.o:(.bss.sub_0000_arena)
2200c3b0 2200c3b0   100000     1                 sub_0000_arena
2210c3b0 2210c3b0       a8     4         ./src/SEGGER_RTT/SEGGER_RTT.o:(.bss._SEGGER_RTT)
2210c3b0 2210c3b0       a8     1                 _SEGGER_RTT
2210c458 2210c458      800     1         ./src/SEGGER_RTT/SEGGER_RTT.o:(.bss._acUpBuffer)
2210c458 2210c458      800     1                 _acUpBuffer
2210cc58 2210cc58       10     1         ./src/SEGGER_RTT/SEGGER_RTT.o:(.bss._acDownBuffer)
2210cc58 2210cc58       10     1                 _acDownBuffer
2210cc68 2210cc68        4     4         ./src/camera_sensor.o:(.bss.g_plck_hz)
2210cc68 2210cc68        4     1                 g_plck_hz
2210cc6c 2210cc6c        1     1         ./src/glcdc_display.o:(.bss.g_vsync_flag)
2210cc6c 2210cc6c        1     1                 g_vsync_flag
2210cc70 2210cc70        4     4         ./src/glcdc_display.o:(.bss.g_buffer_size)
2210cc70 2210cc70        4     1                 g_buffer_size
2210cc74 2210cc74        1     1         ./src/i2c_control.o:(.bss.g_i2c_event_for_peripheral)
2210cc74 2210cc74        1     1                 g_i2c_event_for_peripheral
2210cc76 2210cc76        2     2         ./src/mipi_csi.o:(.bss.g_image_width)
2210cc76 2210cc76        2     1                 g_image_width
2210cc78 2210cc78        2     2         ./src/mipi_csi.o:(.bss.g_image_height)
2210cc78 2210cc78        2     1                 g_image_height
2210cc7c 2210cc7c       18     4         ./src/mipi_csi.o:(.bss.g_vin_cfg_run_time)
2210cc7c 2210cc7c       18     1                 g_vin_cfg_run_time
2210cc94 2210cc94        4     4         ./src/mipi_csi.o:(.bss.gp_next_buffer)
2210cc94 2210cc94        4     1                 gp_next_buffer
2210cc98 2210cc98       84     4         ./src/mipi_csi.o:(.bss.g_vin_cfg_run_time_extend)
2210cc98 2210cc98       84     1                 g_vin_cfg_run_time_extend
2210cd20 2210cd20       48     8         ./ra_gen/common_data.o:(.bss.g_ethosu0)
2210cd20 2210cd20       48     1                 g_ethosu0
2210cd68 2210cd68       10     4         ./ra_gen/common_data.o:(.bss.g_display_ctrl)
2210cd68 2210cd68       10     1                 g_display_ctrl
2210cd78 2210cd78        8     4         ./ra_gen/common_data.o:(.bss.g_mipi_phy0_ctrl)
2210cd78 2210cd78        8     1                 g_mipi_phy0_ctrl
2210cd80 2210cd80       14     4         ./ra_gen/common_data.o:(.bss.g_mipi_csi0_ctrl)
2210cd80 2210cd80       14     1                 g_mipi_csi0_ctrl
2210cd94 2210cd94       14     4         ./ra_gen/common_data.o:(.bss.g_vin_ctrl)
2210cd94 2210cd94       14     1                 g_vin_ctrl
2210cda8 2210cda8        8     4         ./ra_gen/common_data.o:(.bss.g_ioport_ctrl)
2210cda8 2210cda8        8     1                 g_ioport_ctrl
2210cdb0 2210cdb0        8     4         ./ra_gen/hal_data.o:(.bss.g_transfer1_ctrl)
2210cdb0 2210cdb0        8     1                 g_transfer1_ctrl
2210cdb8 2210cdb8        8     4         ./ra_gen/hal_data.o:(.bss.g_transfer0_ctrl)
2210cdb8 2210cdb8        8     1                 g_transfer0_ctrl
2210cdc0 2210cdc0       40     4         ./ra_gen/hal_data.o:(.bss.g_i2c_master_for_peripheral_ctrl)
2210cdc0 2210cdc0       40     1                 g_i2c_master_for_peripheral_ctrl
2210ce00 2210ce00        1     1         ./ra/npu/ethos-u-core-driver/src/ethosu_driver.o:(.bss.ethosu_mutex_create.mutex_placeholder)
2210ce00 2210ce00        1     1                 ethosu_mutex_create.mutex_placeholder
2210ce04 2210ce04        4     4         ./ra/npu/ethos-u-core-driver/src/ethosu_driver.o:(.bss.ethosu_mutex)
2210ce04 2210ce04        4     1                 ethosu_mutex
2210ce08 2210ce08        4     4         ./ra/npu/ethos-u-core-driver/src/ethosu_driver.o:(.bss.ethosu_semaphore)
2210ce08 2210ce08        4     1                 ethosu_semaphore
2210ce0c 2210ce0c        4     4         ./ra/npu/ethos-u-core-driver/src/ethosu_driver.o:(.bss.registered_drivers)
2210ce0c 2210ce0c        4     1                 registered_drivers
2210ce10 2210ce10        2     4         ./ra/fsp/src/r_glcdc/r_glcdc.o:(.bss.g_ctrl_blk.0)
2210ce10 2210ce10        2     1                 g_ctrl_blk.0
2210ce12 2210ce12        2     2         ./ra/fsp/src/r_glcdc/r_glcdc.o:(.bss.g_ctrl_blk.1)
2210ce12 2210ce12        2     1                 g_ctrl_blk.1
2210ce14 2210ce14        2     4         ./ra/fsp/src/r_glcdc/r_glcdc.o:(.bss.g_ctrl_blk.2)
2210ce14 2210ce14        2     1                 g_ctrl_blk.2
2210ce16 2210ce16        2     2         ./ra/fsp/src/r_glcdc/r_glcdc.o:(.bss.g_ctrl_blk.3)
2210ce16 2210ce16        2     1                 g_ctrl_blk.3
2210ce18 2210ce18        4     4         ./ra/fsp/src/r_glcdc/r_glcdc.o:(.bss.g_ctrl_blk.4)
2210ce18 2210ce18        4     1                 g_ctrl_blk.4
2210ce1c 2210ce1c        8     4         ./ra/fsp/src/r_glcdc/r_glcdc.o:(.bss.g_fade_pending)
2210ce1c 2210ce1c        8     1                 g_fade_pending
2210ce24 2210ce24        4     4         ./ra/fsp/src/r_glcdc/r_glcdc.o:(.bss.g_frame_ctr)
2210ce24 2210ce24        4     1                 g_frame_ctr
2210ce28 2210ce28        1     1         ./ra/fsp/src/r_dtc/r_dtc.o:(.bss.r_dtc_state_initialize.g_dtc_state_initialized)
2210ce28 2210ce28        1     1                 r_dtc_state_initialize.g_dtc_state_initialized
2210ce2c 2210ce2c       54     4         ./ra/fsp/src/bsp/mcu/all/bsp_group_irq.o:(.bss.g_bsp_group_irq_sources)
2210ce2c 2210ce2c       54     1                 g_bsp_group_irq_sources
2210ce80 2210ce80        4     4         ./ra/fsp/src/bsp/mcu/all/bsp_io.o:(.bss.g_protect_pfswe_counter)
2210ce80 2210ce80        4     1                 g_protect_pfswe_counter
2210ce84 2210ce84       40     4         ./ra/fsp/src/bsp/mcu/all/bsp_irq.o:(.bss.gp_renesas_isr_context)
2210ce84 2210ce84       40     1                 gp_renesas_isr_context
2210cec4 2210cec4        a     2         ./ra/fsp/src/bsp/mcu/all/bsp_register_protection.o:(.bss.g_protect_counters)
2210cec4 2210cec4        a     1                 g_protect_counters
2210ced0 2210ced0        4     4         ./ra/fsp/src/bsp/mcu/all/bsp_sbrk.o:(.bss.sbrk.current_block_offset)
2210ced0 2210ced0        4     1                 sbrk.current_block_offset
2210ced4 2210ced4        4     4         ./ra/fsp/src/bsp/cmsis/Device/RENESAS/Source/system.o:(.bss.SystemCoreClock)
2210ced4 2210ced4        4     1                 SystemCoreClock
2210ced8 2210ced8        4     4         C:\\Renesas\\RA\\e2studio_v2026-04.2_fsp_v6.5.0\\toolchains\\llvm_arm\\ATfE-21.1.1-Windows-x86_64\\bin\\..\\lib\\clang-runtimes/arm-none-eabi/armv8.1m.main_hard_fpdp_nomve_exn_rtti_unaligned_size\\lib\libc.a(nano-malloc.c.o):(.bss.__malloc_free_list)
2210ced8 2210ced8        4     1                 __malloc_free_list
2210cedc 2210cedc        8     4         C:\\Renesas\\RA\\e2studio_v2026-04.2_fsp_v6.5.0\\toolchains\\llvm_arm\\ATfE-21.1.1-Windows-x86_64\\bin\\..\\lib\\clang-runtimes/arm-none-eabi/armv8.1m.main_hard_fpdp_nomve_exn_rtti_unaligned_size\\lib\libc.a(nano-malloc.c.o):(.bss..L_MergedGlobals)
2210cedc 2210cedc        4     1                 __malloc_sbrk_top
2210cee0 2210cee0        4     1                 __malloc_sbrk_start
2210cee4 2210cee4        1     1         C:\\Renesas\\RA\\e2studio_v2026-04.2_fsp_v6.5.0\\toolchains\\llvm_arm\\ATfE-21.1.1-Windows-x86_64\\bin\\..\\lib\\clang-runtimes/arm-none-eabi/armv8.1m.main_hard_fpdp_nomve_exn_rtti_unaligned_size\\lib\libc.a(libc_misc_lock.c.o):(.bss.__lock___libc_recursive_mutex)
2210cee4 2210cee4        1     1                 __lock___libc_recursive_mutex
2210cee8 2210cee8        4     4         C:\\Renesas\\RA\\e2studio_v2026-04.2_fsp_v6.5.0\\toolchains\\llvm_arm\\ATfE-21.1.1-Windows-x86_64\\bin\\..\\lib\\clang-runtimes/arm-none-eabi/armv8.1m.main_hard_fpdp_nomve_exn_rtti_unaligned_size\\lib\libc.a(libc_picolib_machine_arm_tls.c.o):(.bss.__tls)
2210cee8 2210cee8        4     1                 __tls
2210ceec 2210ceec        0     1         __ram_zero$$Limit = .
2210ceec 2210ceec        0     1 __ram_tdata$$
2210ceec 2210ceec        0     1         __ram_tdata$$Base = .
2210ceec 2210ceec        0     1         __ram_tdata$$Load = LOADADDR(__ram_tdata$$)
2210ceec 2210ceec        0     1         __ram_tdata$$Limit = .
2210ceec 2210ceec        4     4 __ram_tbss$$
2210ceec 2210ceec        0     1         __ram_tbss$$Base = .
2210ceec 2210ceec        4     4         C:\\Renesas\\RA\\e2studio_v2026-04.2_fsp_v6.5.0\\toolchains\\llvm_arm\\ATfE-21.1.1-Windows-x86_64\\bin\\..\\lib\\clang-runtimes/arm-none-eabi/armv8.1m.main_hard_fpdp_nomve_exn_rtti_unaligned_size\\lib\libc.a(libc_errno_errno.c.o):(.tbss.errno)
       0        0        4     1                 errno
2210cef0 2210cef0        0     1         __ram_tbss$$Limit = .
2210cef0 2210cef0        0     1 __ram_thread_stack$$
2210cef0 2210cef0        0     1         __ram_thread_stack$$Base = .
2210cef0 2210cef0        0     1         __ram_thread_stack$$Limit = .
2210d000 2210d000        0     1 .ram.endof
2210d000 2210d000        0     1         __ddsc_RAM_END = .
2210d000 2210d000        0     1 .ram.flat_nsc
2210d000 2210d000        0     1         __ddsc_RAM_NSC = .
 20003b0  20003b0    11266    16 __flash_readonly$$
 20003b0  20003b0        0     1         __flash_readonly$$Base = .
 20003b0  20003b0       16     2         ./src/model/model.o:(.text.GetModelInputPtr_serving_default_x_0)
 20003b0  20003b0        0     1                 $t
 20003b1  20003b1       16     1                 GetModelInputPtr_serving_default_x_0
 20003c6  20003c6       16     2         ./src/model/model.o:(.text.GetModelOutputPtr_StatefulPartitionedCall_0_70066)
 20003c6  20003c6        0     1                 $t
 20003c7  20003c7       16     1                 GetModelOutputPtr_StatefulPartitionedCall_0_70066
 20003dc  20003dc        4     2         ./src/model/model.o:(.text.RunModel)
 20003dc  20003dc        0     1                 $t
 20003dd  20003dd        4     1                 RunModel
 20003e0  20003e0       96     2         ./src/model/sub_0000_invoke.o:(.text.sub_0000_invoke)
 20003e0  20003e0        0     1                 $t
 20003e1  20003e1       96     1                 sub_0000_invoke
 2000476  2000476        2     2         ./src/SERIAL_TERM/r_sci_b_uart/r_sci_b_uart.o:(.text.sci_b_uart_rxi_isr)
 2000476  2000476        0     1                 $t
 2000477  2000477        2     1                 sci_b_uart_rxi_isr
 2000478  2000478        2     2         ./src/SERIAL_TERM/r_sci_b_uart/r_sci_b_uart.o:(.text.sci_b_uart_txi_isr)
 2000478  2000478        0     1                 $t
 2000479  2000479        2     1                 sci_b_uart_txi_isr
 200047a  200047a        2     2         ./src/SERIAL_TERM/r_sci_b_uart/r_sci_b_uart.o:(.text.sci_b_uart_tei_isr)
 200047a  200047a        0     1                 $t
 200047b  200047b        2     1                 sci_b_uart_tei_isr
 200047c  200047c        2     2         ./src/SERIAL_TERM/r_sci_b_uart/r_sci_b_uart.o:(.text.sci_b_uart_eri_isr)
 200047c  200047c        0     1                 $t
 200047d  200047d        2     1                 sci_b_uart_eri_isr
 2000480  2000480       7a     8         ./src/SEGGER_RTT/SEGGER_RTT.o:(.text._DoInit)
 2000480  2000480        0     1                 $t
 2000481  2000481       7a     1                 _DoInit
 2000500  2000500       7e     8         ./src/SEGGER_RTT/SEGGER_RTT.o:(.text._WriteBlocking)
 2000500  2000500        0     1                 $t
 2000501  2000501       7e     1                 _WriteBlocking
 200057e  200057e       f4     2         ./src/SEGGER_RTT/SEGGER_RTT.o:(.text.SEGGER_RTT_WriteNoLock)
 200057e  200057e        0     1                 $t
 200057f  200057f       f4     1                 SEGGER_RTT_WriteNoLock
 2000672  2000672       3a     2         ./src/SEGGER_RTT/SEGGER_RTT.o:(.text.SEGGER_RTT_Write)
 2000672  2000672        0     1                 $t
 2000673  2000673       3a     1                 SEGGER_RTT_Write
 20006b0  20006b0      32a     8         ./src/SEGGER_RTT/SEGGER_RTT_printf.o:(.text.SEGGER_RTT_vprintf)
 20006b0  20006b0        0     1                 $t
 20006b1  20006b1      32a     1                 SEGGER_RTT_vprintf
 20007fc  20007fc        0     1                 $d
 2000806  2000806        0     1                 $t
 20009da  20009da       40     2         ./src/SEGGER_RTT/SEGGER_RTT_printf.o:(.text._StoreChar)
 20009da  20009da        0     1                 $t
 20009db  20009db       40     1                 _StoreChar
 2000a20  2000a20       f8     8         ./src/SEGGER_RTT/SEGGER_RTT_printf.o:(.text._PrintUnsigned)
 2000a20  2000a20        0     1                 $t
 2000a21  2000a21       f8     1                 _PrintUnsigned
 2000b18  2000b18       1e     2         ./src/SEGGER_RTT/SEGGER_RTT_printf.o:(.text.SEGGER_RTT_printf)
 2000b18  2000b18        0     1                 $t
 2000b19  2000b19       1e     1                 SEGGER_RTT_printf
 2000b38  2000b38       92     8         ./src/camera_sensor.o:(.text.camera_write_array)
 2000b38  2000b38        0     1                 $t
 2000b39  2000b39       92     1                 camera_write_array
 2000bcc  2000bcc      274     4         ./src/camera_sensor.o:(.text.camera_open)
 2000bcc  2000bcc        0     1                 $t
 2000bcd  2000bcd      274     1                 camera_open
 2000e38  2000e38        0     1                 $d
 2000e40  2000e40       5e     2         ./src/camera_sensor.o:(.text.camera_set_mipi_virtual_channel)
 2000e40  2000e40        0     1                 $t
 2000e41  2000e41       5e     1                 camera_set_mipi_virtual_channel
 2000e9e  2000e9e       4e     2         ./src/camera_sensor.o:(.text.camera_stream_on)
 2000e9e  2000e9e        0     1                 $t
 2000e9f  2000e9f       4e     1                 camera_stream_on
 2000eec  2000eec       32     2         ./src/camera_sensor.o:(.text.camera_stream_off)
 2000eec  2000eec        0     1                 $t
 2000eed  2000eed       32     1                 camera_stream_off
 2000f20  2000f20      104     8         ./src/glcdc_display.o:(.text.glcdc_init)
 2000f20  2000f20        0     1                 $t
 2000f21  2000f21      104     1                 glcdc_init
 2001024  2001024       16     2         ./src/glcdc_display.o:(.text.glcdc_vsync_isr)
 2001024  2001024        0     1                 $t
 2001025  2001025       16     1                 glcdc_vsync_isr
 200103a  200103a        4     2         ./src/hal_entry.o:(.text.hal_entry)
 200103a  200103a        0     1                 $t
 200103b  200103b        4     1                 hal_entry
 200103e  200103e       26     2         ./src/hal_entry.o:(.text.R_BSP_WarmStart)
 200103e  200103e        0     1                 $t
 200103f  200103f       26     1                 R_BSP_WarmStart
 2001064  2001064       3c     2         ./src/i2c_control.o:(.text.i2c_control_init)
 2001064  2001064        0     1                 $t
 2001065  2001065       3c     1                 i2c_control_init
 20010a0  20010a0       2e     8         ./src/i2c_control.o:(.text.i2c_master_wait_event)
 20010a0  20010a0        0     1                 $t
 20010a1  20010a1       2e     1                 i2c_master_wait_event
 20010ce  20010ce       96     2         ./src/i2c_control.o:(.text.read_reg_16bit)
 20010ce  20010ce        0     1                 $t
 20010cf  20010cf       96     1                 read_reg_16bit
 2001164  2001164       62     2         ./src/i2c_control.o:(.text.write_reg_16bit)
 2001164  2001164        0     1                 $t
 2001165  2001165       62     1                 write_reg_16bit
 20011c6  20011c6       10     2         ./src/i2c_control.o:(.text.g_i2c_master_for_peripheral_callback)
 20011c6  20011c6        0     1                 $t
 20011c7  20011c7       10     1                 g_i2c_master_for_peripheral_callback
 20011d8  20011d8      50a     8         ./src/mipi_csi.o:(.text.mipi_csi_ep_entry)
 20011d8  20011d8        0     1                 $t
 20011d9  20011d9      50a     1                 mipi_csi_ep_entry
 20016e2  20016e2       94     2         ./src/mipi_csi.o:(.text.handle_error)
 20016e2  20016e2        0     1                 $t
 20016e3  20016e3       94     1                 handle_error
 2001776  2001776       1c     2         ./src/mipi_csi.o:(.text.vin_callback)
 2001776  2001776        0     1                 $t
 2001777  2001777       1c     1                 vin_callback
 2001792  2001792        2     2         ./src/mipi_csi.o:(.text.mipi_csi0_callback)
 2001792  2001792        0     1                 $t
 2001793  2001793        2     1                 mipi_csi0_callback
 2001794  2001794        a     2         ./ra_gen/main.o:(.text.main)
 2001794  2001794        0     1                 $t
 2001795  2001795        a     1                 main
 200179e  200179e        2     2         ./ra/npu/ethos-u-core-driver/src/ethosu_device_u55_u65.o:(.text.ethosu_address_remap)
 200179e  200179e        0     1                 $t
 200179f  200179f        2     1                 ethosu_address_remap
 20017a0  20017a0       22     2         ./ra/npu/ethos-u-core-driver/src/ethosu_device_u55_u65.o:(.text.ethosu_dev_init)
 20017a0  20017a0        0     1                 $t
 20017a1  20017a1       22     1                 ethosu_dev_init
 20017c8  20017c8       88     8         ./ra/npu/ethos-u-core-driver/src/ethosu_device_u55_u65.o:(.text.ethosu_dev_soft_reset)
 20017c8  20017c8        0     1                 $t
 20017c9  20017c9       88     1                 ethosu_dev_soft_reset
 2001850  2001850       bc     8         ./ra/npu/ethos-u-core-driver/src/ethosu_device_u55_u65.o:(.text.ethosu_dev_run_command_stream)
 2001850  2001850        0     1                 $t
 2001851  2001851       bc     1                 ethosu_dev_run_command_stream
 200190c  200190c        2     2         ./ra/npu/ethos-u-core-driver/src/ethosu_device_u55_u65.o:(.text.ethosu_dev_print_err_status)
 200190c  200190c        0     1                 $t
 200190d  200190d        2     1                 ethosu_dev_print_err_status
 200190e  200190e       36     2         ./ra/npu/ethos-u-core-driver/src/ethosu_device_u55_u65.o:(.text.ethosu_dev_handle_interrupt)
 200190e  200190e        0     1                 $t
 200190f  200190f       36     1                 ethosu_dev_handle_interrupt
 2001944  2001944       32     2         ./ra/npu/ethos-u-core-driver/src/ethosu_device_u55_u65.o:(.text.ethosu_dev_set_clock_and_power)
 2001944  2001944        0     1                 $t
 2001945  2001945       32     1                 ethosu_dev_set_clock_and_power
 2001976  2001976       52     2         ./ra/npu/ethos-u-core-driver/src/ethosu_device_u55_u65.o:(.text.ethosu_dev_verify_optimizer_config)
 2001976  2001976        0     1                 $t
 2001977  2001977       52     1                 ethosu_dev_verify_optimizer_config
 20019c8  20019c8        a     2         ./ra/npu/ethos-u-core-driver/src/ethosu_driver.o:(.text.ethosu_mutex_create)
 20019c8  20019c8        0     1                 $t
 20019c9  20019c9        a     1                 ethosu_mutex_create
 20019d2  20019d2        4     2         ./ra/npu/ethos-u-core-driver/src/ethosu_driver.o:(.text.ethosu_mutex_lock)
 20019d2  20019d2        0     1                 $t
 20019d3  20019d3        4     1                 ethosu_mutex_lock
 20019d6  20019d6        4     2         ./ra/npu/ethos-u-core-driver/src/ethosu_driver.o:(.text.ethosu_mutex_unlock)
 20019d6  20019d6        0     1                 $t
 20019d7  20019d7        4     1                 ethosu_mutex_unlock
 20019da  20019da       10     2         ./ra/npu/ethos-u-core-driver/src/ethosu_driver.o:(.text.ethosu_semaphore_create)
 20019da  20019da        0     1                 $t
 20019db  20019db       10     1                 ethosu_semaphore_create
 20019f0  20019f0       18     8         ./ra/npu/ethos-u-core-driver/src/ethosu_driver.o:(.text.ethosu_semaphore_take)
 20019f0  20019f0        0     1                 $t
 20019f1  20019f1       18     1                 ethosu_semaphore_take
 2001a08  2001a08        c     2         ./ra/npu/ethos-u-core-driver/src/ethosu_driver.o:(.text.ethosu_semaphore_give)
 2001a08  2001a08        0     1                 $t
 2001a09  2001a09        c     1                 ethosu_semaphore_give
 2001a14  2001a14        2     2         ./ra/npu/ethos-u-core-driver/src/ethosu_driver.o:(.text.ethosu_inference_begin)
 2001a14  2001a14        0     1                 $t
 2001a15  2001a15        2     1                 ethosu_inference_begin
 2001a16  2001a16        2     2         ./ra/npu/ethos-u-core-driver/src/ethosu_driver.o:(.text.ethosu_inference_end)
 2001a16  2001a16        0     1                 $t
 2001a17  2001a17        2     1                 ethosu_inference_end
 2001a18  2001a18       28     2         ./ra/npu/ethos-u-core-driver/src/ethosu_driver.o:(.text.ethosu_irq_handler)
 2001a18  2001a18        0     1                 $t
 2001a19  2001a19       28     1                 ethosu_irq_handler
 2001a40  2001a40       a6     2         ./ra/npu/ethos-u-core-driver/src/ethosu_driver.o:(.text.ethosu_init)
 2001a40  2001a40        0     1                 $t
 2001a41  2001a41       a6     1                 ethosu_init
 2001ae6  2001ae6       24     2         ./ra/npu/ethos-u-core-driver/src/ethosu_driver.o:(.text.ethosu_soft_reset)
 2001ae6  2001ae6        0     1                 $t
 2001ae7  2001ae7       24     1                 ethosu_soft_reset
 2001b0a  2001b0a       2a     2         ./ra/npu/ethos-u-core-driver/src/ethosu_driver.o:(.text.ethosu_request_power)
 2001b0a  2001b0a        0     1                 $t
 2001b0b  2001b0b       2a     1                 ethosu_request_power
 2001b38  2001b38       c8     8         ./ra/npu/ethos-u-core-driver/src/ethosu_driver.o:(.text.ethosu_wait)
 2001b38  2001b38        0     1                 $t
 2001b39  2001b39       c8     1                 ethosu_wait
 2001c00  2001c00      1a2     8         ./ra/npu/ethos-u-core-driver/src/ethosu_driver.o:(.text.ethosu_invoke_async)
 2001c00  2001c00        0     1                 $t
 2001c01  2001c01      1a2     1                 ethosu_invoke_async
 2001da2  2001da2       2e     2         ./ra/npu/ethos-u-core-driver/src/ethosu_driver.o:(.text.ethosu_invoke_v3)
 2001da2  2001da2        0     1                 $t
 2001da3  2001da3       2e     1                 ethosu_invoke_v3
 2001dd0  2001dd0       d8     2         ./ra/fsp/src/rm_ethosu/rm_ethosu.o:(.text.RM_ETHOSU_Open)
 2001dd0  2001dd0        0     1                 $t
 2001dd1  2001dd1       d8     1                 RM_ETHOSU_Open
 2001ea8  2001ea8       60     2         ./ra/fsp/src/rm_ethosu/rm_ethosu.o:(.text.rm_ethosu_isr)
 2001ea8  2001ea8        0     1                 $t
 2001ea9  2001ea9       60     1                 rm_ethosu_isr
 2001f08  2001f08       9a     8         ./ra/fsp/src/rm_ethosu/rm_ethosu.o:(.text.ethosu_flush_dcache)
 2001f08  2001f08        0     1                 $t
 2001f09  2001f09       9a     1                 ethosu_flush_dcache
 2001fa8  2001fa8       9a     8         ./ra/fsp/src/rm_ethosu/rm_ethosu.o:(.text.ethosu_invalidate_dcache)
 2001fa8  2001fa8        0     1                 $t
 2001fa9  2001fa9       9a     1                 ethosu_invalidate_dcache
 2002042  2002042      154     2         ./ra/fsp/src/r_vin/r_vin.o:(.text.R_VIN_Open)
 2002042  2002042        0     1                 $t
 2002043  2002043      154     1                 R_VIN_Open
 2002196  2002196       d0     2         ./ra/fsp/src/r_vin/r_vin.o:(.text.R_VIN_Close)
 2002196  2002196        0     1                 $t
 2002197  2002197       d0     1                 R_VIN_Close
 2002266  2002266       7e     2         ./ra/fsp/src/r_vin/r_vin.o:(.text.R_VIN_CaptureStart)
 2002266  2002266        0     1                 $t
 2002267  2002267       7e     1                 R_VIN_CaptureStart
 20022e4  20022e4       74     2         ./ra/fsp/src/r_vin/r_vin.o:(.text.vin_isr_enable)
 20022e4  20022e4        0     1                 $t
 20022e5  20022e5       74     1                 vin_isr_enable
 2002358  2002358        6     2         ./ra/fsp/src/r_vin/r_vin.o:(.text.vin_status_isr)
 2002358  2002358        0     1                 $t
 2002359  2002359        6     1                 vin_status_isr
 200235e  200235e       c6     2         ./ra/fsp/src/r_vin/r_vin.o:(.text.vin_common_isr)
 200235e  200235e        0     1                 $t
 200235f  200235f       c6     1                 vin_common_isr
 2002428  2002428      114     8         ./ra/fsp/src/r_mipi_phy/r_mipi_phy.o:(.text.r_mipi_phy_open)
 2002428  2002428        0     1                 $t
 2002429  2002429      114     1                 r_mipi_phy_open
 200253c  200253c       2a     2         ./ra/fsp/src/r_mipi_phy/r_mipi_phy.o:(.text.r_mipi_phy_close)
 200253c  200253c        0     1                 $t
 200253d  200253d       2a     1                 r_mipi_phy_close
 2002568  2002568       f4     8         ./ra/fsp/src/r_mipi_csi/r_mipi_csi.o:(.text.R_MIPI_CSI_Open)
 2002568  2002568        0     1                 $t
 2002569  2002569       f4     1                 R_MIPI_CSI_Open
 200265c  200265c       dc     2         ./ra/fsp/src/r_mipi_csi/r_mipi_csi.o:(.text.R_MIPI_CSI_Close)
 200265c  200265c        0     1                 $t
 200265d  200265d       dc     1                 R_MIPI_CSI_Close
 2002738  2002738       14     2         ./ra/fsp/src/r_mipi_csi/r_mipi_csi.o:(.text.R_MIPI_CSI_Start)
 2002738  2002738        0     1                 $t
 2002739  2002739       14     1                 R_MIPI_CSI_Start
 200274c  200274c       26     2         ./ra/fsp/src/r_mipi_csi/r_mipi_csi.o:(.text.R_MIPI_CSI_Stop)
 200274c  200274c        0     1                 $t
 200274d  200274d       26     1                 R_MIPI_CSI_Stop
 2002772  2002772       24     2         ./ra/fsp/src/r_mipi_csi/r_mipi_csi.o:(.text.R_MIPI_CSI_Read)
 2002772  2002772        0     1                 $t
 2002773  2002773       24     1                 R_MIPI_CSI_Read
 2002796  2002796       24     2         ./ra/fsp/src/r_mipi_csi/r_mipi_csi.o:(.text.R_MIPI_CSI_StatusGet)
 2002796  2002796        0     1                 $t
 2002797  2002797       24     1                 R_MIPI_CSI_StatusGet
 20027ba  20027ba       74     2         ./ra/fsp/src/r_mipi_csi/r_mipi_csi.o:(.text.csi_isr_enable)
 20027ba  20027ba        0     1                 $t
 20027bb  20027bb       74     1                 csi_isr_enable
 200282e  200282e       80     2         ./ra/fsp/src/r_mipi_csi/r_mipi_csi.o:(.text.mipi_csi_rx_isr)
 200282e  200282e        0     1                 $t
 200282f  200282f       80     1                 mipi_csi_rx_isr
 20028ae  20028ae       e0     2         ./ra/fsp/src/r_mipi_csi/r_mipi_csi.o:(.text.mipi_csi_dl_isr)
 20028ae  20028ae        0     1                 $t
 20028af  20028af       e0     1                 mipi_csi_dl_isr
 200298e  200298e       80     2         ./ra/fsp/src/r_mipi_csi/r_mipi_csi.o:(.text.mipi_csi_vc_isr)
 200298e  200298e        0     1                 $t
 200298f  200298f       80     1                 mipi_csi_vc_isr
 2002a0e  2002a0e       16     2         ./ra/fsp/src/r_ioport/r_ioport.o:(.text.R_IOPORT_Open)
 2002a0e  2002a0e        0     1                 $t
 2002a0f  2002a0f       16     1                 R_IOPORT_Open
 2002a28  2002a28       c4     8         ./ra/fsp/src/r_ioport/r_ioport.o:(.text.r_ioport_pins_config)
 2002a28  2002a28        0     1                 $t
 2002a29  2002a29       c4     1                 r_ioport_pins_config
 2002af0  2002af0       e0     8         ./ra/fsp/src/r_ioport/r_ioport.o:(.text.bsp_vbatt_init)
 2002af0  2002af0        0     1                 $t
 2002af1  2002af1       e0     1                 bsp_vbatt_init
 2002bd0  2002bd0       fc     2         ./ra/fsp/src/r_iic_master/r_iic_master.o:(.text.R_IIC_MASTER_Open)
 2002bd0  2002bd0        0     1                 $t
 2002bd1  2002bd1       fc     1                 R_IIC_MASTER_Open
 2002ccc  2002ccc        c     2         ./ra/fsp/src/r_iic_master/r_iic_master.o:(.text.R_IIC_MASTER_Read)
 2002ccc  2002ccc        0     1                 $t
 2002ccd  2002ccd        c     1                 R_IIC_MASTER_Read
 2002cd8  2002cd8        c     2         ./ra/fsp/src/r_iic_master/r_iic_master.o:(.text.R_IIC_MASTER_Write)
 2002cd8  2002cd8        0     1                 $t
 2002cd9  2002cd9        c     1                 R_IIC_MASTER_Write
 2002ce4  2002ce4        a     2         ./ra/fsp/src/r_iic_master/r_iic_master.o:(.text.R_IIC_MASTER_SlaveAddressSet)
 2002ce4  2002ce4        0     1                 $t
 2002ce5  2002ce5        a     1                 R_IIC_MASTER_SlaveAddressSet
 2002cee  2002cee       fc     2         ./ra/fsp/src/r_iic_master/r_iic_master.o:(.text.R_IIC_MASTER_Close)
 2002cee  2002cee        0     1                 $t
 2002cef  2002cef       fc     1                 R_IIC_MASTER_Close
 2002df0  2002df0      1ee     8         ./ra/fsp/src/r_iic_master/r_iic_master.o:(.text.iic_master_open_hw_master)
 2002df0  2002df0        0     1                 $t
 2002df1  2002df1      1ee     1                 iic_master_open_hw_master
 2002fe0  2002fe0      152     8         ./ra/fsp/src/r_iic_master/r_iic_master.o:(.text.iic_master_read_write)
 2002fe0  2002fe0        0     1                 $t
 2002fe1  2002fe1      152     1                 iic_master_read_write
 2003132  2003132      1d4     2         ./ra/fsp/src/r_iic_master/r_iic_master.o:(.text.iic_master_rxi_isr)
 2003132  2003132        0     1                 $t
 2003133  2003133      1d4     1                 iic_master_rxi_isr
 2003308  2003308      166     8         ./ra/fsp/src/r_iic_master/r_iic_master.o:(.text.iic_master_txi_isr)
 2003308  2003308        0     1                 $t
 2003309  2003309      166     1                 iic_master_txi_isr
 2003470  2003470       e8     8         ./ra/fsp/src/r_iic_master/r_iic_master.o:(.text.iic_master_tei_isr)
 2003470  2003470        0     1                 $t
 2003471  2003471       e8     1                 iic_master_tei_isr
 2003558  2003558      138     2         ./ra/fsp/src/r_iic_master/r_iic_master.o:(.text.iic_master_eri_isr)
 2003558  2003558        0     1                 $t
 2003559  2003559      138     1                 iic_master_eri_isr
 2003690  2003690       62     2         ./ra/fsp/src/r_iic_master/r_iic_master.o:(.text.iic_master_notify)
 2003690  2003690        0     1                 $t
 2003691  2003691       62     1                 iic_master_notify
 20036f2  20036f2      3b8     2         ./ra/fsp/src/r_glcdc/r_glcdc.o:(.text.R_GLCDC_Open)
 20036f2  20036f2        0     1                 $t
 20036f3  20036f3      3b8     1                 R_GLCDC_Open
 2003aaa  2003aaa       e0     2         ./ra/fsp/src/r_glcdc/r_glcdc.o:(.text.R_GLCDC_Close)
 2003aaa  2003aaa        0     1                 $t
 2003aab  2003aab       e0     1                 R_GLCDC_Close
 2003b8a  2003b8a       2e     2         ./ra/fsp/src/r_glcdc/r_glcdc.o:(.text.R_GLCDC_Start)
 2003b8a  2003b8a        0     1                 $t
 2003b8b  2003b8b       2e     1                 R_GLCDC_Start
 2003bb8  2003bb8       4c     2         ./ra/fsp/src/r_glcdc/r_glcdc.o:(.text.R_GLCDC_BufferChange)
 2003bb8  2003bb8        0     1                 $t
 2003bb9  2003bb9       4c     1                 R_GLCDC_BufferChange
 2003c04  2003c04      25e     2         ./ra/fsp/src/r_glcdc/r_glcdc.o:(.text.r_glcdc_graphics_layer_set)
 2003c04  2003c04        0     1                 $t
 2003c05  2003c05      25e     1                 r_glcdc_graphics_layer_set
 2003e62  2003e62       3e     2         ./ra/fsp/src/r_glcdc/r_glcdc.o:(.text.r_glcdc_stop)
 2003e62  2003e62        0     1                 $t
 2003e63  2003e63       3e     1                 r_glcdc_stop
 2003ea0  2003ea0       82     2         ./ra/fsp/src/r_glcdc/r_glcdc.o:(.text.glcdc_line_detect_isr)
 2003ea0  2003ea0        0     1                 $t
 2003ea1  2003ea1       82     1                 glcdc_line_detect_isr
 2003f22  2003f22       54     2         ./ra/fsp/src/r_glcdc/r_glcdc.o:(.text.glcdc_underflow_1_isr)
 2003f22  2003f22        0     1                 $t
 2003f23  2003f23       54     1                 glcdc_underflow_1_isr
 2003f76  2003f76       54     2         ./ra/fsp/src/r_glcdc/r_glcdc.o:(.text.glcdc_underflow_2_isr)
 2003f76  2003f76        0     1                 $t
 2003f77  2003f77       54     1                 glcdc_underflow_2_isr
 2003fca  2003fca       98     2         ./ra/fsp/src/r_dtc/r_dtc.o:(.text.R_DTC_Open)
 2003fca  2003fca        0     1                 $t
 2003fcb  2003fcb       98     1                 R_DTC_Open
 2004068  2004068       50     8         ./ra/fsp/src/r_dtc/r_dtc.o:(.text.R_DTC_Reconfigure)
 2004068  2004068        0     1                 $t
 2004069  2004069       50     1                 R_DTC_Reconfigure
 20040b8  20040b8       94     8         ./ra/fsp/src/r_dtc/r_dtc.o:(.text.R_DTC_Reset)
 20040b8  20040b8        0     1                 $t
 20040b9  20040b9       94     1                 R_DTC_Reset
 200414c  200414c       1c     2         ./ra/fsp/src/r_dtc/r_dtc.o:(.text.R_DTC_Enable)
 200414c  200414c        0     1                 $t
 200414d  200414d       1c     1                 R_DTC_Enable
 2004168  2004168       1c     2         ./ra/fsp/src/r_dtc/r_dtc.o:(.text.R_DTC_Disable)
 2004168  2004168        0     1                 $t
 2004169  2004169       1c     1                 R_DTC_Disable
 2004184  2004184        4     2         ./ra/fsp/src/r_dtc/r_dtc.o:(.text.R_DTC_SoftwareStart)
 2004184  2004184        0     1                 $t
 2004185  2004185        4     1                 R_DTC_SoftwareStart
 2004188  2004188        4     2         ./ra/fsp/src/r_dtc/r_dtc.o:(.text.R_DTC_SoftwareStop)
 2004188  2004188        0     1                 $t
 2004189  2004189        4     1                 R_DTC_SoftwareStop
 200418c  200418c       4c     2         ./ra/fsp/src/r_dtc/r_dtc.o:(.text.R_DTC_InfoGet)
 200418c  200418c        0     1                 $t
 200418d  200418d       4c     1                 R_DTC_InfoGet
 20041d8  20041d8       2e     2         ./ra/fsp/src/r_dtc/r_dtc.o:(.text.R_DTC_Close)
 20041d8  20041d8        0     1                 $t
 20041d9  20041d9       2e     1                 R_DTC_Close
 2004206  2004206        4     2         ./ra/fsp/src/r_dtc/r_dtc.o:(.text.R_DTC_Reload)
 2004206  2004206        0     1                 $t
 2004207  2004207        4     1                 R_DTC_Reload
 200420a  200420a        4     2         ./ra/fsp/src/r_dtc/r_dtc.o:(.text.R_DTC_CallbackSet)
 200420a  200420a        0     1                 $t
 200420b  200420b        4     1                 R_DTC_CallbackSet
 2004210  2004210       4c     8         ./ra/fsp/src/r_dtc/r_dtc.o:(.text.r_dtc_set_info)
 2004210  2004210        0     1                 $t
 2004211  2004211       4c     1                 r_dtc_set_info
 200425c  200425c       aa     4         ./ra/fsp/src/bsp/mcu/all/bsp_clocks.o:(.text.SystemCoreClockUpdate)
 200425c  200425c        0     1                 $t
 200425d  200425d       aa     1                 SystemCoreClockUpdate
 2004278  2004278        0     1                 $d
 200427c  200427c        0     1                 $t
 2004308  2004308      390     8         ./ra/fsp/src/bsp/mcu/all/bsp_clocks.o:(.text.bsp_clock_init)
 2004308  2004308        0     1                 $t
 2004309  2004309      390     1                 bsp_clock_init
 2004678  2004678        0     1                 $d
 2004698  2004698        2     2         ./ra/fsp/src/bsp/mcu/all/bsp_clocks.o:(.text.R_BSP_SubClockStabilizeWaitAfterReset)
 2004698  2004698        0     1                 $t
 2004699  2004699        2     1                 R_BSP_SubClockStabilizeWaitAfterReset
 20046a0  20046a0       8a     8         ./ra/fsp/src/bsp/mcu/all/bsp_clocks.o:(.text.R_BSP_Init_RTC)
 20046a0  20046a0        0     1                 $t
 20046a1  20046a1       8a     1                 R_BSP_Init_RTC
 200472a  200472a        e     2         ./ra/fsp/src/bsp/mcu/all/bsp_common.o:(.text.R_FSP_VersionGet)
 200472a  200472a        0     1                 $t
 200472b  200472b        e     1                 R_FSP_VersionGet
 2004738  2004738        a     8         ./ra/fsp/src/bsp/mcu/all/bsp_common.o:(.text.__assert_func)
 2004738  2004738        0     1                 $t
 2004739  2004739        a     1                 __assert_func
 2004742  2004742       7a     2         ./ra/fsp/src/bsp/mcu/all/bsp_delay.o:(.text.R_BSP_SoftwareDelay)
 2004742  2004742        0     1                 $t
 2004743  2004743       7a     1                 R_BSP_SoftwareDelay
 20047c0  20047c0        8     8         ./ra/fsp/src/bsp/mcu/all/bsp_delay.o:(.text.bsp_prv_software_delay_loop)
 20047c0  20047c0        0     1                 sw_delay_loop
 20047c0  20047c0        0     1                 $t
 20047c1  20047c1        8     1                 bsp_prv_software_delay_loop
 20047c8  20047c8       4a     8         ./ra/fsp/src/bsp/mcu/all/bsp_group_irq.o:(.text.NMI_Handler)
 20047c8  20047c8        0     1                 $t
 20047c9  20047c9       4a     1                 NMI_Handler
 2004818  2004818       28     8         ./ra/fsp/src/bsp/mcu/all/bsp_irq.o:(.text.bsp_irq_cfg)
 2004818  2004818        0     1                 $t
 2004819  2004819       28     1                 bsp_irq_cfg
 2004840  2004840       4e     2         ./ra/fsp/src/bsp/mcu/all/bsp_register_protection.o:(.text.R_BSP_RegisterProtectEnable)
 2004840  2004840        0     1                 $t
 2004841  2004841       4e     1                 R_BSP_RegisterProtectEnable
 200488e  200488e       4c     2         ./ra/fsp/src/bsp/mcu/all/bsp_register_protection.o:(.text.R_BSP_RegisterProtectDisable)
 200488e  200488e        0     1                 $t
 200488f  200488f       4c     1                 R_BSP_RegisterProtectDisable
 20048dc  20048dc       3c     4         ./ra/fsp/src/bsp/mcu/all/bsp_sbrk.o:(.text.sbrk)
 20048dc  20048dc        0     1                 $t
 20048dd  20048dd       3c     1                 sbrk
 2004914  2004914        0     1                 $d
 2004918  2004918       be     8         ./ra/fsp/src/bsp/mcu/all/bsp_sdram.o:(.text.R_BSP_SdramInit)
 2004918  2004918        0     1                 $t
 2004919  2004919       be     1                 R_BSP_SdramInit
 20049d8  20049d8        a     8         ./ra/fsp/src/bsp/cmsis/Device/RENESAS/Source/startup.o:(.text.Reset_Handler)
 20049d8  20049d8        0     1                 $t
 20049d9  20049d9        a     1                 Reset_Handler
 20049e2  20049e2        4     2         ./ra/fsp/src/bsp/cmsis/Device/RENESAS/Source/startup.o:(.text.Default_Handler)
 20049e2  20049e2        0     1                 $t
 20049e3  20049e3        4     1                 Default_Handler
 20049e3  20049e3        4     1                 HardFault_Handler
 20049e3  20049e3        4     1                 MemManage_Handler
 20049e3  20049e3        4     1                 BusFault_Handler
 20049e3  20049e3        4     1                 UsageFault_Handler
 20049e3  20049e3        4     1                 SecureFault_Handler
 20049e3  20049e3        4     1                 SVC_Handler
 20049e3  20049e3        4     1                 DebugMon_Handler
 20049e3  20049e3        4     1                 PendSV_Handler
 20049e3  20049e3        4     1                 SysTick_Handler
 20049e8  20049e8      31a     8         ./ra/fsp/src/bsp/cmsis/Device/RENESAS/Source/system.o:(.text.SystemInit)
 20049e8  20049e8        0     1                 $t
 20049e9  20049e9      31a     1                 SystemInit
 2004ad8  2004ad8        0     1                 memset_64_loop_start_0
 2004ae0  2004ae0        0     1                 memset_64_loop_end_0
 2004ae8  2004ae8        0     1                 memset_64_loop_start_1
 2004af0  2004af0        0     1                 memset_64_loop_end_1
 2004d08  2004d08       5e     8         ./ra/fsp/src/bsp/cmsis/Device/RENESAS/Source/system.o:(.text.SystemRuntimeInit)
 2004d08  2004d08        0     1                 $t
 2004d09  2004d09       5e     1                 SystemRuntimeInit
 2004d66  2004d66        2     2         ./ra/board/ra8p1_ek/board_init.o:(.text.bsp_init)
 2004d66  2004d66        0     1                 $t
 2004d67  2004d67        2     1                 bsp_init
 2004d68  2004d68        8     2         C:\\Renesas\\RA\\e2studio_v2026-04.2_fsp_v6.5.0\\toolchains\\llvm_arm\\ATfE-21.1.1-Windows-x86_64\\bin\\..\\lib\\clang-runtimes/arm-none-eabi/armv8.1m.main_hard_fpdp_nomve_exn_rtti_unaligned_size\\lib\libc.a(bzero.c.o):(.text.bzero)
 2004d68  2004d68        0     1                 $t
 2004d69  2004d69        8     1                 bzero
 2004d69  2004d69        8     1                 __aeabi_memclr4
 2004d69  2004d69        8     1                 __aeabi_memclr8
 2004d69  2004d69        8     1                 __aeabi_memclr
 2004d70  2004d70       12     2         C:\\Renesas\\RA\\e2studio_v2026-04.2_fsp_v6.5.0\\toolchains\\llvm_arm\\ATfE-21.1.1-Windows-x86_64\\bin\\..\\lib\\clang-runtimes/arm-none-eabi/armv8.1m.main_hard_fpdp_nomve_exn_rtti_unaligned_size\\lib\libc.a(memcpy.c.o):(.text.memcpy)
 2004d70  2004d70        0     1                 $t
 2004d71  2004d71       12     1                 memcpy
 2004d71  2004d71       12     1                 __aeabi_memcpy4
 2004d71  2004d71       12     1                 __aeabi_memcpy8
 2004d71  2004d71       12     1                 __aeabi_memcpy
 2004d82  2004d82        e     2         C:\\Renesas\\RA\\e2studio_v2026-04.2_fsp_v6.5.0\\toolchains\\llvm_arm\\ATfE-21.1.1-Windows-x86_64\\bin\\..\\lib\\clang-runtimes/arm-none-eabi/armv8.1m.main_hard_fpdp_nomve_exn_rtti_unaligned_size\\lib\libc.a(memset.c.o):(.text.memset)
 2004d82  2004d82        0     1                 $t
 2004d83  2004d83        e     1                 memset
 2004d90  2004d90       7c     4         C:\\Renesas\\RA\\e2studio_v2026-04.2_fsp_v6.5.0\\toolchains\\llvm_arm\\ATfE-21.1.1-Windows-x86_64\\bin\\..\\lib\\clang-runtimes/arm-none-eabi/armv8.1m.main_hard_fpdp_nomve_exn_rtti_unaligned_size\\lib\libc.a(nano-free.c.o):(.text.free)
 2004d90  2004d90        0     1                 $t
 2004d91  2004d91       7c     1                 free
 2004d91  2004d91       7c     1                 __malloc_free
 2004d91  2004d91       7c     1                 cfree
 2004e00  2004e00        0     1                 $d
 2004e0c  2004e0c       40     4         C:\\Renesas\\RA\\e2studio_v2026-04.2_fsp_v6.5.0\\toolchains\\llvm_arm\\ATfE-21.1.1-Windows-x86_64\\bin\\..\\lib\\clang-runtimes/arm-none-eabi/armv8.1m.main_hard_fpdp_nomve_exn_rtti_unaligned_size\\lib\libc.a(nano-malloc.c.o):(.text.__malloc_grow_chunk)
 2004e0c  2004e0c        0     1                 $t
 2004e0d  2004e0d       40     1                 __malloc_grow_chunk
 2004e48  2004e48        0     1                 $d
 2004e4c  2004e4c       4c     4         C:\\Renesas\\RA\\e2studio_v2026-04.2_fsp_v6.5.0\\toolchains\\llvm_arm\\ATfE-21.1.1-Windows-x86_64\\bin\\..\\lib\\clang-runtimes/arm-none-eabi/armv8.1m.main_hard_fpdp_nomve_exn_rtti_unaligned_size\\lib\libc.a(nano-malloc.c.o):(.text.__malloc_sbrk_aligned)
 2004e4c  2004e4c        0     1                 $t
 2004e4d  2004e4d       4c     1                 __malloc_sbrk_aligned
 2004e94  2004e94        0     1                 $d
 2004e98  2004e98       ac     4         C:\\Renesas\\RA\\e2studio_v2026-04.2_fsp_v6.5.0\\toolchains\\llvm_arm\\ATfE-21.1.1-Windows-x86_64\\bin\\..\\lib\\clang-runtimes/arm-none-eabi/armv8.1m.main_hard_fpdp_nomve_exn_rtti_unaligned_size\\lib\libc.a(nano-malloc.c.o):(.text.malloc)
 2004e98  2004e98        0     1                 $t
 2004e99  2004e99       ac     1                 malloc
 2004e99  2004e99       ac     1                 __malloc_malloc
 2004f38  2004f38        0     1                 $d
 2004f44  2004f44        2     2         C:\\Renesas\\RA\\e2studio_v2026-04.2_fsp_v6.5.0\\toolchains\\llvm_arm\\ATfE-21.1.1-Windows-x86_64\\bin\\..\\lib\\clang-runtimes/arm-none-eabi/armv8.1m.main_hard_fpdp_nomve_exn_rtti_unaligned_size\\lib\libc.a(libc_misc_lock.c.o):(.text.__retarget_lock_acquire_recursive)
 2004f44  2004f44        0     1                 $t
 2004f45  2004f45        2     1                 __retarget_lock_acquire_recursive
 2004f46  2004f46        2     2         C:\\Renesas\\RA\\e2studio_v2026-04.2_fsp_v6.5.0\\toolchains\\llvm_arm\\ATfE-21.1.1-Windows-x86_64\\bin\\..\\lib\\clang-runtimes/arm-none-eabi/armv8.1m.main_hard_fpdp_nomve_exn_rtti_unaligned_size\\lib\libc.a(libc_misc_lock.c.o):(.text.__retarget_lock_release_recursive)
 2004f46  2004f46        0     1                 $t
 2004f47  2004f47        2     1                 __retarget_lock_release_recursive
 2004f48  2004f48       28     4         C:\\Renesas\\RA\\e2studio_v2026-04.2_fsp_v6.5.0\\toolchains\\llvm_arm\\ATfE-21.1.1-Windows-x86_64\\bin\\..\\lib\\clang-runtimes/arm-none-eabi/armv8.1m.main_hard_fpdp_nomve_exn_rtti_unaligned_size\\lib\libc.a(libc_picolib_inittls.c.o):(.text._init_tls)
 2004f48  2004f48        0     1                 $t
 2004f49  2004f49       28     1                 _init_tls
 2004f60  2004f60        0     1                 $d
 2004f70  2004f70       14     4         C:\\Renesas\\RA\\e2studio_v2026-04.2_fsp_v6.5.0\\toolchains\\llvm_arm\\ATfE-21.1.1-Windows-x86_64\\bin\\..\\lib\\clang-runtimes/arm-none-eabi/armv8.1m.main_hard_fpdp_nomve_exn_rtti_unaligned_size\\lib\libc.a(libc_picolib_machine_arm_set_tls.c.o):(.text._set_tls)
 2004f70  2004f70        0     1                 $t
 2004f71  2004f71       14     1                 _set_tls
 2004f7c  2004f7c        0     1                 $d
 2004f90  2004f90        c    16         C:\\Renesas\\RA\\e2studio_v2026-04.2_fsp_v6.5.0\\toolchains\\llvm_arm\\ATfE-21.1.1-Windows-x86_64\\bin\\..\\lib\\clang-runtimes/arm-none-eabi/armv8.1m.main_hard_fpdp_nomve_exn_rtti_unaligned_size\\lib\libc.a(libc_picolib_machine_arm_read_tp.S.o):(.text.__aeabi_read_tp)
 2004f90  2004f90        0     1                 $t
 2004f91  2004f91        0     1                 __aeabi_read_tp
 2004f98  2004f98        0     1                 $d
 2004f9c  2004f9c        4     4         ./src/model/sub_0000_command_stream.o:(.rodata.sub_0000_command_stream_size)
 2004f9c  2004f9c        4     1                 sub_0000_command_stream_size
 2004fa0  2004fa0     13dc    16         ./src/model/sub_0000_command_stream.o:(.rodata.sub_0000_command_stream)
 2004fa0  2004fa0     13dc     1                 sub_0000_command_stream
 200637c  200637c        4     4         ./src/model/sub_0000_model_data.o:(.rodata.sub_0000_model_data_size)
 200637c  200637c        4     1                 sub_0000_model_data_size
 2006380  2006380     9a40    16         ./src/model/sub_0000_model_data.o:(.rodata.sub_0000_model_data)
 2006380  2006380     9a40     1                 sub_0000_model_data
 200fdc0  200fdc0        4     4         ./src/model/sub_0000_tensors.o:(.rodata.sub_0000_address_serving_default_x_0)
 200fdc0  200fdc0        4     1                 sub_0000_address_serving_default_x_0
 200fdc4  200fdc4        4     4         ./src/model/sub_0000_tensors.o:(.rodata.sub_0000_address_StatefulPartitionedCall_0_70066)
 200fdc4  200fdc4        4     1                 sub_0000_address_StatefulPartitionedCall_0_70066
 200fdc8  200fdc8       11     1         ./src/SEGGER_RTT/SEGGER_RTT.o:(.rodata._DoInit._aInitStr)
 200fdc8  200fdc8       11     1                 _DoInit._aInitStr
 200fdd9  200fdd9      d8d     1         <internal>:(.rodata.str1.1)
 2010b68  2010b68       30     4         <internal>:(.rodata.cst16)
 2010b98  2010b98       10     2         ./src/camera_sensor.o:(.rodata.camera_profiles)
 2010b98  2010b98       10     1                 camera_profiles
 2010ba8  2010ba8       10     4         ./ra_gen/common_data.o:(.rodata.g_rm_ethosu0_cfg)
 2010ba8  2010ba8       10     1                 g_rm_ethosu0_cfg
 2010bb8  2010bb8       10     4         ./ra_gen/common_data.o:(.rodata.g_display_extend_cfg)
 2010bb8  2010bb8       10     1                 g_display_extend_cfg
 2010bc8  2010bc8       88     4         ./ra_gen/common_data.o:(.rodata.g_display_cfg)
 2010bc8  2010bc8       88     1                 g_display_cfg
 2010c50  2010c50       18     4         ./ra_gen/common_data.o:(.rodata.g_mipi_phy0_timing)
 2010c50  2010c50       18     1                 g_mipi_phy0_timing
 2010c68  2010c68       10     4         ./ra_gen/common_data.o:(.rodata.g_mipi_phy0_cfg)
 2010c68  2010c68       10     1                 g_mipi_phy0_cfg
 2010c78  2010c78        c     4         ./ra_gen/common_data.o:(.rodata.g_mipi_phy0)
 2010c78  2010c78        c     1                 g_mipi_phy0
 2010c88  2010c88       90     8         ./ra_gen/common_data.o:(.rodata.g_mipi_csi0_cfg)
 2010c88  2010c88       90     1                 g_mipi_csi0_cfg
 2010d18  2010d18        c     4         ./ra_gen/common_data.o:(.rodata.g_mipi_csi0)
 2010d18  2010d18        c     1                 g_mipi_csi0
 2010d24  2010d24       84     4         ./ra_gen/common_data.o:(.rodata.g_vin_cfg_extend)
 2010d24  2010d24       84     1                 g_vin_cfg_extend
 2010da8  2010da8       18     4         ./ra_gen/common_data.o:(.rodata.g_vin_cfg)
 2010da8  2010da8       18     1                 g_vin_cfg
 2010dc0  2010dc0        1     1         ./ra_gen/hal_data.o:(.rodata.g_transfer1_cfg_extend)
 2010dc0  2010dc0        1     1                 g_transfer1_cfg_extend
 2010dc4  2010dc4        8     4         ./ra_gen/hal_data.o:(.rodata.g_transfer1_cfg)
 2010dc4  2010dc4        8     1                 g_transfer1_cfg
 2010dcc  2010dcc        c     4         ./ra_gen/hal_data.o:(.rodata.g_transfer1)
 2010dcc  2010dcc        c     1                 g_transfer1
 2010dd8  2010dd8        1     1         ./ra_gen/hal_data.o:(.rodata.g_transfer0_cfg_extend)
 2010dd8  2010dd8        1     1                 g_transfer0_cfg_extend
 2010ddc  2010ddc        8     4         ./ra_gen/hal_data.o:(.rodata.g_transfer0_cfg)
 2010ddc  2010ddc        8     1                 g_transfer0_cfg
 2010de4  2010de4        c     4         ./ra_gen/hal_data.o:(.rodata.g_transfer0)
 2010de4  2010de4        c     1                 g_transfer0
 2010df0  2010df0        8     1         ./ra_gen/hal_data.o:(.rodata.g_i2c_master_for_peripheral_extend)
 2010df0  2010df0        8     1                 g_i2c_master_for_peripheral_extend
 2010df8  2010df8       28     4         ./ra_gen/hal_data.o:(.rodata.g_i2c_master_for_peripheral_cfg)
 2010df8  2010df8       28     1                 g_i2c_master_for_peripheral_cfg
 2010e20  2010e20      4c0     4         ./ra_gen/pin_data.o:(.rodata.g_bsp_pin_cfg_data)
 2010e20  2010e20      4c0     1                 g_bsp_pin_cfg_data
 20112e0  20112e0        c     4         ./ra_gen/pin_data.o:(.rodata.g_bsp_pin_cfg)
 20112e0  20112e0        c     1                 g_bsp_pin_cfg
 20112ec  20112ec       20     2         ./ra_gen/vector_data.o:(.rodata.g_interrupt_event_link_select)
 20112ec  20112ec       20     1                 g_interrupt_event_link_select
 201130c  201130c        8     4         ./ra/fsp/src/r_mipi_phy/r_mipi_phy.o:(.rodata.g_mipi_phy)
 201130c  201130c        8     1                 g_mipi_phy
 2011314  2011314       18     4         ./ra/fsp/src/r_mipi_csi/r_mipi_csi.o:(.rodata.g_mipi_csi)
 2011314  2011314       18     1                 g_mipi_csi
 201132c  201132c        6     2         ./ra/fsp/src/r_ioport/r_ioport.o:(.rodata.g_vbatt_pins_input)
 201132c  201132c        6     1                 g_vbatt_pins_input
 2011332  2011332        8     1         <internal>:(.rodata.cst8)
 201133a  201133a        8     1         <internal>:(.rodata.cst4)
 2011344  2011344       2c     4         ./ra/fsp/src/r_dtc/r_dtc.o:(.rodata.g_transfer_on_dtc)
 2011344  2011344       2c     1                 g_transfer_on_dtc
 2011370  2011370       20     4         ./ra/fsp/src/bsp/mcu/ra8p1/bsp_linker.o:(.rodata.nocache_list)
 2011370  2011370       20     1                 nocache_list
 2011390  2011390       18     4         ./ra/fsp/src/bsp/mcu/ra8p1/bsp_linker.o:(.rodata.g_init_info)
 2011390  2011390       18     1                 g_init_info
 20113a8  20113a8       84     4         ./ra/fsp/src/bsp/mcu/ra8p1/bsp_linker.o:(.rodata.zero_list)
 20113a8  20113a8       84     1                 zero_list
 201142c  201142c      190     4         ./ra/fsp/src/bsp/mcu/ra8p1/bsp_linker.o:(.rodata.copy_list)
 201142c  201142c      190     1                 copy_list
 20115bc  20115bc        a     2         ./ra/fsp/src/bsp/mcu/all/bsp_register_protection.o:(.rodata.g_prcr_masks)
 20115bc  20115bc        a     1                 g_prcr_masks
 20115c8  20115c8       4e     4         ./ra/fsp/src/bsp/mcu/all/bsp_common.o:(.version)
 20115c8  20115c8        4     1                 g_fsp_version
 20115cc  20115cc        6     1                 g_fsp_version_string
 20115d2  20115d2       44     1                 g_fsp_version_build_string
 2011616  2011616        0     1         __flash_readonly$$Limit = .
 2011616  2011616        0     1 __flash_preinit_array$$
 2011616  2011616        0     1         __preinit_array_start = .
 2011616  2011616        0     1         __preinit_array_end = .
 2011618  2011618        4     4 __flash_.got$$
 2011618  2011618        4     4         <internal>:(.got)
 201161c  201161c        0     1 __flash_init_array$$
 201161c  201161c        0     1         __init_array_start = .
 201161c  201161c        0     1         __init_array_end = .
 201161c  201161c        0     1 __flash_fini_array$$
 201161c  201161c        0     1         __fini_array_start = .
 201161c  201161c        0     1         __fini_array_end = .
 201161c  201161c        0     1 __flash_arm.exidx$$
 201161c  201161c        0     1         __exidx_start = .
 201161c  201161c        0     1         __exidx_end = .
 2011800  2011800        0     1 .flash.endof
 2011800  2011800        0     1         __ddsc_FLASH_END = .
 2011800  2011800        0     1 .flash.flat_nsc
 2011800  2011800        0     1         __ddsc_FLASH_NSC = .
 2c9f040  2c9f040        0     1 .option_setting_ofs0.startof
 2c9f040  2c9f040        0     1         __ddsc_OPTION_SETTING_OFS0_START = .
 2c9f040  2c9f040        0     1 __option_setting_ofs0_reg$$
 2c9f040  2c9f040        0     1         __option_setting_ofs0_reg$$Base = .
 2c9f040  2c9f040        0     1         __option_setting_ofs0_reg$$Limit = .
 2c9f040  2c9f040        0     1 .option_setting_ofs0.endof
 2c9f040  2c9f040        0     1         __ddsc_OPTION_SETTING_OFS0_END = .
 2c9f044  2c9f044        0     1 .option_setting_ofs2.startof
 2c9f044  2c9f044        0     1         __ddsc_OPTION_SETTING_OFS2_START = .
 2c9f044  2c9f044        0     1 __option_setting_ofs2_reg$$
 2c9f044  2c9f044        0     1         __option_setting_ofs2_reg$$Base = .
 2c9f044  2c9f044        0     1         __option_setting_ofs2_reg$$Limit = .
 2c9f044  2c9f044        0     1 .option_setting_ofs2.endof
 2c9f044  2c9f044        0     1         __ddsc_OPTION_SETTING_OFS2_END = .
 2c9f074  2c9f074        0     1 .option_setting_sas.startof
 2c9f074  2c9f074        0     1         __ddsc_OPTION_SETTING_SAS_START = .
 2c9f074  2c9f074        0     1 __option_setting_sas_reg$$
 2c9f074  2c9f074        0     1         __option_setting_sas_reg$$Base = .
 2c9f074  2c9f074        0     1         __option_setting_sas_reg$$Limit = .
 2c9f074  2c9f074        0     1 .option_setting_sas.endof
 2c9f074  2c9f074        0     1         __ddsc_OPTION_SETTING_SAS_END = .
12c9f4c0 12c9f4c0        0     1 .option_setting_ofs1.startof
12c9f4c0 12c9f4c0        0     1         __ddsc_OPTION_SETTING_OFS1_START = .
12c9f4c0 12c9f4c0        0     1 __option_setting_ofs1_reg$$
12c9f4c0 12c9f4c0        0     1         __option_setting_ofs1_reg$$Base = .
12c9f4c0 12c9f4c0        0     1         __option_setting_ofs1_reg$$Limit = .
12c9f4c0 12c9f4c0        0     1 .option_setting_ofs1.endof
12c9f4c0 12c9f4c0        0     1         __ddsc_OPTION_SETTING_OFS1_END = .
 2c9f0c0  2c9f0c0        0     1 .option_setting_ofs1_sec.startof
 2c9f0c0  2c9f0c0        0     1         __ddsc_OPTION_SETTING_OFS1_SEC_START = .
 2c9f0c0  2c9f0c0        0     1 __option_setting_ofs1_sec_reg$$
[...]
__itcm_from_data_flash$$Limit                     fsp_gen.lld:333
                                                  ./ra/fsp/src/bsp/mcu/ra8p1/bsp_linker.o
__itcm_from_data_flash$$Load                      fsp_gen.lld:328
                                                  ./ra/fsp/src/bsp/mcu/ra8p1/bsp_linker.o
__itcm_from_flash$$Base                           fsp_gen.lld:557
                                                  ./ra/fsp/src/bsp/mcu/ra8p1/bsp_linker.o
__itcm_from_flash$$Limit                          fsp_gen.lld:562
                                                  ./ra/fsp/src/bsp/mcu/ra8p1/bsp_linker.o
__itcm_from_flash$$Load                           fsp_gen.lld:557
                                                  ./ra/fsp/src/bsp/mcu/ra8p1/bsp_linker.o
__dtcm_from_ospi0_cs1$$Base                       fsp_gen.lld:129
                                                  ./ra/fsp/src/bsp/mcu/ra8p1/bsp_linker.o
__dtcm_from_ospi0_cs1$$Limit                      fsp_gen.lld:134
                                                  ./ra/fsp/src/bsp/mcu/ra8p1/bsp_linker.o
__dtcm_from_ospi0_cs1$$Load                       fsp_gen.lld:129
                                                  ./ra/fsp/src/bsp/mcu/ra8p1/bsp_linker.o
__dtcm_from_ospi1_cs1$$Base                       fsp_gen.lld:240
                                                  ./ra/fsp/src/bsp/mcu/ra8p1/bsp_linker.o
__dtcm_from_ospi1_cs1$$Limit                      fsp_gen.lld:245
                                                  ./ra/fsp/src/bsp/mcu/ra8p1/bsp_linker.o
__dtcm_from_ospi1_cs1$$Load                       fsp_gen.lld:240
                                                  ./ra/fsp/src/bsp/mcu/ra8p1/bsp_linker.o
__dtcm_from_data_flash$$Base                      fsp_gen.lld:340
                                                  ./ra/fsp/src/bsp/mcu/ra8p1/bsp_linker.o
__dtcm_from_data_flash$$Limit                     fsp_gen.lld:345
                                                  ./ra/fsp/src/bsp/mcu/ra8p1/bsp_linker.o
__dtcm_from_data_flash$$Load                      fsp_gen.lld:340
                                                  ./ra/fsp/src/bsp/mcu/ra8p1/bsp_linker.o
__dtcm_from_flash$$Base                           fsp_gen.lld:590
                                                  ./ra/fsp/src/bsp/mcu/ra8p1/bsp_linker.o
__dtcm_from_flash$$Limit                          fsp_gen.lld:595
                                                  ./ra/fsp/src/bsp/mcu/ra8p1/bsp_linker.o
__dtcm_from_flash$$Load                           fsp_gen.lld:590
                                                  ./ra/fsp/src/bsp/mcu/ra8p1/bsp_linker.o
__ram_from_ospi0_cs1$$Base                        fsp_gen.lld:152
                                                  ./ra/fsp/src/bsp/mcu/ra8p1/bsp_linker.o
__ram_from_ospi0_cs1$$Limit                       fsp_gen.lld:157
                                                  ./ra/fsp/src/bsp/mcu/ra8p1/bsp_linker.o
__ram_from_ospi0_cs1$$Load                        fsp_gen.lld:152
                                                  ./ra/fsp/src/bsp/mcu/ra8p1/bsp_linker.o
__ram_from_ospi1_cs1$$Base                        fsp_gen.lld:252
                                                  ./ra/fsp/src/bsp/mcu/ra8p1/bsp_linker.o
__ram_from_ospi1_cs1$$Limit                       fsp_gen.lld:257
                                                  ./ra/fsp/src/bsp/mcu/ra8p1/bsp_linker.o
__ram_from_ospi1_cs1$$Load                        fsp_gen.lld:252
                                                  ./ra/fsp/src/bsp/mcu/ra8p1/bsp_linker.o
__ram_from_data_flash$$Base                       fsp_gen.lld:352
                                                  ./ra/fsp/src/bsp/mcu/ra8p1/bsp_linker.o
__ram_from_data_flash$$Limit                      fsp_gen.lld:357
                                                  ./ra/fsp/src/bsp/mcu/ra8p1/bsp_linker.o
__ram_from_data_flash$$Load                       fsp_gen.lld:352
                                                  ./ra/fsp/src/bsp/mcu/ra8p1/bsp_linker.o
__ram_from_flash$$Base                            fsp_gen.lld:623
                                                  ./ra/fsp/src/bsp/mcu/ra8p1/bsp_linker.o
__ram_from_flash$$Limit                           fsp_gen.lld:630
                                                  ./ra/fsp/src/bsp/mcu/ra8p1/bsp_linker.o
__ram_from_flash$$Load                            fsp_gen.lld:623
                                                  ./ra/fsp/src/bsp/mcu/ra8p1/bsp_linker.o
__ram_tdata$$Base                                 fsp_gen.lld:672
                                                  ./ra/fsp/src/bsp/mcu/ra8p1/bsp_linker.o
__ram_tdata$$Limit                                fsp_gen.lld:676
                                                  ./ra/fsp/src/bsp/mcu/ra8p1/bsp_linker.o
__ram_tdata$$Load                                 fsp_gen.lld:672
                                                  ./ra/fsp/src/bsp/mcu/ra8p1/bsp_linker.o
SystemCoreClockUpdate                             ./ra/fsp/src/bsp/mcu/all/bsp_clocks.o
                                                  ./ra/fsp/src/bsp/cmsis/Device/RENESAS/Source/system.o
bsp_clock_init                                    ./ra/fsp/src/bsp/mcu/all/bsp_clocks.o
                                                  ./ra/fsp/src/bsp/cmsis/Device/RENESAS/Source/system.o
R_BSP_SubClockStabilizeWaitAfterReset             ./ra/fsp/src/bsp/mcu/all/bsp_clocks.o
R_BSP_Init_RTC                                    ./ra/fsp/src/bsp/mcu/all/bsp_clocks.o
                                                  ./ra/fsp/src/bsp/cmsis/Device/RENESAS/Source/system.o
bsp_init                                          ./ra/board/ra8p1_ek/board_init.o
                                                  ./ra/fsp/src/bsp/mcu/all/bsp_common.o
                                                  ./ra/fsp/src/bsp/cmsis/Device/RENESAS/Source/system.o
bsp_prv_software_delay_loop                       ./ra/fsp/src/bsp/mcu/all/bsp_delay.o
g_bsp_group_irq_sources                           ./ra/fsp/src/bsp/mcu/all/bsp_group_irq.o
NMI_Handler                                       ./ra/fsp/src/bsp/mcu/all/bsp_group_irq.o
                                                  ./ra/fsp/src/bsp/cmsis/Device/RENESAS/Source/startup.o
bsp_irq_cfg                                       ./ra/fsp/src/bsp/mcu/all/bsp_irq.o
                                                  ./ra/fsp/src/bsp/cmsis/Device/RENESAS/Source/system.o
g_protect_counters                                ./ra/fsp/src/bsp/mcu/all/bsp_register_protection.o
sbrk                                              ./ra/fsp/src/bsp/mcu/all/bsp_sbrk.o
                                                  C:\\Renesas\\RA\\e2studio_v2026-04.2_fsp_v6.5.0\\toolchains\\llvm_arm\\ATfE-21.1.1-Windows-x86_64\\bin\\..\\lib\\clang-runtimes/arm-none-eabi/armv8.1m.main_hard_fpdp_nomve_exn_rtti_unaligned_size\\lib\libc.a(nano-malloc.c.o)
__aeabi_read_tp                                   C:\\Renesas\\RA\\e2studio_v2026-04.2_fsp_v6.5.0\\toolchains\\llvm_arm\\ATfE-21.1.1-Windows-x86_64\\bin\\..\\lib\\clang-runtimes/arm-none-eabi/armv8.1m.main_hard_fpdp_nomve_exn_rtti_unaligned_size\\lib\libc.a(libc_picolib_machine_arm_read_tp.S.o)
                                                  ./ra/fsp/src/bsp/mcu/all/bsp_sbrk.o
                                                  C:\\Renesas\\RA\\e2studio_v2026-04.2_fsp_v6.5.0\\toolchains\\llvm_arm\\ATfE-21.1.1-Windows-x86_64\\bin\\..\\lib\\clang-runtimes/arm-none-eabi/armv8.1m.main_hard_fpdp_nomve_exn_rtti_unaligned_size\\lib\libc.a(nano-free.c.o)
                                                  C:\\Renesas\\RA\\e2studio_v2026-04.2_fsp_v6.5.0\\toolchains\\llvm_arm\\ATfE-21.1.1-Windows-x86_64\\bin\\..\\lib\\clang-runtimes/arm-none-eabi/armv8.1m.main_hard_fpdp_nomve_exn_rtti_unaligned_size\\lib\libc.a(nano-malloc.c.o)
g_heap                                            ./ra/fsp/src/bsp/cmsis/Device/RENESAS/Source/startup.o
                                                  ./ra/fsp/src/bsp/mcu/all/bsp_sbrk.o
errno                                             C:\\Renesas\\RA\\e2studio_v2026-04.2_fsp_v6.5.0\\toolchains\\llvm_arm\\ATfE-21.1.1-Windows-x86_64\\bin\\..\\lib\\clang-runtimes/arm-none-eabi/armv8.1m.main_hard_fpdp_nomve_exn_rtti_unaligned_size\\lib\libc.a(libc_errno_errno.c.o)
                                                  ./ra/fsp/src/bsp/mcu/all/bsp_sbrk.o
                                                  C:\\Renesas\\RA\\e2studio_v2026-04.2_fsp_v6.5.0\\toolchains\\llvm_arm\\ATfE-21.1.1-Windows-x86_64\\bin\\..\\lib\\clang-runtimes/arm-none-eabi/armv8.1m.main_hard_fpdp_nomve_exn_rtti_unaligned_size\\lib\libc.a(nano-free.c.o)
                                                  C:\\Renesas\\RA\\e2studio_v2026-04.2_fsp_v6.5.0\\toolchains\\llvm_arm\\ATfE-21.1.1-Windows-x86_64\\bin\\..\\lib\\clang-runtimes/arm-none-eabi/armv8.1m.main_hard_fpdp_nomve_exn_rtti_unaligned_size\\lib\libc.a(nano-malloc.c.o)
Reset_Handler                                     ./ra/fsp/src/bsp/cmsis/Device/RENESAS/Source/startup.o
SystemInit                                        ./ra/fsp/src/bsp/cmsis/Device/RENESAS/Source/system.o
                                                  ./ra/fsp/src/bsp/cmsis/Device/RENESAS/Source/startup.o
Default_Handler                                   ./ra/fsp/src/bsp/cmsis/Device/RENESAS/Source/startup.o
g_main_stack                                      ./ra/fsp/src/bsp/cmsis/Device/RENESAS/Source/startup.o
                                                  ./ra/fsp/src/bsp/cmsis/Device/RENESAS/Source/system.o
__Vectors                                         ./ra/fsp/src/bsp/cmsis/Device/RENESAS/Source/startup.o
                                                  ./ra/fsp/src/bsp/cmsis/Device/RENESAS/Source/system.o
HardFault_Handler                                 ./ra/fsp/src/bsp/cmsis/Device/RENESAS/Source/startup.o
MemManage_Handler                                 ./ra/fsp/src/bsp/cmsis/Device/RENESAS/Source/startup.o
BusFault_Handler                                  ./ra/fsp/src/bsp/cmsis/Device/RENESAS/Source/startup.o
UsageFault_Handler                                ./ra/fsp/src/bsp/cmsis/Device/RENESAS/Source/startup.o
SecureFault_Handler                               ./ra/fsp/src/bsp/cmsis/Device/RENESAS/Source/startup.o
SVC_Handler                                       ./ra/fsp/src/bsp/cmsis/Device/RENESAS/Source/startup.o
DebugMon_Handler                                  ./ra/fsp/src/bsp/cmsis/Device/RENESAS/Source/startup.o
PendSV_Handler                                    ./ra/fsp/src/bsp/cmsis/Device/RENESAS/Source/startup.o
SysTick_Handler                                   ./ra/fsp/src/bsp/cmsis/Device/RENESAS/Source/startup.o
_init_tls                                         C:\\Renesas\\RA\\e2studio_v2026-04.2_fsp_v6.5.0\\toolchains\\llvm_arm\\ATfE-21.1.1-Windows-x86_64\\bin\\..\\lib\\clang-runtimes/arm-none-eabi/armv8.1m.main_hard_fpdp_nomve_exn_rtti_unaligned_size\\lib\libc.a(libc_picolib_inittls.c.o)
                                                  ./ra/fsp/src/bsp/cmsis/Device/RENESAS/Source/system.o
__init_array_start                                fsp_gen.lld:749
                                                  ./ra/fsp/src/bsp/cmsis/Device/RENESAS/Source/system.o
__init_array_end                                  fsp_gen.lld:752
                                                  ./ra/fsp/src/bsp/cmsis/Device/RENESAS/Source/system.o
__aeabi_memcpy8                                   C:\\Renesas\\RA\\e2studio_v2026-04.2_fsp_v6.5.0\\toolchains\\llvm_arm\\ATfE-21.1.1-Windows-x86_64\\bin\\..\\lib\\clang-runtimes/arm-none-eabi/armv8.1m.main_hard_fpdp_nomve_exn_rtti_unaligned_size\\lib\libc.a(memcpy.c.o)
                                                  ./ra/arm/CMSIS-NN/Source/FullyConnectedFunctions/arm_vector_sum_s8_s64.o
                                                  ./ra/arm/CMSIS-DSP/Source/MatrixFunctions/arm_mat_ldlt_f64.o
                                                  ./ra/arm/CMSIS-DSP/Source/MatrixFunctions/arm_mat_qr_f64.o
bzero                                             C:\\Renesas\\RA\\e2studio_v2026-04.2_fsp_v6.5.0\\toolchains\\llvm_arm\\ATfE-21.1.1-Windows-x86_64\\bin\\..\\lib\\clang-runtimes/arm-none-eabi/armv8.1m.main_hard_fpdp_nomve_exn_rtti_unaligned_size\\lib\libc.a(bzero.c.o)
__retarget_lock_acquire_recursive                 C:\\Renesas\\RA\\e2studio_v2026-04.2_fsp_v6.5.0\\toolchains\\llvm_arm\\ATfE-21.1.1-Windows-x86_64\\bin\\..\\lib\\clang-runtimes/arm-none-eabi/armv8.1m.main_hard_fpdp_nomve_exn_rtti_unaligned_size\\lib\libc.a(libc_misc_lock.c.o)
                                                  C:\\Renesas\\RA\\e2studio_v2026-04.2_fsp_v6.5.0\\toolchains\\llvm_arm\\ATfE-21.1.1-Windows-x86_64\\bin\\..\\lib\\clang-runtimes/arm-none-eabi/armv8.1m.main_hard_fpdp_nomve_exn_rtti_unaligned_size\\lib\libc.a(nano-free.c.o)
                                                  C:\\Renesas\\RA\\e2studio_v2026-04.2_fsp_v6.5.0\\toolchains\\llvm_arm\\ATfE-21.1.1-Windows-x86_64\\bin\\..\\lib\\clang-runtimes/arm-none-eabi/armv8.1m.main_hard_fpdp_nomve_exn_rtti_unaligned_size\\lib\libc.a(nano-malloc.c.o)
__retarget_lock_release_recursive                 C:\\Renesas\\RA\\e2studio_v2026-04.2_fsp_v6.5.0\\toolchains\\llvm_arm\\ATfE-21.1.1-Windows-x86_64\\bin\\..\\lib\\clang-runtimes/arm-none-eabi/armv8.1m.main_hard_fpdp_nomve_exn_rtti_unaligned_size\\lib\libc.a(libc_misc_lock.c.o)
                                                  C:\\Renesas\\RA\\e2studio_v2026-04.2_fsp_v6.5.0\\toolchains\\llvm_arm\\ATfE-21.1.1-Windows-x86_64\\bin\\..\\lib\\clang-runtimes/arm-none-eabi/armv8.1m.main_hard_fpdp_nomve_exn_rtti_unaligned_size\\lib\libc.a(nano-free.c.o)
                                                  C:\\Renesas\\RA\\e2studio_v2026-04.2_fsp_v6.5.0\\toolchains\\llvm_arm\\ATfE-21.1.1-Windows-x86_64\\bin\\..\\lib\\clang-runtimes/arm-none-eabi/armv8.1m.main_hard_fpdp_nomve_exn_rtti_unaligned_size\\lib\libc.a(nano-malloc.c.o)
__lock___libc_recursive_mutex                     C:\\Renesas\\RA\\e2studio_v2026-04.2_fsp_v6.5.0\\toolchains\\llvm_arm\\ATfE-21.1.1-Windows-x86_64\\bin\\..\\lib\\clang-runtimes/arm-none-eabi/armv8.1m.main_hard_fpdp_nomve_exn_rtti_unaligned_size\\lib\libc.a(libc_misc_lock.c.o)
                                                  C:\\Renesas\\RA\\e2studio_v2026-04.2_fsp_v6.5.0\\toolchains\\llvm_arm\\ATfE-21.1.1-Windows-x86_64\\bin\\..\\lib\\clang-runtimes/arm-none-eabi/armv8.1m.main_hard_fpdp_nomve_exn_rtti_unaligned_size\\lib\libc.a(nano-free.c.o)
                                                  C:\\Renesas\\RA\\e2studio_v2026-04.2_fsp_v6.5.0\\toolchains\\llvm_arm\\ATfE-21.1.1-Windows-x86_64\\bin\\..\\lib\\clang-runtimes/arm-none-eabi/armv8.1m.main_hard_fpdp_nomve_exn_rtti_unaligned_size\\lib\libc.a(nano-malloc.c.o)
__malloc_free_list                                C:\\Renesas\\RA\\e2studio_v2026-04.2_fsp_v6.5.0\\toolchains\\llvm_arm\\ATfE-21.1.1-Windows-x86_64\\bin\\..\\lib\\clang-runtimes/arm-none-eabi/armv8.1m.main_hard_fpdp_nomve_exn_rtti_unaligned_size\\lib\libc.a(nano-malloc.c.o)
                                                  C:\\Renesas\\RA\\e2studio_v2026-04.2_fsp_v6.5.0\\toolchains\\llvm_arm\\ATfE-21.1.1-Windows-x86_64\\bin\\..\\lib\\clang-runtimes/arm-none-eabi/armv8.1m.main_hard_fpdp_nomve_exn_rtti_unaligned_size\\lib\libc.a(nano-free.c.o)
__malloc_free                                     C:\\Renesas\\RA\\e2studio_v2026-04.2_fsp_v6.5.0\\toolchains\\llvm_arm\\ATfE-21.1.1-Windows-x86_64\\bin\\..\\lib\\clang-runtimes/arm-none-eabi/armv8.1m.main_hard_fpdp_nomve_exn_rtti_unaligned_size\\lib\libc.a(nano-free.c.o)
                                                  C:\\Renesas\\RA\\e2studio_v2026-04.2_fsp_v6.5.0\\toolchains\\llvm_arm\\ATfE-21.1.1-Windows-x86_64\\bin\\..\\lib\\clang-runtimes/arm-none-eabi/armv8.1m.main_hard_fpdp_nomve_exn_rtti_unaligned_size\\lib\libc.a(nano-malloc.c.o)
cfree                                             C:\\Renesas\\RA\\e2studio_v2026-04.2_fsp_v6.5.0\\toolchains\\llvm_arm\\ATfE-21.1.1-Windows-x86_64\\bin\\..\\lib\\clang-runtimes/arm-none-eabi/armv8.1m.main_hard_fpdp_nomve_exn_rtti_unaligned_size\\lib\libc.a(nano-free.c.o)
__malloc_grow_chunk                               C:\\Renesas\\RA\\e2studio_v2026-04.2_fsp_v6.5.0\\toolchains\\llvm_arm\\ATfE-21.1.1-Windows-x86_64\\bin\\..\\lib\\clang-runtimes/arm-none-eabi/armv8.1m.main_hard_fpdp_nomve_exn_rtti_unaligned_size\\lib\libc.a(nano-malloc.c.o)
__malloc_malloc                                   C:\\Renesas\\RA\\e2studio_v2026-04.2_fsp_v6.5.0\\toolchains\\llvm_arm\\ATfE-21.1.1-Windows-x86_64\\bin\\..\\lib\\clang-runtimes/arm-none-eabi/armv8.1m.main_hard_fpdp_nomve_exn_rtti_unaligned_size\\lib\libc.a(nano-malloc.c.o)
__malloc_sbrk_top                                 C:\\Renesas\\RA\\e2studio_v2026-04.2_fsp_v6.5.0\\toolchains\\llvm_arm\\ATfE-21.1.1-Windows-x86_64\\bin\\..\\lib\\clang-runtimes/arm-none-eabi/armv8.1m.main_hard_fpdp_nomve_exn_rtti_unaligned_size\\lib\libc.a(nano-malloc.c.o)
__malloc_sbrk_start                               C:\\Renesas\\RA\\e2studio_v2026-04.2_fsp_v6.5.0\\toolchains\\llvm_arm\\ATfE-21.1.1-Windows-x86_64\\bin\\..\\lib\\clang-runtimes/arm-none-eabi/armv8.1m.main_hard_fpdp_nomve_exn_rtti_unaligned_size\\lib\libc.a(nano-malloc.c.o)
__tdata_source                                    fsp_gen.lld:1285
                                                  C:\\Renesas\\RA\\e2studio_v2026-04.2_fsp_v6.5.0\\toolchains\\llvm_arm\\ATfE-21.1.1-Windows-x86_64\\bin\\..\\lib\\clang-runtimes/arm-none-eabi/armv8.1m.main_hard_fpdp_nomve_exn_rtti_unaligned_size\\lib\libc.a(libc_picolib_inittls.c.o)
__tdata_size                                      fsp_gen.lld:1286
                                                  C:\\Renesas\\RA\\e2studio_v2026-04.2_fsp_v6.5.0\\toolchains\\llvm_arm\\ATfE-21.1.1-Windows-x86_64\\bin\\..\\lib\\clang-runtimes/arm-none-eabi/armv8.1m.main_hard_fpdp_nomve_exn_rtti_unaligned_size\\lib\libc.a(libc_picolib_inittls.c.o)
__tbss_offset                                     fsp_gen.lld:1287
                                                  C:\\Renesas\\RA\\e2studio_v2026-04.2_fsp_v6.5.0\\toolchains\\llvm_arm\\ATfE-21.1.1-Windows-x86_64\\bin\\..\\lib\\clang-runtimes/arm-none-eabi/armv8.1m.main_hard_fpdp_nomve_exn_rtti_unaligned_size\\lib\libc.a(libc_picolib_inittls.c.o)
__tbss_size                                       fsp_gen.lld:1288
                                                  C:\\Renesas\\RA\\e2studio_v2026-04.2_fsp_v6.5.0\\toolchains\\llvm_arm\\ATfE-21.1.1-Windows-x86_64\\bin\\..\\lib\\clang-runtimes/arm-none-eabi/armv8.1m.main_hard_fpdp_nomve_exn_rtti_unaligned_size\\lib\libc.a(libc_picolib_inittls.c.o)
__arm32_tls_tcb_offset                            fsp_gen.lld:1289
                                                  C:\\Renesas\\RA\\e2studio_v2026-04.2_fsp_v6.5.0\\toolchains\\llvm_arm\\ATfE-21.1.1-Windows-x86_64\\bin\\..\\lib\\clang-runtimes/arm-none-eabi/armv8.1m.main_hard_fpdp_nomve_exn_rtti_unaligned_size\\lib\libc.a(libc_picolib_machine_arm_set_tls.c.o)
__tls                                             C:\\Renesas\\RA\\e2studio_v2026-04.2_fsp_v6.5.0\\toolchains\\llvm_arm\\ATfE-21.1.1-Windows-x86_64\\bin\\..\\lib\\clang-runtimes/arm-none-eabi/armv8.1m.main_hard_fpdp_nomve_exn_rtti_unaligned_size\\lib\libc.a(libc_picolib_machine_arm_tls.c.o)
                                                  C:\\Renesas\\RA\\e2studio_v2026-04.2_fsp_v6.5.0\\toolchains\\llvm_arm\\ATfE-21.1.1-Windows-x86_64\\bin\\..\\lib\\clang-runtimes/arm-none-eabi/armv8.1m.main_hard_fpdp_nomve_exn_rtti_unaligned_size\\lib\libc.a(libc_picolib_machine_arm_set_tls.c.o)
                                                  C:\\Renesas\\RA\\e2studio_v2026-04.2_fsp_v6.5.0\\toolchains\\llvm_arm\\ATfE-21.1.1-Windows-x86_64\\bin\\..\\lib\\clang-runtimes/arm-none-eabi/armv8.1m.main_hard_fpdp_nomve_exn_rtti_unaligned_size\\lib\libc.a(libc_picolib_machine_arm_read_tp.S.o)
