     VMA      LMA     Size Align Out     In      Symbol
       0        0        0     1 RAM_START = 0x22000000
       0        0        0     1 RAM_LENGTH = 0x001d4000
       0        0        0     1 FLASH_START = 0x02000000
       0        0        0     1 FLASH_LENGTH = 0x00100000
       0        0        0     1 DATA_FLASH_START = 0x27000000
       0        0        0     1 DATA_FLASH_LENGTH = 0x00000000
       0        0        0     1 SDRAM_START = 0x68000000
       0        0        0     1 SDRAM_LENGTH = 0x08000000
       0        0        0     1 OSPI0_CS0_START = 0x80000000
       0        0        0     1 OSPI0_CS0_LENGTH = 0x10000000
       0        0        0     1 OSPI0_CS1_START = 0x90000000
       0        0        0     1 OSPI0_CS1_LENGTH = 0x10000000
       0        0        0     1 OSPI1_CS0_START = 0x70000000
       0        0        0     1 OSPI1_CS0_LENGTH = 0x08000000
       0        0        0     1 OSPI1_CS1_START = 0x78000000
       0        0        0     1 OSPI1_CS1_LENGTH = 0x08000000
       0        0        0     1 OPTION_SETTING_OFS0_START = 0x02c9f040
       0        0        0     1 OPTION_SETTING_OFS0_LENGTH = 0x00000004
       0        0        0     1 OPTION_SETTING_OFS2_START = 0x02c9f044
       0        0        0     1 OPTION_SETTING_OFS2_LENGTH = 0x00000004
       0        0        0     1 OPTION_SETTING_SAS_START = 0x02c9f074
       0        0        0     1 OPTION_SETTING_SAS_LENGTH = 0x00000004
       0        0        0     1 OPTION_SETTING_OFS1_START = 0x12c9f4c0
       0        0        0     1 OPTION_SETTING_OFS1_LENGTH = 0x00000004
       0        0        0     1 OPTION_SETTING_OFS1_SEC_START = 0x02c9f0c0
       0        0        0     1 OPTION_SETTING_OFS1_SEC_LENGTH = 0x00000004
       0        0        0     1 OPTION_SETTING_OFS1_SEL_START = 0x02c9f120
       0        0        0     1 OPTION_SETTING_OFS1_SEL_LENGTH = 0x00000004
       0        0        0     1 OPTION_SETTING_OFS3_START = 0x12c9f4c4
       0        0        0     1 OPTION_SETTING_OFS3_LENGTH = 0x00000004
       0        0        0     1 OPTION_SETTING_OFS3_SEC_START = 0x02c9f0c4
       0        0        0     1 OPTION_SETTING_OFS3_SEC_LENGTH = 0x00000004
       0        0        0     1 OPTION_SETTING_OFS3_SEL_START = 0x02c9f124
       0        0        0     1 OPTION_SETTING_OFS3_SEL_LENGTH = 0x00000004
       0        0        0     1 OPTION_SETTING_BPS_START = 0x12c9f600
       0        0        0     1 OPTION_SETTING_BPS_LENGTH = 0x00000080
       0        0        0     1 OPTION_SETTING_BPS_SEC_START = 0x02c9f200
       0        0        0     1 OPTION_SETTING_BPS_SEC_LENGTH = 0x00000080
       0        0        0     1 OPTION_SETTING_OTP_FSBLCTRL0_START = 0x02e07600
       0        0        0     1 OPTION_SETTING_OTP_FSBLCTRL0_LENGTH = 0x00000004
       0        0        0     1 OPTION_SETTING_OTP_FSBLCTRL1_START = 0x02e07604
       0        0        0     1 OPTION_SETTING_OTP_FSBLCTRL1_LENGTH = 0x00000004
       0        0        0     1 OPTION_SETTING_OTP_FSBLCTRL2_START = 0x02e07608
       0        0        0     1 OPTION_SETTING_OTP_FSBLCTRL2_LENGTH = 0x00000004
       0        0        0     1 OPTION_SETTING_OTP_SAMR_START = 0x02e07614
       0        0        0     1 OPTION_SETTING_OTP_SAMR_LENGTH = 0x00000004
       0        0        0     1 OPTION_SETTING_OTP_SACC00_START = 0x02e07620
       0        0        0     1 OPTION_SETTING_OTP_SACC00_LENGTH = 0x00000004
       0        0        0     1 OPTION_SETTING_OTP_SACC10_START = 0x02e07630
       0        0        0     1 OPTION_SETTING_OTP_SACC10_LENGTH = 0x00000004
       0        0        0     1 OPTION_SETTING_OTP_SACC01_START = 0x02e07640
       0        0        0     1 OPTION_SETTING_OTP_SACC01_LENGTH = 0x00000004
       0        0        0     1 OPTION_SETTING_OTP_SACC11_START = 0x02e07650
       0        0        0     1 OPTION_SETTING_OTP_SACC11_LENGTH = 0x00000004
       0        0        0     1 OPTION_SETTING_OTP_SACC02_START = 0x02e07660
       0        0        0     1 OPTION_SETTING_OTP_SACC02_LENGTH = 0x00000004
       0        0        0     1 OPTION_SETTING_OTP_SACC12_START = 0x02e07670
       0        0        0     1 OPTION_SETTING_OTP_SACC12_LENGTH = 0x00000004
       0        0        0     1 OPTION_SETTING_OTP_SACC03_START = 0x02e07680
       0        0        0     1 OPTION_SETTING_OTP_SACC03_LENGTH = 0x00000004
       0        0        0     1 OPTION_SETTING_OTP_SACC13_START = 0x02e07690
       0        0        0     1 OPTION_SETTING_OTP_SACC13_LENGTH = 0x00000004
       0        0        0     1 OPTION_SETTING_OTP_PBPS_SEC_START = 0x02e17700
       0        0        0     1 OPTION_SETTING_OTP_PBPS_SEC_LENGTH = 0x00000080
       0        0        0     1 OPTION_SETTING_OTP_PBPS_START = 0x12e17780
       0        0        0     1 OPTION_SETTING_OTP_PBPS_LENGTH = 0x00000080
       0        0        0     1 OPTION_SETTING_OTP_ZHUK_START = 0x02e17920
       0        0        0     1 OPTION_SETTING_OTP_ZHUK_LENGTH = 0x00000004
       0        0        0     1 ITCM_START = 0x00000000
       0        0        0     1 ITCM_LENGTH = 0x00020000
       0        0        0     1 DTCM_START = 0x20000000
       0        0        0     1 DTCM_LENGTH = 0x00020000
90000000 90000000        0     1 .ospi0_cs1.startof
90000000 90000000        0     1         __ddsc_OSPI0_CS1_START = .
68000000 68000000        0     1 .sdram.startof
68000000 68000000        0     1         __ddsc_SDRAM_START = .
68000000 68000000        0     1 __sdram_from_ospi0_cs1$$
68000000 68000000        0     1         __sdram_from_ospi0_cs1$$Base = .
68000000 68000000        0     1         __sdram_from_ospi0_cs1$$Load = LOADADDR(__sdram_from_ospi0_cs1$$)
68000000 68000000        0     1         __sdram_from_ospi0_cs1$$Limit = .
80000000 80000000        0     1 .ospi0_cs0.startof
80000000 80000000        0     1         __ddsc_OSPI0_CS0_START = .
80000000 80000000        0     1 __ospi0_cs0_from_ospi0_cs1$$
80000000 80000000        0     1         __ospi0_cs0_from_ospi0_cs1$$Base = .
80000000 80000000        0     1         __ospi0_cs0_from_ospi0_cs1$$Load = LOADADDR(__ospi0_cs0_from_ospi0_cs1$$)
80000000 80000000        0     1         __ospi0_cs0_from_ospi0_cs1$$Limit = .
70000000 70000000        0     1 .ospi1_cs0.startof
70000000 70000000        0     1         __ddsc_OSPI1_CS0_START = .
70000000 70000000        0     1 __ospi1_cs0_from_ospi0_cs1$$
70000000 70000000        0     1         __ospi1_cs0_from_ospi0_cs1$$Base = .
70000000 70000000        0     1         __ospi1_cs0_from_ospi0_cs1$$Load = LOADADDR(__ospi1_cs0_from_ospi0_cs1$$)
70000000 70000000        0     1         __ospi1_cs0_from_ospi0_cs1$$Limit = .
       0        0        0     1 .itcm.startof
       0        0        0     1         __ddsc_ITCM_START = .
       0        0        0     1 __itcm_from_ospi0_cs1$$
       0        0        0     1         __itcm_from_ospi0_cs1$$Base = .
       0        0        0     1         __itcm_from_ospi0_cs1$$Load = LOADADDR(__itcm_from_ospi0_cs1$$)
       0        0        0     1         __itcm_from_ospi0_cs1$$Limit = .
20000000 20000000        0     1 .dtcm.startof
20000000 20000000        0     1         __ddsc_DTCM_START = .
20000000 20000000        0     1 __dtcm_from_ospi0_cs1$$
20000000 20000000        0     1         __dtcm_from_ospi0_cs1$$Base = .
20000000 20000000        0     1         __dtcm_from_ospi0_cs1$$Load = LOADADDR(__dtcm_from_ospi0_cs1$$)
20000000 20000000        0     1         __dtcm_from_ospi0_cs1$$Limit = .
22000000 22000000        0     1 .ram.startof
22000000 22000000        0     1         __ddsc_RAM_START = .
22000000 22000000       44  1024 __ram_dtc_vector$$
22000000 22000000        0     1         __ram_dtc_vector$$Base = .
22000000 22000000       44  1024         ./ra/fsp/src/r_dtc/r_dtc.o:(.fsp_dtc_vector_table)
22000000 22000000       44     1                 gp_dtc_vector_table
22000044 22000044        0     1         __ram_dtc_vector$$Limit = .
22000044 22000044        0     1 __ram_from_ospi0_cs1$$
22000044 22000044        0     1         __ram_from_ospi0_cs1$$Base = .
22000044 22000044        0     1         __ram_from_ospi0_cs1$$Load = LOADADDR(__ram_from_ospi0_cs1$$)
22000044 22000044        0     1         __ram_from_ospi0_cs1$$Limit = .
90000000 90000000        0     1 __ospi0_cs1_readonly$$
90000000 90000000        0     1         __ospi0_cs1_readonly$$Base = .
90000000 90000000        0     1         __ospi0_cs1_readonly$$Limit = .
90000000 90000000        0     1 __ospi0_cs1_noinit$$
90000000 90000000        0     1         __ospi0_cs1_noinit$$Base = .
90000000 90000000        0     1         __ospi0_cs1_noinit$$Limit = .
90000000 90000000        0     1 .ospi0_cs1.endof
90000000 90000000        0     1         __ddsc_OSPI0_CS1_END = .
78000000 78000000        0     1 .ospi1_cs1.startof
78000000 78000000        0     1         __ddsc_OSPI1_CS1_START = .
68000000 68000000        0     1 __sdram_from_ospi1_cs1$$
68000000 68000000        0     1         __sdram_from_ospi1_cs1$$Base = .
68000000 68000000        0     1         __sdram_from_ospi1_cs1$$Load = LOADADDR(__sdram_from_ospi1_cs1$$)
68000000 68000000        0     1         __sdram_from_ospi1_cs1$$Limit = .
80000000 80000000        0     1 __ospi0_cs0_from_ospi1_cs1$$
80000000 80000000        0     1         __ospi0_cs0_from_ospi1_cs1$$Base = .
80000000 80000000        0     1         __ospi0_cs0_from_ospi1_cs1$$Load = LOADADDR(__ospi0_cs0_from_ospi1_cs1$$)
80000000 80000000        0     1         __ospi0_cs0_from_ospi1_cs1$$Limit = .
70000000 70000000        0     1 __ospi1_cs0_from_ospi1_cs1$$
70000000 70000000        0     1         __ospi1_cs0_from_ospi1_cs1$$Base = .
70000000 70000000        0     1         __ospi1_cs0_from_ospi1_cs1$$Load = LOADADDR(__ospi1_cs0_from_ospi1_cs1$$)
70000000 70000000        0     1         __ospi1_cs0_from_ospi1_cs1$$Limit = .
       0        0        0     1 __itcm_from_ospi1_cs1$$
       0        0        0     1         __itcm_from_ospi1_cs1$$Base = .
       0        0        0     1         __itcm_from_ospi1_cs1$$Load = LOADADDR(__itcm_from_ospi1_cs1$$)
       0        0        0     1         __itcm_from_ospi1_cs1$$Limit = .
20000000 20000000        0     1 __dtcm_from_ospi1_cs1$$
20000000 20000000        0     1         __dtcm_from_ospi1_cs1$$Base = .
20000000 20000000        0     1         __dtcm_from_ospi1_cs1$$Load = LOADADDR(__dtcm_from_ospi1_cs1$$)
20000000 20000000        0     1         __dtcm_from_ospi1_cs1$$Limit = .
22000044 22000044        0     1 __ram_from_ospi1_cs1$$
22000044 22000044        0     1         __ram_from_ospi1_cs1$$Base = .
22000044 22000044        0     1         __ram_from_ospi1_cs1$$Load = LOADADDR(__ram_from_ospi1_cs1$$)
22000044 22000044        0     1         __ram_from_ospi1_cs1$$Limit = .
78000000 78000000        0     1 __ospi1_cs1_readonly$$
78000000 78000000        0     1         __ospi1_cs1_readonly$$Base = .
78000000 78000000        0     1         __ospi1_cs1_readonly$$Limit = .
78000000 78000000        0     1 __ospi1_cs1_noinit$$
78000000 78000000        0     1         __ospi1_cs1_noinit$$Base = .
78000000 78000000        0     1         __ospi1_cs1_noinit$$Limit = .
78000000 78000000        0     1 .ospi1_cs1.endof
78000000 78000000        0     1         __ddsc_OSPI1_CS1_END = .
27000000 27000000        0     1 .data_flash.startof
27000000 27000000        0     1         __ddsc_DATA_FLASH_START = .
68000000 68000000        0     1 __sdram_from_data_flash$$
68000000 68000000        0     1         __sdram_from_data_flash$$Base = .
68000000 68000000        0     1         __sdram_from_data_flash$$Load = LOADADDR(__sdram_from_data_flash$$)
68000000 68000000        0     1         __sdram_from_data_flash$$Limit = .
80000000 80000000        0     1 __ospi0_cs0_from_data_flash$$
80000000 80000000        0     1         __ospi0_cs0_from_data_flash$$Base = .
80000000 80000000        0     1         __ospi0_cs0_from_data_flash$$Load = LOADADDR(__ospi0_cs0_from_data_flash$$)
80000000 80000000        0     1         __ospi0_cs0_from_data_flash$$Limit = .
70000000 70000000        0     1 __ospi1_cs0_from_data_flash$$
70000000 70000000        0     1         __ospi1_cs0_from_data_flash$$Base = .
70000000 70000000        0     1         __ospi1_cs0_from_data_flash$$Load = LOADADDR(__ospi1_cs0_from_data_flash$$)
70000000 70000000        0     1         __ospi1_cs0_from_data_flash$$Limit = .
       0        0        0     1 __itcm_from_data_flash$$
       0        0        0     1         __itcm_from_data_flash$$Base = .
       0        0        0     1         __itcm_from_data_flash$$Load = LOADADDR(__itcm_from_data_flash$$)
       0        0        0     1         __itcm_from_data_flash$$Limit = .
20000000 20000000        0     1 __dtcm_from_data_flash$$
20000000 20000000        0     1         __dtcm_from_data_flash$$Base = .
20000000 20000000        0     1         __dtcm_from_data_flash$$Load = LOADADDR(__dtcm_from_data_flash$$)
20000000 20000000        0     1         __dtcm_from_data_flash$$Limit = .
22000044 22000044        0     1 __ram_from_data_flash$$
22000044 22000044        0     1         __ram_from_data_flash$$Base = .
22000044 22000044        0     1         __ram_from_data_flash$$Load = LOADADDR(__ram_from_data_flash$$)
22000044 22000044        0     1         __ram_from_data_flash$$Limit = .
27000000 27000000        0     1 __data_flash_readonly$$
27000000 27000000        0     1         __data_flash_readonly$$Base = .
27000000 27000000        0     1         __data_flash_readonly$$Limit = .
27000000 27000000        0     1 __data_flash_noinit$$
27000000 27000000        0     1         __data_flash_noinit$$Base = .
27000000 27000000        0     1         __data_flash_noinit$$Limit = .
27000000 27000000        0     1 .data_flash.endof
27000000 27000000        0     1         __ddsc_DATA_FLASH_END = .
 2000000  2000000        0     1 .flash.startof
 2000000  2000000        0     1         __ddsc_FLASH_START = .
 2000000  2000000       84     4 __flash_vectors$$
 2000000  2000000        0     1         __flash_vectors$$Base = .
 2000000  2000000        0     1         _VECTORS = .
 2000000  2000000       40     4         ./ra/fsp/src/bsp/cmsis/Device/RENESAS/Source/startup.o:(.fixed_vectors)
 2000000  2000000       40     1                 __Vectors
 2000040  2000040       44     4         ./ra_gen/vector_data.o:(.application_vectors)
 2000040  2000040       44     1                 g_vector_table
 2000084  2000084        0     1         __flash_vectors$$Limit = .
 2000084  2000084        0     1 __flash_noinit$$
 2000084  2000084        0     1         __flash_noinit$$Base = .
 2000084  2000084        0     1         __flash_noinit$$Limit = .
68000000 68000000        0     1 __sdram_from_flash$$
68000000 68000000        0     1         __sdram_from_flash$$Base = .
68000000 68000000        0     1         __sdram_from_flash$$Load = LOADADDR(__sdram_from_flash$$)
68000000 68000000        0     1         __sdram_from_flash$$Limit = .
68000000 68000000        0     1 __sdram_noinit_nocache$$
68000000 68000000        0     1         __sdram_noinit_nocache$$Base = .
68000000 68000000        0     1         __sdram_noinit_nocache$$Limit = .
68000000 68000000        0     1 __sdram_zero_nocache$$
68000000 68000000        0     1         __sdram_zero_nocache$$Base = .
68000000 68000000        0     1         . = ALIGN(32)
68000000 68000000        0     1         __sdram_zero_nocache$$Limit = .
68000000 68000000   5dc000   128 __sdram_noinit$$
68000000 68000000        0     1         __sdram_noinit$$Base = .
68000000 68000000   5dc000   128         ./ra_gen/common_data.o:(.sdram_noinit)
68000000 68000000   258000     1                 fb_background
68258000 68258000   12c000     1                 vin_image_buffer_1
68384000 68384000   12c000     1                 vin_image_buffer_2
684b0000 684b0000   12c000     1                 vin_image_buffer_3
685dc000 685dc000        0     1         __sdram_noinit$$Limit = .
685dc000 685dc000        0     1 __sdram_zero$$
685dc000 685dc000        0     1         __sdram_zero$$Base = .
685dc000 685dc000        0     1         __sdram_zero$$Limit = .
685dc000 685dc000        0     1 .sdram.endof
685dc000 685dc000        0     1         __ddsc_SDRAM_END = .
80000000 80000000        0     1 __ospi0_cs0_from_flash$$
80000000 80000000        0     1         __ospi0_cs0_from_flash$$Base = .
80000000 80000000        0     1         __ospi0_cs0_from_flash$$Load = LOADADDR(__ospi0_cs0_from_flash$$)
80000000 80000000        0     1         __ospi0_cs0_from_flash$$Limit = .
80000000 80000000        0     1 __ospi0_cs0_noinit_nocache$$
80000000 80000000        0     1         __ospi0_cs0_noinit_nocache$$Base = .
80000000 80000000        0     1         __ospi0_cs0_noinit_nocache$$Limit = .
80000000 80000000        0     1 __ospi0_cs0_zero_nocache$$
80000000 80000000        0     1         __ospi0_cs0_zero_nocache$$Base = .
80000000 80000000        0     1         . = ALIGN(32)
80000000 80000000        0     1         __ospi0_cs0_zero_nocache$$Limit = .
80000000 80000000        0     1 __ospi0_cs0_noinit$$
80000000 80000000        0     1         __ospi0_cs0_noinit$$Base = .
80000000 80000000        0     1         __ospi0_cs0_noinit$$Limit = .
80000000 80000000        0     1 __ospi0_cs0_zero$$
80000000 80000000        0     1         __ospi0_cs0_zero$$Base = .
80000000 80000000        0     1         __ospi0_cs0_zero$$Limit = .
80000000 80000000        0     1 .ospi0_cs0.endof
80000000 80000000        0     1         __ddsc_OSPI0_CS0_END = .
70000000 70000000        0     1 __ospi1_cs0_from_flash$$
70000000 70000000        0     1         __ospi1_cs0_from_flash$$Base = .
70000000 70000000        0     1         __ospi1_cs0_from_flash$$Load = LOADADDR(__ospi1_cs0_from_flash$$)
70000000 70000000        0     1         __ospi1_cs0_from_flash$$Limit = .
70000000 70000000        0     1 __ospi1_cs0_noinit_nocache$$
70000000 70000000        0     1         __ospi1_cs0_noinit_nocache$$Base = .
70000000 70000000        0     1         __ospi1_cs0_noinit_nocache$$Limit = .
70000000 70000000        0     1 __ospi1_cs0_zero_nocache$$
70000000 70000000        0     1         __ospi1_cs0_zero_nocache$$Base = .
70000000 70000000        0     1         . = ALIGN(32)
70000000 70000000        0     1         __ospi1_cs0_zero_nocache$$Limit = .
70000000 70000000        0     1 __ospi1_cs0_noinit$$
70000000 70000000        0     1         __ospi1_cs0_noinit$$Base = .
70000000 70000000        0     1         __ospi1_cs0_noinit$$Limit = .
70000000 70000000        0     1 __ospi1_cs0_zero$$
70000000 70000000        0     1         __ospi1_cs0_zero$$Base = .
70000000 70000000        0     1         __ospi1_cs0_zero$$Limit = .
70000000 70000000        0     1 .ospi1_cs0.endof
70000000 70000000        0     1         __ddsc_OSPI1_CS0_END = .
       0        0        0     1 __itcm_from_flash$$
       0        0        0     1         __itcm_from_flash$$Base = .
       0        0        0     1         __itcm_from_flash$$Load = LOADADDR(__itcm_from_flash$$)
       0        0        0     1         __itcm_from_flash$$Limit = .
       0        0        0     1 __itcm_noinit$$
       0        0        0     1         __itcm_noinit$$Base = .
       0        0        0     1         __itcm_noinit$$Limit = .
       0        0        0     1 __itcm_zero$$
       0        0        0     1         __itcm_zero$$Base = .
       0        0        0     1         __itcm_zero$$Limit = .
       0        0        0     1 .itcm.endof
       0        0        0     1         __ddsc_ITCM_END = .
20000000 20000000        0     1 __dtcm_from_flash$$
20000000 20000000        0     1         __dtcm_from_flash$$Base = .
20000000 20000000        0     1         __dtcm_from_flash$$Load = LOADADDR(__dtcm_from_flash$$)
20000000 20000000        0     1         __dtcm_from_flash$$Limit = .
20000000 20000000        0     1 __dtcm_noinit$$
20000000 20000000        0     1         __dtcm_noinit$$Base = .
20000000 20000000        0     1         __dtcm_noinit$$Limit = .
20000000 20000000        0     1 __dtcm_zero$$
20000000 20000000        0     1         __dtcm_zero$$Base = .
20000000 20000000        0     1         __dtcm_zero$$Limit = .
20000000 20000000        0     1 .dtcm.endof
20000000 20000000        0     1         __ddsc_DTCM_END = .
22000050  2000090      322    16 __ram_from_flash$$
22000050  2000090        0     1         __ram_from_flash$$Base = .
22000050  2000090        0     1         __ram_from_flash$$Load = LOADADDR(__ram_from_flash$$)
22000050  2000090        c     2         ./src/camera_sensor.o:(.data.live_camera)
22000050  2000090        c     1                 live_camera
2200005c  200009c      2b4     2         ./src/camera_sensor.o:(.data.ov5640_mipi)
2200005c  200009c      2b4     1                 ov5640_mipi
22000310  2000350        4     4         ./ra_gen/common_data.o:(.data.g_rm_ethosu0_ext_cfg)
22000310  2000350        4     1                 g_rm_ethosu0_ext_cfg
22000314  2000354       18     4         ./ra_gen/common_data.o:(.data.g_rm_ethosu0_ctrl)
22000314  2000354       18     1                 g_rm_ethosu0_ctrl
2200032c  200036c       20     4         ./ra_gen/common_data.o:(.data.g_display_runtime_cfg_bg)
2200032c  200036c       20     1                 g_display_runtime_cfg_bg
22000350  2000390       10    16         ./ra_gen/hal_data.o:(.data.g_transfer1_info)
22000350  2000390       10     1                 g_transfer1_info
22000360  20003a0       10    16         ./ra_gen/hal_data.o:(.data.g_transfer0_info)
22000360  20003a0       10     1                 g_transfer0_info
22000370  20003b0        2     1         ./ra/fsp/src/r_glcdc/r_glcdc.o:(.data.g_clut_data_latched)
22000370  20003b0        2     1                 g_clut_data_latched
22000372  20003b2        0     1         __ram_from_flash$$Limit = .
22000380 22000380        0     1 __ram_noinit_nocache$$
22000380 22000380        0     1         __ram_noinit_nocache$$Base = .
22000380 22000380        0     1         __ram_noinit_nocache$$Limit = .
22000380 22000380        0     1 __ram_zero_nocache$$
22000380 22000380        0     1         __ram_zero_nocache$$Base = .
22000380 22000380        0     1         . = ALIGN(32)
22000380 22000380        0     1         __ram_zero_nocache$$Limit = .
22000380 22000380     c02c     8 __ram_noinit$$
22000380 22000380        0     1         __ram_noinit$$Base = .
22000380 22000380     4000     8         ./ra/fsp/src/bsp/cmsis/Device/RENESAS/Source/startup.o:(.bss.g_heap)
22000380 22000380     4000     1                 g_heap
22004380 22004380     8000     8         ./ra/fsp/src/bsp/cmsis/Device/RENESAS/Source/startup.o:(.bss.g_main_stack)
22004380 22004380     8000     1                 g_main_stack
2200c380 2200c380       2c     4         ./ra/fsp/src/bsp/mcu/all/bsp_clocks.o:(.ram_noinit)
2200c380 2200c380       2c     1                 g_clock_freq
2200c3ac 2200c3ac        0     1         __ram_noinit$$Limit = .
2200c3b0 2200c3b0    e0258    16 __ram_zero$$
2200c3b0 2200c3b0        0     1         __ram_zero$$Base = .
2200c3b0 2200c3b0      690     1         ./src/model/model.o:(.bss.buf_Identity_70374)
2200c3b0 2200c3b0      690     1                 buf_Identity_70374
2200ca40 2200ca40        9     1         ./src/model/model.o:(.bss.compute_arena_sub_0001)
2200ca40 2200ca40        9     1                 compute_arena_sub_0001
2200ca4c 2200ca4c     6000     4         ./src/model/model.o:(.bss.buf_functional_1_bb02_csp_bn_1_concatenate_130_1_concat_70191)
2200ca4c 2200ca4c     6000     1                 buf_functional_1_bb02_csp_bn_1_concatenate_130_1_concat_70191
22012a4c 22012a4c        9     1         ./src/model/model.o:(.bss.compute_arena_sub_0003)
22012a4c 22012a4c        9     1                 compute_arena_sub_0003
22012a58 22012a58     4000     4         ./src/model/model.o:(.bss.buf_functional_1_bb04_csp_bn_1_concatenate_131_1_concat_70207)
22012a58 22012a58     4000     1                 buf_functional_1_bb04_csp_bn_1_concatenate_131_1_concat_70207
22016a58 22016a58        9     1         ./src/model/model.o:(.bss.compute_arena_sub_0005)
22016a58 22016a58        9     1                 compute_arena_sub_0005
22016a64 22016a64     2000     4         ./src/model/model.o:(.bss.buf_functional_1_bb06_csp_bn_1_concatenate_132_1_concat_70224)
22016a64 22016a64     2000     1                 buf_functional_1_bb06_csp_bn_1_concatenate_132_1_concat_70224
22018a64 22018a64        9     1         ./src/model/model.o:(.bss.compute_arena_sub_0007)
22018a64 22018a64        9     1                 compute_arena_sub_0007
22018a70 22018a70      c00     4         ./src/model/model.o:(.bss.buf_functional_1_bb08_csp_bn_1_concatenate_133_1_concat_70238)
22018a70 22018a70      c00     1                 buf_functional_1_bb08_csp_bn_1_concatenate_133_1_concat_70238
22019670 22019670        9     1         ./src/model/model.o:(.bss.compute_arena_sub_0009)
22019670 22019670        9     1                 compute_arena_sub_0009
2201967c 2201967c     1000     4         ./src/model/model.o:(.bss.buf_functional_1_bb09_spp_1_concatenate_134_1_concat_70244)
2201967c 2201967c     1000     1                 buf_functional_1_bb09_spp_1_concatenate_134_1_concat_70244
2201a67c 2201a67c        9     1         ./src/model/model.o:(.bss.compute_arena_sub_0011)
2201a67c 2201a67c        9     1                 compute_arena_sub_0011
2201a688 2201a688      c00     4         ./src/model/model.o:(.bss.buf_functional_1_bb10_csp_cib_1_concatenate_135_1_concat_70259)
2201a688 2201a688      c00     1                 buf_functional_1_bb10_csp_cib_1_concatenate_135_1_concat_70259
2201b288 2201b288        9     1         ./src/model/model.o:(.bss.compute_arena_sub_0013)
2201b288 2201b288        9     1                 compute_arena_sub_0013
2201b294 2201b294     3000     4         ./src/model/model.o:(.bss.buf_functional_1_pan1_concat_1_concat_70263)
2201b294 2201b294     3000     1                 buf_functional_1_pan1_concat_1_concat_70263
2201e294 2201e294        9     1         ./src/model/model.o:(.bss.compute_arena_sub_0015)
2201e294 2201e294        9     1                 compute_arena_sub_0015
2201e2a0 2201e2a0     1800     4         ./src/model/model.o:(.bss.buf_functional_1_pan1_csp_bn_1_concatenate_136_1_concat_70274)
2201e2a0 2201e2a0     1800     1                 buf_functional_1_pan1_csp_bn_1_concatenate_136_1_concat_70274
2201faa0 2201faa0        9     1         ./src/model/model.o:(.bss.compute_arena_sub_0017)
2201faa0 2201faa0        9     1                 compute_arena_sub_0017
2201faac 2201faac     6000     4         ./src/model/model.o:(.bss.buf_functional_1_pan2_concat_1_concat_70277)
2201faac 2201faac     6000     1                 buf_functional_1_pan2_concat_1_concat_70277
22025aac 22025aac        9     1         ./src/model/model.o:(.bss.compute_arena_sub_0019)
22025aac 22025aac        9     1                 compute_arena_sub_0019
22025ab8 22025ab8     3000     4         ./src/model/model.o:(.bss.buf_functional_1_pan2_csp_bn_1_concatenate_137_1_concat_70288)
22025ab8 22025ab8     3000     1                 buf_functional_1_pan2_csp_bn_1_concatenate_137_1_concat_70288
22028ab8 22028ab8        9     1         ./src/model/model.o:(.bss.compute_arena_sub_0021)
22028ab8 22028ab8        9     1                 compute_arena_sub_0021
22028ac4 22028ac4     1800     4         ./src/model/model.o:(.bss.buf_functional_1_pan3_concat_1_concat_70303)
22028ac4 22028ac4     1800     1                 buf_functional_1_pan3_concat_1_concat_70303
2202a2c4 2202a2c4        9     1         ./src/model/model.o:(.bss.compute_arena_sub_0023)
2202a2c4 2202a2c4        9     1                 compute_arena_sub_0023
2202a2d0 2202a2d0     1800     4         ./src/model/model.o:(.bss.buf_functional_1_pan3_csp_bn_1_concatenate_138_1_concat_70314)
2202a2d0 2202a2d0     1800     1                 buf_functional_1_pan3_csp_bn_1_concatenate_138_1_concat_70314
2202bad0 2202bad0        9     1         ./src/model/model.o:(.bss.compute_arena_sub_0025)
2202bad0 2202bad0        9     1                 compute_arena_sub_0025
2202badc 2202badc      c00     4         ./src/model/model.o:(.bss.buf_functional_1_pan4_concat_1_concat_70330)
2202badc 2202badc      c00     1                 buf_functional_1_pan4_concat_1_concat_70330
2202c6dc 2202c6dc        9     1         ./src/model/model.o:(.bss.compute_arena_sub_0027)
2202c6dc 2202c6dc        9     1                 compute_arena_sub_0027
2202c6e8 2202c6e8      c00     4         ./src/model/model.o:(.bss.buf_functional_1_pan4_csp_cib_1_concatenate_139_1_concat_70344)
2202c6e8 2202c6e8      c00     1                 buf_functional_1_pan4_csp_cib_1_concatenate_139_1_concat_70344
2202d2e8 2202d2e8        9     1         ./src/model/model.o:(.bss.compute_arena_sub_0029)
2202d2e8 2202d2e8        9     1                 compute_arena_sub_0029
2202d2f4 2202d2f4      540     4         ./src/model/model.o:(.bss.buf_functional_1_box_decoding_1_Sum_70354)
2202d2f4 2202d2f4      540     1                 buf_functional_1_box_decoding_1_Sum_70354
2202d834 2202d834        9     1         ./src/model/model.o:(.bss.compute_arena_sub_0031)
2202d834 2202d834        9     1                 compute_arena_sub_0031
2202d840 2202d840      540     4         ./src/model/model.o:(.bss.buf_functional_1_box_decoding_1_concat_70363)
2202d840 2202d840      540     1                 buf_functional_1_box_decoding_1_concat_70363
2202dd80 2202dd80        9     1         ./src/model/model.o:(.bss.compute_arena_sub_0033)
2202dd80 2202dd80        9     1                 compute_arena_sub_0033
2202dd90 2202dd90    1c000    16         ./src/model/sub_0000_invoke.o:(.bss.sub_0000_arena)
2202dd90 2202dd90    1c000     1                 sub_0000_arena
22049d90 22049d90     a000    16         ./src/model/sub_0002_invoke.o:(.bss.sub_0002_arena)
22049d90 22049d90     a000     1                 sub_0002_arena
22053d90 22053d90     7000    16         ./src/model/sub_0004_invoke.o:(.bss.sub_0004_arena)
22053d90 22053d90     7000     1                 sub_0004_arena
2205ad90 2205ad90     3800    16         ./src/model/sub_0006_invoke.o:(.bss.sub_0006_arena)
2205ad90 2205ad90     3800     1                 sub_0006_arena
2205e590 2205e590     1400    16         ./src/model/sub_0008_invoke.o:(.bss.sub_0008_arena)
2205e590 2205e590     1400     1                 sub_0008_arena
2205f990 2205f990     1800    16         ./src/model/sub_0010_invoke.o:(.bss.sub_0010_arena)
2205f990 2205f990     1800     1                 sub_0010_arena
22061190 22061190     3000    16         ./src/model/sub_0012_invoke.o:(.bss.sub_0012_arena)
22061190 22061190     3000     1                 sub_0012_arena
22064190 22064190     4000    16         ./src/model/sub_0014_invoke.o:(.bss.sub_0014_arena)
22064190 22064190     4000     1                 sub_0014_arena
22068190 22068190     6000    16         ./src/model/sub_0016_invoke.o:(.bss.sub_0016_arena)
22068190 22068190     6000     1                 sub_0016_arena
2206e190 2206e190     8000    16         ./src/model/sub_0018_invoke.o:(.bss.sub_0018_arena)
2206e190 2206e190     8000     1                 sub_0018_arena
22076190 22076190     5000    16         ./src/model/sub_0020_invoke.o:(.bss.sub_0020_arena)
22076190 22076190     5000     1                 sub_0020_arena
2207b190 2207b190     2800    16         ./src/model/sub_0022_invoke.o:(.bss.sub_0022_arena)
2207b190 2207b190     2800     1                 sub_0022_arena
2207d990 2207d990     2800    16         ./src/model/sub_0024_invoke.o:(.bss.sub_0024_arena)
2207d990 2207d990     2800     1                 sub_0024_arena
22080190 22080190     1800    16         ./src/model/sub_0026_invoke.o:(.bss.sub_0026_arena)
22080190 22080190     1800     1                 sub_0026_arena
22081990 22081990    69150    16         ./src/model/sub_0028_invoke.o:(.bss.sub_0028_arena)
22081990 22081990    69150     1                 sub_0028_arena
220eaae0 220eaae0      a80    16         ./src/model/sub_0030_invoke.o:(.bss.sub_0030_arena)
220eaae0 220eaae0      a80     1                 sub_0030_arena
220eb560 220eb560      540    16         ./src/model/sub_0032_invoke.o:(.bss.sub_0032_arena)
220eb560 220eb560      540     1                 sub_0032_arena
220ebaa0 220ebaa0       a8     4         ./src/SEGGER_RTT/SEGGER_RTT.o:(.bss._SEGGER_RTT)
220ebaa0 220ebaa0       a8     1                 _SEGGER_RTT
220ebb48 220ebb48      800     1         ./src/SEGGER_RTT/SEGGER_RTT.o:(.bss._acUpBuffer)
220ebb48 220ebb48      800     1                 _acUpBuffer
220ec348 220ec348       10     1         ./src/SEGGER_RTT/SEGGER_RTT.o:(.bss._acDownBuffer)
220ec348 220ec348       10     1                 _acDownBuffer
220ec358 220ec358        4     4         ./src/camera_sensor.o:(.bss.g_plck_hz)
220ec358 220ec358        4     1                 g_plck_hz
220ec35c 220ec35c        4     4         ./src/dave2D_overlay.o:(.bss.gp_d2_device)
220ec35c 220ec35c        4     1                 gp_d2_device
220ec360 220ec360        4     4         ./src/dave2D_overlay.o:(.bss.g_d2_last_error)
220ec360 220ec360        4     1                 g_d2_last_error
220ec364 220ec364        4     4         ./src/dave2D_overlay.o:(.bss.gp_d2_render_buffer)
220ec364 220ec364        4     1                 gp_d2_render_buffer
220ec368 220ec368        1     1         ./src/dave2D_overlay.o:(.bss.g_frame_active)
220ec368 220ec368        1     1                 g_frame_active
220ec36c 220ec36c        4     4         ./src/dave2D_overlay.o:(.bss.g_framebuffer_width)
220ec36c 220ec36c        4     1                 g_framebuffer_width
220ec370 220ec370        4     4         ./src/dave2D_overlay.o:(.bss.g_framebuffer_height)
220ec370 220ec370        4     1                 g_framebuffer_height
220ec374 220ec374        1     1         ./src/glcdc_display.o:(.bss.g_vsync_flag)
220ec374 220ec374        1     1                 g_vsync_flag
220ec378 220ec378        4     4         ./src/glcdc_display.o:(.bss.g_buffer_size)
220ec378 220ec378        4     1                 g_buffer_size
220ec37c 220ec37c        1     1         ./src/i2c_control.o:(.bss.g_i2c_event_for_peripheral)
220ec37c 220ec37c        1     1                 g_i2c_event_for_peripheral
220ec37e 220ec37e        2     2         ./src/mipi_csi.o:(.bss.g_image_width)
220ec37e 220ec37e        2     1                 g_image_width
220ec380 220ec380        2     2         ./src/mipi_csi.o:(.bss.g_image_height)
220ec380 220ec380        2     1                 g_image_height
220ec384 220ec384       18     4         ./src/mipi_csi.o:(.bss.g_vin_cfg_run_time)
220ec384 220ec384       18     1                 g_vin_cfg_run_time
220ec39c 220ec39c        4     4         ./src/mipi_csi.o:(.bss.gp_next_buffer)
220ec39c 220ec39c        4     1                 gp_next_buffer
220ec3a0 220ec3a0       84     4         ./src/mipi_csi.o:(.bss.g_vin_cfg_run_time_extend)
220ec3a0 220ec3a0       84     1                 g_vin_cfg_run_time_extend
220ec428 220ec428       48     8         ./ra_gen/common_data.o:(.bss.g_ethosu0)
220ec428 220ec428       48     1                 g_ethosu0
220ec470 220ec470       10     4         ./ra_gen/common_data.o:(.bss.g_display_ctrl)
220ec470 220ec470       10     1                 g_display_ctrl
220ec480 220ec480        8     4         ./ra_gen/common_data.o:(.bss.g_mipi_phy0_ctrl)
220ec480 220ec480        8     1                 g_mipi_phy0_ctrl
220ec488 220ec488       14     4         ./ra_gen/common_data.o:(.bss.g_mipi_csi0_ctrl)
220ec488 220ec488       14     1                 g_mipi_csi0_ctrl
220ec49c 220ec49c       14     4         ./ra_gen/common_data.o:(.bss.g_vin_ctrl)
220ec49c 220ec49c       14     1                 g_vin_ctrl
220ec4b0 220ec4b0        8     4         ./ra_gen/common_data.o:(.bss.g_ioport_ctrl)
220ec4b0 220ec4b0        8     1                 g_ioport_ctrl
220ec4b8 220ec4b8        8     4         ./ra_gen/hal_data.o:(.bss.g_transfer1_ctrl)
220ec4b8 220ec4b8        8     1                 g_transfer1_ctrl
220ec4c0 220ec4c0        8     4         ./ra_gen/hal_data.o:(.bss.g_transfer0_ctrl)
220ec4c0 220ec4c0        8     1                 g_transfer0_ctrl
220ec4c8 220ec4c8       40     4         ./ra_gen/hal_data.o:(.bss.g_i2c_master_for_peripheral_ctrl)
220ec4c8 220ec4c8       40     1                 g_i2c_master_for_peripheral_ctrl
220ec508 220ec508        4     4         ./ra/tes/dave2d/src/dave_driver.o:(.bss.g_devicechain)
220ec508 220ec508        4     1                 g_devicechain
220ec50c 220ec50c        1     1         ./ra/npu/ethos-u-core-driver/src/ethosu_driver.o:(.bss.ethosu_mutex_create.mutex_placeholder)
220ec50c 220ec50c        1     1                 ethosu_mutex_create.mutex_placeholder
220ec510 220ec510        4     4         ./ra/npu/ethos-u-core-driver/src/ethosu_driver.o:(.bss.ethosu_mutex)
220ec510 220ec510        4     1                 ethosu_mutex
220ec514 220ec514        4     4         ./ra/npu/ethos-u-core-driver/src/ethosu_driver.o:(.bss.ethosu_semaphore)
220ec514 220ec514        4     1                 ethosu_semaphore
220ec518 220ec518        4     4         ./ra/npu/ethos-u-core-driver/src/ethosu_driver.o:(.bss.registered_drivers)
220ec518 220ec518        4     1                 registered_drivers
220ec51c 220ec51c        2     4         ./ra/fsp/src/r_glcdc/r_glcdc.o:(.bss.g_ctrl_blk.0)
220ec51c 220ec51c        2     1                 g_ctrl_blk.0
220ec51e 220ec51e        2     2         ./ra/fsp/src/r_glcdc/r_glcdc.o:(.bss.g_ctrl_blk.1)
220ec51e 220ec51e        2     1                 g_ctrl_blk.1
220ec520 220ec520        2     4         ./ra/fsp/src/r_glcdc/r_glcdc.o:(.bss.g_ctrl_blk.2)
220ec520 220ec520        2     1                 g_ctrl_blk.2
220ec522 220ec522        2     2         ./ra/fsp/src/r_glcdc/r_glcdc.o:(.bss.g_ctrl_blk.3)
220ec522 220ec522        2     1                 g_ctrl_blk.3
220ec524 220ec524        4     4         ./ra/fsp/src/r_glcdc/r_glcdc.o:(.bss.g_ctrl_blk.4)
220ec524 220ec524        4     1                 g_ctrl_blk.4
220ec528 220ec528        8     4         ./ra/fsp/src/r_glcdc/r_glcdc.o:(.bss.g_fade_pending)
220ec528 220ec528        8     1                 g_fade_pending
220ec530 220ec530        4     4         ./ra/fsp/src/r_glcdc/r_glcdc.o:(.bss.g_frame_ctr)
220ec530 220ec530        4     1                 g_frame_ctr
220ec534 220ec534        1     1         ./ra/fsp/src/r_dtc/r_dtc.o:(.bss.r_dtc_state_initialize.g_dtc_state_initialized)
220ec534 220ec534        1     1                 r_dtc_state_initialize.g_dtc_state_initialized
220ec538 220ec538        8     4         ./ra/fsp/src/r_drw/r_drw_base.o:(.bss.device_d2d)
220ec538 220ec538        8     1                 device_d2d
220ec540 220ec540        4     4         ./ra/fsp/src/r_drw/r_drw_irq.o:(.bss.g_dlist_done)
220ec540 220ec540        4     1                 g_dlist_done
220ec544 220ec544       54     4         ./ra/fsp/src/bsp/mcu/all/bsp_group_irq.o:(.bss.g_bsp_group_irq_sources)
220ec544 220ec544       54     1                 g_bsp_group_irq_sources
220ec598 220ec598        4     4         ./ra/fsp/src/bsp/mcu/all/bsp_io.o:(.bss.g_protect_pfswe_counter)
220ec598 220ec598        4     1                 g_protect_pfswe_counter
220ec59c 220ec59c       44     4         ./ra/fsp/src/bsp/mcu/all/bsp_irq.o:(.bss.gp_renesas_isr_context)
220ec59c 220ec59c       44     1                 gp_renesas_isr_context
220ec5e0 220ec5e0        a     2         ./ra/fsp/src/bsp/mcu/all/bsp_register_protection.o:(.bss.g_protect_counters)
220ec5e0 220ec5e0        a     1                 g_protect_counters
220ec5ec 220ec5ec        4     4         ./ra/fsp/src/bsp/mcu/all/bsp_sbrk.o:(.bss.sbrk.current_block_offset)
220ec5ec 220ec5ec        4     1                 sbrk.current_block_offset
220ec5f0 220ec5f0        4     4         ./ra/fsp/src/bsp/cmsis/Device/RENESAS/Source/system.o:(.bss.SystemCoreClock)
220ec5f0 220ec5f0        4     1                 SystemCoreClock
220ec5f4 220ec5f4        4     4         C:\\Renesas\\RA\\e2studio_v2026-04.2_fsp_v6.5.0\\toolchains\\llvm_arm\\ATfE-21.1.1-Windows-x86_64\\bin\\..\\lib\\clang-runtimes/arm-none-eabi/armv8.1m.main_hard_fpdp_nomve_exn_rtti_unaligned_size\\lib\libc.a(nano-malloc.c.o):(.bss.__malloc_free_list)
220ec5f4 220ec5f4        4     1                 __malloc_free_list
220ec5f8 220ec5f8        8     4         C:\\Renesas\\RA\\e2studio_v2026-04.2_fsp_v6.5.0\\toolchains\\llvm_arm\\ATfE-21.1.1-Windows-x86_64\\bin\\..\\lib\\clang-runtimes/arm-none-eabi/armv8.1m.main_hard_fpdp_nomve_exn_rtti_unaligned_size\\lib\libc.a(nano-malloc.c.o):(.bss..L_MergedGlobals)
220ec5f8 220ec5f8        4     1                 __malloc_sbrk_top
220ec5fc 220ec5fc        4     1                 __malloc_sbrk_start
220ec600 220ec600        1     1         C:\\Renesas\\RA\\e2studio_v2026-04.2_fsp_v6.5.0\\toolchains\\llvm_arm\\ATfE-21.1.1-Windows-x86_64\\bin\\..\\lib\\clang-runtimes/arm-none-eabi/armv8.1m.main_hard_fpdp_nomve_exn_rtti_unaligned_size\\lib\libc.a(libc_misc_lock.c.o):(.bss.__lock___libc_recursive_mutex)
220ec600 220ec600        1     1                 __lock___libc_recursive_mutex
220ec604 220ec604        4     4         C:\\Renesas\\RA\\e2studio_v2026-04.2_fsp_v6.5.0\\toolchains\\llvm_arm\\ATfE-21.1.1-Windows-x86_64\\bin\\..\\lib\\clang-runtimes/arm-none-eabi/armv8.1m.main_hard_fpdp_nomve_exn_rtti_unaligned_size\\lib\libc.a(libc_picolib_machine_arm_tls.c.o):(.bss.__tls)
220ec604 220ec604        4     1                 __tls
220ec608 220ec608        0     1         __ram_zero$$Limit = .
220ec608 220ec608        0     1 __ram_tdata$$
220ec608 220ec608        0     1         __ram_tdata$$Base = .
220ec608 220ec608        0     1         __ram_tdata$$Load = LOADADDR(__ram_tdata$$)
220ec608 220ec608        0     1         __ram_tdata$$Limit = .
220ec608 220ec608        4     4 __ram_tbss$$
220ec608 220ec608        0     1         __ram_tbss$$Base = .
220ec608 220ec608        4     4         C:\\Renesas\\RA\\e2studio_v2026-04.2_fsp_v6.5.0\\toolchains\\llvm_arm\\ATfE-21.1.1-Windows-x86_64\\bin\\..\\lib\\clang-runtimes/arm-none-eabi/armv8.1m.main_hard_fpdp_nomve_exn_rtti_unaligned_size\\lib\libc.a(libc_errno_errno.c.o):(.tbss.errno)
       0        0        4     1                 errno
220ec60c 220ec60c        0     1         __ram_tbss$$Limit = .
220ec610 220ec610        0     1 __ram_thread_stack$$
220ec610 220ec610        0     1         __ram_thread_stack$$Base = .
220ec610 220ec610        0     1         __ram_thread_stack$$Limit = .
220ec800 220ec800        0     1 .ram.endof
220ec800 220ec800        0     1         __ddsc_RAM_END = .
220ec800 220ec800        0     1 .ram.flat_nsc
220ec800 220ec800        0     1         __ddsc_RAM_NSC = .
 20003c0  20003c0    b247e    16 __flash_readonly$$
 20003c0  20003c0        0     1         __flash_readonly$$Base = .
 20003c0  20003c0       5c     2         ./src/model/compute_sub_0001.o:(.text.compute_sub_0001)
 20003c0  20003c0        0     1                 $t
 20003c1  20003c1       5c     1                 compute_sub_0001
 200041c  200041c       78     2         ./src/model/compute_sub_0003.o:(.text.compute_sub_0003)
 200041c  200041c        0     1                 $t
 200041d  200041d       78     1                 compute_sub_0003
 2000494  2000494       78     2         ./src/model/compute_sub_0005.o:(.text.compute_sub_0005)
 2000494  2000494        0     1                 $t
 2000495  2000495       78     1                 compute_sub_0005
 200050c  200050c       5c     2         ./src/model/compute_sub_0007.o:(.text.compute_sub_0007)
 200050c  200050c        0     1                 $t
 200050d  200050d       5c     1                 compute_sub_0007
 2000568  2000568       7a     2         ./src/model/compute_sub_0009.o:(.text.compute_sub_0009)
 2000568  2000568        0     1                 $t
 2000569  2000569       7a     1                 compute_sub_0009
 20005e2  20005e2       5c     2         ./src/model/compute_sub_0011.o:(.text.compute_sub_0011)
 20005e2  20005e2        0     1                 $t
 20005e3  20005e3       5c     1                 compute_sub_0011
 200063e  200063e       46     2         ./src/model/compute_sub_0013.o:(.text.compute_sub_0013)
 200063e  200063e        0     1                 $t
 200063f  200063f       46     1                 compute_sub_0013
 2000684  2000684       5c     2         ./src/model/compute_sub_0015.o:(.text.compute_sub_0015)
 2000684  2000684        0     1                 $t
 2000685  2000685       5c     1                 compute_sub_0015
 20006e0  20006e0       46     2         ./src/model/compute_sub_0017.o:(.text.compute_sub_0017)
 20006e0  20006e0        0     1                 $t
 20006e1  20006e1       46     1                 compute_sub_0017
 2000726  2000726       5c     2         ./src/model/compute_sub_0019.o:(.text.compute_sub_0019)
 2000726  2000726        0     1                 $t
 2000727  2000727       5c     1                 compute_sub_0019
 2000782  2000782       46     2         ./src/model/compute_sub_0021.o:(.text.compute_sub_0021)
 2000782  2000782        0     1                 $t
 2000783  2000783       46     1                 compute_sub_0021
 20007c8  20007c8       5c     2         ./src/model/compute_sub_0023.o:(.text.compute_sub_0023)
 20007c8  20007c8        0     1                 $t
 20007c9  20007c9       5c     1                 compute_sub_0023
 2000824  2000824       46     2         ./src/model/compute_sub_0025.o:(.text.compute_sub_0025)
 2000824  2000824        0     1                 $t
 2000825  2000825       46     1                 compute_sub_0025
 200086a  200086a       5c     2         ./src/model/compute_sub_0027.o:(.text.compute_sub_0027)
 200086a  200086a        0     1                 $t
 200086b  200086b       5c     1                 compute_sub_0027
 20008c6  20008c6       54     2         ./src/model/compute_sub_0029.o:(.text.compute_sub_0029)
 20008c6  20008c6        0     1                 $t
 20008c7  20008c7       54     1                 compute_sub_0029
 200091a  200091a       4a     2         ./src/model/compute_sub_0031.o:(.text.compute_sub_0031)
 200091a  200091a        0     1                 $t
 200091b  200091b       4a     1                 compute_sub_0031
 2000964  2000964       4a     2         ./src/model/compute_sub_0033.o:(.text.compute_sub_0033)
 2000964  2000964        0     1                 $t
 2000965  2000965       4a     1                 compute_sub_0033
 20009b0  20009b0      164     8         ./src/model/kernel_library_int.o:(.text.Sum)
 20009b0  20009b0        0     1                 $t
 20009b1  20009b1      164     1                 Sum
 2000b18  2000b18       7a     8         ./src/model/kernel_library_utils.o:(.text.ResolveAxis)
 2000b18  2000b18        0     1                 $t
 2000b19  2000b19       7a     1                 ResolveAxis
 2000b98  2000b98       60     8         ./src/model/kernel_library_utils.o:(.text.ReducedOutputOffset)
 2000b98  2000b98        0     1                 $t
 2000b99  2000b99       60     1                 ReducedOutputOffset
 2000bf8  2000bf8       3c     8         ./src/model/kernel_library_utils.o:(.text.NextIndex)
 2000bf8  2000bf8        0     1                 $t
 2000bf9  2000bf9       3c     1                 NextIndex
 2000c34  2000c34       2e     2         ./src/model/kernel_library_utils.o:(.text.MultiplyByQuantizedMultiplier)
 2000c34  2000c34        0     1                 $t
 2000c35  2000c35       2e     1                 MultiplyByQuantizedMultiplier
 2000c62  2000c62       16     2         ./src/model/model.o:(.text.GetModelInputPtr_x)
 2000c62  2000c62        0     1                 $t
 2000c63  2000c63       16     1                 GetModelInputPtr_x
 2000c78  2000c78        a     2         ./src/model/model.o:(.text.GetModelOutputPtr_Identity_70374)
 2000c78  2000c78        0     1                 $t
 2000c79  2000c79        a     1                 GetModelOutputPtr_Identity_70374
 2000c82  2000c82      758     2         ./src/model/model.o:(.text.RunModel)
 2000c82  2000c82        0     1                 $t
 2000c83  2000c83      758     1                 RunModel
 20013da  20013da       a6     2         ./src/model/sub_0000_invoke.o:(.text.sub_0000_invoke)
 20013da  20013da        0     1                 $t
 20013db  20013db       a6     1                 sub_0000_invoke
 2001480  2001480       ac     2         ./src/model/sub_0002_invoke.o:(.text.sub_0002_invoke)
 2001480  2001480        0     1                 $t
 2001481  2001481       ac     1                 sub_0002_invoke
 2001530  2001530       d0     8         ./src/model/sub_0004_invoke.o:(.text.sub_0004_invoke)
 2001530  2001530        0     1                 $t
 2001531  2001531       d0     1                 sub_0004_invoke
 20015f0  20015f0        0     1                 $d
 2001600  2001600       c0     8         ./src/model/sub_0006_invoke.o:(.text.sub_0006_invoke)
 2001600  2001600        0     1                 $t
 2001601  2001601       c0     1                 sub_0006_invoke
 20016b0  20016b0        0     1                 $d
 20016c0  20016c0       ac     2         ./src/model/sub_0008_invoke.o:(.text.sub_0008_invoke)
 20016c0  20016c0        0     1                 $t
 20016c1  20016c1       ac     1                 sub_0008_invoke
 200176c  200176c       a6     2         ./src/model/sub_0010_invoke.o:(.text.sub_0010_invoke)
 200176c  200176c        0     1                 $t
 200176d  200176d       a6     1                 sub_0010_invoke
 2001812  2001812       aa     2         ./src/model/sub_0012_invoke.o:(.text.sub_0012_invoke)
 2001812  2001812        0     1                 $t
 2001813  2001813       aa     1                 sub_0012_invoke
 20018bc  20018bc       aa     2         ./src/model/sub_0014_invoke.o:(.text.sub_0014_invoke)
 20018bc  20018bc        0     1                 $t
 20018bd  20018bd       aa     1                 sub_0014_invoke
 2001966  2001966       aa     2         ./src/model/sub_0016_invoke.o:(.text.sub_0016_invoke)
 2001966  2001966        0     1                 $t
 2001967  2001967       aa     1                 sub_0016_invoke
 2001a10  2001a10       aa     2         ./src/model/sub_0018_invoke.o:(.text.sub_0018_invoke)
 2001a10  2001a10        0     1                 $t
 2001a11  2001a11       aa     1                 sub_0018_invoke
 2001aba  2001aba       a0     2         ./src/model/sub_0020_invoke.o:(.text.sub_0020_invoke)
 2001aba  2001aba        0     1                 $t
 2001abb  2001abb       a0     1                 sub_0020_invoke
 2001b5a  2001b5a       aa     2         ./src/model/sub_0022_invoke.o:(.text.sub_0022_invoke)
 2001b5a  2001b5a        0     1                 $t
 2001b5b  2001b5b       aa     1                 sub_0022_invoke
 2001c04  2001c04       aa     2         ./src/model/sub_0024_invoke.o:(.text.sub_0024_invoke)
 2001c04  2001c04        0     1                 $t
 2001c05  2001c05       aa     1                 sub_0024_invoke
 2001cae  2001cae       b0     2         ./src/model/sub_0026_invoke.o:(.text.sub_0026_invoke)
 2001cae  2001cae        0     1                 $t
 2001caf  2001caf       b0     1                 sub_0026_invoke
 2001d60  2001d60       d8     8         ./src/model/sub_0028_invoke.o:(.text.sub_0028_invoke)
 2001d60  2001d60        0     1                 $t
 2001d61  2001d61       d8     1                 sub_0028_invoke
 2001e28  2001e28        0     1                 $d
 2001e38  2001e38       9c     2         ./src/model/sub_0030_invoke.o:(.text.sub_0030_invoke)
 2001e38  2001e38        0     1                 $t
 2001e39  2001e39       9c     1                 sub_0030_invoke
 2001ed4  2001ed4       88     2         ./src/model/sub_0032_invoke.o:(.text.sub_0032_invoke)
 2001ed4  2001ed4        0     1                 $t
 2001ed5  2001ed5       88     1                 sub_0032_invoke
 2001f5c  2001f5c        2     2         ./src/SERIAL_TERM/r_sci_b_uart/r_sci_b_uart.o:(.text.sci_b_uart_rxi_isr)
 2001f5c  2001f5c        0     1                 $t
 2001f5d  2001f5d        2     1                 sci_b_uart_rxi_isr
 2001f5e  2001f5e        2     2         ./src/SERIAL_TERM/r_sci_b_uart/r_sci_b_uart.o:(.text.sci_b_uart_txi_isr)
 2001f5e  2001f5e        0     1                 $t
 2001f5f  2001f5f        2     1                 sci_b_uart_txi_isr
 2001f60  2001f60        2     2         ./src/SERIAL_TERM/r_sci_b_uart/r_sci_b_uart.o:(.text.sci_b_uart_tei_isr)
 2001f60  2001f60        0     1                 $t
 2001f61  2001f61        2     1                 sci_b_uart_tei_isr
 2001f62  2001f62        2     2         ./src/SERIAL_TERM/r_sci_b_uart/r_sci_b_uart.o:(.text.sci_b_uart_eri_isr)
 2001f62  2001f62        0     1                 $t
 2001f63  2001f63        2     1                 sci_b_uart_eri_isr
 2001f68  2001f68       7a     8         ./src/SEGGER_RTT/SEGGER_RTT.o:(.text._DoInit)
 2001f68  2001f68        0     1                 $t
 2001f69  2001f69       7a     1                 _DoInit
 2001fe8  2001fe8       7e     8         ./src/SEGGER_RTT/SEGGER_RTT.o:(.text._WriteBlocking)
 2001fe8  2001fe8        0     1                 $t
 2001fe9  2001fe9       7e     1                 _WriteBlocking
 2002066  2002066       f4     2         ./src/SEGGER_RTT/SEGGER_RTT.o:(.text.SEGGER_RTT_WriteNoLock)
 2002066  2002066        0     1                 $t
 2002067  2002067       f4     1                 SEGGER_RTT_WriteNoLock
 200215a  200215a       3a     2         ./src/SEGGER_RTT/SEGGER_RTT.o:(.text.SEGGER_RTT_Write)
 200215a  200215a        0     1                 $t
 200215b  200215b       3a     1                 SEGGER_RTT_Write
 2002198  2002198      32a     8         ./src/SEGGER_RTT/SEGGER_RTT_printf.o:(.text.SEGGER_RTT_vprintf)
 2002198  2002198        0     1                 $t
 2002199  2002199      32a     1                 SEGGER_RTT_vprintf
 20022e4  20022e4        0     1                 $d
 20022ee  20022ee        0     1                 $t
 20024c2  20024c2       40     2         ./src/SEGGER_RTT/SEGGER_RTT_printf.o:(.text._StoreChar)
 20024c2  20024c2        0     1                 $t
 20024c3  20024c3       40     1                 _StoreChar
 2002508  2002508       f8     8         ./src/SEGGER_RTT/SEGGER_RTT_printf.o:(.text._PrintUnsigned)
 2002508  2002508        0     1                 $t
 2002509  2002509       f8     1                 _PrintUnsigned
 2002600  2002600       1e     2         ./src/SEGGER_RTT/SEGGER_RTT_printf.o:(.text.SEGGER_RTT_printf)
 2002600  2002600        0     1                 $t
 2002601  2002601       1e     1                 SEGGER_RTT_printf
 2002620  2002620       92     8         ./src/camera_sensor.o:(.text.camera_write_array)
 2002620  2002620        0     1                 $t
 2002621  2002621       92     1                 camera_write_array
 20026b4  20026b4      274     4         ./src/camera_sensor.o:(.text.camera_open)
 20026b4  20026b4        0     1                 $t
 20026b5  20026b5      274     1                 camera_open
 2002920  2002920        0     1                 $d
 2002928  2002928       5e     2         ./src/camera_sensor.o:(.text.camera_set_mipi_virtual_channel)
 2002928  2002928        0     1                 $t
 2002929  2002929       5e     1                 camera_set_mipi_virtual_channel
 2002986  2002986       4e     2         ./src/camera_sensor.o:(.text.camera_stream_on)
 2002986  2002986        0     1                 $t
 2002987  2002987       4e     1                 camera_stream_on
 20029d4  20029d4       32     2         ./src/camera_sensor.o:(.text.camera_stream_off)
 20029d4  20029d4        0     1                 $t
 20029d5  20029d5       32     1                 camera_stream_off
 2002a06  2002a06       94     2         ./src/dave2D_overlay.o:(.text.dave2d_overlay_init)
 2002a06  2002a06        0     1                 $t
 2002a07  2002a07       94     1                 dave2d_overlay_init
 2002a9a  2002a9a        c     2         ./src/dave2D_overlay.o:(.text.dave2d_overlay_get_last_error)
 2002a9a  2002a9a        0     1                 $t
 2002a9b  2002a9b        c     1                 dave2d_overlay_get_last_error
 2002aa6  2002aa6       f0     2         ./src/dave2D_overlay.o:(.text.dave2d_overlay_begin)
 2002aa6  2002aa6        0     1                 $t
 2002aa7  2002aa7       f0     1                 dave2d_overlay_begin
 2002b96  2002b96      1a2     2         ./src/dave2D_overlay.o:(.text.dave2d_overlay_draw_rect)
 2002b96  2002b96        0     1                 $t
 2002b97  2002b97      1a2     1                 dave2d_overlay_draw_rect
 2002d38  2002d38       ca     2         ./src/dave2D_overlay.o:(.text.dave2d_overlay_end)
 2002d38  2002d38        0     1                 $t
 2002d39  2002d39       ca     1                 dave2d_overlay_end
 2002e02  2002e02      11c     2         ./src/dave2D_overlay.o:(.text.dave2d_overlay_draw_filled_rect)
 2002e02  2002e02        0     1                 $t
 2002e03  2002e03      11c     1                 dave2d_overlay_draw_filled_rect
 2002f20  2002f20      104     8         ./src/glcdc_display.o:(.text.glcdc_init)
 2002f20  2002f20        0     1                 $t
 2002f21  2002f21      104     1                 glcdc_init
 2003024  2003024       16     2         ./src/glcdc_display.o:(.text.glcdc_vsync_isr)
 2003024  2003024        0     1                 $t
 2003025  2003025       16     1                 glcdc_vsync_isr
 200303a  200303a        4     2         ./src/hal_entry.o:(.text.hal_entry)
 200303a  200303a        0     1                 $t
 200303b  200303b        4     1                 hal_entry
 200303e  200303e       26     2         ./src/hal_entry.o:(.text.R_BSP_WarmStart)
 200303e  200303e        0     1                 $t
 200303f  200303f       26     1                 R_BSP_WarmStart
 2003064  2003064       3c     2         ./src/i2c_control.o:(.text.i2c_control_init)
 2003064  2003064        0     1                 $t
 2003065  2003065       3c     1                 i2c_control_init
 20030a0  20030a0       2e     8         ./src/i2c_control.o:(.text.i2c_master_wait_event)
 20030a0  20030a0        0     1                 $t
 20030a1  20030a1       2e     1                 i2c_master_wait_event
 20030ce  20030ce       96     2         ./src/i2c_control.o:(.text.read_reg_16bit)
 20030ce  20030ce        0     1                 $t
 20030cf  20030cf       96     1                 read_reg_16bit
 2003164  2003164       62     2         ./src/i2c_control.o:(.text.write_reg_16bit)
 2003164  2003164        0     1                 $t
 2003165  2003165       62     1                 write_reg_16bit
 20031c6  20031c6       10     2         ./src/i2c_control.o:(.text.g_i2c_master_for_peripheral_callback)
 20031c6  20031c6        0     1                 $t
 20031c7  20031c7       10     1                 g_i2c_master_for_peripheral_callback
 20031d8  20031d8      946     8         ./src/mipi_csi.o:(.text.mipi_csi_ep_entry)
 20031d8  20031d8        0     1                 $t
 20031d9  20031d9      946     1                 mipi_csi_ep_entry
 200379c  200379c        0     1                 $d
 2003844  2003844        0     1                 $t
 2003b1e  2003b1e       94     2         ./src/mipi_csi.o:(.text.handle_error)
 2003b1e  2003b1e        0     1                 $t
 2003b1f  2003b1f       94     1                 handle_error
 2003bb2  2003bb2       1c     2         ./src/mipi_csi.o:(.text.vin_callback)
 2003bb2  2003bb2        0     1                 $t
 2003bb3  2003bb3       1c     1                 vin_callback
 2003bce  2003bce        2     2         ./src/mipi_csi.o:(.text.mipi_csi0_callback)
 2003bce  2003bce        0     1                 $t
 2003bcf  2003bcf        2     1                 mipi_csi0_callback
 2003bd0  2003bd0      144     8         ./src/yolo_postprocess.o:(.text.yolo_decode_int8_output)
 2003bd0  2003bd0        0     1                 $t
 2003bd1  2003bd1      144     1                 yolo_decode_int8_output
 2003d10  2003d10        0     1                 $d
 2003d18  2003d18      1e8     8         ./src/yolo_postprocess.o:(.text.yolo_nms)
 2003d18  2003d18        0     1                 $t
 2003d19  2003d19      1e8     1                 yolo_nms
 2003efc  2003efc        0     1                 $d
 2003f00  2003f00        a     2         ./ra_gen/main.o:(.text.main)
 2003f00  2003f00        0     1                 $t
 2003f01  2003f01        a     1                 main
 2003f0a  2003f0a      648     2         ./ra/tes/dave2d/src/dave_box.o:(.text.d2_renderbox_inline)
 2003f0a  2003f0a        0     1                 $t
 2003f0b  2003f0b      648     1                 d2_renderbox_inline
 2004552  2004552       1e     2         ./ra/tes/dave2d/src/dave_box.o:(.text.d2_renderbox_solid)
 2004552  2004552        0     1                 $t
 2004553  2004553       1e     1                 d2_renderbox_solid
 2004570  2004570       2e     2         ./ra/tes/dave2d/src/dave_box.o:(.text.d2_renderbox_shadow)
 2004570  2004570        0     1                 $t
 2004571  2004571       2e     1                 d2_renderbox_shadow
 200459e  200459e       ec     2         ./ra/tes/dave2d/src/dave_box.o:(.text.d2_renderbox_outline)
 200459e  200459e        0     1                 $t
 200459f  200459f       ec     1                 d2_renderbox_outline
 200468a  200468a       52     2         ./ra/tes/dave2d/src/dave_box.o:(.text.d2_renderbox_solidoutline)
 200468a  200468a        0     1                 $t
 200468b  200468b       52     1                 d2_renderbox_solidoutline
 20046dc  20046dc       52     2         ./ra/tes/dave2d/src/dave_box.o:(.text.d2_renderbox_solidshadow)
 20046dc  20046dc        0     1                 $t
 20046dd  20046dd       52     1                 d2_renderbox_solidshadow
 2004730  2004730      188     8         ./ra/tes/dave2d/src/dave_context.o:(.text.d2_newcontext)
 2004730  2004730        0     1                 $t
 2004731  2004731      188     1                 d2_newcontext
 2004858  2004858        0     1                 $d
 20048b8  20048b8       62     8         ./ra/tes/dave2d/src/dave_context.o:(.text.d2_freecontext)
 20048b8  20048b8        0     1                 $t
 20048b9  20048b9       62     1                 d2_freecontext
 200491a  200491a       26     2         ./ra/tes/dave2d/src/dave_context.o:(.text.d2_setcolor)
 200491a  200491a        0     1                 $t
 200491b  200491b       26     1                 d2_setcolor
 2004940  2004940       78     4         ./ra/tes/dave2d/src/dave_context.o:(.text.d2_setblendmode)
 2004940  2004940        0     1                 $t
 2004941  2004941       78     1                 d2_setblendmode
 200496a  200496a        0     1                 $d
 200496e  200496e        0     1                 $t
 20049b8  20049b8       30     2         ./ra/tes/dave2d/src/dave_context.o:(.text.d2_calcpatternalpha_intern)
 20049b8  20049b8        0     1                 $t
 20049b9  20049b9       30     1                 d2_calcpatternalpha_intern
 20049e8  20049e8      358     2         ./ra/tes/dave2d/src/dave_curve.o:(.text.d2_circlesetup_intern)
 20049e8  20049e8        0     1                 $t
 20049e9  20049e9      358     1                 d2_circlesetup_intern
 2004d40  2004d40       84     2         ./ra/tes/dave2d/src/dave_dlist.o:(.text.d2_alloc_dlistblock_intern)
 2004d40  2004d40        0     1                 $t
 2004d41  2004d41       84     1                 d2_alloc_dlistblock_intern
 2004dc8  2004dc8       56     8         ./ra/tes/dave2d/src/dave_dlist.o:(.text.d2_free_dlistblock_intern)
 2004dc8  2004dc8        0     1                 $t
 2004dc9  2004dc9       56     1                 d2_free_dlistblock_intern
 2004e1e  2004e1e       32     2         ./ra/tes/dave2d/src/dave_dlist.o:(.text.d2_growdlist_intern)
 2004e1e  2004e1e        0     1                 $t
 2004e1f  2004e1f       32     1                 d2_growdlist_intern
 2004e50  2004e50       fc     8         ./ra/tes/dave2d/src/dave_dlist.o:(.text.d2_initdlist_intern)
 2004e50  2004e50        0     1                 $t
 2004e51  2004e51       fc     1                 d2_initdlist_intern
 2004f4c  2004f4c       1a     2         ./ra/tes/dave2d/src/dave_dlist.o:(.text.d2_clear_dlistlist_intern)
 2004f4c  2004f4c        0     1                 $t
 2004f4d  2004f4d       1a     1                 d2_clear_dlistlist_intern
 2004f66  2004f66       52     2         ./ra/tes/dave2d/src/dave_dlist.o:(.text.d2_add_dlistlist_intern)
 2004f66  2004f66        0     1                 $t
 2004f67  2004f67       52     1                 d2_add_dlistlist_intern
 2004fb8  2004fb8       54     8         ./ra/tes/dave2d/src/dave_dlist.o:(.text.d2_deinitdlist_intern)
 2004fb8  2004fb8        0     1                 $t
 2004fb9  2004fb9       54     1                 d2_deinitdlist_intern
 200500c  200500c      262     4         ./ra/tes/dave2d/src/dave_dlist.o:(.text.d2_nextdlistblock_intern)
 200500c  200500c        0     1                 $t
 200500d  200500d      262     1                 d2_nextdlistblock_intern
 2005080  2005080        0     1                 $d
 2005084  2005084        0     1                 $t
 20051e0  20051e0        0     1                 $d
 20051e4  20051e4        0     1                 $t
 2005270  2005270       54     4         ./ra/tes/dave2d/src/dave_dlist.o:(.text.d2_paddlist_intern)
 2005270  2005270        0     1                 $t
 2005271  2005271       54     1                 d2_paddlist_intern
 2005290  2005290        0     1                 $d
 2005294  2005294        0     1                 $t
 20052c4  20052c4       42     2         ./ra/tes/dave2d/src/dave_dlist.o:(.text.d2_resetdlist_intern)
 20052c4  20052c4        0     1                 $t
 20052c5  20052c5       42     1                 d2_resetdlist_intern
 2005308  2005308      136     8         ./ra/tes/dave2d/src/dave_dlist.o:(.text.d2_preparedlist_read_intern)
 2005308  2005308        0     1                 $t
 2005309  2005309      136     1                 d2_preparedlist_read_intern
 2005324  2005324        0     1                 $d
 2005328  2005328        0     1                 $t
 2005440  2005440      1ae     8         ./ra/tes/dave2d/src/dave_dlist.o:(.text.d2_scratch2dlist_intern)
 2005440  2005440        0     1                 $t
 2005441  2005441      1ae     1                 d2_scratch2dlist_intern
 20055f0  20055f0       68     8         ./ra/tes/dave2d/src/dave_dlist.o:(.text.d2_copydlist_vidmem_intern)
 20055f0  20055f0        0     1                 $t
 20055f1  20055f1       68     1                 d2_copydlist_vidmem_intern
 2005658  2005658       64     8         ./ra/tes/dave2d/src/dave_dlist.o:(.text.d2_mapdlist_vidmem_intern)
 2005658  2005658        0     1                 $t
 2005659  2005659       64     1                 d2_mapdlist_vidmem_intern
 20056c0  20056c0       58     8         ./ra/tes/dave2d/src/dave_dlist.o:(.text.d2_cacheflushdlist_intern)
 20056c0  20056c0        0     1                 $t
 20056c1  20056c1       58     1                 d2_cacheflushdlist_intern
 2005718  2005718      174     8         ./ra/tes/dave2d/src/dave_dlist.o:(.text.d2_executedlist_intern)
 2005718  2005718        0     1                 $t
 2005719  2005719      174     1                 d2_executedlist_intern
 200588c  200588c       82     4         ./ra/tes/dave2d/src/dave_dlist.o:(.text.d2_insertwaitpipedlist_intern)
 200588c  200588c        0     1                 $t
 200588d  200588d       82     1                 d2_insertwaitpipedlist_intern
 20058a2  20058a2        0     1                 $d
 20058a6  20058a6        0     1                 $t
 2005910  2005910       82     4         ./ra/tes/dave2d/src/dave_dlist.o:(.text.d2_insertwaitfulldlist_intern)
 2005910  2005910        0     1                 $t
 2005911  2005911       82     1                 d2_insertwaitfulldlist_intern
 2005926  2005926        0     1                 $d
 200592a  200592a        0     1                 $t
 2005998  2005998       c8     8         ./ra/tes/dave2d/src/dave_driver.o:(.text.d2_opendevice)
 2005998  2005998        0     1                 $t
 2005999  2005999       c8     1                 d2_opendevice
 2005a50  2005a50        0     1                 $d
 2005a60  2005a60       68     8         ./ra/tes/dave2d/src/dave_driver.o:(.text.d2_closedevice)
 2005a60  2005a60        0     1                 $t
 2005a61  2005a61       68     1                 d2_closedevice
 2005ac8  2005ac8       5e     2         ./ra/tes/dave2d/src/dave_driver.o:(.text.d2_deinithw)
 2005ac8  2005ac8        0     1                 $t
 2005ac9  2005ac9       5e     1                 d2_deinithw
 2005b26  2005b26       be     2         ./ra/tes/dave2d/src/dave_driver.o:(.text.d2_inithw)
 2005b26  2005b26        0     1                 $t
 2005b27  2005b27       be     1                 d2_inithw
 2005be4  2005be4        4     2         ./ra/tes/dave2d/src/dave_driver.o:(.text.d2_level1interface)
 2005be4  2005be4        0     1                 $t
 2005be5  2005be5        4     1                 d2_level1interface
 2005be8  2005be8       5e     2         ./ra/tes/dave2d/src/dave_driver.o:(.text.d2_selectrendermode)
 2005be8  2005be8        0     1                 $t
 2005be9  2005be9       5e     1                 d2_selectrendermode
 2005c46  2005c46       16     2         ./ra/tes/dave2d/src/dave_driver.o:(.text.d2_flushframe)
 2005c46  2005c46        0     1                 $t
 2005c47  2005c47       16     1                 d2_flushframe
 2005c5c  2005c5c       b8     2         ./ra/tes/dave2d/src/dave_edge.o:(.text.d2_lineedge_setup3blur_intern)
 2005c5c  2005c5c        0     1                 $t
 2005c5d  2005c5d       b8     1                 d2_lineedge_setup3blur_intern
 2005d14  2005d14       a0     2         ./ra/tes/dave2d/src/dave_edge.o:(.text.d2_lineedge_setup3sqrt_intern)
 2005d14  2005d14        0     1                 $t
 2005d15  2005d15       a0     1                 d2_lineedge_setup3sqrt_intern
 2005db4  2005db4      252     2         ./ra/tes/dave2d/src/dave_edge.o:(.text.d2_lineedge_setup3_intern)
 2005db4  2005db4        0     1                 $t
 2005db5  2005db5      252     1                 d2_lineedge_setup3_intern
 2006006  2006006       d4     2         ./ra/tes/dave2d/src/dave_edge.o:(.text.d2_triedge_setup_intern)
 2006006  2006006        0     1                 $t
 2006007  2006007       d4     1                 d2_triedge_setup_intern
 20060da  20060da       dc     2         ./ra/tes/dave2d/src/dave_edge.o:(.text.d2_triedge_setupblur_intern)
 20060da  20060da        0     1                 $t
 20060db  20060db       dc     1                 d2_triedge_setupblur_intern
 20061b6  20061b6       44     2         ./ra/tes/dave2d/src/dave_edge.o:(.text.d2_triedge_setupnoaa_intern)
 20061b6  20061b6        0     1                 $t
 20061b7  20061b7       44     1                 d2_triedge_setupnoaa_intern
 20061fa  20061fa       74     2         ./ra/tes/dave2d/src/dave_edge.o:(.text.d2_triedge_setupsqrt_intern)
 20061fa  20061fa        0     1                 $t
 20061fb  20061fb       74     1                 d2_triedge_setupsqrt_intern
 200626e  200626e       10     2         ./ra/tes/dave2d/src/dave_edge.o:(.text.d2_invertlimiter_intern)
 200626e  200626e        0     1                 $t
 200626f  200626f       10     1                 d2_invertlimiter_intern
 200627e  200627e        a     2         ./ra/tes/dave2d/src/dave_gradient.o:(.text.d2_initgradient_intern)
 200627e  200627e        0     1                 $t
 200627f  200627f        a     1                 d2_initgradient_intern
 2006288  2006288      124     2         ./ra/tes/dave2d/src/dave_gradient.o:(.text.d2_initgradients_intern)
 2006288  2006288        0     1                 $t
 2006289  2006289      124     1                 d2_initgradients_intern
 20063ac  20063ac      154     2         ./ra/tes/dave2d/src/dave_gradient.o:(.text.d2_initgradient_lin)
 20063ac  20063ac        0     1                 $t
 20063ad  20063ad      154     1                 d2_initgradient_lin
 2006500  2006500       4c     2         ./ra/tes/dave2d/src/dave_hardware.o:(.text.d2hw_acquire)
 2006500  2006500        0     1                 $t
 2006501  2006501       4c     1                 d2hw_acquire
 200654c  200654c        e     2         ./ra/tes/dave2d/src/dave_hardware.o:(.text.d2hw_release)
 200654c  200654c        0     1                 $t
 200654d  200654d        e     1                 d2hw_release
 200655a  200655a        c     2         ./ra/tes/dave2d/src/dave_hardware.o:(.text.d2hw_set)
 200655a  200655a        0     1                 $t
 200655b  200655b        c     1                 d2hw_set
 2006568  2006568       18     8         ./ra/tes/dave2d/src/dave_hardware.o:(.text.d2hw_wait)
 2006568  2006568        0     1                 $t
 2006569  2006569       18     1                 d2hw_wait
 2006580  2006580       48     8         ./ra/tes/dave2d/src/dave_hardware.o:(.text.d2hw_finish)
 2006580  2006580        0     1                 $t
 2006581  2006581       48     1                 d2hw_finish
 20065c8  20065c8       52     8         ./ra/tes/dave2d/src/dave_hardware.o:(.text.d2hw_start)
 20065c8  20065c8        0     1                 $t
 20065c9  20065c9       52     1                 d2hw_start
 200661a  200661a      b22     2         ./ra/tes/dave2d/src/dave_line.o:(.text.d2_renderline_intern)
 200661a  200661a        0     1                 $t
 200661b  200661b      b22     1                 d2_renderline_intern
 200713c  200713c      a02     2         ./ra/tes/dave2d/src/dave_line.o:(.text.d2_renderline2_intern)
 200713c  200713c        0     1                 $t
 200713d  200713d      a02     1                 d2_renderline2_intern
 2007b3e  2007b3e      25a     2         ./ra/tes/dave2d/src/dave_line.o:(.text.d2_renderlinedot_intern)
 2007b3e  2007b3e        0     1                 $t
 2007b3f  2007b3f      25a     1                 d2_renderlinedot_intern
 2007d98  2007d98       e2     2         ./ra/tes/dave2d/src/dave_line.o:(.text.d2_renderline_intern_split)
 2007d98  2007d98        0     1                 $t
 2007d99  2007d99       e2     1                 d2_renderline_intern_split
 2007e7a  2007e7a       34     2         ./ra/tes/dave2d/src/dave_line.o:(.text.d2_renderline_solid)
 2007e7a  2007e7a        0     1                 $t
 2007e7b  2007e7b       34     1                 d2_renderline_solid
 2007eae  2007eae       40     2         ./ra/tes/dave2d/src/dave_line.o:(.text.d2_renderline_outline)
 2007eae  2007eae        0     1                 $t
 2007eaf  2007eaf       40     1                 d2_renderline_outline
 2007eee  2007eee       4a     2         ./ra/tes/dave2d/src/dave_line.o:(.text.d2_renderline_shadow)
 2007eee  2007eee        0     1                 $t
 2007eef  2007eef       4a     1                 d2_renderline_shadow
 2007f38  2007f38       84     2         ./ra/tes/dave2d/src/dave_line.o:(.text.d2_renderline_solidshadow)
 2007f38  2007f38        0     1                 $t
 2007f39  2007f39       84     1                 d2_renderline_solidshadow
 2007fbc  2007fbc       76     2         ./ra/tes/dave2d/src/dave_line.o:(.text.d2_renderline_solidoutline)
 2007fbc  2007fbc        0     1                 $t
 2007fbd  2007fbd       76     1                 d2_renderline_solidoutline
 2008032  2008032      120     2         ./ra/tes/dave2d/src/dave_math.o:(.text.d2_sqrt)
 2008032  2008032        0     1                 $t
 2008033  2008033      120     1                 d2_sqrt
 2008152  2008152        4     2         ./ra/tes/dave2d/src/dave_memory.o:(.text.d2_getmem_p)
 2008152  2008152        0     1                 $t
 2008153  2008153        4     1                 d2_getmem_p
 2008156  2008156        4     2         ./ra/tes/dave2d/src/dave_memory.o:(.text.d2_freemem_p)
 2008156  2008156        0     1                 $t
 2008157  2008157        4     1                 d2_freemem_p
 2008160  2008160       52     8         ./ra/tes/dave2d/src/dave_memory.o:(.text.d2_reallocmem_p)
 2008160  2008160        0     1                 $t
 2008161  2008161       52     1                 d2_reallocmem_p
 20081b2  20081b2       46     2         ./ra/tes/dave2d/src/dave_memory.o:(.text.d2_getmem_d)
 20081b2  20081b2        0     1                 $t
 20081b3  20081b3       46     1                 d2_getmem_d
 20081f8  20081f8       40     2         ./ra/tes/dave2d/src/dave_memory.o:(.text.d2_freemem_d)
 20081f8  20081f8        0     1                 $t
 20081f9  20081f9       40     1                 d2_freemem_d
 2008238  2008238      17a     2         ./ra/tes/dave2d/src/dave_pattern.o:(.text.d2_setuppattern)
 2008238  2008238        0     1                 $t
 2008239  2008239      17a     1                 d2_setuppattern
 20083b8  20083b8      354     8         ./ra/tes/dave2d/src/dave_polyline.o:(.text.d2_renderpolyline_intern)
 20083b8  20083b8        0     1                 $t
 20083b9  20083b9      354     1                 d2_renderpolyline_intern
 200870c  200870c       72     2         ./ra/tes/dave2d/src/dave_rbuffer.o:(.text.d2_newrenderbuffer)
 200870c  200870c        0     1                 $t
 200870d  200870d       72     1                 d2_newrenderbuffer
 200877e  200877e       44     2         ./ra/tes/dave2d/src/dave_rbuffer.o:(.text.d2_freerenderbuffer)
 200877e  200877e        0     1                 $t
 200877f  200877f       44     1                 d2_freerenderbuffer
 20087c2  20087c2       ac     2         ./ra/tes/dave2d/src/dave_rbuffer.o:(.text.d2_selectrenderbuffer)
 20087c2  20087c2        0     1                 $t
 20087c3  20087c3       ac     1                 d2_selectrenderbuffer
 200886e  200886e       60     2         ./ra/tes/dave2d/src/dave_rbuffer.o:(.text.d2_executerenderbuffer)
 200886e  200886e        0     1                 $t
 200886f  200886f       60     1                 d2_executerenderbuffer
 20088ce  20088ce       8e     2         ./ra/tes/dave2d/src/dave_rbuffer.o:(.text.d2_layer2dlist_intern)
 20088ce  20088ce        0     1                 $t
 20088cf  20088cf       8e     1                 d2_layer2dlist_intern
 200895c  200895c       3e     2         ./ra/tes/dave2d/src/dave_rbuffer.o:(.text.d2_rendertolayer_intern)
 200895c  200895c        0     1                 $t
 200895d  200895d       3e     1                 d2_rendertolayer_intern
 200899a  200899a       5a     2         ./ra/tes/dave2d/src/dave_rbuffer.o:(.text.d2_scratchgrowlayer_intern)
 200899a  200899a        0     1                 $t
 200899b  200899b       5a     1                 d2_scratchgrowlayer_intern
 20089f4  20089f4       2a     2         ./ra/tes/dave2d/src/dave_rbuffer.o:(.text.d2_rendertobase_intern)
 20089f4  20089f4        0     1                 $t
 20089f5  20089f5       2a     1                 d2_rendertobase_intern
 2008a20  2008a20      4c6     8         ./ra/tes/dave2d/src/dave_render.o:(.text.d2_setupmaterial_intern)
 2008a20  2008a20        0     1                 $t
 2008a21  2008a21      4c6     1                 d2_setupmaterial_intern
 2008a8a  2008a8a        0     1                 $d
 2008a8e  2008a8e        0     1                 $t
 2008ee6  2008ee6      132     2         ./ra/tes/dave2d/src/dave_render.o:(.text.d2_startrender_intern)
 2008ee6  2008ee6        0     1                 $t
[...]
Reset_Handler                                     ./ra/fsp/src/bsp/cmsis/Device/RENESAS/Source/startup.o
SystemInit                                        ./ra/fsp/src/bsp/cmsis/Device/RENESAS/Source/system.o
                                                  ./ra/fsp/src/bsp/cmsis/Device/RENESAS/Source/startup.o
Default_Handler                                   ./ra/fsp/src/bsp/cmsis/Device/RENESAS/Source/startup.o
g_main_stack                                      ./ra/fsp/src/bsp/cmsis/Device/RENESAS/Source/startup.o
                                                  ./ra/fsp/src/bsp/cmsis/Device/RENESAS/Source/system.o
__Vectors                                         ./ra/fsp/src/bsp/cmsis/Device/RENESAS/Source/startup.o
                                                  ./ra/fsp/src/bsp/cmsis/Device/RENESAS/Source/system.o
HardFault_Handler                                 ./ra/fsp/src/bsp/cmsis/Device/RENESAS/Source/startup.o
MemManage_Handler                                 ./ra/fsp/src/bsp/cmsis/Device/RENESAS/Source/startup.o
BusFault_Handler                                  ./ra/fsp/src/bsp/cmsis/Device/RENESAS/Source/startup.o
UsageFault_Handler                                ./ra/fsp/src/bsp/cmsis/Device/RENESAS/Source/startup.o
SecureFault_Handler                               ./ra/fsp/src/bsp/cmsis/Device/RENESAS/Source/startup.o
SVC_Handler                                       ./ra/fsp/src/bsp/cmsis/Device/RENESAS/Source/startup.o
DebugMon_Handler                                  ./ra/fsp/src/bsp/cmsis/Device/RENESAS/Source/startup.o
PendSV_Handler                                    ./ra/fsp/src/bsp/cmsis/Device/RENESAS/Source/startup.o
SysTick_Handler                                   ./ra/fsp/src/bsp/cmsis/Device/RENESAS/Source/startup.o
_init_tls                                         C:\\Renesas\\RA\\e2studio_v2026-04.2_fsp_v6.5.0\\toolchains\\llvm_arm\\ATfE-21.1.1-Windows-x86_64\\bin\\..\\lib\\clang-runtimes/arm-none-eabi/armv8.1m.main_hard_fpdp_nomve_exn_rtti_unaligned_size\\lib\libc.a(libc_picolib_inittls.c.o)
                                                  ./ra/fsp/src/bsp/cmsis/Device/RENESAS/Source/system.o
__init_array_start                                fsp_gen.lld:749
                                                  ./ra/fsp/src/bsp/cmsis/Device/RENESAS/Source/system.o
__init_array_end                                  fsp_gen.lld:752
                                                  ./ra/fsp/src/bsp/cmsis/Device/RENESAS/Source/system.o
__aeabi_memcpy8                                   C:\\Renesas\\RA\\e2studio_v2026-04.2_fsp_v6.5.0\\toolchains\\llvm_arm\\ATfE-21.1.1-Windows-x86_64\\bin\\..\\lib\\clang-runtimes/arm-none-eabi/armv8.1m.main_hard_fpdp_nomve_exn_rtti_unaligned_size\\lib\libc.a(memcpy.c.o)
                                                  ./ra/arm/CMSIS-NN/Source/FullyConnectedFunctions/arm_vector_sum_s8_s64.o
                                                  ./ra/arm/CMSIS-DSP/Source/MatrixFunctions/arm_mat_ldlt_f64.o
                                                  ./ra/arm/CMSIS-DSP/Source/MatrixFunctions/arm_mat_qr_f64.o
__aeabi_memset8                                   C:\\Renesas\\RA\\e2studio_v2026-04.2_fsp_v6.5.0\\toolchains\\llvm_arm\\ATfE-21.1.1-Windows-x86_64\\bin\\..\\lib\\clang-runtimes/arm-none-eabi/armv8.1m.main_hard_fpdp_nomve_exn_rtti_unaligned_size\\lib\libc.a(aeabi_memset.c.o)
bzero                                             C:\\Renesas\\RA\\e2studio_v2026-04.2_fsp_v6.5.0\\toolchains\\llvm_arm\\ATfE-21.1.1-Windows-x86_64\\bin\\..\\lib\\clang-runtimes/arm-none-eabi/armv8.1m.main_hard_fpdp_nomve_exn_rtti_unaligned_size\\lib\libc.a(bzero.c.o)
__retarget_lock_acquire_recursive                 C:\\Renesas\\RA\\e2studio_v2026-04.2_fsp_v6.5.0\\toolchains\\llvm_arm\\ATfE-21.1.1-Windows-x86_64\\bin\\..\\lib\\clang-runtimes/arm-none-eabi/armv8.1m.main_hard_fpdp_nomve_exn_rtti_unaligned_size\\lib\libc.a(libc_misc_lock.c.o)
                                                  C:\\Renesas\\RA\\e2studio_v2026-04.2_fsp_v6.5.0\\toolchains\\llvm_arm\\ATfE-21.1.1-Windows-x86_64\\bin\\..\\lib\\clang-runtimes/arm-none-eabi/armv8.1m.main_hard_fpdp_nomve_exn_rtti_unaligned_size\\lib\libc.a(nano-free.c.o)
                                                  C:\\Renesas\\RA\\e2studio_v2026-04.2_fsp_v6.5.0\\toolchains\\llvm_arm\\ATfE-21.1.1-Windows-x86_64\\bin\\..\\lib\\clang-runtimes/arm-none-eabi/armv8.1m.main_hard_fpdp_nomve_exn_rtti_unaligned_size\\lib\libc.a(nano-malloc.c.o)
__retarget_lock_release_recursive                 C:\\Renesas\\RA\\e2studio_v2026-04.2_fsp_v6.5.0\\toolchains\\llvm_arm\\ATfE-21.1.1-Windows-x86_64\\bin\\..\\lib\\clang-runtimes/arm-none-eabi/armv8.1m.main_hard_fpdp_nomve_exn_rtti_unaligned_size\\lib\libc.a(libc_misc_lock.c.o)
                                                  C:\\Renesas\\RA\\e2studio_v2026-04.2_fsp_v6.5.0\\toolchains\\llvm_arm\\ATfE-21.1.1-Windows-x86_64\\bin\\..\\lib\\clang-runtimes/arm-none-eabi/armv8.1m.main_hard_fpdp_nomve_exn_rtti_unaligned_size\\lib\libc.a(nano-free.c.o)
                                                  C:\\Renesas\\RA\\e2studio_v2026-04.2_fsp_v6.5.0\\toolchains\\llvm_arm\\ATfE-21.1.1-Windows-x86_64\\bin\\..\\lib\\clang-runtimes/arm-none-eabi/armv8.1m.main_hard_fpdp_nomve_exn_rtti_unaligned_size\\lib\libc.a(nano-malloc.c.o)
__lock___libc_recursive_mutex                     C:\\Renesas\\RA\\e2studio_v2026-04.2_fsp_v6.5.0\\toolchains\\llvm_arm\\ATfE-21.1.1-Windows-x86_64\\bin\\..\\lib\\clang-runtimes/arm-none-eabi/armv8.1m.main_hard_fpdp_nomve_exn_rtti_unaligned_size\\lib\libc.a(libc_misc_lock.c.o)
                                                  C:\\Renesas\\RA\\e2studio_v2026-04.2_fsp_v6.5.0\\toolchains\\llvm_arm\\ATfE-21.1.1-Windows-x86_64\\bin\\..\\lib\\clang-runtimes/arm-none-eabi/armv8.1m.main_hard_fpdp_nomve_exn_rtti_unaligned_size\\lib\libc.a(nano-free.c.o)
                                                  C:\\Renesas\\RA\\e2studio_v2026-04.2_fsp_v6.5.0\\toolchains\\llvm_arm\\ATfE-21.1.1-Windows-x86_64\\bin\\..\\lib\\clang-runtimes/arm-none-eabi/armv8.1m.main_hard_fpdp_nomve_exn_rtti_unaligned_size\\lib\libc.a(nano-malloc.c.o)
__malloc_free_list                                C:\\Renesas\\RA\\e2studio_v2026-04.2_fsp_v6.5.0\\toolchains\\llvm_arm\\ATfE-21.1.1-Windows-x86_64\\bin\\..\\lib\\clang-runtimes/arm-none-eabi/armv8.1m.main_hard_fpdp_nomve_exn_rtti_unaligned_size\\lib\libc.a(nano-malloc.c.o)
                                                  C:\\Renesas\\RA\\e2studio_v2026-04.2_fsp_v6.5.0\\toolchains\\llvm_arm\\ATfE-21.1.1-Windows-x86_64\\bin\\..\\lib\\clang-runtimes/arm-none-eabi/armv8.1m.main_hard_fpdp_nomve_exn_rtti_unaligned_size\\lib\libc.a(nano-free.c.o)
__malloc_free                                     C:\\Renesas\\RA\\e2studio_v2026-04.2_fsp_v6.5.0\\toolchains\\llvm_arm\\ATfE-21.1.1-Windows-x86_64\\bin\\..\\lib\\clang-runtimes/arm-none-eabi/armv8.1m.main_hard_fpdp_nomve_exn_rtti_unaligned_size\\lib\libc.a(nano-free.c.o)
                                                  C:\\Renesas\\RA\\e2studio_v2026-04.2_fsp_v6.5.0\\toolchains\\llvm_arm\\ATfE-21.1.1-Windows-x86_64\\bin\\..\\lib\\clang-runtimes/arm-none-eabi/armv8.1m.main_hard_fpdp_nomve_exn_rtti_unaligned_size\\lib\libc.a(nano-malloc.c.o)
cfree                                             C:\\Renesas\\RA\\e2studio_v2026-04.2_fsp_v6.5.0\\toolchains\\llvm_arm\\ATfE-21.1.1-Windows-x86_64\\bin\\..\\lib\\clang-runtimes/arm-none-eabi/armv8.1m.main_hard_fpdp_nomve_exn_rtti_unaligned_size\\lib\libc.a(nano-free.c.o)
__malloc_grow_chunk                               C:\\Renesas\\RA\\e2studio_v2026-04.2_fsp_v6.5.0\\toolchains\\llvm_arm\\ATfE-21.1.1-Windows-x86_64\\bin\\..\\lib\\clang-runtimes/arm-none-eabi/armv8.1m.main_hard_fpdp_nomve_exn_rtti_unaligned_size\\lib\libc.a(nano-malloc.c.o)
__malloc_malloc                                   C:\\Renesas\\RA\\e2studio_v2026-04.2_fsp_v6.5.0\\toolchains\\llvm_arm\\ATfE-21.1.1-Windows-x86_64\\bin\\..\\lib\\clang-runtimes/arm-none-eabi/armv8.1m.main_hard_fpdp_nomve_exn_rtti_unaligned_size\\lib\libc.a(nano-malloc.c.o)
__malloc_sbrk_top                                 C:\\Renesas\\RA\\e2studio_v2026-04.2_fsp_v6.5.0\\toolchains\\llvm_arm\\ATfE-21.1.1-Windows-x86_64\\bin\\..\\lib\\clang-runtimes/arm-none-eabi/armv8.1m.main_hard_fpdp_nomve_exn_rtti_unaligned_size\\lib\libc.a(nano-malloc.c.o)
__malloc_sbrk_start                               C:\\Renesas\\RA\\e2studio_v2026-04.2_fsp_v6.5.0\\toolchains\\llvm_arm\\ATfE-21.1.1-Windows-x86_64\\bin\\..\\lib\\clang-runtimes/arm-none-eabi/armv8.1m.main_hard_fpdp_nomve_exn_rtti_unaligned_size\\lib\libc.a(nano-malloc.c.o)
__tdata_source                                    fsp_gen.lld:1285
                                                  C:\\Renesas\\RA\\e2studio_v2026-04.2_fsp_v6.5.0\\toolchains\\llvm_arm\\ATfE-21.1.1-Windows-x86_64\\bin\\..\\lib\\clang-runtimes/arm-none-eabi/armv8.1m.main_hard_fpdp_nomve_exn_rtti_unaligned_size\\lib\libc.a(libc_picolib_inittls.c.o)
__tdata_size                                      fsp_gen.lld:1286
                                                  C:\\Renesas\\RA\\e2studio_v2026-04.2_fsp_v6.5.0\\toolchains\\llvm_arm\\ATfE-21.1.1-Windows-x86_64\\bin\\..\\lib\\clang-runtimes/arm-none-eabi/armv8.1m.main_hard_fpdp_nomve_exn_rtti_unaligned_size\\lib\libc.a(libc_picolib_inittls.c.o)
__tbss_offset                                     fsp_gen.lld:1287
                                                  C:\\Renesas\\RA\\e2studio_v2026-04.2_fsp_v6.5.0\\toolchains\\llvm_arm\\ATfE-21.1.1-Windows-x86_64\\bin\\..\\lib\\clang-runtimes/arm-none-eabi/armv8.1m.main_hard_fpdp_nomve_exn_rtti_unaligned_size\\lib\libc.a(libc_picolib_inittls.c.o)
__tbss_size                                       fsp_gen.lld:1288
                                                  C:\\Renesas\\RA\\e2studio_v2026-04.2_fsp_v6.5.0\\toolchains\\llvm_arm\\ATfE-21.1.1-Windows-x86_64\\bin\\..\\lib\\clang-runtimes/arm-none-eabi/armv8.1m.main_hard_fpdp_nomve_exn_rtti_unaligned_size\\lib\libc.a(libc_picolib_inittls.c.o)
__arm32_tls_tcb_offset                            fsp_gen.lld:1289
                                                  C:\\Renesas\\RA\\e2studio_v2026-04.2_fsp_v6.5.0\\toolchains\\llvm_arm\\ATfE-21.1.1-Windows-x86_64\\bin\\..\\lib\\clang-runtimes/arm-none-eabi/armv8.1m.main_hard_fpdp_nomve_exn_rtti_unaligned_size\\lib\libc.a(libc_picolib_machine_arm_set_tls.c.o)
__tls                                             C:\\Renesas\\RA\\e2studio_v2026-04.2_fsp_v6.5.0\\toolchains\\llvm_arm\\ATfE-21.1.1-Windows-x86_64\\bin\\..\\lib\\clang-runtimes/arm-none-eabi/armv8.1m.main_hard_fpdp_nomve_exn_rtti_unaligned_size\\lib\libc.a(libc_picolib_machine_arm_tls.c.o)
                                                  C:\\Renesas\\RA\\e2studio_v2026-04.2_fsp_v6.5.0\\toolchains\\llvm_arm\\ATfE-21.1.1-Windows-x86_64\\bin\\..\\lib\\clang-runtimes/arm-none-eabi/armv8.1m.main_hard_fpdp_nomve_exn_rtti_unaligned_size\\lib\libc.a(libc_picolib_machine_arm_set_tls.c.o)
                                                  C:\\Renesas\\RA\\e2studio_v2026-04.2_fsp_v6.5.0\\toolchains\\llvm_arm\\ATfE-21.1.1-Windows-x86_64\\bin\\..\\lib\\clang-runtimes/arm-none-eabi/armv8.1m.main_hard_fpdp_nomve_exn_rtti_unaligned_size\\lib\libc.a(libc_picolib_machine_arm_read_tp.S.o)
vfprintf                                          C:\\Renesas\\RA\\e2studio_v2026-04.2_fsp_v6.5.0\\toolchains\\llvm_arm\\ATfE-21.1.1-Windows-x86_64\\bin\\..\\lib\\clang-runtimes/arm-none-eabi/armv8.1m.main_hard_fpdp_nomve_exn_rtti_unaligned_size\\lib\libc.a(libc_tinystdio_vfprintf.c.o)
                                                  C:\\Renesas\\RA\\e2studio_v2026-04.2_fsp_v6.5.0\\toolchains\\llvm_arm\\ATfE-21.1.1-Windows-x86_64\\bin\\..\\lib\\clang-runtimes/arm-none-eabi/armv8.1m.main_hard_fpdp_nomve_exn_rtti_unaligned_size\\lib\libc.a(libc_tinystdio_snprintf.c.o)
__file_str_put                                    C:\\Renesas\\RA\\e2studio_v2026-04.2_fsp_v6.5.0\\toolchains\\llvm_arm\\ATfE-21.1.1-Windows-x86_64\\bin\\..\\lib\\clang-runtimes/arm-none-eabi/armv8.1m.main_hard_fpdp_nomve_exn_rtti_unaligned_size\\lib\libc.a(libc_tinystdio_filestrput.c.o)
                                                  C:\\Renesas\\RA\\e2studio_v2026-04.2_fsp_v6.5.0\\toolchains\\llvm_arm\\ATfE-21.1.1-Windows-x86_64\\bin\\..\\lib\\clang-runtimes/arm-none-eabi/armv8.1m.main_hard_fpdp_nomve_exn_rtti_unaligned_size\\lib\libc.a(libc_tinystdio_snprintf.c.o)
__dtox_engine                                     C:\\Renesas\\RA\\e2studio_v2026-04.2_fsp_v6.5.0\\toolchains\\llvm_arm\\ATfE-21.1.1-Windows-x86_64\\bin\\..\\lib\\clang-runtimes/arm-none-eabi/armv8.1m.main_hard_fpdp_nomve_exn_rtti_unaligned_size\\lib\libc.a(libc_tinystdio_dtox_engine.c.o)
                                                  C:\\Renesas\\RA\\e2studio_v2026-04.2_fsp_v6.5.0\\toolchains\\llvm_arm\\ATfE-21.1.1-Windows-x86_64\\bin\\..\\lib\\clang-runtimes/arm-none-eabi/armv8.1m.main_hard_fpdp_nomve_exn_rtti_unaligned_size\\lib\libc.a(libc_tinystdio_vfprintf.c.o)
__dtoa_engine                                     C:\\Renesas\\RA\\e2studio_v2026-04.2_fsp_v6.5.0\\toolchains\\llvm_arm\\ATfE-21.1.1-Windows-x86_64\\bin\\..\\lib\\clang-runtimes/arm-none-eabi/armv8.1m.main_hard_fpdp_nomve_exn_rtti_unaligned_size\\lib\libc.a(libc_tinystdio_dtoa_ryu.c.o)
                                                  C:\\Renesas\\RA\\e2studio_v2026-04.2_fsp_v6.5.0\\toolchains\\llvm_arm\\ATfE-21.1.1-Windows-x86_64\\bin\\..\\lib\\clang-runtimes/arm-none-eabi/armv8.1m.main_hard_fpdp_nomve_exn_rtti_unaligned_size\\lib\libc.a(libc_tinystdio_vfprintf.c.o)
strnlen                                           C:\\Renesas\\RA\\e2studio_v2026-04.2_fsp_v6.5.0\\toolchains\\llvm_arm\\ATfE-21.1.1-Windows-x86_64\\bin\\..\\lib\\clang-runtimes/arm-none-eabi/armv8.1m.main_hard_fpdp_nomve_exn_rtti_unaligned_size\\lib\libc.a(libc_string_strnlen.c.o)
                                                  C:\\Renesas\\RA\\e2studio_v2026-04.2_fsp_v6.5.0\\toolchains\\llvm_arm\\ATfE-21.1.1-Windows-x86_64\\bin\\..\\lib\\clang-runtimes/arm-none-eabi/armv8.1m.main_hard_fpdp_nomve_exn_rtti_unaligned_size\\lib\libc.a(libc_tinystdio_vfprintf.c.o)
__d_vfprintf                                      C:\\Renesas\\RA\\e2studio_v2026-04.2_fsp_v6.5.0\\toolchains\\llvm_arm\\ATfE-21.1.1-Windows-x86_64\\bin\\..\\lib\\clang-runtimes/arm-none-eabi/armv8.1m.main_hard_fpdp_nomve_exn_rtti_unaligned_size\\lib\libc.a(libc_tinystdio_vfprintf.c.o)
__log10Pow2                                       C:\\Renesas\\RA\\e2studio_v2026-04.2_fsp_v6.5.0\\toolchains\\llvm_arm\\ATfE-21.1.1-Windows-x86_64\\bin\\..\\lib\\clang-runtimes/arm-none-eabi/armv8.1m.main_hard_fpdp_nomve_exn_rtti_unaligned_size\\lib\libc.a(libc_tinystdio_ryu_log10.c.o)
                                                  C:\\Renesas\\RA\\e2studio_v2026-04.2_fsp_v6.5.0\\toolchains\\llvm_arm\\ATfE-21.1.1-Windows-x86_64\\bin\\..\\lib\\clang-runtimes/arm-none-eabi/armv8.1m.main_hard_fpdp_nomve_exn_rtti_unaligned_size\\lib\libc.a(libc_tinystdio_dtoa_ryu.c.o)
__pow5bits                                        C:\\Renesas\\RA\\e2studio_v2026-04.2_fsp_v6.5.0\\toolchains\\llvm_arm\\ATfE-21.1.1-Windows-x86_64\\bin\\..\\lib\\clang-runtimes/arm-none-eabi/armv8.1m.main_hard_fpdp_nomve_exn_rtti_unaligned_size\\lib\libc.a(libc_tinystdio_ryu_pow5bits.c.o)
                                                  C:\\Renesas\\RA\\e2studio_v2026-04.2_fsp_v6.5.0\\toolchains\\llvm_arm\\ATfE-21.1.1-Windows-x86_64\\bin\\..\\lib\\clang-runtimes/arm-none-eabi/armv8.1m.main_hard_fpdp_nomve_exn_rtti_unaligned_size\\lib\libc.a(libc_tinystdio_dtoa_ryu.c.o)
                                                  C:\\Renesas\\RA\\e2studio_v2026-04.2_fsp_v6.5.0\\toolchains\\llvm_arm\\ATfE-21.1.1-Windows-x86_64\\bin\\..\\lib\\clang-runtimes/arm-none-eabi/armv8.1m.main_hard_fpdp_nomve_exn_rtti_unaligned_size\\lib\libc.a(libc_tinystdio_ryu_table.c.o)
__double_computeInvPow5                           C:\\Renesas\\RA\\e2studio_v2026-04.2_fsp_v6.5.0\\toolchains\\llvm_arm\\ATfE-21.1.1-Windows-x86_64\\bin\\..\\lib\\clang-runtimes/arm-none-eabi/armv8.1m.main_hard_fpdp_nomve_exn_rtti_unaligned_size\\lib\libc.a(libc_tinystdio_ryu_table.c.o)
                                                  C:\\Renesas\\RA\\e2studio_v2026-04.2_fsp_v6.5.0\\toolchains\\llvm_arm\\ATfE-21.1.1-Windows-x86_64\\bin\\..\\lib\\clang-runtimes/arm-none-eabi/armv8.1m.main_hard_fpdp_nomve_exn_rtti_unaligned_size\\lib\libc.a(libc_tinystdio_dtoa_ryu.c.o)
__pow5Factor                                      C:\\Renesas\\RA\\e2studio_v2026-04.2_fsp_v6.5.0\\toolchains\\llvm_arm\\ATfE-21.1.1-Windows-x86_64\\bin\\..\\lib\\clang-runtimes/arm-none-eabi/armv8.1m.main_hard_fpdp_nomve_exn_rtti_unaligned_size\\lib\libc.a(libc_tinystdio_ryu_table.c.o)
                                                  C:\\Renesas\\RA\\e2studio_v2026-04.2_fsp_v6.5.0\\toolchains\\llvm_arm\\ATfE-21.1.1-Windows-x86_64\\bin\\..\\lib\\clang-runtimes/arm-none-eabi/armv8.1m.main_hard_fpdp_nomve_exn_rtti_unaligned_size\\lib\libc.a(libc_tinystdio_dtoa_ryu.c.o)
__log10Pow5                                       C:\\Renesas\\RA\\e2studio_v2026-04.2_fsp_v6.5.0\\toolchains\\llvm_arm\\ATfE-21.1.1-Windows-x86_64\\bin\\..\\lib\\clang-runtimes/arm-none-eabi/armv8.1m.main_hard_fpdp_nomve_exn_rtti_unaligned_size\\lib\libc.a(libc_tinystdio_ryu_log10.c.o)
                                                  C:\\Renesas\\RA\\e2studio_v2026-04.2_fsp_v6.5.0\\toolchains\\llvm_arm\\ATfE-21.1.1-Windows-x86_64\\bin\\..\\lib\\clang-runtimes/arm-none-eabi/armv8.1m.main_hard_fpdp_nomve_exn_rtti_unaligned_size\\lib\libc.a(libc_tinystdio_dtoa_ryu.c.o)
__double_computePow5                              C:\\Renesas\\RA\\e2studio_v2026-04.2_fsp_v6.5.0\\toolchains\\llvm_arm\\ATfE-21.1.1-Windows-x86_64\\bin\\..\\lib\\clang-runtimes/arm-none-eabi/armv8.1m.main_hard_fpdp_nomve_exn_rtti_unaligned_size\\lib\libc.a(libc_tinystdio_ryu_table.c.o)
                                                  C:\\Renesas\\RA\\e2studio_v2026-04.2_fsp_v6.5.0\\toolchains\\llvm_arm\\ATfE-21.1.1-Windows-x86_64\\bin\\..\\lib\\clang-runtimes/arm-none-eabi/armv8.1m.main_hard_fpdp_nomve_exn_rtti_unaligned_size\\lib\libc.a(libc_tinystdio_dtoa_ryu.c.o)
__umul128                                         C:\\Renesas\\RA\\e2studio_v2026-04.2_fsp_v6.5.0\\toolchains\\llvm_arm\\ATfE-21.1.1-Windows-x86_64\\bin\\..\\lib\\clang-runtimes/arm-none-eabi/armv8.1m.main_hard_fpdp_nomve_exn_rtti_unaligned_size\\lib\libc.a(libc_tinystdio_ryu_umul128.c.o)
                                                  C:\\Renesas\\RA\\e2studio_v2026-04.2_fsp_v6.5.0\\toolchains\\llvm_arm\\ATfE-21.1.1-Windows-x86_64\\bin\\..\\lib\\clang-runtimes/arm-none-eabi/armv8.1m.main_hard_fpdp_nomve_exn_rtti_unaligned_size\\lib\libc.a(libc_tinystdio_dtoa_ryu.c.o)
                                                  C:\\Renesas\\RA\\e2studio_v2026-04.2_fsp_v6.5.0\\toolchains\\llvm_arm\\ATfE-21.1.1-Windows-x86_64\\bin\\..\\lib\\clang-runtimes/arm-none-eabi/armv8.1m.main_hard_fpdp_nomve_exn_rtti_unaligned_size\\lib\libc.a(libc_tinystdio_ryu_table.c.o)
__shiftright128                                   C:\\Renesas\\RA\\e2studio_v2026-04.2_fsp_v6.5.0\\toolchains\\llvm_arm\\ATfE-21.1.1-Windows-x86_64\\bin\\..\\lib\\clang-runtimes/arm-none-eabi/armv8.1m.main_hard_fpdp_nomve_exn_rtti_unaligned_size\\lib\libc.a(libc_tinystdio_ryu_umul128.c.o)
                                                  C:\\Renesas\\RA\\e2studio_v2026-04.2_fsp_v6.5.0\\toolchains\\llvm_arm\\ATfE-21.1.1-Windows-x86_64\\bin\\..\\lib\\clang-runtimes/arm-none-eabi/armv8.1m.main_hard_fpdp_nomve_exn_rtti_unaligned_size\\lib\libc.a(libc_tinystdio_dtoa_ryu.c.o)
                                                  C:\\Renesas\\RA\\e2studio_v2026-04.2_fsp_v6.5.0\\toolchains\\llvm_arm\\ATfE-21.1.1-Windows-x86_64\\bin\\..\\lib\\clang-runtimes/arm-none-eabi/armv8.1m.main_hard_fpdp_nomve_exn_rtti_unaligned_size\\lib\libc.a(libc_tinystdio_ryu_table.c.o)
