2026-06-11 14:20:40,953 [INFO] (check_requirements.py #28, load_requirements): 📥 Downloading requirements from https://Tool-support.renesas.com/tool-support/Zoo/MCT/requirements.txt
2026-06-11 14:20:40,956 [DEBUG] (connectionpool.py #1062, _new_conn): Starting new HTTPS connection (1): tool-support.renesas.com:443
2026-06-11 14:20:41,586 [DEBUG] (connectionpool.py #544, _make_request): https://tool-support.renesas.com:443 "GET /tool-support/Zoo/MCT/requirements.txt HTTP/1.1" 200 None
2026-06-11 14:20:41,589 [INFO] (check_requirements.py #51, _handle_http_requirement): mera: INSTALLED (2.6.0+pkg.4513)
2026-06-11 14:20:41,590 [INFO] (check_requirements.py #51, _handle_http_requirement): mera_visualizer: INSTALLED (2.5.0+mcuv4)
2026-06-11 14:20:41,591 [INFO] (check_requirements.py #71, _handle_pypi_requirement): onnx==1.17.0: OK
2026-06-11 14:20:41,591 [INFO] (check_requirements.py #71, _handle_pypi_requirement): tflite==2.18.0: OK
[INFO] Success to execute the command
Exit code: 0
CMD:[D:/Lab/Lab_MCU/Renesas_RA/.metadata/.plugins/com.renesas.ai.translator/py.bat D:/Lab/Lab_MCU/Renesas_RA/mipi_csi_ek_ra8p1_ep/mipi_csi_ek_ra8p1_ep/e2studio/.settings/.plugin/com.renesas.ai.translator/renesas_aicompiler_caller/cli.py comm get_model_info --framework tflite --input_model D:/Lab/Lab_MCU/Renesas_RA/mipi_csi_ek_ra8p1_ep/mipi_csi_ek_ra8p1_ep/e2studio/Renesas_FOMO_Int8.tflite --output_shape_dict_jsonpath D:/Lab/Lab_MCU/Renesas_RA/mipi_csi_ek_ra8p1_ep/mipi_csi_ek_ra8p1_ep/e2studio/conversion_results/conversion_tool_settings/Renesas_FOMO_Int8.tflite_input_shape.json --output_model_info_jsonpath D:/Lab/Lab_MCU/Renesas_RA/mipi_csi_ek_ra8p1_ep/mipi_csi_ek_ra8p1_ep/e2studio/conversion_results/conversion_tool_settings/Renesas_FOMO_Int8.tflite_model_info.json --accelerator_type ethos-u55 ]
2026-06-11 14:20:50,714 [INFO] (environment_check.py #360, check_ruhmi_environment): Checking RUHMI environment ...
2026-06-11 14:20:50,966 [DEBUG] (__init__.py #342, wrapper): matplotlib data path: D:\Renesas\RUHMI\.venv\lib\site-packages\matplotlib\mpl-data
2026-06-11 14:20:50,970 [DEBUG] (__init__.py #342, wrapper): CONFIGDIR=C:\Users\lingk\.matplotlib
2026-06-11 14:20:50,971 [DEBUG] (__init__.py #1560, <module>): interactive is False
2026-06-11 14:20:50,971 [DEBUG] (__init__.py #1561, <module>): platform is win32
2026-06-11 14:20:50,994 [DEBUG] (__init__.py #342, wrapper): CACHEDIR=C:\Users\lingk\.matplotlib
2026-06-11 14:20:50,996 [DEBUG] (font_manager.py #1635, _load_fontmanager): Using fontManager instance from C:\Users\lingk\.matplotlib\fontlist-v390.json
2026-06-11 14:20:51,552 [INFO] (environment_check.py #248, _check_python_deps_for_ruhmi): mera version 2.6.0+pkg.4513 released on 2026-03-05
2026-06-11 14:20:51,553 [INFO] (environment_check.py #234, _check_python_package_and_version): 'mera' version 2.6.0+pkg.4513 is installed.
2026-06-11 14:20:51,554 [INFO] (environment_check.py #234, _check_python_package_and_version): 'ethos-u-vela' version 4.2.0 is installed.
2026-06-11 14:20:51,556 [INFO] (environment_check.py #234, _check_python_package_and_version): 'tflite' version 2.18.0 is installed.
2026-06-11 14:20:51,558 [INFO] (environment_check.py #234, _check_python_package_and_version): 'onnx' version 1.17.0 is installed.
2026-06-11 14:20:51,559 [INFO] (environment_check.py #234, _check_python_package_and_version): 'typing_extensions' version 4.15.0 is installed.
2026-06-11 14:20:51,560 [INFO] (environment_check.py #234, _check_python_package_and_version): 'mera-visualizer' version 2.5.0+mcuv4 is installed.
2026-06-11 14:20:51,560 [INFO] (get_model_info.py #533, main): Environment check passed.
2026-06-11 14:20:51,560 [INFO] (get_model_info.py #538, main): [Parsing input model node start...]
2026-06-11 14:20:51,560 [INFO] (get_model_info.py #424, make_shape_dict_from_model): Make shape_dict from model.
2026-06-11 14:20:51,758 [INFO] (get_model_info.py #380, get_tflite_shape_dict): tflite_shape_dict: {'serving_default_x:0': (1, 256, 256, 3)}
2026-06-11 14:20:51,758 [INFO] (get_model_info.py #386, get_tflite_shape_dict): shape_dict: {'serving_default_x:0': [1, 256, 256, 3]}
2026-06-11 14:20:51.818485: I tensorflow/core/util/port.cc:153] oneDNN custom operations are on. You may see slightly different numerical results due to floating-point round-off errors from different computation orders. To turn them off, set the environment variable `TF_ENABLE_ONEDNN_OPTS=0`.
2026-06-11 14:20:52.787342: I tensorflow/core/util/port.cc:153] oneDNN custom operations are on. You may see slightly different numerical results due to floating-point round-off errors from different computation orders. To turn them off, set the environment variable `TF_ENABLE_ONEDNN_OPTS=0`.
2026-06-11 14:20:52,932 [DEBUG] (tpu_cluster_resolver.py #34, <module>): Falling back to TensorFlow client; we recommended you install the Cloud TPU client directly with pip install cloud-tpu-client.
2026-06-11 14:20:53,396 [DEBUG] (__init__.py #47, <module>): Creating converter from 7 to 5
2026-06-11 14:20:53,396 [DEBUG] (__init__.py #47, <module>): Creating converter from 5 to 7
2026-06-11 14:20:53,396 [DEBUG] (__init__.py #47, <module>): Creating converter from 7 to 5
2026-06-11 14:20:53,396 [DEBUG] (__init__.py #47, <module>): Creating converter from 5 to 7
INFO: Created TensorFlow Lite XNNPACK delegate for CPU.
2026-06-11 14:20:54,459 [INFO] (get_model_info.py #223, is_tflite_quantized): === Input Details ===
2026-06-11 14:20:54,460 [INFO] (get_model_info.py #225, is_tflite_quantized): Input tensor 0:
2026-06-11 14:20:54,460 [INFO] (get_model_info.py #226, is_tflite_quantized):   name: serving_default_x:0
2026-06-11 14:20:54,460 [INFO] (get_model_info.py #227, is_tflite_quantized):   index: 0
2026-06-11 14:20:54,460 [INFO] (get_model_info.py #228, is_tflite_quantized):   shape: [  1 256 256   3]
2026-06-11 14:20:54,460 [INFO] (get_model_info.py #229, is_tflite_quantized):   dtype: <class 'numpy.int8'>
2026-06-11 14:20:54,460 [INFO] (get_model_info.py #231, is_tflite_quantized):   quantization (deprecated)_soon): (0.003921568859368563, -128)
2026-06-11 14:20:54,460 [INFO] (get_model_info.py #232, is_tflite_quantized):   quantization_parameters: {'scales': array([0.00392157], dtype=float32), 'zero_points': array([-128]), 'quantized_dimension': 0}
2026-06-11 14:20:54,460 [INFO] (get_model_info.py #233, is_tflite_quantized):   sparsity_parameters: {}
2026-06-11 14:20:54,460 [INFO] (get_model_info.py #235, is_tflite_quantized): === Output Details ===
2026-06-11 14:20:54,460 [INFO] (get_model_info.py #237, is_tflite_quantized): Output tensor 0:
2026-06-11 14:20:54,460 [INFO] (get_model_info.py #238, is_tflite_quantized):   name: StatefulPartitionedCall:0
2026-06-11 14:20:54,460 [INFO] (get_model_info.py #239, is_tflite_quantized):   index: 67
2026-06-11 14:20:54,460 [INFO] (get_model_info.py #240, is_tflite_quantized):   shape: [ 1 32 32  4]
2026-06-11 14:20:54,460 [INFO] (get_model_info.py #241, is_tflite_quantized):   dtype: <class 'numpy.int8'>
2026-06-11 14:20:54,460 [INFO] (get_model_info.py #243, is_tflite_quantized):   quantization (deprecated_soon): (0.00390625, -128)
2026-06-11 14:20:54,460 [INFO] (get_model_info.py #244, is_tflite_quantized):   quantization_parameters: {'scales': array([0.00390625], dtype=float32), 'zero_points': array([-128]), 'quantized_dimension': 0}
2026-06-11 14:20:54,460 [INFO] (get_model_info.py #245, is_tflite_quantized):   sparsity_parameters: {}
2026-06-11 14:20:54,461 [INFO] (get_model_info.py #506, write_dict2json): Write dictionary to json file.
2026-06-11 14:20:54,461 [INFO] (get_model_info.py #506, write_dict2json): Write dictionary to json file.
2026-06-11 14:20:54,462 [INFO] (get_model_info.py #552, main): [Parsing input model node finished]
Variable container does not have anything...
[INFO] Success to execute the command
CMD:[D:/Lab/Lab_MCU/Renesas_RA/.metadata/.plugins/com.renesas.ai.translator/py.bat D:/Lab/Lab_MCU/Renesas_RA/mipi_csi_ek_ra8p1_ep/mipi_csi_ek_ra8p1_ep/e2studio/.settings/.plugin/com.renesas.ai.translator/renesas_aicompiler_caller/cli.py ruhmi deploy --framework quantized --input_model D:/Lab/Lab_MCU/Renesas_RA/mipi_csi_ek_ra8p1_ep/mipi_csi_ek_ra8p1_ep/e2studio/Renesas_FOMO_Int8.tflite --output_dir D:/Lab/Lab_MCU/Renesas_RA/mipi_csi_ek_ra8p1_ep/mipi_csi_ek_ra8p1_ep/e2studio/conversion_results/converted --optimization_mode 0 --memory_mode 0 --mera_options  --vela_options  --shape_dict_json D:/Lab/Lab_MCU/Renesas_RA/mipi_csi_ek_ra8p1_ep/mipi_csi_ek_ra8p1_ep/e2studio/conversion_results/conversion_tool_settings/Renesas_FOMO_Int8.tflite_input_shape.json ]
2026-06-11 14:20:58,928 [DEBUG] (__init__.py #342, wrapper): matplotlib data path: D:\Renesas\RUHMI\.venv\lib\site-packages\matplotlib\mpl-data
2026-06-11 14:20:58,932 [DEBUG] (__init__.py #342, wrapper): CONFIGDIR=C:\Users\lingk\.matplotlib
2026-06-11 14:20:58,933 [DEBUG] (__init__.py #1560, <module>): interactive is False
2026-06-11 14:20:58,934 [DEBUG] (__init__.py #1561, <module>): platform is win32
2026-06-11 14:20:58,956 [DEBUG] (__init__.py #342, wrapper): CACHEDIR=C:\Users\lingk\.matplotlib
2026-06-11 14:20:58,957 [DEBUG] (font_manager.py #1635, _load_fontmanager): Using fontManager instance from C:\Users\lingk\.matplotlib\fontlist-v390.json
2026-06-11 14:20:59,508 [INFO] (environment_check.py #360, check_ruhmi_environment): Checking RUHMI environment ...
2026-06-11 14:20:59,508 [INFO] (environment_check.py #248, _check_python_deps_for_ruhmi): mera version 2.6.0+pkg.4513 released on 2026-03-05
2026-06-11 14:20:59,509 [INFO] (environment_check.py #234, _check_python_package_and_version): 'mera' version 2.6.0+pkg.4513 is installed.
2026-06-11 14:20:59,510 [INFO] (environment_check.py #234, _check_python_package_and_version): 'ethos-u-vela' version 4.2.0 is installed.
2026-06-11 14:20:59,510 [INFO] (environment_check.py #234, _check_python_package_and_version): 'tflite' version 2.18.0 is installed.
2026-06-11 14:20:59,511 [INFO] (environment_check.py #234, _check_python_package_and_version): 'onnx' version 1.17.0 is installed.
2026-06-11 14:20:59,512 [INFO] (environment_check.py #234, _check_python_package_and_version): 'typing_extensions' version 4.15.0 is installed.
2026-06-11 14:20:59,512 [INFO] (environment_check.py #234, _check_python_package_and_version): 'mera-visualizer' version 2.5.0+mcuv4 is installed.
2026-06-11 14:20:59,515 [INFO] (deploy_model.py #337, main): Arguments: Namespace(framework='quantized', input_model='D:/Lab/Lab_MCU/Renesas_RA/mipi_csi_ek_ra8p1_ep/mipi_csi_ek_ra8p1_ep/e2studio/Renesas_FOMO_Int8.tflite', output_dir='D:/Lab/Lab_MCU/Renesas_RA/mipi_csi_ek_ra8p1_ep/mipi_csi_ek_ra8p1_ep/e2studio/conversion_results/converted', shape_dict_json='D:/Lab/Lab_MCU/Renesas_RA/mipi_csi_ek_ra8p1_ep/mipi_csi_ek_ra8p1_ep/e2studio/conversion_results/conversion_tool_settings/Renesas_FOMO_Int8.tflite_input_shape.json', optimization_mode=0, memory_mode=0, use_only_cpu=False, weight_loc=0, ethos_configuration_filepath=None, mera_options='', vela_options='')
2026-06-11 14:20:59,515 [INFO] (deploy_model.py #338, main): Mera options: Namespace(target='mcu', enable_ospi=False, enable_ref_data=True, suffix='', use_x86=False, args=[])
2026-06-11 14:20:59,515 [INFO] (deploy_model.py #339, main): Vela options: Namespace(sys_config='RA8P1', accel_config='ethos-u55-256', verbose_all=False, args=[])
Variable container does not have anything...
2026-06-11 14:20:59,522 [INFO] (deploy_model.py #363, main): Targeting MCU on ALT2 
2026-06-11 14:20:59,522 [INFO] (deploy_model.py #295, compile_mera): 
Deploying MERA model ...
2026-06-11 14:20:59,526 [DEBUG] (deploy_project.py #241, pushd): (pushd) Running in model
2026-06-11 14:20:59,526 [DEBUG] (utils.py #22, cmd): Running command 'D:\Renesas\RUHMI\.venv\Lib\site-packages\mera\bin_utils\fe_tflite_cli --io_desc_input D:\Lab\Lab_MCU\Renesas_RA\mipi_csi_ek_ra8p1_ep\mipi_csi_ek_ra8p1_ep\e2studio\Renesas_FOMO_Int8.tflite --io_desc_result C:\Users\lingk\AppData\Local\Temp\tmpjzv9xx2p\tempfile'
2026-06-11 14:20:59,562 [DEBUG] (deploy_project.py #208, save_artifact): Saved json artifact 'input_desc.json' into D:\Lab\Lab_MCU\Renesas_RA\mipi_csi_ek_ra8p1_ep\mipi_csi_ek_ra8p1_ep\e2studio\conversion_results\converted\model
2026-06-11 14:20:59,562 [DEBUG] (deploy_project.py #248, popd): (popd) cwd is now D:\Lab\Lab_MCU\Renesas_RA\mipi_csi_ek_ra8p1_ep\mipi_csi_ek_ra8p1_ep\e2studio\conversion_results\converted
2026-06-11 14:20:59,562 [INFO] (deploy.py #309, deploy):  *** mera v2.6.0+pkg.4513 ***
2026-06-11 14:20:59,562 [INFO] (deploy.py #310, deploy): Starting deployment of model 'Renesas_FOMO_Int8'...
2026-06-11 14:20:59,562 [DEBUG] (deploy_project.py #241, pushd): (pushd) Running in build
2026-06-11 14:20:59,563 [DEBUG] (deploy_project.py #241, pushd): (pushd) Running in MCU
2026-06-11 14:20:59,563 [DEBUG] (deploy_project.py #208, save_artifact): Saved json artifact 'deploy_cfg.json' into D:\Lab\Lab_MCU\Renesas_RA\mipi_csi_ek_ra8p1_ep\mipi_csi_ek_ra8p1_ep\e2studio\conversion_results\converted\build\MCU
2026-06-11 14:20:59,564 [DEBUG] (utils.py #22, cmd): Running command 'D:\Renesas\RUHMI\.venv\Lib\site-packages\mera\bin_utils\fe_tflite_cli D:\Lab\Lab_MCU\Renesas_RA\mipi_csi_ek_ra8p1_ep\mipi_csi_ek_ra8p1_ep\e2studio\conversion_results\converted\build\MCU\deploy_cfg.json'
2026-06-11 14:20:59,696 [DEBUG] (deploy_project.py #241, pushd): (pushd) Running in model
2026-06-11 14:20:59,697 [DEBUG] (deploy_project.py #208, save_artifact): Saved json artifact 'input_desc.json' into D:\Lab\Lab_MCU\Renesas_RA\mipi_csi_ek_ra8p1_ep\mipi_csi_ek_ra8p1_ep\e2studio\conversion_results\converted\model
2026-06-11 14:20:59,697 [DEBUG] (deploy_project.py #248, popd): (popd) cwd is now D:\Lab\Lab_MCU\Renesas_RA\mipi_csi_ek_ra8p1_ep\mipi_csi_ek_ra8p1_ep\e2studio\conversion_results\converted\build\MCU
2026-06-11 14:20:59,703 [DEBUG] (utils.py #22, cmd): Running command 'D:\Renesas\RUHMI\.venv\Lib\site-packages\mera\bin_utils\ccodegen\c_codegen D:\Lab\Lab_MCU\Renesas_RA\mipi_csi_ek_ra8p1_ep\mipi_csi_ek_ra8p1_ep\e2studio\conversion_results\converted\build\MCU\compilation D:\Lab\Lab_MCU\Renesas_RA\mipi_csi_ek_ra8p1_ep\mipi_csi_ek_ra8p1_ep\e2studio\conversion_results\converted\build\MCU\compilation\src  '
2026-06-11 14:20:59,773 [DEBUG] (utils.py #22, cmd): Running command 'vela --config D:\Renesas\RUHMI\.venv\Lib\site-packages\mera\bin_utils\ccodegen\system_config.ini --system-config RA8P1 --memory-mode Sram_Only --accelerator-config ethos-u55-256 --optimise Performance --output-dir D:\Lab\Lab_MCU\Renesas_RA\mipi_csi_ek_ra8p1_ep\mipi_csi_ek_ra8p1_ep\e2studio\conversion_results\converted\build\MCU\compilation\sub_0000__ARM_ETHOS_U55_C_CODEGEN  D:\Lab\Lab_MCU\Renesas_RA\mipi_csi_ek_ra8p1_ep\mipi_csi_ek_ra8p1_ep\e2studio\conversion_results\converted\build\MCU\compilation\sub_0000__ARM_ETHOS_U55_C_CODEGEN/model.tflite'
2026-06-11 14:21:00,679 [DEBUG] (utils.py #22, cmd): Running command 'D:\Renesas\RUHMI\.venv\Lib\site-packages\mera\bin_utils\ccodegen\vela_optimized_to_source D:\Lab\Lab_MCU\Renesas_RA\mipi_csi_ek_ra8p1_ep\mipi_csi_ek_ra8p1_ep\e2studio\conversion_results\converted\build\MCU  '
2026-06-11 14:21:00,751 [DEBUG] (utils.py #22, cmd): Running command 'D:\Renesas\RUHMI\.venv\Lib\site-packages\mera\bin_utils\ccodegen\tflite_io_data D:\Lab\Lab_MCU\Renesas_RA\mipi_csi_ek_ra8p1_ep\mipi_csi_ek_ra8p1_ep\e2studio\conversion_results\converted\build\MCU\deploy_cfg.json'
2026-06-11 14:21:01,020 [INFO] (deploy_model.py #380, main): SUCCESS, saved at D:/Lab/Lab_MCU/Renesas_RA/mipi_csi_ek_ra8p1_ep/mipi_csi_ek_ra8p1_ep/e2studio/conversion_results/converted
[2026-06-11 14:20:59.594] [info] Loading and converting TFLite model ... 
[2026-06-11 14:20:59.595] [info] TFLite Model Version: 3
[2026-06-11 14:20:59.611] [info] Converting to canonical ...
[2026-06-11 14:20:59.617] [info] Converting to target IR ...
[2026-06-11 14:20:59.621] [info] Dividing and exporting regions ...
[2026-06-11 14:20:59.625] [info] Ethos-U support is enabled, matching patterns for target Ethos-U55
[2026-06-11 14:20:59.677] [info] Model is fully captured to target ARM_ETHOS_U55
>> src_dir: 
"D:\\Lab\\Lab_MCU\\Renesas_RA\\mipi_csi_ek_ra8p1_ep\\mipi_csi_ek_ra8p1_ep\\e2studio\\conversion_results\\converted\\build\\MCU\\compilation\\src/"
Info: Changing const_mem_area from Sram to OnChipFlash. This will use the same characteristics as Sram.
Warning: Input TensorFlow Lite network contains a zero length buffer (index = 0) which is semantically not empty. However, it will be treated as an empty buffer.

Network summary for model
Accelerator configuration               Ethos_U55_256
System configuration                            RA8P1
Memory mode                                 Sram_Only
Accelerator clock                                 500 MHz
Design peak SRAM bandwidth                       1.86 GB/s
Design peak On-chip Flash bandwidth              1.86 GB/s

Total SRAM used                               1024.00 KiB
Total On-chip Flash used                        43.53 KiB

CPU operators = 0 (0.0%)
NPU operators = 55 (100.0%)

Average SRAM bandwidth                           1.42 GB/s
Input   SRAM bandwidth                           6.46 MB/batch
Weight  SRAM bandwidth                           0.00 MB/batch
Output  SRAM bandwidth                           4.84 MB/batch
Total   SRAM bandwidth                          11.30 MB/batch
Total   SRAM bandwidth            per input     11.30 MB/inference (batch size 1)

Average On-chip Flash bandwidth                  0.06 GB/s
Input   On-chip Flash bandwidth                  0.00 MB/batch
Weight  On-chip Flash bandwidth                  0.45 MB/batch
Output  On-chip Flash bandwidth                  0.00 MB/batch
Total   On-chip Flash bandwidth                  0.46 MB/batch
Total   On-chip Flash bandwidth   per input      0.46 MB/inference (batch size 1)

Neural network macs                          44163072 MACs/batch

[INFO] Success to execute the command
