CMD:[D:/Lab/Lab_MCU/Renesas_RA/.metadata/.plugins/com.renesas.ai.translator/py.bat D:/Lab/Lab_MCU/Renesas_RA/RenesasCup_EK_RA8P1/CameraTestProject/e2studio/.settings/.plugin/com.renesas.ai.translator/renesas_aicompiler_caller/cli.py ruhmi deploy --framework quantized --input_model D:/Lab/Lab_MCU/Renesas_RA/RenesasCup_EK_RA8P1/CameraTestProject/e2studio/conversion_results/quantized/model.mera --output_dir D:/Lab/Lab_MCU/Renesas_RA/RenesasCup_EK_RA8P1/CameraTestProject/e2studio/conversion_results/converted --optimization_mode 0 --memory_mode 0 --mera_options  --vela_options  --shape_dict_json D:/Lab/Lab_MCU/Renesas_RA/RenesasCup_EK_RA8P1/CameraTestProject/e2studio/conversion_results/conversion_tool_settings/Renesas_YOLO_FP32.onnx_input_shape.json ]
2026-07-11 19:49:54,480 [DEBUG] (__init__.py #342, wrapper): matplotlib data path: C:\Renesas\RA\RUHMI\.venv\lib\site-packages\matplotlib\mpl-data
2026-07-11 19:49:54,483 [DEBUG] (__init__.py #342, wrapper): CONFIGDIR=C:\Users\lingk\.matplotlib
2026-07-11 19:49:54,485 [DEBUG] (__init__.py #1560, <module>): interactive is False
2026-07-11 19:49:54,485 [DEBUG] (__init__.py #1561, <module>): platform is win32
2026-07-11 19:49:54,505 [DEBUG] (__init__.py #342, wrapper): CACHEDIR=C:\Users\lingk\.matplotlib
2026-07-11 19:49:54,506 [DEBUG] (font_manager.py #1635, _load_fontmanager): Using fontManager instance from C:\Users\lingk\.matplotlib\fontlist-v390.json
2026-07-11 19:49:54,979 [INFO] (environment_check.py #360, check_ruhmi_environment): Checking RUHMI environment ...
2026-07-11 19:49:54,979 [INFO] (environment_check.py #248, _check_python_deps_for_ruhmi): mera version 2.6.0+pkg.4815 released on 2026-03-05
2026-07-11 19:49:54,980 [INFO] (environment_check.py #234, _check_python_package_and_version): 'mera' version 2.6.0+pkg.4815 is installed.
2026-07-11 19:49:54,982 [INFO] (environment_check.py #234, _check_python_package_and_version): 'ethos-u-vela' version 4.2.0 is installed.
2026-07-11 19:49:54,982 [INFO] (environment_check.py #234, _check_python_package_and_version): 'tflite' version 2.18.0 is installed.
2026-07-11 19:49:54,983 [INFO] (environment_check.py #234, _check_python_package_and_version): 'onnx' version 1.17.0 is installed.
2026-07-11 19:49:54,984 [INFO] (environment_check.py #234, _check_python_package_and_version): 'typing_extensions' version 4.15.0 is installed.
2026-07-11 19:49:54,984 [INFO] (environment_check.py #234, _check_python_package_and_version): 'mera-visualizer' version 2.5.0+mcuv4 is installed.
2026-07-11 19:49:54,985 [INFO] (deploy_model.py #337, main): Arguments: Namespace(framework='quantized', input_model='D:/Lab/Lab_MCU/Renesas_RA/RenesasCup_EK_RA8P1/CameraTestProject/e2studio/conversion_results/quantized/model.mera', output_dir='D:/Lab/Lab_MCU/Renesas_RA/RenesasCup_EK_RA8P1/CameraTestProject/e2studio/conversion_results/converted', shape_dict_json='D:/Lab/Lab_MCU/Renesas_RA/RenesasCup_EK_RA8P1/CameraTestProject/e2studio/conversion_results/conversion_tool_settings/Renesas_YOLO_FP32.onnx_input_shape.json', optimization_mode=0, memory_mode=0, use_only_cpu=False, weight_loc=0, ethos_configuration_filepath=None, mera_options='', vela_options='')
2026-07-11 19:49:54,985 [INFO] (deploy_model.py #338, main): Mera options: Namespace(target='mcu', enable_ospi=False, enable_ref_data=True, suffix='', use_x86=False, args=[])
2026-07-11 19:49:54,985 [INFO] (deploy_model.py #339, main): Vela options: Namespace(sys_config='RA8P1', accel_config='ethos-u55-256', verbose_all=False, args=[])
2026-07-11 19:49:54,985 [WARNING] (deploy_model.py #264, _validate_args): enable_ref_data can only be specified when using .tflite models. Therefore forcing enable_ref_data to False.
Variable container does not have anything...
2026-07-11 19:49:54,986 [INFO] (deploy_model.py #363, main): Targeting MCU on ALT2 
2026-07-11 19:49:54,986 [INFO] (deploy_model.py #295, compile_mera): 
Deploying MERA model ...
2026-07-11 19:49:55,000 [DEBUG] (deploy_project.py #241, pushd): (pushd) Running in model
2026-07-11 19:49:55,017 [DEBUG] (deploy_project.py #208, save_artifact): Saved json artifact 'input_desc.json' into D:\Lab\Lab_MCU\Renesas_RA\RenesasCup_EK_RA8P1\CameraTestProject\e2studio\conversion_results\converted\model
2026-07-11 19:49:55,017 [DEBUG] (deploy_project.py #248, popd): (popd) cwd is now D:\Lab\Lab_MCU\Renesas_RA\RenesasCup_EK_RA8P1\CameraTestProject\e2studio\conversion_results\converted
2026-07-11 19:49:55,017 [INFO] (deploy.py #309, deploy):  *** mera v2.6.0+pkg.4815 ***
2026-07-11 19:49:55,018 [INFO] (deploy.py #310, deploy): Starting deployment of model 'model'...
2026-07-11 19:49:55,018 [DEBUG] (deploy_project.py #241, pushd): (pushd) Running in build
2026-07-11 19:49:55,018 [DEBUG] (deploy_project.py #241, pushd): (pushd) Running in MCU
2026-07-11 19:49:55,019 [DEBUG] (deploy_project.py #208, save_artifact): Saved json artifact 'deploy_cfg.json' into D:\Lab\Lab_MCU\Renesas_RA\RenesasCup_EK_RA8P1\CameraTestProject\e2studio\conversion_results\converted\build\MCU
2026-07-11 19:49:55,020 [DEBUG] (utils.py #22, cmd): Running command 'C:\Renesas\RA\RUHMI\.venv\Lib\site-packages\mera\bin_utils\fe_meraqtz_cli D:\Lab\Lab_MCU\Renesas_RA\RenesasCup_EK_RA8P1\CameraTestProject\e2studio\conversion_results\converted\build\MCU\deploy_cfg.json'
2026-07-11 19:49:57,735 [DEBUG] (deploy_project.py #241, pushd): (pushd) Running in model
2026-07-11 19:49:57,735 [DEBUG] (deploy_project.py #208, save_artifact): Saved json artifact 'input_desc.json' into D:\Lab\Lab_MCU\Renesas_RA\RenesasCup_EK_RA8P1\CameraTestProject\e2studio\conversion_results\converted\model
2026-07-11 19:49:57,735 [DEBUG] (deploy_project.py #248, popd): (popd) cwd is now D:\Lab\Lab_MCU\Renesas_RA\RenesasCup_EK_RA8P1\CameraTestProject\e2studio\conversion_results\converted\build\MCU
2026-07-11 19:49:57,743 [DEBUG] (utils.py #22, cmd): Running command 'C:\Renesas\RA\RUHMI\.venv\Lib\site-packages\mera\bin_utils\ccodegen\c_codegen D:\Lab\Lab_MCU\Renesas_RA\RenesasCup_EK_RA8P1\CameraTestProject\e2studio\conversion_results\converted\build\MCU\compilation D:\Lab\Lab_MCU\Renesas_RA\RenesasCup_EK_RA8P1\CameraTestProject\e2studio\conversion_results\converted\build\MCU\compilation\src  '
2026-07-11 19:49:57,843 [DEBUG] (utils.py #22, cmd): Running command 'C:\Renesas\RA\RUHMI\.venv\Lib\site-packages\mera\bin_utils\ccodegen\c_codegen D:\Lab\Lab_MCU\Renesas_RA\RenesasCup_EK_RA8P1\CameraTestProject\e2studio\conversion_results\converted\build\MCU\compilation\sub_0000__CPU_C_CODEGEN\model.merair C:\Renesas\RA\RUHMI\.venv\Lib\site-packages\mera\bin_utils\ccodegen\templates C:\Renesas\RA\RUHMI\.venv\Lib\site-packages\mera\bin_utils\ccodegen\kernel_library sub_0000 D:\Lab\Lab_MCU\Renesas_RA\RenesasCup_EK_RA8P1\CameraTestProject\e2studio\conversion_results\converted\build\MCU\compilation\src flash   '
2026-07-11 19:49:57,934 [DEBUG] (utils.py #22, cmd): Running command 'C:\Renesas\RA\RUHMI\.venv\Lib\site-packages\mera\bin_utils\ccodegen\c_codegen D:\Lab\Lab_MCU\Renesas_RA\RenesasCup_EK_RA8P1\CameraTestProject\e2studio\conversion_results\converted\build\MCU\compilation\sub_0002__CPU_C_CODEGEN\model.merair C:\Renesas\RA\RUHMI\.venv\Lib\site-packages\mera\bin_utils\ccodegen\templates C:\Renesas\RA\RUHMI\.venv\Lib\site-packages\mera\bin_utils\ccodegen\kernel_library sub_0002 D:\Lab\Lab_MCU\Renesas_RA\RenesasCup_EK_RA8P1\CameraTestProject\e2studio\conversion_results\converted\build\MCU\compilation\src flash   '
2026-07-11 19:49:57,986 [DEBUG] (utils.py #22, cmd): Running command 'C:\Renesas\RA\RUHMI\.venv\Lib\site-packages\mera\bin_utils\ccodegen\c_codegen D:\Lab\Lab_MCU\Renesas_RA\RenesasCup_EK_RA8P1\CameraTestProject\e2studio\conversion_results\converted\build\MCU\compilation\sub_0004__CPU_C_CODEGEN\model.merair C:\Renesas\RA\RUHMI\.venv\Lib\site-packages\mera\bin_utils\ccodegen\templates C:\Renesas\RA\RUHMI\.venv\Lib\site-packages\mera\bin_utils\ccodegen\kernel_library sub_0004 D:\Lab\Lab_MCU\Renesas_RA\RenesasCup_EK_RA8P1\CameraTestProject\e2studio\conversion_results\converted\build\MCU\compilation\src flash   '
2026-07-11 19:49:58,022 [DEBUG] (utils.py #22, cmd): Running command 'C:\Renesas\RA\RUHMI\.venv\Lib\site-packages\mera\bin_utils\ccodegen\c_codegen D:\Lab\Lab_MCU\Renesas_RA\RenesasCup_EK_RA8P1\CameraTestProject\e2studio\conversion_results\converted\build\MCU\compilation\sub_0006__CPU_C_CODEGEN\model.merair C:\Renesas\RA\RUHMI\.venv\Lib\site-packages\mera\bin_utils\ccodegen\templates C:\Renesas\RA\RUHMI\.venv\Lib\site-packages\mera\bin_utils\ccodegen\kernel_library sub_0006 D:\Lab\Lab_MCU\Renesas_RA\RenesasCup_EK_RA8P1\CameraTestProject\e2studio\conversion_results\converted\build\MCU\compilation\src flash   '
2026-07-11 19:49:58,060 [DEBUG] (utils.py #22, cmd): Running command 'C:\Renesas\RA\RUHMI\.venv\Lib\site-packages\mera\bin_utils\ccodegen\c_codegen D:\Lab\Lab_MCU\Renesas_RA\RenesasCup_EK_RA8P1\CameraTestProject\e2studio\conversion_results\converted\build\MCU\compilation\sub_0008__CPU_C_CODEGEN\model.merair C:\Renesas\RA\RUHMI\.venv\Lib\site-packages\mera\bin_utils\ccodegen\templates C:\Renesas\RA\RUHMI\.venv\Lib\site-packages\mera\bin_utils\ccodegen\kernel_library sub_0008 D:\Lab\Lab_MCU\Renesas_RA\RenesasCup_EK_RA8P1\CameraTestProject\e2studio\conversion_results\converted\build\MCU\compilation\src flash   '
2026-07-11 19:49:58,095 [DEBUG] (utils.py #22, cmd): Running command 'C:\Renesas\RA\RUHMI\.venv\Lib\site-packages\mera\bin_utils\ccodegen\c_codegen D:\Lab\Lab_MCU\Renesas_RA\RenesasCup_EK_RA8P1\CameraTestProject\e2studio\conversion_results\converted\build\MCU\compilation\sub_0010__CPU_C_CODEGEN\model.merair C:\Renesas\RA\RUHMI\.venv\Lib\site-packages\mera\bin_utils\ccodegen\templates C:\Renesas\RA\RUHMI\.venv\Lib\site-packages\mera\bin_utils\ccodegen\kernel_library sub_0010 D:\Lab\Lab_MCU\Renesas_RA\RenesasCup_EK_RA8P1\CameraTestProject\e2studio\conversion_results\converted\build\MCU\compilation\src flash   '
2026-07-11 19:49:58,130 [DEBUG] (utils.py #22, cmd): Running command 'C:\Renesas\RA\RUHMI\.venv\Lib\site-packages\mera\bin_utils\ccodegen\c_codegen D:\Lab\Lab_MCU\Renesas_RA\RenesasCup_EK_RA8P1\CameraTestProject\e2studio\conversion_results\converted\build\MCU\compilation\sub_0012__CPU_C_CODEGEN\model.merair C:\Renesas\RA\RUHMI\.venv\Lib\site-packages\mera\bin_utils\ccodegen\templates C:\Renesas\RA\RUHMI\.venv\Lib\site-packages\mera\bin_utils\ccodegen\kernel_library sub_0012 D:\Lab\Lab_MCU\Renesas_RA\RenesasCup_EK_RA8P1\CameraTestProject\e2studio\conversion_results\converted\build\MCU\compilation\src flash   '
2026-07-11 19:49:58,167 [DEBUG] (utils.py #22, cmd): Running command 'C:\Renesas\RA\RUHMI\.venv\Lib\site-packages\mera\bin_utils\ccodegen\c_codegen D:\Lab\Lab_MCU\Renesas_RA\RenesasCup_EK_RA8P1\CameraTestProject\e2studio\conversion_results\converted\build\MCU\compilation\sub_0014__CPU_C_CODEGEN\model.merair C:\Renesas\RA\RUHMI\.venv\Lib\site-packages\mera\bin_utils\ccodegen\templates C:\Renesas\RA\RUHMI\.venv\Lib\site-packages\mera\bin_utils\ccodegen\kernel_library sub_0014 D:\Lab\Lab_MCU\Renesas_RA\RenesasCup_EK_RA8P1\CameraTestProject\e2studio\conversion_results\converted\build\MCU\compilation\src flash   '
2026-07-11 19:49:58,205 [DEBUG] (utils.py #22, cmd): Running command 'C:\Renesas\RA\RUHMI\.venv\Lib\site-packages\mera\bin_utils\ccodegen\c_codegen D:\Lab\Lab_MCU\Renesas_RA\RenesasCup_EK_RA8P1\CameraTestProject\e2studio\conversion_results\converted\build\MCU\compilation\sub_0016__CPU_C_CODEGEN\model.merair C:\Renesas\RA\RUHMI\.venv\Lib\site-packages\mera\bin_utils\ccodegen\templates C:\Renesas\RA\RUHMI\.venv\Lib\site-packages\mera\bin_utils\ccodegen\kernel_library sub_0016 D:\Lab\Lab_MCU\Renesas_RA\RenesasCup_EK_RA8P1\CameraTestProject\e2studio\conversion_results\converted\build\MCU\compilation\src flash   '
2026-07-11 19:49:58,242 [DEBUG] (utils.py #22, cmd): Running command 'C:\Renesas\RA\RUHMI\.venv\Lib\site-packages\mera\bin_utils\ccodegen\c_codegen D:\Lab\Lab_MCU\Renesas_RA\RenesasCup_EK_RA8P1\CameraTestProject\e2studio\conversion_results\converted\build\MCU\compilation\sub_0018__CPU_C_CODEGEN\model.merair C:\Renesas\RA\RUHMI\.venv\Lib\site-packages\mera\bin_utils\ccodegen\templates C:\Renesas\RA\RUHMI\.venv\Lib\site-packages\mera\bin_utils\ccodegen\kernel_library sub_0018 D:\Lab\Lab_MCU\Renesas_RA\RenesasCup_EK_RA8P1\CameraTestProject\e2studio\conversion_results\converted\build\MCU\compilation\src flash   '
2026-07-11 19:49:58,281 [DEBUG] (utils.py #22, cmd): Running command 'C:\Renesas\RA\RUHMI\.venv\Lib\site-packages\mera\bin_utils\ccodegen\c_codegen D:\Lab\Lab_MCU\Renesas_RA\RenesasCup_EK_RA8P1\CameraTestProject\e2studio\conversion_results\converted\build\MCU\compilation\sub_0020__CPU_C_CODEGEN\model.merair C:\Renesas\RA\RUHMI\.venv\Lib\site-packages\mera\bin_utils\ccodegen\templates C:\Renesas\RA\RUHMI\.venv\Lib\site-packages\mera\bin_utils\ccodegen\kernel_library sub_0020 D:\Lab\Lab_MCU\Renesas_RA\RenesasCup_EK_RA8P1\CameraTestProject\e2studio\conversion_results\converted\build\MCU\compilation\src flash   '
2026-07-11 19:49:58,321 [DEBUG] (utils.py #22, cmd): Running command 'C:\Renesas\RA\RUHMI\.venv\Lib\site-packages\mera\bin_utils\ccodegen\c_codegen D:\Lab\Lab_MCU\Renesas_RA\RenesasCup_EK_RA8P1\CameraTestProject\e2studio\conversion_results\converted\build\MCU\compilation\sub_0022__CPU_C_CODEGEN\model.merair C:\Renesas\RA\RUHMI\.venv\Lib\site-packages\mera\bin_utils\ccodegen\templates C:\Renesas\RA\RUHMI\.venv\Lib\site-packages\mera\bin_utils\ccodegen\kernel_library sub_0022 D:\Lab\Lab_MCU\Renesas_RA\RenesasCup_EK_RA8P1\CameraTestProject\e2studio\conversion_results\converted\build\MCU\compilation\src flash   '
2026-07-11 19:49:58,359 [DEBUG] (utils.py #22, cmd): Running command 'C:\Renesas\RA\RUHMI\.venv\Lib\site-packages\mera\bin_utils\ccodegen\c_codegen D:\Lab\Lab_MCU\Renesas_RA\RenesasCup_EK_RA8P1\CameraTestProject\e2studio\conversion_results\converted\build\MCU\compilation\sub_0024__CPU_C_CODEGEN\model.merair C:\Renesas\RA\RUHMI\.venv\Lib\site-packages\mera\bin_utils\ccodegen\templates C:\Renesas\RA\RUHMI\.venv\Lib\site-packages\mera\bin_utils\ccodegen\kernel_library sub_0024 D:\Lab\Lab_MCU\Renesas_RA\RenesasCup_EK_RA8P1\CameraTestProject\e2studio\conversion_results\converted\build\MCU\compilation\src flash   '
2026-07-11 19:49:58,398 [DEBUG] (utils.py #22, cmd): Running command 'C:\Renesas\RA\RUHMI\.venv\Lib\site-packages\mera\bin_utils\ccodegen\c_codegen D:\Lab\Lab_MCU\Renesas_RA\RenesasCup_EK_RA8P1\CameraTestProject\e2studio\conversion_results\converted\build\MCU\compilation\sub_0026__CPU_C_CODEGEN\model.merair C:\Renesas\RA\RUHMI\.venv\Lib\site-packages\mera\bin_utils\ccodegen\templates C:\Renesas\RA\RUHMI\.venv\Lib\site-packages\mera\bin_utils\ccodegen\kernel_library sub_0026 D:\Lab\Lab_MCU\Renesas_RA\RenesasCup_EK_RA8P1\CameraTestProject\e2studio\conversion_results\converted\build\MCU\compilation\src flash   '
2026-07-11 19:49:58,437 [DEBUG] (utils.py #22, cmd): Running command 'C:\Renesas\RA\RUHMI\.venv\Lib\site-packages\mera\bin_utils\ccodegen\c_codegen D:\Lab\Lab_MCU\Renesas_RA\RenesasCup_EK_RA8P1\CameraTestProject\e2studio\conversion_results\converted\build\MCU\compilation\sub_0028__CPU_C_CODEGEN\model.merair C:\Renesas\RA\RUHMI\.venv\Lib\site-packages\mera\bin_utils\ccodegen\templates C:\Renesas\RA\RUHMI\.venv\Lib\site-packages\mera\bin_utils\ccodegen\kernel_library sub_0028 D:\Lab\Lab_MCU\Renesas_RA\RenesasCup_EK_RA8P1\CameraTestProject\e2studio\conversion_results\converted\build\MCU\compilation\src flash   '
2026-07-11 19:49:58,493 [DEBUG] (utils.py #22, cmd): Running command 'C:\Renesas\RA\RUHMI\.venv\Lib\site-packages\mera\bin_utils\ccodegen\c_codegen D:\Lab\Lab_MCU\Renesas_RA\RenesasCup_EK_RA8P1\CameraTestProject\e2studio\conversion_results\converted\build\MCU\compilation\sub_0030__CPU_C_CODEGEN\model.merair C:\Renesas\RA\RUHMI\.venv\Lib\site-packages\mera\bin_utils\ccodegen\templates C:\Renesas\RA\RUHMI\.venv\Lib\site-packages\mera\bin_utils\ccodegen\kernel_library sub_0030 D:\Lab\Lab_MCU\Renesas_RA\RenesasCup_EK_RA8P1\CameraTestProject\e2studio\conversion_results\converted\build\MCU\compilation\src flash   '
2026-07-11 19:49:58,532 [DEBUG] (utils.py #22, cmd): Running command 'vela --config C:\Renesas\RA\RUHMI\.venv\Lib\site-packages\mera\bin_utils\ccodegen\system_config.ini --system-config RA8P1 --memory-mode Sram_Only --accelerator-config ethos-u55-256 --optimise Performance --output-dir D:\Lab\Lab_MCU\Renesas_RA\RenesasCup_EK_RA8P1\CameraTestProject\e2studio\conversion_results\converted\build\MCU\compilation\sub_0001__ARM_ETHOS_U55_C_CODEGEN  D:\Lab\Lab_MCU\Renesas_RA\RenesasCup_EK_RA8P1\CameraTestProject\e2studio\conversion_results\converted\build\MCU\compilation\sub_0001__ARM_ETHOS_U55_C_CODEGEN/model.tflite'
2026-07-11 19:49:59,440 [DEBUG] (utils.py #22, cmd): Running command 'vela --config C:\Renesas\RA\RUHMI\.venv\Lib\site-packages\mera\bin_utils\ccodegen\system_config.ini --system-config RA8P1 --memory-mode Sram_Only --accelerator-config ethos-u55-256 --optimise Performance --output-dir D:\Lab\Lab_MCU\Renesas_RA\RenesasCup_EK_RA8P1\CameraTestProject\e2studio\conversion_results\converted\build\MCU\compilation\sub_0003__ARM_ETHOS_U55_C_CODEGEN  D:\Lab\Lab_MCU\Renesas_RA\RenesasCup_EK_RA8P1\CameraTestProject\e2studio\conversion_results\converted\build\MCU\compilation\sub_0003__ARM_ETHOS_U55_C_CODEGEN/model.tflite'
2026-07-11 19:49:59,972 [DEBUG] (utils.py #22, cmd): Running command 'vela --config C:\Renesas\RA\RUHMI\.venv\Lib\site-packages\mera\bin_utils\ccodegen\system_config.ini --system-config RA8P1 --memory-mode Sram_Only --accelerator-config ethos-u55-256 --optimise Performance --output-dir D:\Lab\Lab_MCU\Renesas_RA\RenesasCup_EK_RA8P1\CameraTestProject\e2studio\conversion_results\converted\build\MCU\compilation\sub_0005__ARM_ETHOS_U55_C_CODEGEN  D:\Lab\Lab_MCU\Renesas_RA\RenesasCup_EK_RA8P1\CameraTestProject\e2studio\conversion_results\converted\build\MCU\compilation\sub_0005__ARM_ETHOS_U55_C_CODEGEN/model.tflite'
2026-07-11 19:50:00,539 [DEBUG] (utils.py #22, cmd): Running command 'vela --config C:\Renesas\RA\RUHMI\.venv\Lib\site-packages\mera\bin_utils\ccodegen\system_config.ini --system-config RA8P1 --memory-mode Sram_Only --accelerator-config ethos-u55-256 --optimise Performance --output-dir D:\Lab\Lab_MCU\Renesas_RA\RenesasCup_EK_RA8P1\CameraTestProject\e2studio\conversion_results\converted\build\MCU\compilation\sub_0007__ARM_ETHOS_U55_C_CODEGEN  D:\Lab\Lab_MCU\Renesas_RA\RenesasCup_EK_RA8P1\CameraTestProject\e2studio\conversion_results\converted\build\MCU\compilation\sub_0007__ARM_ETHOS_U55_C_CODEGEN/model.tflite'
2026-07-11 19:50:01,092 [DEBUG] (utils.py #22, cmd): Running command 'vela --config C:\Renesas\RA\RUHMI\.venv\Lib\site-packages\mera\bin_utils\ccodegen\system_config.ini --system-config RA8P1 --memory-mode Sram_Only --accelerator-config ethos-u55-256 --optimise Performance --output-dir D:\Lab\Lab_MCU\Renesas_RA\RenesasCup_EK_RA8P1\CameraTestProject\e2studio\conversion_results\converted\build\MCU\compilation\sub_0009__ARM_ETHOS_U55_C_CODEGEN  D:\Lab\Lab_MCU\Renesas_RA\RenesasCup_EK_RA8P1\CameraTestProject\e2studio\conversion_results\converted\build\MCU\compilation\sub_0009__ARM_ETHOS_U55_C_CODEGEN/model.tflite'
2026-07-11 19:50:01,594 [DEBUG] (utils.py #22, cmd): Running command 'vela --config C:\Renesas\RA\RUHMI\.venv\Lib\site-packages\mera\bin_utils\ccodegen\system_config.ini --system-config RA8P1 --memory-mode Sram_Only --accelerator-config ethos-u55-256 --optimise Performance --output-dir D:\Lab\Lab_MCU\Renesas_RA\RenesasCup_EK_RA8P1\CameraTestProject\e2studio\conversion_results\converted\build\MCU\compilation\sub_0011__ARM_ETHOS_U55_C_CODEGEN  D:\Lab\Lab_MCU\Renesas_RA\RenesasCup_EK_RA8P1\CameraTestProject\e2studio\conversion_results\converted\build\MCU\compilation\sub_0011__ARM_ETHOS_U55_C_CODEGEN/model.tflite'
2026-07-11 19:50:02,124 [DEBUG] (utils.py #22, cmd): Running command 'vela --config C:\Renesas\RA\RUHMI\.venv\Lib\site-packages\mera\bin_utils\ccodegen\system_config.ini --system-config RA8P1 --memory-mode Sram_Only --accelerator-config ethos-u55-256 --optimise Performance --output-dir D:\Lab\Lab_MCU\Renesas_RA\RenesasCup_EK_RA8P1\CameraTestProject\e2studio\conversion_results\converted\build\MCU\compilation\sub_0013__ARM_ETHOS_U55_C_CODEGEN  D:\Lab\Lab_MCU\Renesas_RA\RenesasCup_EK_RA8P1\CameraTestProject\e2studio\conversion_results\converted\build\MCU\compilation\sub_0013__ARM_ETHOS_U55_C_CODEGEN/model.tflite'
2026-07-11 19:50:02,608 [DEBUG] (utils.py #22, cmd): Running command 'vela --config C:\Renesas\RA\RUHMI\.venv\Lib\site-packages\mera\bin_utils\ccodegen\system_config.ini --system-config RA8P1 --memory-mode Sram_Only --accelerator-config ethos-u55-256 --optimise Performance --output-dir D:\Lab\Lab_MCU\Renesas_RA\RenesasCup_EK_RA8P1\CameraTestProject\e2studio\conversion_results\converted\build\MCU\compilation\sub_0015__ARM_ETHOS_U55_C_CODEGEN  D:\Lab\Lab_MCU\Renesas_RA\RenesasCup_EK_RA8P1\CameraTestProject\e2studio\conversion_results\converted\build\MCU\compilation\sub_0015__ARM_ETHOS_U55_C_CODEGEN/model.tflite'
[2026-07-11 19:49:55.129] [info] Loading and converting MERAQtz model ... 
[2026-07-11 19:49:55.170] [info] Converting to canonical ...
[2026-07-11 19:49:55.975] [info] Converting to target IR ...
[2026-07-11 19:49:55.989] [info] Dividing and exporting regions ...
[2026-07-11 19:49:56.080] [info] Ethos-U support is enabled, matching patterns for target Ethos-U55
[2026-07-11 19:49:57.640] [info]   [DivideByTarget] Assembled 31 final regions:
[2026-07-11 19:49:57.640] [info]     + C_CODEGEN = 16 regions.
[2026-07-11 19:49:57.640] [info]     + ARM_ETHOS_U55 = 15 regions.
>> src_dir: 
"D:\\Lab\\Lab_MCU\\Renesas_RA\\RenesasCup_EK_RA8P1\\CameraTestProject\\e2studio\\conversion_results\\converted\\build\\MCU\\compilation\\src/"
Loaded MERA IR
>> src_dir: 
"D:\\Lab\\Lab_MCU\\Renesas_RA\\RenesasCup_EK_RA8P1\\CameraTestProject\\e2studio\\conversion_results\\converted\\build\\MCU\\compilation\\src/"
Success
Loaded MERA IR
>> src_dir: 
"D:\\Lab\\Lab_MCU\\Renesas_RA\\RenesasCup_EK_RA8P1\\CameraTestProject\\e2studio\\conversion_results\\converted\\build\\MCU\\compilation\\src/"
Success
Loaded MERA IR
>> src_dir: 
"D:\\Lab\\Lab_MCU\\Renesas_RA\\RenesasCup_EK_RA8P1\\CameraTestProject\\e2studio\\conversion_results\\converted\\build\\MCU\\compilation\\src/"
Success
Loaded MERA IR
>> src_dir: 
"D:\\Lab\\Lab_MCU\\Renesas_RA\\RenesasCup_EK_RA8P1\\CameraTestProject\\e2studio\\conversion_results\\converted\\build\\MCU\\compilation\\src/"
Success
Loaded MERA IR
>> src_dir: 
"D:\\Lab\\Lab_MCU\\Renesas_RA\\RenesasCup_EK_RA8P1\\CameraTestProject\\e2studio\\conversion_results\\converted\\build\\MCU\\compilation\\src/"
Success
Loaded MERA IR
>> src_dir: 
"D:\\Lab\\Lab_MCU\\Renesas_RA\\RenesasCup_EK_RA8P1\\CameraTestProject\\e2studio\\conversion_results\\converted\\build\\MCU\\compilation\\src/"
Success
Loaded MERA IR
>> src_dir: 
"D:\\Lab\\Lab_MCU\\Renesas_RA\\RenesasCup_EK_RA8P1\\CameraTestProject\\e2studio\\conversion_results\\converted\\build\\MCU\\compilation\\src/"
Success
Loaded MERA IR
>> src_dir: 
"D:\\Lab\\Lab_MCU\\Renesas_RA\\RenesasCup_EK_RA8P1\\CameraTestProject\\e2studio\\conversion_results\\converted\\build\\MCU\\compilation\\src/"
Success
Loaded MERA IR
>> src_dir: 
"D:\\Lab\\Lab_MCU\\Renesas_RA\\RenesasCup_EK_RA8P1\\CameraTestProject\\e2studio\\conversion_results\\converted\\build\\MCU\\compilation\\src/"
Success
Loaded MERA IR
>> src_dir: 
"D:\\Lab\\Lab_MCU\\Renesas_RA\\RenesasCup_EK_RA8P1\\CameraTestProject\\e2studio\\conversion_results\\converted\\build\\MCU\\compilation\\src/"
Success
Loaded MERA IR
>> src_dir: 
"D:\\Lab\\Lab_MCU\\Renesas_RA\\RenesasCup_EK_RA8P1\\CameraTestProject\\e2studio\\conversion_results\\converted\\build\\MCU\\compilation\\src/"
Success
Loaded MERA IR
>> src_dir: 
"D:\\Lab\\Lab_MCU\\Renesas_RA\\RenesasCup_EK_RA8P1\\CameraTestProject\\e2studio\\conversion_results\\converted\\build\\MCU\\compilation\\src/"
Success
Loaded MERA IR
>> src_dir: 
"D:\\Lab\\Lab_MCU\\Renesas_RA\\RenesasCup_EK_RA8P1\\CameraTestProject\\e2studio\\conversion_results\\converted\\build\\MCU\\compilation\\src/"
Success
Loaded MERA IR
>> src_dir: 
"D:\\Lab\\Lab_MCU\\Renesas_RA\\RenesasCup_EK_RA8P1\\CameraTestProject\\e2studio\\conversion_results\\converted\\build\\MCU\\compilation\\src/"
Success
Loaded MERA IR
>> src_dir: 
"D:\\Lab\\Lab_MCU\\Renesas_RA\\RenesasCup_EK_RA8P1\\CameraTestProject\\e2studio\\conversion_results\\converted\\build\\MCU\\compilation\\src/"
Success
Loaded MERA IR
>> src_dir: 
"D:\\Lab\\Lab_MCU\\Renesas_RA\\RenesasCup_EK_RA8P1\\CameraTestProject\\e2studio\\conversion_results\\converted\\build\\MCU\\compilation\\src/"
Success
Info: Changing const_mem_area from Sram to OnChipFlash. This will use the same characteristics as Sram.
Warning: Input TensorFlow Lite network contains a zero length buffer (index = 0) which is semantically not empty. However, it will be treated as an empty buffer.

Network summary for model
Accelerator configuration               Ethos_U55_256
System configuration                            RA8P1
Memory mode                                 Sram_Only
Accelerator clock                                 500 MHz
Design peak SRAM bandwidth                       1.86 GB/s
Design peak On-chip Flash bandwidth              1.86 GB/s

Total SRAM used                               1331.00 KiB
Total On-chip Flash used                         7.47 KiB

CPU operators = 0 (0.0%)
NPU operators = 15 (100.0%)

Average SRAM bandwidth                           0.54 GB/s
Input   SRAM bandwidth                           3.29 MB/batch
Weight  SRAM bandwidth                           0.00 MB/batch
Output  SRAM bandwidth                           2.04 MB/batch
Total   SRAM bandwidth                           5.32 MB/batch
Total   SRAM bandwidth            per input      5.32 MB/inference (batch size 1)

Average On-chip Flash bandwidth                  0.02 GB/s
Input   On-chip Flash bandwidth                  0.00 MB/batch
Weight  On-chip Flash bandwidth                  0.21 MB/batch
Output  On-chip Flash bandwidth                  0.00 MB/batch
Total   On-chip Flash bandwidth                  0.21 MB/batch
Total   On-chip Flash bandwidth   per input      0.21 MB/inference (batch size 1)

Neural network macs                          36334848 MACs/batch

Info: Changing const_mem_area from Sram to OnChipFlash. This will use the same characteristics as Sram.
Warning: Input TensorFlow Lite network contains a zero length buffer (index = 0) which is semantically not empty. However, it will be treated as an empty buffer.

Network summary for model
Accelerator configuration               Ethos_U55_256
System configuration                            RA8P1
Memory mode                                 Sram_Only
Accelerator clock                                 500 MHz
Design peak SRAM bandwidth                       1.86 GB/s
Design peak On-chip Flash bandwidth              1.86 GB/s

Total SRAM used                                272.25 KiB
Total On-chip Flash used                         4.31 KiB

CPU operators = 0 (0.0%)
NPU operators = 13 (100.0%)

Average SRAM bandwidth                           0.24 GB/s
Input   SRAM bandwidth                           0.77 MB/batch
Weight  SRAM bandwidth                           0.00 MB/batch
Output  SRAM bandwidth                           0.65 MB/batch
Total   SRAM bandwidth                           1.42 MB/batch
Total   SRAM bandwidth            per input      1.42 MB/inference (batch size 1)

Average On-chip Flash bandwidth                  0.00 GB/s
Input   On-chip Flash bandwidth                  0.00 MB/batch
Weight  On-chip Flash bandwidth                  0.02 MB/batch
Output  On-chip Flash bandwidth                  0.00 MB/batch
Total   On-chip Flash bandwidth                  0.02 MB/batch
Total   On-chip Flash bandwidth   per input      0.02 MB/inference (batch size 1)

Neural network macs                           3113088 MACs/batch

Info: Changing const_mem_area from Sram to OnChipFlash. This will use the same characteristics as Sram.
Warning: Input TensorFlow Lite network contains a zero length buffer (index = 0) which is semantically not empty. However, it will be treated as an empty buffer.

Network summary for model
Accelerator configuration               Ethos_U55_256
System configuration                            RA8P1
Memory mode                                 Sram_Only
Accelerator clock                                 500 MHz
Design peak SRAM bandwidth                       1.86 GB/s
Design peak On-chip Flash bandwidth              1.86 GB/s

Total SRAM used                                272.25 KiB
Total On-chip Flash used                         4.30 KiB

CPU operators = 0 (0.0%)
NPU operators = 13 (100.0%)

Average SRAM bandwidth                           0.24 GB/s
Input   SRAM bandwidth                           0.77 MB/batch
Weight  SRAM bandwidth                           0.00 MB/batch
Output  SRAM bandwidth                           0.65 MB/batch
Total   SRAM bandwidth                           1.42 MB/batch
2026-07-11 19:50:03,105 [DEBUG] (utils.py #22, cmd): Running command 'vela --config C:\Renesas\RA\RUHMI\.venv\Lib\site-packages\mera\bin_utils\ccodegen\system_config.ini --system-config RA8P1 --memory-mode Sram_Only --accelerator-config ethos-u55-256 --optimise Performance --output-dir D:\Lab\Lab_MCU\Renesas_RA\RenesasCup_EK_RA8P1\CameraTestProject\e2studio\conversion_results\converted\build\MCU\compilation\sub_0017__ARM_ETHOS_U55_C_CODEGEN  D:\Lab\Lab_MCU\Renesas_RA\RenesasCup_EK_RA8P1\CameraTestProject\e2studio\conversion_results\converted\build\MCU\compilation\sub_0017__ARM_ETHOS_U55_C_CODEGEN/model.tflite'
2026-07-11 19:50:03,641 [DEBUG] (utils.py #22, cmd): Running command 'vela --config C:\Renesas\RA\RUHMI\.venv\Lib\site-packages\mera\bin_utils\ccodegen\system_config.ini --system-config RA8P1 --memory-mode Sram_Only --accelerator-config ethos-u55-256 --optimise Performance --output-dir D:\Lab\Lab_MCU\Renesas_RA\RenesasCup_EK_RA8P1\CameraTestProject\e2studio\conversion_results\converted\build\MCU\compilation\sub_0019__ARM_ETHOS_U55_C_CODEGEN  D:\Lab\Lab_MCU\Renesas_RA\RenesasCup_EK_RA8P1\CameraTestProject\e2studio\conversion_results\converted\build\MCU\compilation\sub_0019__ARM_ETHOS_U55_C_CODEGEN/model.tflite'
2026-07-11 19:50:04,145 [DEBUG] (utils.py #22, cmd): Running command 'vela --config C:\Renesas\RA\RUHMI\.venv\Lib\site-packages\mera\bin_utils\ccodegen\system_config.ini --system-config RA8P1 --memory-mode Sram_Only --accelerator-config ethos-u55-256 --optimise Performance --output-dir D:\Lab\Lab_MCU\Renesas_RA\RenesasCup_EK_RA8P1\CameraTestProject\e2studio\conversion_results\converted\build\MCU\compilation\sub_0021__ARM_ETHOS_U55_C_CODEGEN  D:\Lab\Lab_MCU\Renesas_RA\RenesasCup_EK_RA8P1\CameraTestProject\e2studio\conversion_results\converted\build\MCU\compilation\sub_0021__ARM_ETHOS_U55_C_CODEGEN/model.tflite'
2026-07-11 19:50:04,695 [DEBUG] (utils.py #22, cmd): Running command 'vela --config C:\Renesas\RA\RUHMI\.venv\Lib\site-packages\mera\bin_utils\ccodegen\system_config.ini --system-config RA8P1 --memory-mode Sram_Only --accelerator-config ethos-u55-256 --optimise Performance --output-dir D:\Lab\Lab_MCU\Renesas_RA\RenesasCup_EK_RA8P1\CameraTestProject\e2studio\conversion_results\converted\build\MCU\compilation\sub_0023__ARM_ETHOS_U55_C_CODEGEN  D:\Lab\Lab_MCU\Renesas_RA\RenesasCup_EK_RA8P1\CameraTestProject\e2studio\conversion_results\converted\build\MCU\compilation\sub_0023__ARM_ETHOS_U55_C_CODEGEN/model.tflite'
2026-07-11 19:50:05,198 [DEBUG] (utils.py #22, cmd): Running command 'vela --config C:\Renesas\RA\RUHMI\.venv\Lib\site-packages\mera\bin_utils\ccodegen\system_config.ini --system-config RA8P1 --memory-mode Sram_Only --accelerator-config ethos-u55-256 --optimise Performance --output-dir D:\Lab\Lab_MCU\Renesas_RA\RenesasCup_EK_RA8P1\CameraTestProject\e2studio\conversion_results\converted\build\MCU\compilation\sub_0025__ARM_ETHOS_U55_C_CODEGEN  D:\Lab\Lab_MCU\Renesas_RA\RenesasCup_EK_RA8P1\CameraTestProject\e2studio\conversion_results\converted\build\MCU\compilation\sub_0025__ARM_ETHOS_U55_C_CODEGEN/model.tflite'
Total   SRAM bandwidth            per input      1.42 MB/inference (batch size 1)

Average On-chip Flash bandwidth                  0.00 GB/s
Input   On-chip Flash bandwidth                  0.00 MB/batch
Weight  On-chip Flash bandwidth                  0.02 MB/batch
Output  On-chip Flash bandwidth                  0.00 MB/batch
Total   On-chip Flash bandwidth                  0.02 MB/batch
Total   On-chip Flash bandwidth   per input      0.02 MB/inference (batch size 1)

Neural network macs                           3113088 MACs/batch

Info: Changing const_mem_area from Sram to OnChipFlash. This will use the same characteristics as Sram.
Warning: Input TensorFlow Lite network contains a zero length buffer (index = 0) which is semantically not empty. However, it will be treated as an empty buffer.

Network summary for model
Accelerator configuration               Ethos_U55_256
System configuration                            RA8P1
Memory mode                                 Sram_Only
Accelerator clock                                 500 MHz
Design peak SRAM bandwidth                       1.86 GB/s
Design peak On-chip Flash bandwidth              1.86 GB/s

Total SRAM used                                226.88 KiB
Total On-chip Flash used                        18.28 KiB

CPU operators = 0 (0.0%)
NPU operators = 20 (100.0%)

Average SRAM bandwidth                           0.33 GB/s
Input   SRAM bandwidth                           1.12 MB/batch
Weight  SRAM bandwidth                           0.00 MB/batch
Output  SRAM bandwidth                           0.71 MB/batch
Total   SRAM bandwidth                           1.83 MB/batch
Total   SRAM bandwidth            per input      1.83 MB/inference (batch size 1)

Average On-chip Flash bandwidth                  0.03 GB/s
Input   On-chip Flash bandwidth                  0.00 MB/batch
Weight  On-chip Flash bandwidth                  0.14 MB/batch
Output  On-chip Flash bandwidth                  0.00 MB/batch
Total   On-chip Flash bandwidth                  0.14 MB/batch
Total   On-chip Flash bandwidth   per input      0.14 MB/inference (batch size 1)

Neural network macs                          10129152 MACs/batch

Info: Changing const_mem_area from Sram to OnChipFlash. This will use the same characteristics as Sram.
Warning: Input TensorFlow Lite network contains a zero length buffer (index = 0) which is semantically not empty. However, it will be treated as an empty buffer.

Network summary for model
Accelerator configuration               Ethos_U55_256
System configuration                            RA8P1
Memory mode                                 Sram_Only
Accelerator clock                                 500 MHz
Design peak SRAM bandwidth                       1.86 GB/s
Design peak On-chip Flash bandwidth              1.86 GB/s

Total SRAM used                                136.12 KiB
Total On-chip Flash used                         9.72 KiB

CPU operators = 0 (0.0%)
NPU operators = 13 (100.0%)

Average SRAM bandwidth                           0.22 GB/s
Input   SRAM bandwidth                           0.34 MB/batch
Weight  SRAM bandwidth                           0.00 MB/batch
Output  SRAM bandwidth                           0.29 MB/batch
Total   SRAM bandwidth                           0.63 MB/batch
Total   SRAM bandwidth            per input      0.63 MB/inference (batch size 1)

Average On-chip Flash bandwidth                  0.02 GB/s
Input   On-chip Flash bandwidth                  0.00 MB/batch
Weight  On-chip Flash bandwidth                  0.04 MB/batch
Output  On-chip Flash bandwidth                  0.00 MB/batch
Total   On-chip Flash bandwidth                  0.04 MB/batch
Total   On-chip Flash bandwidth   per input      0.04 MB/inference (batch size 1)

Neural network macs                           2671680 MACs/batch

Info: Changing const_mem_area from Sram to OnChipFlash. This will use the same characteristics as Sram.
Warning: Input TensorFlow Lite network contains a zero length buffer (index = 0) which is semantically not empty. However, it will be treated as an empty buffer.

Network summary for model
Accelerator configuration               Ethos_U55_256
System configuration                            RA8P1
Memory mode                                 Sram_Only
Accelerator clock                                 500 MHz
Design peak SRAM bandwidth                       1.86 GB/s
Design peak On-chip Flash bandwidth              1.86 GB/s

Total SRAM used                                136.12 KiB
Total On-chip Flash used                         9.59 KiB

CPU operators = 0 (0.0%)
NPU operators = 13 (100.0%)

Average SRAM bandwidth                           0.22 GB/s
Input   SRAM bandwidth                           0.34 MB/batch
Weight  SRAM bandwidth                           0.00 MB/batch
Output  SRAM bandwidth                           0.29 MB/batch
Total   SRAM bandwidth                           0.63 MB/batch
Total   SRAM bandwidth            per input      0.63 MB/inference (batch size 1)

Average On-chip Flash bandwidth                  0.01 GB/s
Input   On-chip Flash bandwidth                  0.00 MB/batch
Weight  On-chip Flash bandwidth                  0.04 MB/batch
Output  On-chip Flash bandwidth                  0.00 MB/batch
Total   On-chip Flash bandwidth                  0.04 MB/batch
Total   On-chip Flash bandwidth   per input      0.04 MB/inference (batch size 1)

Neural network macs                           2671680 MACs/batch

Info: Changing const_mem_area from Sram to OnChipFlash. This will use the same characteristics as Sram.
Warning: Input TensorFlow Lite network contains a zero length buffer (index = 0) which is semantically not empty. However, it will be treated as an empty buffer.

Network summary for model
Accelerator configuration               Ethos_U55_256
System configuration                            RA8P1
Memory mode                                 Sram_Only
Accelerator clock                                 500 MHz
Design peak SRAM bandwidth                       1.86 GB/s
Design peak On-chip Flash bandwidth              1.86 GB/s

Total SRAM used                                136.12 KiB
Total On-chip Flash used                         9.58 KiB

CPU operators = 0 (0.0%)
NPU operators = 11 (100.0%)

Average SRAM bandwidth                           0.19 GB/s
Input   SRAM bandwidth                           0.29 MB/batch
Weight  SRAM bandwidth                           0.00 MB/batch
Output  SRAM bandwidth                           0.24 MB/batch
Total   SRAM bandwidth                           0.54 MB/batch
Total   SRAM bandwidth            per input      0.54 MB/inference (batch size 1)

Average On-chip Flash bandwidth                  0.02 GB/s
Input   On-chip Flash bandwidth                  0.00 MB/batch
Weight  On-chip Flash bandwidth                  0.04 MB/batch
Output  On-chip Flash bandwidth                  0.00 MB/batch
Total   On-chip Flash bandwidth                  0.04 MB/batch
Total   On-chip Flash bandwidth   per input      0.04 MB/inference (batch size 1)

Neural network macs                           2625216 MACs/batch

Info: Changing const_mem_area from Sram to OnChipFlash. This will use the same characteristics as Sram.
Warning: Input TensorFlow Lite network contains a zero length buffer (index = 0) which is semantically not empty. However, it will be treated as an empty buffer.

Network summary for model
Accelerator configuration               Ethos_U55_256
System configuration                            RA8P1
Memory mode                                 Sram_Only
Accelerator clock                                 500 MHz
Design peak SRAM bandwidth                       1.86 GB/s
Design peak On-chip Flash bandwidth              1.86 GB/s

Total SRAM used                                136.12 KiB
Total On-chip Flash used                         9.72 KiB

CPU operators = 0 (0.0%)
NPU operators = 11 (100.0%)

2026-07-11 19:50:05,695 [DEBUG] (utils.py #22, cmd): Running command 'vela --config C:\Renesas\RA\RUHMI\.venv\Lib\site-packages\mera\bin_utils\ccodegen\system_config.ini --system-config RA8P1 --memory-mode Sram_Only --accelerator-config ethos-u55-256 --optimise Performance --output-dir D:\Lab\Lab_MCU\Renesas_RA\RenesasCup_EK_RA8P1\CameraTestProject\e2studio\conversion_results\converted\build\MCU\compilation\sub_0027__ARM_ETHOS_U55_C_CODEGEN  D:\Lab\Lab_MCU\Renesas_RA\RenesasCup_EK_RA8P1\CameraTestProject\e2studio\conversion_results\converted\build\MCU\compilation\sub_0027__ARM_ETHOS_U55_C_CODEGEN/model.tflite'
2026-07-11 19:50:06,215 [DEBUG] (utils.py #22, cmd): Running command 'vela --config C:\Renesas\RA\RUHMI\.venv\Lib\site-packages\mera\bin_utils\ccodegen\system_config.ini --system-config RA8P1 --memory-mode Sram_Only --accelerator-config ethos-u55-256 --optimise Performance --output-dir D:\Lab\Lab_MCU\Renesas_RA\RenesasCup_EK_RA8P1\CameraTestProject\e2studio\conversion_results\converted\build\MCU\compilation\sub_0029__ARM_ETHOS_U55_C_CODEGEN  D:\Lab\Lab_MCU\Renesas_RA\RenesasCup_EK_RA8P1\CameraTestProject\e2studio\conversion_results\converted\build\MCU\compilation\sub_0029__ARM_ETHOS_U55_C_CODEGEN/model.tflite'
2026-07-11 19:50:06,762 [DEBUG] (utils.py #22, cmd): Running command 'C:\Renesas\RA\RUHMI\.venv\Lib\site-packages\mera\bin_utils\ccodegen\vela_optimized_to_source D:\Lab\Lab_MCU\Renesas_RA\RenesasCup_EK_RA8P1\CameraTestProject\e2studio\conversion_results\converted\build\MCU  '
2026-07-11 19:50:07,053 [INFO] (deploy_model.py #380, main): SUCCESS, saved at D:/Lab/Lab_MCU/Renesas_RA/RenesasCup_EK_RA8P1/CameraTestProject/e2studio/conversion_results/converted
Average SRAM bandwidth                           0.19 GB/s
Input   SRAM bandwidth                           0.29 MB/batch
Weight  SRAM bandwidth                           0.00 MB/batch
Output  SRAM bandwidth                           0.24 MB/batch
Total   SRAM bandwidth                           0.54 MB/batch
Total   SRAM bandwidth            per input      0.54 MB/inference (batch size 1)

Average On-chip Flash bandwidth                  0.02 GB/s
Input   On-chip Flash bandwidth                  0.00 MB/batch
Weight  On-chip Flash bandwidth                  0.04 MB/batch
Output  On-chip Flash bandwidth                  0.00 MB/batch
Total   On-chip Flash bandwidth                  0.04 MB/batch
Total   On-chip Flash bandwidth   per input      0.04 MB/inference (batch size 1)

Neural network macs                           2625216 MACs/batch

Info: Changing const_mem_area from Sram to OnChipFlash. This will use the same characteristics as Sram.
Warning: Input TensorFlow Lite network contains a zero length buffer (index = 0) which is semantically not empty. However, it will be treated as an empty buffer.

Network summary for model
Accelerator configuration               Ethos_U55_256
System configuration                            RA8P1
Memory mode                                 Sram_Only
Accelerator clock                                 500 MHz
Design peak SRAM bandwidth                       1.86 GB/s
Design peak On-chip Flash bandwidth              1.86 GB/s

Total SRAM used                                136.12 KiB
Total On-chip Flash used                         9.56 KiB

CPU operators = 0 (0.0%)
NPU operators = 11 (100.0%)

Average SRAM bandwidth                           0.19 GB/s
Input   SRAM bandwidth                           0.29 MB/batch
Weight  SRAM bandwidth                           0.00 MB/batch
Output  SRAM bandwidth                           0.24 MB/batch
Total   SRAM bandwidth                           0.54 MB/batch
Total   SRAM bandwidth            per input      0.54 MB/inference (batch size 1)

Average On-chip Flash bandwidth                  0.02 GB/s
Input   On-chip Flash bandwidth                  0.00 MB/batch
Weight  On-chip Flash bandwidth                  0.04 MB/batch
Output  On-chip Flash bandwidth                  0.00 MB/batch
Total   On-chip Flash bandwidth                  0.04 MB/batch
Total   On-chip Flash bandwidth   per input      0.04 MB/inference (batch size 1)

Neural network macs                           2625216 MACs/batch

Info: Changing const_mem_area from Sram to OnChipFlash. This will use the same characteristics as Sram.
Warning: Input TensorFlow Lite network contains a zero length buffer (index = 0) which is semantically not empty. However, it will be treated as an empty buffer.

Network summary for model
Accelerator configuration               Ethos_U55_256
System configuration                            RA8P1
Memory mode                                 Sram_Only
Accelerator clock                                 500 MHz
Design peak SRAM bandwidth                       1.86 GB/s
Design peak On-chip Flash bandwidth              1.86 GB/s

Total SRAM used                                136.12 KiB
Total On-chip Flash used                         9.58 KiB

CPU operators = 0 (0.0%)
NPU operators = 11 (100.0%)

Average SRAM bandwidth                           0.19 GB/s
Input   SRAM bandwidth                           0.29 MB/batch
Weight  SRAM bandwidth                           0.00 MB/batch
Output  SRAM bandwidth                           0.24 MB/batch
Total   SRAM bandwidth                           0.54 MB/batch
Total   SRAM bandwidth            per input      0.54 MB/inference (batch size 1)

Average On-chip Flash bandwidth                  0.02 GB/s
Input   On-chip Flash bandwidth                  0.00 MB/batch
Weight  On-chip Flash bandwidth                  0.04 MB/batch
Output  On-chip Flash bandwidth                  0.00 MB/batch
Total   On-chip Flash bandwidth                  0.04 MB/batch
Total   On-chip Flash bandwidth   per input      0.04 MB/inference (batch size 1)

Neural network macs                           2625216 MACs/batch

Info: Changing const_mem_area from Sram to OnChipFlash. This will use the same characteristics as Sram.
Warning: Input TensorFlow Lite network contains a zero length buffer (index = 0) which is semantically not empty. However, it will be treated as an empty buffer.

Network summary for model
Accelerator configuration               Ethos_U55_256
System configuration                            RA8P1
Memory mode                                 Sram_Only
Accelerator clock                                 500 MHz
Design peak SRAM bandwidth                       1.86 GB/s
Design peak On-chip Flash bandwidth              1.86 GB/s

Total SRAM used                                124.78 KiB
Total On-chip Flash used                        47.80 KiB

CPU operators = 0 (0.0%)
NPU operators = 22 (100.0%)

Average SRAM bandwidth                           0.36 GB/s
Input   SRAM bandwidth                           0.67 MB/batch
Weight  SRAM bandwidth                           0.00 MB/batch
Output  SRAM bandwidth                           0.38 MB/batch
Total   SRAM bandwidth                           1.05 MB/batch
Total   SRAM bandwidth            per input      1.05 MB/inference (batch size 1)

Average On-chip Flash bandwidth                  0.05 GB/s
Input   On-chip Flash bandwidth                  0.00 MB/batch
Weight  On-chip Flash bandwidth                  0.15 MB/batch
Output  On-chip Flash bandwidth                  0.00 MB/batch
Total   On-chip Flash bandwidth                  0.15 MB/batch
Total   On-chip Flash bandwidth   per input      0.15 MB/inference (batch size 1)

Neural network macs                           9571584 MACs/batch

Info: Changing const_mem_area from Sram to OnChipFlash. This will use the same characteristics as Sram.
Warning: Input TensorFlow Lite network contains a zero length buffer (index = 0) which is semantically not empty. However, it will be treated as an empty buffer.

Network summary for model
Accelerator configuration               Ethos_U55_256
System configuration                            RA8P1
Memory mode                                 Sram_Only
Accelerator clock                                 500 MHz
Design peak SRAM bandwidth                       1.86 GB/s
Design peak On-chip Flash bandwidth              1.86 GB/s

Total SRAM used                                 68.06 KiB
Total On-chip Flash used                        25.08 KiB

CPU operators = 0 (0.0%)
NPU operators = 13 (100.0%)

Average SRAM bandwidth                           0.23 GB/s
Input   SRAM bandwidth                           0.18 MB/batch
Weight  SRAM bandwidth                           0.00 MB/batch
Output  SRAM bandwidth                           0.14 MB/batch
Total   SRAM bandwidth                           0.33 MB/batch
Total   SRAM bandwidth            per input      0.33 MB/inference (batch size 1)

Average On-chip Flash bandwidth                  0.03 GB/s
Input   On-chip Flash bandwidth                  0.00 MB/batch
Weight  On-chip Flash bandwidth                  0.03 MB/batch
Output  On-chip Flash bandwidth                  0.00 MB/batch
Total   On-chip Flash bandwidth                  0.04 MB/batch
Total   On-chip Flash bandwidth   per input      0.04 MB/inference (batch size 1)

Neural network macs                           2450976 MACs/batch

Info: Changing const_mem_area from Sram to OnChipFlash. This will use the same characteristics as Sram.
Warning: Input TensorFlow Lite network contains a zero length buffer (index = 0) which is semantically not empty. However, it will be treated as an empty buffer.

Network summary for model
Accelerator configuration               Ethos_U55_256
System configuration                            RA8P1
Memory mode                                 Sram_Only
Accelerator clock                                 500 MHz
Design peak SRAM bandwidth                       1.86 GB/s
Design peak On-chip Flash bandwidth              1.86 GB/s

Total SRAM used                                 68.06 KiB
Total On-chip Flash used                        25.19 KiB

CPU operators = 0 (0.0%)
NPU operators = 13 (100.0%)

Average SRAM bandwidth                           0.23 GB/s
Input   SRAM bandwidth                           0.18 MB/batch
Weight  SRAM bandwidth                           0.00 MB/batch
Output  SRAM bandwidth                           0.14 MB/batch
Total   SRAM bandwidth                           0.33 MB/batch
Total   SRAM bandwidth            per input      0.33 MB/inference (batch size 1)

Average On-chip Flash bandwidth                  0.03 GB/s
Input   On-chip Flash bandwidth                  0.00 MB/batch
Weight  On-chip Flash bandwidth                  0.03 MB/batch
Output  On-chip Flash bandwidth                  0.00 MB/batch
Total   On-chip Flash bandwidth                  0.04 MB/batch
Total   On-chip Flash bandwidth   per input      0.04 MB/inference (batch size 1)

Neural network macs                           2450976 MACs/batch

Info: Changing const_mem_area from Sram to OnChipFlash. This will use the same characteristics as Sram.
Warning: Input TensorFlow Lite network contains a zero length buffer (index = 0) which is semantically not empty. However, it will be treated as an empty buffer.

Network summary for model
Accelerator configuration               Ethos_U55_256
System configuration                            RA8P1
Memory mode                                 Sram_Only
Accelerator clock                                 500 MHz
Design peak SRAM bandwidth                       1.86 GB/s
Design peak On-chip Flash bandwidth              1.86 GB/s

Total SRAM used                                 49.16 KiB
Total On-chip Flash used                        76.56 KiB

CPU operators = 0 (0.0%)
NPU operators = 14 (100.0%)

Average SRAM bandwidth                           0.43 GB/s
Input   SRAM bandwidth                           0.24 MB/batch
Weight  SRAM bandwidth                           0.00 MB/batch
Output  SRAM bandwidth                           0.14 MB/batch
Total   SRAM bandwidth                           0.38 MB/batch
Total   SRAM bandwidth            per input      0.38 MB/inference (batch size 1)

Average On-chip Flash bandwidth                  0.18 GB/s
Input   On-chip Flash bandwidth                  0.00 MB/batch
Weight  On-chip Flash bandwidth                  0.15 MB/batch
Output  On-chip Flash bandwidth                  0.00 MB/batch
Total   On-chip Flash bandwidth                  0.16 MB/batch
Total   On-chip Flash bandwidth   per input      0.16 MB/inference (batch size 1)

Neural network macs                           7378459 MACs/batch

Info: Changing const_mem_area from Sram to OnChipFlash. This will use the same characteristics as Sram.
Warning: Input TensorFlow Lite network contains a zero length buffer (index = 0) which is semantically not empty. However, it will be treated as an empty buffer.

Network summary for model
Accelerator configuration               Ethos_U55_256
System configuration                            RA8P1
Memory mode                                 Sram_Only
Accelerator clock                                 500 MHz
Design peak SRAM bandwidth                       1.86 GB/s
Design peak On-chip Flash bandwidth              1.86 GB/s

Total SRAM used                                272.25 KiB
Total On-chip Flash used                        61.41 KiB

CPU operators = 0 (0.0%)
NPU operators = 9 (100.0%)

Average SRAM bandwidth                           0.81 GB/s
Input   SRAM bandwidth                           0.84 MB/batch
Weight  SRAM bandwidth                           0.00 MB/batch
Output  SRAM bandwidth                           0.37 MB/batch
Total   SRAM bandwidth                           1.21 MB/batch
Total   SRAM bandwidth            per input      1.21 MB/inference (batch size 1)

Average On-chip Flash bandwidth                  0.31 GB/s
Input   On-chip Flash bandwidth                  0.00 MB/batch
Weight  On-chip Flash bandwidth                  0.45 MB/batch
Output  On-chip Flash bandwidth                  0.00 MB/batch
Total   On-chip Flash bandwidth                  0.46 MB/batch
Total   On-chip Flash bandwidth   per input      0.46 MB/inference (batch size 1)

Neural network macs                          25332076 MACs/batch

[INFO] Success to execute the command
