2026-07-16 18:50:32,563 [INFO] (check_requirements.py #28, load_requirements): 📥 Downloading requirements from https://Tool-support.renesas.com/tool-support/Zoo/MCT/requirements.txt
2026-07-16 18:50:32,566 [DEBUG] (connectionpool.py #1062, _new_conn): Starting new HTTPS connection (1): tool-support.renesas.com:443
2026-07-16 18:50:33,369 [DEBUG] (connectionpool.py #544, _make_request): https://tool-support.renesas.com:443 "GET /tool-support/Zoo/MCT/requirements.txt HTTP/1.1" 200 None
2026-07-16 18:50:33,372 [INFO] (check_requirements.py #51, _handle_http_requirement): mera: INSTALLED (2.6.0+pkg.4815)
2026-07-16 18:50:33,372 [INFO] (check_requirements.py #51, _handle_http_requirement): mera_visualizer: INSTALLED (2.5.0+mcuv4)
2026-07-16 18:50:33,373 [INFO] (check_requirements.py #71, _handle_pypi_requirement): onnx==1.17.0: OK
2026-07-16 18:50:33,374 [INFO] (check_requirements.py #71, _handle_pypi_requirement): tflite==2.18.0: OK
[INFO] Success to execute the command
Exit code: 0
CMD:[D:/Lab/Lab_MCU/Renesas_RA/.metadata/.plugins/com.renesas.ai.translator/py.bat D:/Lab/Lab_MCU/Renesas_RA/RenesasCup_EK_RA8P1/CameraTestProject/e2studio/.settings/.plugin/com.renesas.ai.translator/renesas_aicompiler_caller/cli.py comm get_model_info --framework tflite --input_model D:/Lab/Lab_MCU/Renesas_RA/RenesasCup_EK_RA8P1/CameraTestProject/e2studio/Renesas_YOLO_INT8_PhyD.tflite --output_shape_dict_jsonpath D:/Lab/Lab_MCU/Renesas_RA/RenesasCup_EK_RA8P1/CameraTestProject/e2studio/conversion_results/conversion_tool_settings/Renesas_YOLO_INT8_PhyD.tflite_input_shape.json --output_model_info_jsonpath D:/Lab/Lab_MCU/Renesas_RA/RenesasCup_EK_RA8P1/CameraTestProject/e2studio/conversion_results/conversion_tool_settings/Renesas_YOLO_INT8_PhyD.tflite_model_info.json --accelerator_type ethos-u55 ]
2026-07-16 18:50:42,472 [INFO] (environment_check.py #360, check_ruhmi_environment): Checking RUHMI environment ...
2026-07-16 18:50:42,900 [DEBUG] (__init__.py #342, wrapper): matplotlib data path: C:\Renesas\RA\RUHMI\.venv\lib\site-packages\matplotlib\mpl-data
2026-07-16 18:50:42,904 [DEBUG] (__init__.py #342, wrapper): CONFIGDIR=C:\Users\lingk\.matplotlib
2026-07-16 18:50:42,905 [DEBUG] (__init__.py #1560, <module>): interactive is False
2026-07-16 18:50:42,905 [DEBUG] (__init__.py #1561, <module>): platform is win32
2026-07-16 18:50:42,938 [DEBUG] (__init__.py #342, wrapper): CACHEDIR=C:\Users\lingk\.matplotlib
2026-07-16 18:50:42,940 [DEBUG] (font_manager.py #1635, _load_fontmanager): Using fontManager instance from C:\Users\lingk\.matplotlib\fontlist-v390.json
2026-07-16 18:50:43,788 [INFO] (environment_check.py #248, _check_python_deps_for_ruhmi): mera version 2.6.0+pkg.4815 released on 2026-03-05
2026-07-16 18:50:43,789 [INFO] (environment_check.py #234, _check_python_package_and_version): 'mera' version 2.6.0+pkg.4815 is installed.
2026-07-16 18:50:43,790 [INFO] (environment_check.py #234, _check_python_package_and_version): 'ethos-u-vela' version 4.2.0 is installed.
2026-07-16 18:50:43,790 [INFO] (environment_check.py #234, _check_python_package_and_version): 'tflite' version 2.18.0 is installed.
2026-07-16 18:50:43,791 [INFO] (environment_check.py #234, _check_python_package_and_version): 'onnx' version 1.17.0 is installed.
2026-07-16 18:50:43,793 [INFO] (environment_check.py #234, _check_python_package_and_version): 'typing_extensions' version 4.15.0 is installed.
2026-07-16 18:50:43,794 [INFO] (environment_check.py #234, _check_python_package_and_version): 'mera-visualizer' version 2.5.0+mcuv4 is installed.
2026-07-16 18:50:43,795 [INFO] (get_model_info.py #533, main): Environment check passed.
2026-07-16 18:50:43,795 [INFO] (get_model_info.py #538, main): [Parsing input model node start...]
2026-07-16 18:50:43,795 [INFO] (get_model_info.py #424, make_shape_dict_from_model): Make shape_dict from model.
2026-07-16 18:50:44,041 [INFO] (get_model_info.py #380, get_tflite_shape_dict): tflite_shape_dict: {'x': (1, 128, 128, 3)}
2026-07-16 18:50:44,041 [INFO] (get_model_info.py #386, get_tflite_shape_dict): shape_dict: {'x': [1, 128, 128, 3]}
2026-07-16 18:50:44.573130: I tensorflow/core/util/port.cc:153] oneDNN custom operations are on. You may see slightly different numerical results due to floating-point round-off errors from different computation orders. To turn them off, set the environment variable `TF_ENABLE_ONEDNN_OPTS=0`.
2026-07-16 18:50:46.382133: I tensorflow/core/util/port.cc:153] oneDNN custom operations are on. You may see slightly different numerical results due to floating-point round-off errors from different computation orders. To turn them off, set the environment variable `TF_ENABLE_ONEDNN_OPTS=0`.
2026-07-16 18:50:46,616 [DEBUG] (tpu_cluster_resolver.py #34, <module>): Falling back to TensorFlow client; we recommended you install the Cloud TPU client directly with pip install cloud-tpu-client.
2026-07-16 18:50:47,368 [DEBUG] (__init__.py #47, <module>): Creating converter from 7 to 5
2026-07-16 18:50:47,368 [DEBUG] (__init__.py #47, <module>): Creating converter from 5 to 7
2026-07-16 18:50:47,368 [DEBUG] (__init__.py #47, <module>): Creating converter from 7 to 5
2026-07-16 18:50:47,369 [DEBUG] (__init__.py #47, <module>): Creating converter from 5 to 7
INFO: Created TensorFlow Lite XNNPACK delegate for CPU.
2026-07-16 18:50:49,044 [INFO] (get_model_info.py #223, is_tflite_quantized): === Input Details ===
2026-07-16 18:50:49,045 [INFO] (get_model_info.py #225, is_tflite_quantized): Input tensor 0:
2026-07-16 18:50:49,045 [INFO] (get_model_info.py #226, is_tflite_quantized):   name: x
2026-07-16 18:50:49,045 [INFO] (get_model_info.py #227, is_tflite_quantized):   index: 0
2026-07-16 18:50:49,045 [INFO] (get_model_info.py #228, is_tflite_quantized):   shape: [  1 128 128   3]
2026-07-16 18:50:49,045 [INFO] (get_model_info.py #229, is_tflite_quantized):   dtype: <class 'numpy.int8'>
2026-07-16 18:50:49,045 [INFO] (get_model_info.py #231, is_tflite_quantized):   quantization (deprecated)_soon): (0.003921568859368563, -128)
2026-07-16 18:50:49,046 [INFO] (get_model_info.py #232, is_tflite_quantized):   quantization_parameters: {'scales': array([0.00392157], dtype=float32), 'zero_points': array([-128]), 'quantized_dimension': 0}
2026-07-16 18:50:49,046 [INFO] (get_model_info.py #233, is_tflite_quantized):   sparsity_parameters: {}
2026-07-16 18:50:49,046 [INFO] (get_model_info.py #235, is_tflite_quantized): === Output Details ===
2026-07-16 18:50:49,046 [INFO] (get_model_info.py #237, is_tflite_quantized): Output tensor 0:
2026-07-16 18:50:49,046 [INFO] (get_model_info.py #238, is_tflite_quantized):   name: Identity
2026-07-16 18:50:49,046 [INFO] (get_model_info.py #239, is_tflite_quantized):   index: 632
2026-07-16 18:50:49,046 [INFO] (get_model_info.py #240, is_tflite_quantized):   shape: [  1 336   5]
2026-07-16 18:50:49,046 [INFO] (get_model_info.py #241, is_tflite_quantized):   dtype: <class 'numpy.int8'>
2026-07-16 18:50:49,046 [INFO] (get_model_info.py #243, is_tflite_quantized):   quantization (deprecated_soon): (0.00783661101013422, -61)
2026-07-16 18:50:49,046 [INFO] (get_model_info.py #244, is_tflite_quantized):   quantization_parameters: {'scales': array([0.00783661], dtype=float32), 'zero_points': array([-61]), 'quantized_dimension': 0}
2026-07-16 18:50:49,046 [INFO] (get_model_info.py #245, is_tflite_quantized):   sparsity_parameters: {}
2026-07-16 18:50:49,051 [INFO] (get_model_info.py #506, write_dict2json): Write dictionary to json file.
2026-07-16 18:50:49,052 [INFO] (get_model_info.py #506, write_dict2json): Write dictionary to json file.
2026-07-16 18:50:49,052 [INFO] (get_model_info.py #552, main): [Parsing input model node finished]
Variable container does not have anything...
[INFO] Success to execute the command
CMD:[D:/Lab/Lab_MCU/Renesas_RA/.metadata/.plugins/com.renesas.ai.translator/py.bat D:/Lab/Lab_MCU/Renesas_RA/RenesasCup_EK_RA8P1/CameraTestProject/e2studio/.settings/.plugin/com.renesas.ai.translator/renesas_aicompiler_caller/cli.py ruhmi deploy --framework quantized --input_model D:/Lab/Lab_MCU/Renesas_RA/RenesasCup_EK_RA8P1/CameraTestProject/e2studio/Renesas_YOLO_INT8_PhyD.tflite --output_dir D:/Lab/Lab_MCU/Renesas_RA/RenesasCup_EK_RA8P1/CameraTestProject/e2studio/conversion_results/converted --optimization_mode 0 --memory_mode 0 --mera_options  --vela_options  --shape_dict_json D:/Lab/Lab_MCU/Renesas_RA/RenesasCup_EK_RA8P1/CameraTestProject/e2studio/conversion_results/conversion_tool_settings/Renesas_YOLO_INT8_PhyD.tflite_input_shape.json ]
2026-07-16 18:50:56,038 [DEBUG] (__init__.py #342, wrapper): matplotlib data path: C:\Renesas\RA\RUHMI\.venv\lib\site-packages\matplotlib\mpl-data
2026-07-16 18:50:56,041 [DEBUG] (__init__.py #342, wrapper): CONFIGDIR=C:\Users\lingk\.matplotlib
2026-07-16 18:50:56,042 [DEBUG] (__init__.py #1560, <module>): interactive is False
2026-07-16 18:50:56,042 [DEBUG] (__init__.py #1561, <module>): platform is win32
2026-07-16 18:50:56,064 [DEBUG] (__init__.py #342, wrapper): CACHEDIR=C:\Users\lingk\.matplotlib
2026-07-16 18:50:56,066 [DEBUG] (font_manager.py #1635, _load_fontmanager): Using fontManager instance from C:\Users\lingk\.matplotlib\fontlist-v390.json
2026-07-16 18:50:56,567 [INFO] (environment_check.py #360, check_ruhmi_environment): Checking RUHMI environment ...
2026-07-16 18:50:56,567 [INFO] (environment_check.py #248, _check_python_deps_for_ruhmi): mera version 2.6.0+pkg.4815 released on 2026-03-05
2026-07-16 18:50:56,569 [INFO] (environment_check.py #234, _check_python_package_and_version): 'mera' version 2.6.0+pkg.4815 is installed.
2026-07-16 18:50:56,570 [INFO] (environment_check.py #234, _check_python_package_and_version): 'ethos-u-vela' version 4.2.0 is installed.
2026-07-16 18:50:56,570 [INFO] (environment_check.py #234, _check_python_package_and_version): 'tflite' version 2.18.0 is installed.
2026-07-16 18:50:56,571 [INFO] (environment_check.py #234, _check_python_package_and_version): 'onnx' version 1.17.0 is installed.
2026-07-16 18:50:56,572 [INFO] (environment_check.py #234, _check_python_package_and_version): 'typing_extensions' version 4.15.0 is installed.
2026-07-16 18:50:56,572 [INFO] (environment_check.py #234, _check_python_package_and_version): 'mera-visualizer' version 2.5.0+mcuv4 is installed.
2026-07-16 18:50:56,573 [INFO] (deploy_model.py #337, main): Arguments: Namespace(framework='quantized', input_model='D:/Lab/Lab_MCU/Renesas_RA/RenesasCup_EK_RA8P1/CameraTestProject/e2studio/Renesas_YOLO_INT8_PhyD.tflite', output_dir='D:/Lab/Lab_MCU/Renesas_RA/RenesasCup_EK_RA8P1/CameraTestProject/e2studio/conversion_results/converted', shape_dict_json='D:/Lab/Lab_MCU/Renesas_RA/RenesasCup_EK_RA8P1/CameraTestProject/e2studio/conversion_results/conversion_tool_settings/Renesas_YOLO_INT8_PhyD.tflite_input_shape.json', optimization_mode=0, memory_mode=0, use_only_cpu=False, weight_loc=0, ethos_configuration_filepath=None, mera_options='', vela_options='')
2026-07-16 18:50:56,573 [INFO] (deploy_model.py #338, main): Mera options: Namespace(target='mcu', enable_ospi=False, enable_ref_data=True, suffix='', use_x86=False, args=[])
2026-07-16 18:50:56,573 [INFO] (deploy_model.py #339, main): Vela options: Namespace(sys_config='RA8P1', accel_config='ethos-u55-256', verbose_all=False, args=[])
Variable container does not have anything...
2026-07-16 18:50:56,575 [INFO] (deploy_model.py #363, main): Targeting MCU on ALT2 
2026-07-16 18:50:56,576 [INFO] (deploy_model.py #295, compile_mera): 
Deploying MERA model ...
2026-07-16 18:50:56,580 [DEBUG] (deploy_project.py #241, pushd): (pushd) Running in model
2026-07-16 18:50:56,581 [DEBUG] (utils.py #22, cmd): Running command 'C:\Renesas\RA\RUHMI\.venv\Lib\site-packages\mera\bin_utils\fe_tflite_cli --io_desc_input D:\Lab\Lab_MCU\Renesas_RA\RenesasCup_EK_RA8P1\CameraTestProject\e2studio\Renesas_YOLO_INT8_PhyD.tflite --io_desc_result C:\Users\lingk\AppData\Local\Temp\tmp8ecb_438\tempfile'
2026-07-16 18:50:56,622 [DEBUG] (deploy_project.py #208, save_artifact): Saved json artifact 'input_desc.json' into D:\Lab\Lab_MCU\Renesas_RA\RenesasCup_EK_RA8P1\CameraTestProject\e2studio\conversion_results\converted\model
2026-07-16 18:50:56,622 [DEBUG] (deploy_project.py #248, popd): (popd) cwd is now D:\Lab\Lab_MCU\Renesas_RA\RenesasCup_EK_RA8P1\CameraTestProject\e2studio\conversion_results\converted
2026-07-16 18:50:56,622 [INFO] (deploy.py #309, deploy):  *** mera v2.6.0+pkg.4815 ***
2026-07-16 18:50:56,622 [INFO] (deploy.py #310, deploy): Starting deployment of model 'Renesas_YOLO_INT8_PhyD'...
2026-07-16 18:50:56,622 [DEBUG] (deploy_project.py #241, pushd): (pushd) Running in build
2026-07-16 18:50:56,622 [DEBUG] (deploy_project.py #241, pushd): (pushd) Running in MCU
2026-07-16 18:50:56,624 [DEBUG] (deploy_project.py #208, save_artifact): Saved json artifact 'deploy_cfg.json' into D:\Lab\Lab_MCU\Renesas_RA\RenesasCup_EK_RA8P1\CameraTestProject\e2studio\conversion_results\converted\build\MCU
2026-07-16 18:50:56,624 [DEBUG] (utils.py #22, cmd): Running command 'C:\Renesas\RA\RUHMI\.venv\Lib\site-packages\mera\bin_utils\fe_tflite_cli D:\Lab\Lab_MCU\Renesas_RA\RenesasCup_EK_RA8P1\CameraTestProject\e2studio\conversion_results\converted\build\MCU\deploy_cfg.json'
[2026-07-16 18:50:56.659] [info] Loading and converting TFLite model ... 
[2026-07-16 18:50:56.660] [info] TFLite Model Version: 3
Traceback (most recent call last):
  File "D:\Lab\Lab_MCU\Renesas_RA\RenesasCup_EK_RA8P1\CameraTestProject\e2studio\.settings\.plugin\com.renesas.ai.translator\renesas_aicompiler_caller\commands\ruhmi\deploy_model.py", line 311, in compile_mera
    deployer.deploy(
  File "C:\Renesas\RA\RUHMI\.venv\lib\site-packages\mera\deploy.py", line 349, in deploy
    self._apply_frontend(model, deploy_cfg_json)
  File "C:\Renesas\RA\RUHMI\.venv\lib\site-packages\mera\deploy.py", line 246, in _apply_frontend
    cmd(f"{find_tool('fe_tflite_cli')} {deploy_cfg_json}")
  File "C:\Renesas\RA\RUHMI\.venv\lib\site-packages\mera\utils.py", line 35, in cmd
    raise subprocess.CalledProcessError(p.returncode, command)
subprocess.CalledProcessError: Command 'C:\Renesas\RA\RUHMI\.venv\Lib\site-packages\mera\bin_utils\fe_tflite_cli D:\Lab\Lab_MCU\Renesas_RA\RenesasCup_EK_RA8P1\CameraTestProject\e2studio\conversion_results\converted\build\MCU\deploy_cfg.json' returned non-zero exit status 3221226505.

During handling of the above exception, another exception occurred:

Traceback (most recent call last):
  File "D:\Lab\Lab_MCU\Renesas_RA\RenesasCup_EK_RA8P1\CameraTestProject\e2studio\.settings\.plugin\com.renesas.ai.translator\renesas_aicompiler_caller\cli.py", line 149, in <module>
    dispatch(sys.argv[1:])
  File "D:\Lab\Lab_MCU\Renesas_RA\RenesasCup_EK_RA8P1\CameraTestProject\e2studio\.settings\.plugin\com.renesas.ai.translator\renesas_aicompiler_caller\cli.py", line 144, in dispatch
    runpy.run_module(module_name, run_name="__main__")
  File "C:\Users\lingk\AppData\Local\Programs\Python\Python310\lib\runpy.py", line 227, in run_module
    return _run_code(code, {}, init_globals, run_name, mod_spec)
  File "C:\Users\lingk\AppData\Local\Programs\Python\Python310\lib\runpy.py", line 86, in _run_code
    exec(code, run_globals)
  File "D:\Lab\Lab_MCU\Renesas_RA\RenesasCup_EK_RA8P1\CameraTestProject\e2studio\.settings\.plugin\com.renesas.ai.translator\renesas_aicompiler_caller\commands\ruhmi\deploy_model.py", line 384, in <module>
    main(sys.argv[1:])
  File "D:\Lab\Lab_MCU\Renesas_RA\RenesasCup_EK_RA8P1\CameraTestProject\e2studio\.settings\.plugin\com.renesas.ai.translator\renesas_aicompiler_caller\commands\ruhmi\deploy_model.py", line 370, in main
    mera_path = compile_mera(
  File "D:\Lab\Lab_MCU\Renesas_RA\RenesasCup_EK_RA8P1\CameraTestProject\e2studio\.settings\.plugin\com.renesas.ai.translator\renesas_aicompiler_caller\commands\ruhmi\deploy_model.py", line 321, in compile_mera
    raise RuntimeError(f"Error: {e}\n\n"
RuntimeError: Error: Command 'C:\Renesas\RA\RUHMI\.venv\Lib\site-packages\mera\bin_utils\fe_tflite_cli D:\Lab\Lab_MCU\Renesas_RA\RenesasCup_EK_RA8P1\CameraTestProject\e2studio\conversion_results\converted\build\MCU\deploy_cfg.json' returned non-zero exit status 3221226505.

Failed to deploy the model: D:/Lab/Lab_MCU/Renesas_RA/RenesasCup_EK_RA8P1/CameraTestProject/e2studio/Renesas_YOLO_INT8_PhyD.tflite. See the above error log for more details. If that does not help, please contact Renesas.
[ERROR] Failed to execute the command
Failed to perform conversion.
