2026-07-16 19:08:31,197 [INFO] (check_requirements.py #28, load_requirements): 📥 Downloading requirements from https://Tool-support.renesas.com/tool-support/Zoo/MCT/requirements.txt
2026-07-16 19:08:31,201 [DEBUG] (connectionpool.py #1062, _new_conn): Starting new HTTPS connection (1): tool-support.renesas.com:443
2026-07-16 19:08:31,650 [DEBUG] (connectionpool.py #544, _make_request): https://tool-support.renesas.com:443 "GET /tool-support/Zoo/MCT/requirements.txt HTTP/1.1" 200 None
2026-07-16 19:08:31,658 [INFO] (check_requirements.py #51, _handle_http_requirement): mera: INSTALLED (2.6.0+pkg.4815)
2026-07-16 19:08:31,659 [INFO] (check_requirements.py #51, _handle_http_requirement): mera_visualizer: INSTALLED (2.5.0+mcuv4)
2026-07-16 19:08:31,663 [INFO] (check_requirements.py #71, _handle_pypi_requirement): onnx==1.17.0: OK
2026-07-16 19:08:31,666 [INFO] (check_requirements.py #71, _handle_pypi_requirement): tflite==2.18.0: OK
[INFO] Success to execute the command
Exit code: 0
CMD:[D:/Lab/Lab_MCU/Renesas_RA/.metadata/.plugins/com.renesas.ai.translator/py.bat D:/Lab/Lab_MCU/Renesas_RA/RenesasCup_EK_RA8P1/CameraTestProject/e2studio/.settings/.plugin/com.renesas.ai.translator/renesas_aicompiler_caller/cli.py comm get_model_info --framework tflite --input_model D:/Lab/Lab_MCU/Renesas_RA/RenesasCup_EK_RA8P1/CameraTestProject/e2studio/Renesas_YOLO_INT8_PhyD_0260716.tflite --output_shape_dict_jsonpath D:/Lab/Lab_MCU/Renesas_RA/RenesasCup_EK_RA8P1/CameraTestProject/e2studio/conversion_results/conversion_tool_settings/Renesas_YOLO_INT8_PhyD_0260716.tflite_input_shape.json --output_model_info_jsonpath D:/Lab/Lab_MCU/Renesas_RA/RenesasCup_EK_RA8P1/CameraTestProject/e2studio/conversion_results/conversion_tool_settings/Renesas_YOLO_INT8_PhyD_0260716.tflite_model_info.json --accelerator_type ethos-u55 ]
2026-07-16 19:08:38,603 [INFO] (environment_check.py #360, check_ruhmi_environment): Checking RUHMI environment ...
2026-07-16 19:08:39,026 [DEBUG] (__init__.py #342, wrapper): matplotlib data path: C:\Renesas\RA\RUHMI\.venv\lib\site-packages\matplotlib\mpl-data
2026-07-16 19:08:39,031 [DEBUG] (__init__.py #342, wrapper): CONFIGDIR=C:\Users\lingk\.matplotlib
2026-07-16 19:08:39,032 [DEBUG] (__init__.py #1560, <module>): interactive is False
2026-07-16 19:08:39,032 [DEBUG] (__init__.py #1561, <module>): platform is win32
2026-07-16 19:08:39,062 [DEBUG] (__init__.py #342, wrapper): CACHEDIR=C:\Users\lingk\.matplotlib
2026-07-16 19:08:39,064 [DEBUG] (font_manager.py #1635, _load_fontmanager): Using fontManager instance from C:\Users\lingk\.matplotlib\fontlist-v390.json
2026-07-16 19:08:39,871 [INFO] (environment_check.py #248, _check_python_deps_for_ruhmi): mera version 2.6.0+pkg.4815 released on 2026-03-05
2026-07-16 19:08:39,872 [INFO] (environment_check.py #234, _check_python_package_and_version): 'mera' version 2.6.0+pkg.4815 is installed.
2026-07-16 19:08:39,873 [INFO] (environment_check.py #234, _check_python_package_and_version): 'ethos-u-vela' version 4.2.0 is installed.
2026-07-16 19:08:39,874 [INFO] (environment_check.py #234, _check_python_package_and_version): 'tflite' version 2.18.0 is installed.
2026-07-16 19:08:39,874 [INFO] (environment_check.py #234, _check_python_package_and_version): 'onnx' version 1.17.0 is installed.
2026-07-16 19:08:39,875 [INFO] (environment_check.py #234, _check_python_package_and_version): 'typing_extensions' version 4.15.0 is installed.
2026-07-16 19:08:39,876 [INFO] (environment_check.py #234, _check_python_package_and_version): 'mera-visualizer' version 2.5.0+mcuv4 is installed.
2026-07-16 19:08:39,876 [INFO] (get_model_info.py #533, main): Environment check passed.
2026-07-16 19:08:39,877 [INFO] (get_model_info.py #538, main): [Parsing input model node start...]
2026-07-16 19:08:39,877 [INFO] (get_model_info.py #424, make_shape_dict_from_model): Make shape_dict from model.
2026-07-16 19:08:40,138 [INFO] (get_model_info.py #380, get_tflite_shape_dict): tflite_shape_dict: {'x': (1, 128, 128, 3)}
2026-07-16 19:08:40,138 [INFO] (get_model_info.py #386, get_tflite_shape_dict): shape_dict: {'x': [1, 128, 128, 3]}
2026-07-16 19:08:40.696933: I tensorflow/core/util/port.cc:153] oneDNN custom operations are on. You may see slightly different numerical results due to floating-point round-off errors from different computation orders. To turn them off, set the environment variable `TF_ENABLE_ONEDNN_OPTS=0`.
2026-07-16 19:08:42.436456: I tensorflow/core/util/port.cc:153] oneDNN custom operations are on. You may see slightly different numerical results due to floating-point round-off errors from different computation orders. To turn them off, set the environment variable `TF_ENABLE_ONEDNN_OPTS=0`.
2026-07-16 19:08:42,696 [DEBUG] (tpu_cluster_resolver.py #34, <module>): Falling back to TensorFlow client; we recommended you install the Cloud TPU client directly with pip install cloud-tpu-client.
2026-07-16 19:08:43,459 [DEBUG] (__init__.py #47, <module>): Creating converter from 7 to 5
2026-07-16 19:08:43,459 [DEBUG] (__init__.py #47, <module>): Creating converter from 5 to 7
2026-07-16 19:08:43,459 [DEBUG] (__init__.py #47, <module>): Creating converter from 7 to 5
2026-07-16 19:08:43,459 [DEBUG] (__init__.py #47, <module>): Creating converter from 5 to 7
INFO: Created TensorFlow Lite XNNPACK delegate for CPU.
2026-07-16 19:08:45,154 [INFO] (get_model_info.py #223, is_tflite_quantized): === Input Details ===
2026-07-16 19:08:45,154 [INFO] (get_model_info.py #225, is_tflite_quantized): Input tensor 0:
2026-07-16 19:08:45,154 [INFO] (get_model_info.py #226, is_tflite_quantized):   name: x
2026-07-16 19:08:45,154 [INFO] (get_model_info.py #227, is_tflite_quantized):   index: 0
2026-07-16 19:08:45,154 [INFO] (get_model_info.py #228, is_tflite_quantized):   shape: [  1 128 128   3]
2026-07-16 19:08:45,154 [INFO] (get_model_info.py #229, is_tflite_quantized):   dtype: <class 'numpy.int8'>
2026-07-16 19:08:45,154 [INFO] (get_model_info.py #231, is_tflite_quantized):   quantization (deprecated)_soon): (0.003921568859368563, -128)
2026-07-16 19:08:45,156 [INFO] (get_model_info.py #232, is_tflite_quantized):   quantization_parameters: {'scales': array([0.00392157], dtype=float32), 'zero_points': array([-128]), 'quantized_dimension': 0}
2026-07-16 19:08:45,156 [INFO] (get_model_info.py #233, is_tflite_quantized):   sparsity_parameters: {}
2026-07-16 19:08:45,156 [INFO] (get_model_info.py #235, is_tflite_quantized): === Output Details ===
2026-07-16 19:08:45,156 [INFO] (get_model_info.py #237, is_tflite_quantized): Output tensor 0:
2026-07-16 19:08:45,156 [INFO] (get_model_info.py #238, is_tflite_quantized):   name: Identity
2026-07-16 19:08:45,156 [INFO] (get_model_info.py #239, is_tflite_quantized):   index: 335
2026-07-16 19:08:45,156 [INFO] (get_model_info.py #240, is_tflite_quantized):   shape: [  1 336   5]
2026-07-16 19:08:45,156 [INFO] (get_model_info.py #241, is_tflite_quantized):   dtype: <class 'numpy.int8'>
2026-07-16 19:08:45,156 [INFO] (get_model_info.py #243, is_tflite_quantized):   quantization (deprecated_soon): (0.008431578986346722, -58)
2026-07-16 19:08:45,156 [INFO] (get_model_info.py #244, is_tflite_quantized):   quantization_parameters: {'scales': array([0.00843158], dtype=float32), 'zero_points': array([-58]), 'quantized_dimension': 0}
2026-07-16 19:08:45,156 [INFO] (get_model_info.py #245, is_tflite_quantized):   sparsity_parameters: {}
2026-07-16 19:08:45,160 [INFO] (get_model_info.py #506, write_dict2json): Write dictionary to json file.
2026-07-16 19:08:45,161 [INFO] (get_model_info.py #506, write_dict2json): Write dictionary to json file.
2026-07-16 19:08:45,161 [INFO] (get_model_info.py #552, main): [Parsing input model node finished]
Variable container does not have anything...
[INFO] Success to execute the command
CMD:[D:/Lab/Lab_MCU/Renesas_RA/.metadata/.plugins/com.renesas.ai.translator/py.bat D:/Lab/Lab_MCU/Renesas_RA/RenesasCup_EK_RA8P1/CameraTestProject/e2studio/.settings/.plugin/com.renesas.ai.translator/renesas_aicompiler_caller/cli.py ruhmi deploy --framework quantized --input_model D:/Lab/Lab_MCU/Renesas_RA/RenesasCup_EK_RA8P1/CameraTestProject/e2studio/Renesas_YOLO_INT8_PhyD_0260716.tflite --output_dir D:/Lab/Lab_MCU/Renesas_RA/RenesasCup_EK_RA8P1/CameraTestProject/e2studio/conversion_results/converted --optimization_mode 0 --memory_mode 0 --mera_options  --vela_options  --shape_dict_json D:/Lab/Lab_MCU/Renesas_RA/RenesasCup_EK_RA8P1/CameraTestProject/e2studio/conversion_results/conversion_tool_settings/Renesas_YOLO_INT8_PhyD_0260716.tflite_input_shape.json ]
2026-07-16 19:08:51,056 [DEBUG] (__init__.py #342, wrapper): matplotlib data path: C:\Renesas\RA\RUHMI\.venv\lib\site-packages\matplotlib\mpl-data
2026-07-16 19:08:51,060 [DEBUG] (__init__.py #342, wrapper): CONFIGDIR=C:\Users\lingk\.matplotlib
2026-07-16 19:08:51,061 [DEBUG] (__init__.py #1560, <module>): interactive is False
2026-07-16 19:08:51,061 [DEBUG] (__init__.py #1561, <module>): platform is win32
2026-07-16 19:08:51,081 [DEBUG] (__init__.py #342, wrapper): CACHEDIR=C:\Users\lingk\.matplotlib
2026-07-16 19:08:51,083 [DEBUG] (font_manager.py #1635, _load_fontmanager): Using fontManager instance from C:\Users\lingk\.matplotlib\fontlist-v390.json
2026-07-16 19:08:51,613 [INFO] (environment_check.py #360, check_ruhmi_environment): Checking RUHMI environment ...
2026-07-16 19:08:51,613 [INFO] (environment_check.py #248, _check_python_deps_for_ruhmi): mera version 2.6.0+pkg.4815 released on 2026-03-05
2026-07-16 19:08:51,615 [INFO] (environment_check.py #234, _check_python_package_and_version): 'mera' version 2.6.0+pkg.4815 is installed.
2026-07-16 19:08:51,615 [INFO] (environment_check.py #234, _check_python_package_and_version): 'ethos-u-vela' version 4.2.0 is installed.
2026-07-16 19:08:51,616 [INFO] (environment_check.py #234, _check_python_package_and_version): 'tflite' version 2.18.0 is installed.
2026-07-16 19:08:51,616 [INFO] (environment_check.py #234, _check_python_package_and_version): 'onnx' version 1.17.0 is installed.
2026-07-16 19:08:51,618 [INFO] (environment_check.py #234, _check_python_package_and_version): 'typing_extensions' version 4.15.0 is installed.
2026-07-16 19:08:51,618 [INFO] (environment_check.py #234, _check_python_package_and_version): 'mera-visualizer' version 2.5.0+mcuv4 is installed.
2026-07-16 19:08:51,619 [INFO] (deploy_model.py #337, main): Arguments: Namespace(framework='quantized', input_model='D:/Lab/Lab_MCU/Renesas_RA/RenesasCup_EK_RA8P1/CameraTestProject/e2studio/Renesas_YOLO_INT8_PhyD_0260716.tflite', output_dir='D:/Lab/Lab_MCU/Renesas_RA/RenesasCup_EK_RA8P1/CameraTestProject/e2studio/conversion_results/converted', shape_dict_json='D:/Lab/Lab_MCU/Renesas_RA/RenesasCup_EK_RA8P1/CameraTestProject/e2studio/conversion_results/conversion_tool_settings/Renesas_YOLO_INT8_PhyD_0260716.tflite_input_shape.json', optimization_mode=0, memory_mode=0, use_only_cpu=False, weight_loc=0, ethos_configuration_filepath=None, mera_options='', vela_options='')
2026-07-16 19:08:51,620 [INFO] (deploy_model.py #338, main): Mera options: Namespace(target='mcu', enable_ospi=False, enable_ref_data=True, suffix='', use_x86=False, args=[])
2026-07-16 19:08:51,620 [INFO] (deploy_model.py #339, main): Vela options: Namespace(sys_config='RA8P1', accel_config='ethos-u55-256', verbose_all=False, args=[])
Variable container does not have anything...
2026-07-16 19:08:51,629 [INFO] (deploy_model.py #363, main): Targeting MCU on ALT2 
2026-07-16 19:08:51,629 [INFO] (deploy_model.py #295, compile_mera): 
Deploying MERA model ...
2026-07-16 19:08:51,691 [DEBUG] (deploy_project.py #241, pushd): (pushd) Running in model
2026-07-16 19:08:51,693 [DEBUG] (utils.py #22, cmd): Running command 'C:\Renesas\RA\RUHMI\.venv\Lib\site-packages\mera\bin_utils\fe_tflite_cli --io_desc_input D:\Lab\Lab_MCU\Renesas_RA\RenesasCup_EK_RA8P1\CameraTestProject\e2studio\Renesas_YOLO_INT8_PhyD_0260716.tflite --io_desc_result C:\Users\lingk\AppData\Local\Temp\tmprjfc6rfn\tempfile'
2026-07-16 19:08:51,736 [DEBUG] (deploy_project.py #208, save_artifact): Saved json artifact 'input_desc.json' into D:\Lab\Lab_MCU\Renesas_RA\RenesasCup_EK_RA8P1\CameraTestProject\e2studio\conversion_results\converted\model
2026-07-16 19:08:51,736 [DEBUG] (deploy_project.py #248, popd): (popd) cwd is now D:\Lab\Lab_MCU\Renesas_RA\RenesasCup_EK_RA8P1\CameraTestProject\e2studio\conversion_results\converted
2026-07-16 19:08:51,736 [INFO] (deploy.py #309, deploy):  *** mera v2.6.0+pkg.4815 ***
2026-07-16 19:08:51,736 [INFO] (deploy.py #310, deploy): Starting deployment of model 'Renesas_YOLO_INT8_PhyD_0260716'...
2026-07-16 19:08:51,736 [DEBUG] (deploy_project.py #241, pushd): (pushd) Running in build
2026-07-16 19:08:51,736 [DEBUG] (deploy_project.py #241, pushd): (pushd) Running in MCU
2026-07-16 19:08:51,737 [DEBUG] (deploy_project.py #208, save_artifact): Saved json artifact 'deploy_cfg.json' into D:\Lab\Lab_MCU\Renesas_RA\RenesasCup_EK_RA8P1\CameraTestProject\e2studio\conversion_results\converted\build\MCU
2026-07-16 19:08:51,738 [DEBUG] (utils.py #22, cmd): Running command 'C:\Renesas\RA\RUHMI\.venv\Lib\site-packages\mera\bin_utils\fe_tflite_cli D:\Lab\Lab_MCU\Renesas_RA\RenesasCup_EK_RA8P1\CameraTestProject\e2studio\conversion_results\converted\build\MCU\deploy_cfg.json'
2026-07-16 19:08:53,036 [DEBUG] (deploy_project.py #241, pushd): (pushd) Running in model
2026-07-16 19:08:53,037 [DEBUG] (deploy_project.py #208, save_artifact): Saved json artifact 'input_desc.json' into D:\Lab\Lab_MCU\Renesas_RA\RenesasCup_EK_RA8P1\CameraTestProject\e2studio\conversion_results\converted\model
2026-07-16 19:08:53,037 [DEBUG] (deploy_project.py #248, popd): (popd) cwd is now D:\Lab\Lab_MCU\Renesas_RA\RenesasCup_EK_RA8P1\CameraTestProject\e2studio\conversion_results\converted\build\MCU
2026-07-16 19:08:53,043 [DEBUG] (utils.py #22, cmd): Running command 'C:\Renesas\RA\RUHMI\.venv\Lib\site-packages\mera\bin_utils\ccodegen\c_codegen D:\Lab\Lab_MCU\Renesas_RA\RenesasCup_EK_RA8P1\CameraTestProject\e2studio\conversion_results\converted\build\MCU\compilation D:\Lab\Lab_MCU\Renesas_RA\RenesasCup_EK_RA8P1\CameraTestProject\e2studio\conversion_results\converted\build\MCU\compilation\src  '
2026-07-16 19:08:53,086 [DEBUG] (utils.py #22, cmd): Running command 'C:\Renesas\RA\RUHMI\.venv\Lib\site-packages\mera\bin_utils\ccodegen\c_codegen D:\Lab\Lab_MCU\Renesas_RA\RenesasCup_EK_RA8P1\CameraTestProject\e2studio\conversion_results\converted\build\MCU\compilation\sub_0001__CPU_C_CODEGEN\model.merair C:\Renesas\RA\RUHMI\.venv\Lib\site-packages\mera\bin_utils\ccodegen\templates C:\Renesas\RA\RUHMI\.venv\Lib\site-packages\mera\bin_utils\ccodegen\kernel_library sub_0001 D:\Lab\Lab_MCU\Renesas_RA\RenesasCup_EK_RA8P1\CameraTestProject\e2studio\conversion_results\converted\build\MCU\compilation\src flash   '
2026-07-16 19:08:53,131 [DEBUG] (utils.py #22, cmd): Running command 'C:\Renesas\RA\RUHMI\.venv\Lib\site-packages\mera\bin_utils\ccodegen\c_codegen D:\Lab\Lab_MCU\Renesas_RA\RenesasCup_EK_RA8P1\CameraTestProject\e2studio\conversion_results\converted\build\MCU\compilation\sub_0003__CPU_C_CODEGEN\model.merair C:\Renesas\RA\RUHMI\.venv\Lib\site-packages\mera\bin_utils\ccodegen\templates C:\Renesas\RA\RUHMI\.venv\Lib\site-packages\mera\bin_utils\ccodegen\kernel_library sub_0003 D:\Lab\Lab_MCU\Renesas_RA\RenesasCup_EK_RA8P1\CameraTestProject\e2studio\conversion_results\converted\build\MCU\compilation\src flash   '
2026-07-16 19:08:53,171 [DEBUG] (utils.py #22, cmd): Running command 'C:\Renesas\RA\RUHMI\.venv\Lib\site-packages\mera\bin_utils\ccodegen\c_codegen D:\Lab\Lab_MCU\Renesas_RA\RenesasCup_EK_RA8P1\CameraTestProject\e2studio\conversion_results\converted\build\MCU\compilation\sub_0005__CPU_C_CODEGEN\model.merair C:\Renesas\RA\RUHMI\.venv\Lib\site-packages\mera\bin_utils\ccodegen\templates C:\Renesas\RA\RUHMI\.venv\Lib\site-packages\mera\bin_utils\ccodegen\kernel_library sub_0005 D:\Lab\Lab_MCU\Renesas_RA\RenesasCup_EK_RA8P1\CameraTestProject\e2studio\conversion_results\converted\build\MCU\compilation\src flash   '
2026-07-16 19:08:53,219 [DEBUG] (utils.py #22, cmd): Running command 'C:\Renesas\RA\RUHMI\.venv\Lib\site-packages\mera\bin_utils\ccodegen\c_codegen D:\Lab\Lab_MCU\Renesas_RA\RenesasCup_EK_RA8P1\CameraTestProject\e2studio\conversion_results\converted\build\MCU\compilation\sub_0007__CPU_C_CODEGEN\model.merair C:\Renesas\RA\RUHMI\.venv\Lib\site-packages\mera\bin_utils\ccodegen\templates C:\Renesas\RA\RUHMI\.venv\Lib\site-packages\mera\bin_utils\ccodegen\kernel_library sub_0007 D:\Lab\Lab_MCU\Renesas_RA\RenesasCup_EK_RA8P1\CameraTestProject\e2studio\conversion_results\converted\build\MCU\compilation\src flash   '
2026-07-16 19:08:53,259 [DEBUG] (utils.py #22, cmd): Running command 'C:\Renesas\RA\RUHMI\.venv\Lib\site-packages\mera\bin_utils\ccodegen\c_codegen D:\Lab\Lab_MCU\Renesas_RA\RenesasCup_EK_RA8P1\CameraTestProject\e2studio\conversion_results\converted\build\MCU\compilation\sub_0009__CPU_C_CODEGEN\model.merair C:\Renesas\RA\RUHMI\.venv\Lib\site-packages\mera\bin_utils\ccodegen\templates C:\Renesas\RA\RUHMI\.venv\Lib\site-packages\mera\bin_utils\ccodegen\kernel_library sub_0009 D:\Lab\Lab_MCU\Renesas_RA\RenesasCup_EK_RA8P1\CameraTestProject\e2studio\conversion_results\converted\build\MCU\compilation\src flash   '
2026-07-16 19:08:53,300 [DEBUG] (utils.py #22, cmd): Running command 'C:\Renesas\RA\RUHMI\.venv\Lib\site-packages\mera\bin_utils\ccodegen\c_codegen D:\Lab\Lab_MCU\Renesas_RA\RenesasCup_EK_RA8P1\CameraTestProject\e2studio\conversion_results\converted\build\MCU\compilation\sub_0011__CPU_C_CODEGEN\model.merair C:\Renesas\RA\RUHMI\.venv\Lib\site-packages\mera\bin_utils\ccodegen\templates C:\Renesas\RA\RUHMI\.venv\Lib\site-packages\mera\bin_utils\ccodegen\kernel_library sub_0011 D:\Lab\Lab_MCU\Renesas_RA\RenesasCup_EK_RA8P1\CameraTestProject\e2studio\conversion_results\converted\build\MCU\compilation\src flash   '
2026-07-16 19:08:53,343 [DEBUG] (utils.py #22, cmd): Running command 'C:\Renesas\RA\RUHMI\.venv\Lib\site-packages\mera\bin_utils\ccodegen\c_codegen D:\Lab\Lab_MCU\Renesas_RA\RenesasCup_EK_RA8P1\CameraTestProject\e2studio\conversion_results\converted\build\MCU\compilation\sub_0013__CPU_C_CODEGEN\model.merair C:\Renesas\RA\RUHMI\.venv\Lib\site-packages\mera\bin_utils\ccodegen\templates C:\Renesas\RA\RUHMI\.venv\Lib\site-packages\mera\bin_utils\ccodegen\kernel_library sub_0013 D:\Lab\Lab_MCU\Renesas_RA\RenesasCup_EK_RA8P1\CameraTestProject\e2studio\conversion_results\converted\build\MCU\compilation\src flash   '
2026-07-16 19:08:53,389 [DEBUG] (utils.py #22, cmd): Running command 'C:\Renesas\RA\RUHMI\.venv\Lib\site-packages\mera\bin_utils\ccodegen\c_codegen D:\Lab\Lab_MCU\Renesas_RA\RenesasCup_EK_RA8P1\CameraTestProject\e2studio\conversion_results\converted\build\MCU\compilation\sub_0015__CPU_C_CODEGEN\model.merair C:\Renesas\RA\RUHMI\.venv\Lib\site-packages\mera\bin_utils\ccodegen\templates C:\Renesas\RA\RUHMI\.venv\Lib\site-packages\mera\bin_utils\ccodegen\kernel_library sub_0015 D:\Lab\Lab_MCU\Renesas_RA\RenesasCup_EK_RA8P1\CameraTestProject\e2studio\conversion_results\converted\build\MCU\compilation\src flash   '
2026-07-16 19:08:53,433 [DEBUG] (utils.py #22, cmd): Running command 'C:\Renesas\RA\RUHMI\.venv\Lib\site-packages\mera\bin_utils\ccodegen\c_codegen D:\Lab\Lab_MCU\Renesas_RA\RenesasCup_EK_RA8P1\CameraTestProject\e2studio\conversion_results\converted\build\MCU\compilation\sub_0017__CPU_C_CODEGEN\model.merair C:\Renesas\RA\RUHMI\.venv\Lib\site-packages\mera\bin_utils\ccodegen\templates C:\Renesas\RA\RUHMI\.venv\Lib\site-packages\mera\bin_utils\ccodegen\kernel_library sub_0017 D:\Lab\Lab_MCU\Renesas_RA\RenesasCup_EK_RA8P1\CameraTestProject\e2studio\conversion_results\converted\build\MCU\compilation\src flash   '
2026-07-16 19:08:53,469 [DEBUG] (utils.py #22, cmd): Running command 'C:\Renesas\RA\RUHMI\.venv\Lib\site-packages\mera\bin_utils\ccodegen\c_codegen D:\Lab\Lab_MCU\Renesas_RA\RenesasCup_EK_RA8P1\CameraTestProject\e2studio\conversion_results\converted\build\MCU\compilation\sub_0019__CPU_C_CODEGEN\model.merair C:\Renesas\RA\RUHMI\.venv\Lib\site-packages\mera\bin_utils\ccodegen\templates C:\Renesas\RA\RUHMI\.venv\Lib\site-packages\mera\bin_utils\ccodegen\kernel_library sub_0019 D:\Lab\Lab_MCU\Renesas_RA\RenesasCup_EK_RA8P1\CameraTestProject\e2studio\conversion_results\converted\build\MCU\compilation\src flash   '
2026-07-16 19:08:53,518 [DEBUG] (utils.py #22, cmd): Running command 'C:\Renesas\RA\RUHMI\.venv\Lib\site-packages\mera\bin_utils\ccodegen\c_codegen D:\Lab\Lab_MCU\Renesas_RA\RenesasCup_EK_RA8P1\CameraTestProject\e2studio\conversion_results\converted\build\MCU\compilation\sub_0021__CPU_C_CODEGEN\model.merair C:\Renesas\RA\RUHMI\.venv\Lib\site-packages\mera\bin_utils\ccodegen\templates C:\Renesas\RA\RUHMI\.venv\Lib\site-packages\mera\bin_utils\ccodegen\kernel_library sub_0021 D:\Lab\Lab_MCU\Renesas_RA\RenesasCup_EK_RA8P1\CameraTestProject\e2studio\conversion_results\converted\build\MCU\compilation\src flash   '
2026-07-16 19:08:53,557 [DEBUG] (utils.py #22, cmd): Running command 'C:\Renesas\RA\RUHMI\.venv\Lib\site-packages\mera\bin_utils\ccodegen\c_codegen D:\Lab\Lab_MCU\Renesas_RA\RenesasCup_EK_RA8P1\CameraTestProject\e2studio\conversion_results\converted\build\MCU\compilation\sub_0023__CPU_C_CODEGEN\model.merair C:\Renesas\RA\RUHMI\.venv\Lib\site-packages\mera\bin_utils\ccodegen\templates C:\Renesas\RA\RUHMI\.venv\Lib\site-packages\mera\bin_utils\ccodegen\kernel_library sub_0023 D:\Lab\Lab_MCU\Renesas_RA\RenesasCup_EK_RA8P1\CameraTestProject\e2studio\conversion_results\converted\build\MCU\compilation\src flash   '
2026-07-16 19:08:53,600 [DEBUG] (utils.py #22, cmd): Running command 'C:\Renesas\RA\RUHMI\.venv\Lib\site-packages\mera\bin_utils\ccodegen\c_codegen D:\Lab\Lab_MCU\Renesas_RA\RenesasCup_EK_RA8P1\CameraTestProject\e2studio\conversion_results\converted\build\MCU\compilation\sub_0025__CPU_C_CODEGEN\model.merair C:\Renesas\RA\RUHMI\.venv\Lib\site-packages\mera\bin_utils\ccodegen\templates C:\Renesas\RA\RUHMI\.venv\Lib\site-packages\mera\bin_utils\ccodegen\kernel_library sub_0025 D:\Lab\Lab_MCU\Renesas_RA\RenesasCup_EK_RA8P1\CameraTestProject\e2studio\conversion_results\converted\build\MCU\compilation\src flash   '
2026-07-16 19:08:53,645 [DEBUG] (utils.py #22, cmd): Running command 'C:\Renesas\RA\RUHMI\.venv\Lib\site-packages\mera\bin_utils\ccodegen\c_codegen D:\Lab\Lab_MCU\Renesas_RA\RenesasCup_EK_RA8P1\CameraTestProject\e2studio\conversion_results\converted\build\MCU\compilation\sub_0027__CPU_C_CODEGEN\model.merair C:\Renesas\RA\RUHMI\.venv\Lib\site-packages\mera\bin_utils\ccodegen\templates C:\Renesas\RA\RUHMI\.venv\Lib\site-packages\mera\bin_utils\ccodegen\kernel_library sub_0027 D:\Lab\Lab_MCU\Renesas_RA\RenesasCup_EK_RA8P1\CameraTestProject\e2studio\conversion_results\converted\build\MCU\compilation\src flash   '
2026-07-16 19:08:53,708 [DEBUG] (utils.py #22, cmd): Running command 'C:\Renesas\RA\RUHMI\.venv\Lib\site-packages\mera\bin_utils\ccodegen\c_codegen D:\Lab\Lab_MCU\Renesas_RA\RenesasCup_EK_RA8P1\CameraTestProject\e2studio\conversion_results\converted\build\MCU\compilation\sub_0029__CPU_C_CODEGEN\model.merair C:\Renesas\RA\RUHMI\.venv\Lib\site-packages\mera\bin_utils\ccodegen\templates C:\Renesas\RA\RUHMI\.venv\Lib\site-packages\mera\bin_utils\ccodegen\kernel_library sub_0029 D:\Lab\Lab_MCU\Renesas_RA\RenesasCup_EK_RA8P1\CameraTestProject\e2studio\conversion_results\converted\build\MCU\compilation\src flash   '
2026-07-16 19:08:53,750 [DEBUG] (utils.py #22, cmd): Running command 'C:\Renesas\RA\RUHMI\.venv\Lib\site-packages\mera\bin_utils\ccodegen\c_codegen D:\Lab\Lab_MCU\Renesas_RA\RenesasCup_EK_RA8P1\CameraTestProject\e2studio\conversion_results\converted\build\MCU\compilation\sub_0031__CPU_C_CODEGEN\model.merair C:\Renesas\RA\RUHMI\.venv\Lib\site-packages\mera\bin_utils\ccodegen\templates C:\Renesas\RA\RUHMI\.venv\Lib\site-packages\mera\bin_utils\ccodegen\kernel_library sub_0031 D:\Lab\Lab_MCU\Renesas_RA\RenesasCup_EK_RA8P1\CameraTestProject\e2studio\conversion_results\converted\build\MCU\compilation\src flash   '
2026-07-16 19:08:53,809 [DEBUG] (utils.py #22, cmd): Running command 'C:\Renesas\RA\RUHMI\.venv\Lib\site-packages\mera\bin_utils\ccodegen\c_codegen D:\Lab\Lab_MCU\Renesas_RA\RenesasCup_EK_RA8P1\CameraTestProject\e2studio\conversion_results\converted\build\MCU\compilation\sub_0033__CPU_C_CODEGEN\model.merair C:\Renesas\RA\RUHMI\.venv\Lib\site-packages\mera\bin_utils\ccodegen\templates C:\Renesas\RA\RUHMI\.venv\Lib\site-packages\mera\bin_utils\ccodegen\kernel_library sub_0033 D:\Lab\Lab_MCU\Renesas_RA\RenesasCup_EK_RA8P1\CameraTestProject\e2studio\conversion_results\converted\build\MCU\compilation\src flash   '
2026-07-16 19:08:53,853 [DEBUG] (utils.py #22, cmd): Running command 'vela --config C:\Renesas\RA\RUHMI\.venv\Lib\site-packages\mera\bin_utils\ccodegen\system_config.ini --system-config RA8P1 --memory-mode Sram_Only --accelerator-config ethos-u55-256 --optimise Performance --output-dir D:\Lab\Lab_MCU\Renesas_RA\RenesasCup_EK_RA8P1\CameraTestProject\e2studio\conversion_results\converted\build\MCU\compilation\sub_0000__ARM_ETHOS_U55_C_CODEGEN  D:\Lab\Lab_MCU\Renesas_RA\RenesasCup_EK_RA8P1\CameraTestProject\e2studio\conversion_results\converted\build\MCU\compilation\sub_0000__ARM_ETHOS_U55_C_CODEGEN/model.tflite'
2026-07-16 19:08:54,549 [DEBUG] (utils.py #22, cmd): Running command 'vela --config C:\Renesas\RA\RUHMI\.venv\Lib\site-packages\mera\bin_utils\ccodegen\system_config.ini --system-config RA8P1 --memory-mode Sram_Only --accelerator-config ethos-u55-256 --optimise Performance --output-dir D:\Lab\Lab_MCU\Renesas_RA\RenesasCup_EK_RA8P1\CameraTestProject\e2studio\conversion_results\converted\build\MCU\compilation\sub_0002__ARM_ETHOS_U55_C_CODEGEN  D:\Lab\Lab_MCU\Renesas_RA\RenesasCup_EK_RA8P1\CameraTestProject\e2studio\conversion_results\converted\build\MCU\compilation\sub_0002__ARM_ETHOS_U55_C_CODEGEN/model.tflite'
2026-07-16 19:08:55,080 [DEBUG] (utils.py #22, cmd): Running command 'vela --config C:\Renesas\RA\RUHMI\.venv\Lib\site-packages\mera\bin_utils\ccodegen\system_config.ini --system-config RA8P1 --memory-mode Sram_Only --accelerator-config ethos-u55-256 --optimise Performance --output-dir D:\Lab\Lab_MCU\Renesas_RA\RenesasCup_EK_RA8P1\CameraTestProject\e2studio\conversion_results\converted\build\MCU\compilation\sub_0004__ARM_ETHOS_U55_C_CODEGEN  D:\Lab\Lab_MCU\Renesas_RA\RenesasCup_EK_RA8P1\CameraTestProject\e2studio\conversion_results\converted\build\MCU\compilation\sub_0004__ARM_ETHOS_U55_C_CODEGEN/model.tflite'
2026-07-16 19:08:55,606 [DEBUG] (utils.py #22, cmd): Running command 'vela --config C:\Renesas\RA\RUHMI\.venv\Lib\site-packages\mera\bin_utils\ccodegen\system_config.ini --system-config RA8P1 --memory-mode Sram_Only --accelerator-config ethos-u55-256 --optimise Performance --output-dir D:\Lab\Lab_MCU\Renesas_RA\RenesasCup_EK_RA8P1\CameraTestProject\e2studio\conversion_results\converted\build\MCU\compilation\sub_0006__ARM_ETHOS_U55_C_CODEGEN  D:\Lab\Lab_MCU\Renesas_RA\RenesasCup_EK_RA8P1\CameraTestProject\e2studio\conversion_results\converted\build\MCU\compilation\sub_0006__ARM_ETHOS_U55_C_CODEGEN/model.tflite'
2026-07-16 19:08:56,142 [DEBUG] (utils.py #22, cmd): Running command 'vela --config C:\Renesas\RA\RUHMI\.venv\Lib\site-packages\mera\bin_utils\ccodegen\system_config.ini --system-config RA8P1 --memory-mode Sram_Only --accelerator-config ethos-u55-256 --optimise Performance --output-dir D:\Lab\Lab_MCU\Renesas_RA\RenesasCup_EK_RA8P1\CameraTestProject\e2studio\conversion_results\converted\build\MCU\compilation\sub_0008__ARM_ETHOS_U55_C_CODEGEN  D:\Lab\Lab_MCU\Renesas_RA\RenesasCup_EK_RA8P1\CameraTestProject\e2studio\conversion_results\converted\build\MCU\compilation\sub_0008__ARM_ETHOS_U55_C_CODEGEN/model.tflite'
2026-07-16 19:08:56,662 [DEBUG] (utils.py #22, cmd): Running command 'vela --config C:\Renesas\RA\RUHMI\.venv\Lib\site-packages\mera\bin_utils\ccodegen\system_config.ini --system-config RA8P1 --memory-mode Sram_Only --accelerator-config ethos-u55-256 --optimise Performance --output-dir D:\Lab\Lab_MCU\Renesas_RA\RenesasCup_EK_RA8P1\CameraTestProject\e2studio\conversion_results\converted\build\MCU\compilation\sub_0010__ARM_ETHOS_U55_C_CODEGEN  D:\Lab\Lab_MCU\Renesas_RA\RenesasCup_EK_RA8P1\CameraTestProject\e2studio\conversion_results\converted\build\MCU\compilation\sub_0010__ARM_ETHOS_U55_C_CODEGEN/model.tflite'
2026-07-16 19:08:57,232 [DEBUG] (utils.py #22, cmd): Running command 'vela --config C:\Renesas\RA\RUHMI\.venv\Lib\site-packages\mera\bin_utils\ccodegen\system_config.ini --system-config RA8P1 --memory-mode Sram_Only --accelerator-config ethos-u55-256 --optimise Performance --output-dir D:\Lab\Lab_MCU\Renesas_RA\RenesasCup_EK_RA8P1\CameraTestProject\e2studio\conversion_results\converted\build\MCU\compilation\sub_0012__ARM_ETHOS_U55_C_CODEGEN  D:\Lab\Lab_MCU\Renesas_RA\RenesasCup_EK_RA8P1\CameraTestProject\e2studio\conversion_results\converted\build\MCU\compilation\sub_0012__ARM_ETHOS_U55_C_CODEGEN/model.tflite'
2026-07-16 19:08:57,787 [DEBUG] (utils.py #22, cmd): Running command 'vela --config C:\Renesas\RA\RUHMI\.venv\Lib\site-packages\mera\bin_utils\ccodegen\system_config.ini --system-config RA8P1 --memory-mode Sram_Only --accelerator-config ethos-u55-256 --optimise Performance --output-dir D:\Lab\Lab_MCU\Renesas_RA\RenesasCup_EK_RA8P1\CameraTestProject\e2studio\conversion_results\converted\build\MCU\compilation\sub_0014__ARM_ETHOS_U55_C_CODEGEN  D:\Lab\Lab_MCU\Renesas_RA\RenesasCup_EK_RA8P1\CameraTestProject\e2studio\conversion_results\converted\build\MCU\compilation\sub_0014__ARM_ETHOS_U55_C_CODEGEN/model.tflite'
[2026-07-16 19:08:51.794] [info] Loading and converting TFLite model ... 
[2026-07-16 19:08:51.794] [info] TFLite Model Version: 3
[2026-07-16 19:08:51.825] [info] Converting to canonical ...
[2026-07-16 19:08:51.855] [info] Converting to target IR ...
[2026-07-16 19:08:51.869] [info] Dividing and exporting regions ...
[2026-07-16 19:08:51.888] [info] Ethos-U support is enabled, matching patterns for target Ethos-U55
[2026-07-16 19:08:52.948] [info]   [DivideByTarget] Assembled 34 final regions:
[2026-07-16 19:08:52.948] [info]     + C_CODEGEN = 17 regions.
[2026-07-16 19:08:52.948] [info]     + ARM_ETHOS_U55 = 17 regions.
>> src_dir: 
"D:\\Lab\\Lab_MCU\\Renesas_RA\\RenesasCup_EK_RA8P1\\CameraTestProject\\e2studio\\conversion_results\\converted\\build\\MCU\\compilation\\src/"
Loaded MERA IR
>> src_dir: 
"D:\\Lab\\Lab_MCU\\Renesas_RA\\RenesasCup_EK_RA8P1\\CameraTestProject\\e2studio\\conversion_results\\converted\\build\\MCU\\compilation\\src/"
Success
Loaded MERA IR
>> src_dir: 
"D:\\Lab\\Lab_MCU\\Renesas_RA\\RenesasCup_EK_RA8P1\\CameraTestProject\\e2studio\\conversion_results\\converted\\build\\MCU\\compilation\\src/"
Success
Loaded MERA IR
>> src_dir: 
"D:\\Lab\\Lab_MCU\\Renesas_RA\\RenesasCup_EK_RA8P1\\CameraTestProject\\e2studio\\conversion_results\\converted\\build\\MCU\\compilation\\src/"
Success
Loaded MERA IR
>> src_dir: 
"D:\\Lab\\Lab_MCU\\Renesas_RA\\RenesasCup_EK_RA8P1\\CameraTestProject\\e2studio\\conversion_results\\converted\\build\\MCU\\compilation\\src/"
Success
Loaded MERA IR
>> src_dir: 
"D:\\Lab\\Lab_MCU\\Renesas_RA\\RenesasCup_EK_RA8P1\\CameraTestProject\\e2studio\\conversion_results\\converted\\build\\MCU\\compilation\\src/"
Success
Loaded MERA IR
>> src_dir: 
"D:\\Lab\\Lab_MCU\\Renesas_RA\\RenesasCup_EK_RA8P1\\CameraTestProject\\e2studio\\conversion_results\\converted\\build\\MCU\\compilation\\src/"
Success
Loaded MERA IR
>> src_dir: 
"D:\\Lab\\Lab_MCU\\Renesas_RA\\RenesasCup_EK_RA8P1\\CameraTestProject\\e2studio\\conversion_results\\converted\\build\\MCU\\compilation\\src/"
Success
Loaded MERA IR
>> src_dir: 
"D:\\Lab\\Lab_MCU\\Renesas_RA\\RenesasCup_EK_RA8P1\\CameraTestProject\\e2studio\\conversion_results\\converted\\build\\MCU\\compilation\\src/"
Success
Loaded MERA IR
>> src_dir: 
"D:\\Lab\\Lab_MCU\\Renesas_RA\\RenesasCup_EK_RA8P1\\CameraTestProject\\e2studio\\conversion_results\\converted\\build\\MCU\\compilation\\src/"
Success
Loaded MERA IR
>> src_dir: 
"D:\\Lab\\Lab_MCU\\Renesas_RA\\RenesasCup_EK_RA8P1\\CameraTestProject\\e2studio\\conversion_results\\converted\\build\\MCU\\compilation\\src/"
Success
Loaded MERA IR
>> src_dir: 
"D:\\Lab\\Lab_MCU\\Renesas_RA\\RenesasCup_EK_RA8P1\\CameraTestProject\\e2studio\\conversion_results\\converted\\build\\MCU\\compilation\\src/"
Success
Loaded MERA IR
>> src_dir: 
"D:\\Lab\\Lab_MCU\\Renesas_RA\\RenesasCup_EK_RA8P1\\CameraTestProject\\e2studio\\conversion_results\\converted\\build\\MCU\\compilation\\src/"
Success
Loaded MERA IR
>> src_dir: 
"D:\\Lab\\Lab_MCU\\Renesas_RA\\RenesasCup_EK_RA8P1\\CameraTestProject\\e2studio\\conversion_results\\converted\\build\\MCU\\compilation\\src/"
Success
Loaded MERA IR
>> src_dir: 
"D:\\Lab\\Lab_MCU\\Renesas_RA\\RenesasCup_EK_RA8P1\\CameraTestProject\\e2studio\\conversion_results\\converted\\build\\MCU\\compilation\\src/"
Success
Loaded MERA IR
>> src_dir: 
"D:\\Lab\\Lab_MCU\\Renesas_RA\\RenesasCup_EK_RA8P1\\CameraTestProject\\e2studio\\conversion_results\\converted\\build\\MCU\\compilation\\src/"
Success
Loaded MERA IR
>> src_dir: 
"D:\\Lab\\Lab_MCU\\Renesas_RA\\RenesasCup_EK_RA8P1\\CameraTestProject\\e2studio\\conversion_results\\converted\\build\\MCU\\compilation\\src/"
Success
Loaded MERA IR
>> src_dir: 
"D:\\Lab\\Lab_MCU\\Renesas_RA\\RenesasCup_EK_RA8P1\\CameraTestProject\\e2studio\\conversion_results\\converted\\build\\MCU\\compilation\\src/"
Success
Info: Changing const_mem_area from Sram to OnChipFlash. This will use the same characteristics as Sram.
Warning: Input TensorFlow Lite network contains a zero length buffer (index = 0) which is semantically not empty. However, it will be treated as an empty buffer.

Network summary for model
Accelerator configuration               Ethos_U55_256
System configuration                            RA8P1
Memory mode                                 Sram_Only
Accelerator clock                                 500 MHz
Design peak SRAM bandwidth                       1.86 GB/s
Design peak On-chip Flash bandwidth              1.86 GB/s

Total SRAM used                                112.00 KiB
Total On-chip Flash used                         5.28 KiB

CPU operators = 0 (0.0%)
NPU operators = 8 (100.0%)

Average SRAM bandwidth                           0.29 GB/s
Input   SRAM bandwidth                           0.23 MB/batch
Weight  SRAM bandwidth                           0.00 MB/batch
Output  SRAM bandwidth                           0.15 MB/batch
Total   SRAM bandwidth                           0.37 MB/batch
Total   SRAM bandwidth            per input      0.37 MB/inference (batch size 1)

Average On-chip Flash bandwidth                  0.02 GB/s
Input   On-chip Flash bandwidth                  0.00 MB/batch
Weight  On-chip Flash bandwidth                  0.02 MB/batch
Output  On-chip Flash bandwidth                  0.00 MB/batch
Total   On-chip Flash bandwidth                  0.02 MB/batch
Total   On-chip Flash bandwidth   per input      0.02 MB/inference (batch size 1)

Neural network macs                           3817472 MACs/batch

Info: Changing const_mem_area from Sram to OnChipFlash. This will use the same characteristics as Sram.
Warning: Input TensorFlow Lite network contains a zero length buffer (index = 0) which is semantically not empty. However, it will be treated as an empty buffer.

Network summary for model
Accelerator configuration               Ethos_U55_256
System configuration                            RA8P1
Memory mode                                 Sram_Only
Accelerator clock                                 500 MHz
Design peak SRAM bandwidth                       1.86 GB/s
Design peak On-chip Flash bandwidth              1.86 GB/s

Total SRAM used                                 40.00 KiB
Total On-chip Flash used                        20.06 KiB

CPU operators = 0 (0.0%)
NPU operators = 11 (100.0%)

Average SRAM bandwidth                           0.64 GB/s
Input   SRAM bandwidth                           0.13 MB/batch
Weight  SRAM bandwidth                           0.00 MB/batch
Output  SRAM bandwidth                           0.06 MB/batch
Total   SRAM bandwidth                           0.20 MB/batch
Total   SRAM bandwidth            per input      0.20 MB/inference (batch size 1)

Average On-chip Flash bandwidth                  0.12 GB/s
Input   On-chip Flash bandwidth                  0.00 MB/batch
Weight  On-chip Flash bandwidth                  0.03 MB/batch
Output  On-chip Flash bandwidth                  0.00 MB/batch
Total   On-chip Flash bandwidth                  0.04 MB/batch
Total   On-chip Flash bandwidth   per input      0.04 MB/inference (batch size 1)

Neural network macs                           4202496 MACs/batch

Info: Changing const_mem_area from Sram to OnChipFlash. This will use the same characteristics as Sram.
Warning: Input TensorFlow Lite network contains a zero length buffer (index = 0) which is semantically not empty. However, it will be treated as an empty buffer.

Network summary for model
Accelerator configuration               Ethos_U55_256
System configuration                            RA8P1
Memory mode                                 Sram_Only
Accelerator clock                                 500 MHz
Design peak SRAM bandwidth                       1.86 GB/s
Design peak On-chip Flash bandwidth              1.86 GB/s

Total SRAM used                                 28.00 KiB
Total On-chip Flash used                        48.73 KiB

CPU operators = 0 (0.0%)
NPU operators = 12 (100.0%)

Average SRAM bandwidth                           0.61 GB/s
2026-07-16 19:08:58,309 [DEBUG] (utils.py #22, cmd): Running command 'vela --config C:\Renesas\RA\RUHMI\.venv\Lib\site-packages\mera\bin_utils\ccodegen\system_config.ini --system-config RA8P1 --memory-mode Sram_Only --accelerator-config ethos-u55-256 --optimise Performance --output-dir D:\Lab\Lab_MCU\Renesas_RA\RenesasCup_EK_RA8P1\CameraTestProject\e2studio\conversion_results\converted\build\MCU\compilation\sub_0016__ARM_ETHOS_U55_C_CODEGEN  D:\Lab\Lab_MCU\Renesas_RA\RenesasCup_EK_RA8P1\CameraTestProject\e2studio\conversion_results\converted\build\MCU\compilation\sub_0016__ARM_ETHOS_U55_C_CODEGEN/model.tflite'
2026-07-16 19:08:58,845 [DEBUG] (utils.py #22, cmd): Running command 'vela --config C:\Renesas\RA\RUHMI\.venv\Lib\site-packages\mera\bin_utils\ccodegen\system_config.ini --system-config RA8P1 --memory-mode Sram_Only --accelerator-config ethos-u55-256 --optimise Performance --output-dir D:\Lab\Lab_MCU\Renesas_RA\RenesasCup_EK_RA8P1\CameraTestProject\e2studio\conversion_results\converted\build\MCU\compilation\sub_0018__ARM_ETHOS_U55_C_CODEGEN  D:\Lab\Lab_MCU\Renesas_RA\RenesasCup_EK_RA8P1\CameraTestProject\e2studio\conversion_results\converted\build\MCU\compilation\sub_0018__ARM_ETHOS_U55_C_CODEGEN/model.tflite'
2026-07-16 19:08:59,361 [DEBUG] (utils.py #22, cmd): Running command 'vela --config C:\Renesas\RA\RUHMI\.venv\Lib\site-packages\mera\bin_utils\ccodegen\system_config.ini --system-config RA8P1 --memory-mode Sram_Only --accelerator-config ethos-u55-256 --optimise Performance --output-dir D:\Lab\Lab_MCU\Renesas_RA\RenesasCup_EK_RA8P1\CameraTestProject\e2studio\conversion_results\converted\build\MCU\compilation\sub_0020__ARM_ETHOS_U55_C_CODEGEN  D:\Lab\Lab_MCU\Renesas_RA\RenesasCup_EK_RA8P1\CameraTestProject\e2studio\conversion_results\converted\build\MCU\compilation\sub_0020__ARM_ETHOS_U55_C_CODEGEN/model.tflite'
2026-07-16 19:08:59,861 [DEBUG] (utils.py #22, cmd): Running command 'vela --config C:\Renesas\RA\RUHMI\.venv\Lib\site-packages\mera\bin_utils\ccodegen\system_config.ini --system-config RA8P1 --memory-mode Sram_Only --accelerator-config ethos-u55-256 --optimise Performance --output-dir D:\Lab\Lab_MCU\Renesas_RA\RenesasCup_EK_RA8P1\CameraTestProject\e2studio\conversion_results\converted\build\MCU\compilation\sub_0022__ARM_ETHOS_U55_C_CODEGEN  D:\Lab\Lab_MCU\Renesas_RA\RenesasCup_EK_RA8P1\CameraTestProject\e2studio\conversion_results\converted\build\MCU\compilation\sub_0022__ARM_ETHOS_U55_C_CODEGEN/model.tflite'
2026-07-16 19:09:00,384 [DEBUG] (utils.py #22, cmd): Running command 'vela --config C:\Renesas\RA\RUHMI\.venv\Lib\site-packages\mera\bin_utils\ccodegen\system_config.ini --system-config RA8P1 --memory-mode Sram_Only --accelerator-config ethos-u55-256 --optimise Performance --output-dir D:\Lab\Lab_MCU\Renesas_RA\RenesasCup_EK_RA8P1\CameraTestProject\e2studio\conversion_results\converted\build\MCU\compilation\sub_0024__ARM_ETHOS_U55_C_CODEGEN  D:\Lab\Lab_MCU\Renesas_RA\RenesasCup_EK_RA8P1\CameraTestProject\e2studio\conversion_results\converted\build\MCU\compilation\sub_0024__ARM_ETHOS_U55_C_CODEGEN/model.tflite'
Input   SRAM bandwidth                           0.06 MB/batch
Weight  SRAM bandwidth                           0.00 MB/batch
Output  SRAM bandwidth                           0.05 MB/batch
Total   SRAM bandwidth                           0.11 MB/batch
Total   SRAM bandwidth            per input      0.11 MB/inference (batch size 1)

Average On-chip Flash bandwidth                  0.28 GB/s
Input   On-chip Flash bandwidth                  0.00 MB/batch
Weight  On-chip Flash bandwidth                  0.05 MB/batch
Output  On-chip Flash bandwidth                  0.00 MB/batch
Total   On-chip Flash bandwidth                  0.05 MB/batch
Total   On-chip Flash bandwidth   per input      0.05 MB/inference (batch size 1)

Neural network macs                           3710976 MACs/batch

Info: Changing const_mem_area from Sram to OnChipFlash. This will use the same characteristics as Sram.
Warning: Input TensorFlow Lite network contains a zero length buffer (index = 0) which is semantically not empty. However, it will be treated as an empty buffer.

Network summary for model
Accelerator configuration               Ethos_U55_256
System configuration                            RA8P1
Memory mode                                 Sram_Only
Accelerator clock                                 500 MHz
Design peak SRAM bandwidth                       1.86 GB/s
Design peak On-chip Flash bandwidth              1.86 GB/s

Total SRAM used                                 14.00 KiB
Total On-chip Flash used                       109.66 KiB

CPU operators = 0 (0.0%)
NPU operators = 9 (100.0%)

Average SRAM bandwidth                           0.44 GB/s
Input   SRAM bandwidth                           0.03 MB/batch
Weight  SRAM bandwidth                           0.00 MB/batch
Output  SRAM bandwidth                           0.02 MB/batch
Total   SRAM bandwidth                           0.05 MB/batch
Total   SRAM bandwidth            per input      0.05 MB/inference (batch size 1)

Average On-chip Flash bandwidth                  0.85 GB/s
Input   On-chip Flash bandwidth                  0.00 MB/batch
Weight  On-chip Flash bandwidth                  0.09 MB/batch
Output  On-chip Flash bandwidth                  0.00 MB/batch
Total   On-chip Flash bandwidth                  0.10 MB/batch
Total   On-chip Flash bandwidth   per input      0.10 MB/inference (batch size 1)

Neural network macs                           2510848 MACs/batch

Info: Changing const_mem_area from Sram to OnChipFlash. This will use the same characteristics as Sram.
Warning: Input TensorFlow Lite network contains a zero length buffer (index = 0) which is semantically not empty. However, it will be treated as an empty buffer.

Network summary for model
Accelerator configuration               Ethos_U55_256
System configuration                            RA8P1
Memory mode                                 Sram_Only
Accelerator clock                                 500 MHz
Design peak SRAM bandwidth                       1.86 GB/s
Design peak On-chip Flash bandwidth              1.86 GB/s

Total SRAM used                                  5.00 KiB
Total On-chip Flash used                        34.47 KiB

CPU operators = 0 (0.0%)
NPU operators = 5 (100.0%)

Average SRAM bandwidth                           0.41 GB/s
Input   SRAM bandwidth                           0.01 MB/batch
Weight  SRAM bandwidth                           0.00 MB/batch
Output  SRAM bandwidth                           0.01 MB/batch
Total   SRAM bandwidth                           0.01 MB/batch
Total   SRAM bandwidth            per input      0.01 MB/inference (batch size 1)

Average On-chip Flash bandwidth                  0.93 GB/s
Input   On-chip Flash bandwidth                  0.00 MB/batch
Weight  On-chip Flash bandwidth                  0.03 MB/batch
Output  On-chip Flash bandwidth                  0.00 MB/batch
Total   On-chip Flash bandwidth                  0.03 MB/batch
Total   On-chip Flash bandwidth   per input      0.03 MB/inference (batch size 1)

Neural network macs                            601088 MACs/batch

Info: Changing const_mem_area from Sram to OnChipFlash. This will use the same characteristics as Sram.
Warning: Input TensorFlow Lite network contains a zero length buffer (index = 0) which is semantically not empty. However, it will be treated as an empty buffer.

Network summary for model
Accelerator configuration               Ethos_U55_256
System configuration                            RA8P1
Memory mode                                 Sram_Only
Accelerator clock                                 500 MHz
Design peak SRAM bandwidth                       1.86 GB/s
Design peak On-chip Flash bandwidth              1.86 GB/s

Total SRAM used                                  6.00 KiB
Total On-chip Flash used                        81.94 KiB

CPU operators = 0 (0.0%)
NPU operators = 10 (100.0%)

Average SRAM bandwidth                           0.38 GB/s
Input   SRAM bandwidth                           0.02 MB/batch
Weight  SRAM bandwidth                           0.00 MB/batch
Output  SRAM bandwidth                           0.01 MB/batch
Total   SRAM bandwidth                           0.03 MB/batch
Total   SRAM bandwidth            per input      0.03 MB/inference (batch size 1)

Average On-chip Flash bandwidth                  0.91 GB/s
Input   On-chip Flash bandwidth                  0.00 MB/batch
Weight  On-chip Flash bandwidth                  0.07 MB/batch
Output  On-chip Flash bandwidth                  0.00 MB/batch
Total   On-chip Flash bandwidth                  0.07 MB/batch
Total   On-chip Flash bandwidth   per input      0.07 MB/inference (batch size 1)

Neural network macs                           1169408 MACs/batch

Info: Changing const_mem_area from Sram to OnChipFlash. This will use the same characteristics as Sram.
Warning: Input TensorFlow Lite network contains a zero length buffer (index = 0) which is semantically not empty. However, it will be treated as an empty buffer.

Network summary for model
Accelerator configuration               Ethos_U55_256
System configuration                            RA8P1
Memory mode                                 Sram_Only
Accelerator clock                                 500 MHz
Design peak SRAM bandwidth                       1.86 GB/s
Design peak On-chip Flash bandwidth              1.86 GB/s

Total SRAM used                                 12.00 KiB
Total On-chip Flash used                        35.72 KiB

CPU operators = 0 (0.0%)
NPU operators = 7 (100.0%)

Average SRAM bandwidth                           0.49 GB/s
Input   SRAM bandwidth                           0.01 MB/batch
Weight  SRAM bandwidth                           0.00 MB/batch
Output  SRAM bandwidth                           0.01 MB/batch
Total   SRAM bandwidth                           0.03 MB/batch
Total   SRAM bandwidth            per input      0.03 MB/inference (batch size 1)

Average On-chip Flash bandwidth                  0.48 GB/s
Input   On-chip Flash bandwidth                  0.00 MB/batch
Weight  On-chip Flash bandwidth                  0.02 MB/batch
Output  On-chip Flash bandwidth                  0.00 MB/batch
Total   On-chip Flash bandwidth                  0.03 MB/batch
Total   On-chip Flash bandwidth   per input      0.03 MB/inference (batch size 1)

Neural network macs                            430080 MACs/batch

Info: Changing const_mem_area from Sram to OnChipFlash. This will use the same characteristics as Sram.
Warning: Input TensorFlow Lite network contains a zero length buffer (index = 0) which is semantically not empty. However, it will be treated as an empty buffer.

Network summary for model
Accelerator configuration               Ethos_U55_256
System configuration                            RA8P1
Memory mode                                 Sram_Only
Accelerator clock                                 500 MHz
Design peak SRAM bandwidth                       1.86 GB/s
2026-07-16 19:09:00,895 [DEBUG] (utils.py #22, cmd): Running command 'vela --config C:\Renesas\RA\RUHMI\.venv\Lib\site-packages\mera\bin_utils\ccodegen\system_config.ini --system-config RA8P1 --memory-mode Sram_Only --accelerator-config ethos-u55-256 --optimise Performance --output-dir D:\Lab\Lab_MCU\Renesas_RA\RenesasCup_EK_RA8P1\CameraTestProject\e2studio\conversion_results\converted\build\MCU\compilation\sub_0026__ARM_ETHOS_U55_C_CODEGEN  D:\Lab\Lab_MCU\Renesas_RA\RenesasCup_EK_RA8P1\CameraTestProject\e2studio\conversion_results\converted\build\MCU\compilation\sub_0026__ARM_ETHOS_U55_C_CODEGEN/model.tflite'
2026-07-16 19:09:01,440 [DEBUG] (utils.py #22, cmd): Running command 'vela --config C:\Renesas\RA\RUHMI\.venv\Lib\site-packages\mera\bin_utils\ccodegen\system_config.ini --system-config RA8P1 --memory-mode Sram_Only --accelerator-config ethos-u55-256 --optimise Performance --output-dir D:\Lab\Lab_MCU\Renesas_RA\RenesasCup_EK_RA8P1\CameraTestProject\e2studio\conversion_results\converted\build\MCU\compilation\sub_0028__ARM_ETHOS_U55_C_CODEGEN  D:\Lab\Lab_MCU\Renesas_RA\RenesasCup_EK_RA8P1\CameraTestProject\e2studio\conversion_results\converted\build\MCU\compilation\sub_0028__ARM_ETHOS_U55_C_CODEGEN/model.tflite'
2026-07-16 19:09:02,109 [DEBUG] (utils.py #22, cmd): Running command 'vela --config C:\Renesas\RA\RUHMI\.venv\Lib\site-packages\mera\bin_utils\ccodegen\system_config.ini --system-config RA8P1 --memory-mode Sram_Only --accelerator-config ethos-u55-256 --optimise Performance --output-dir D:\Lab\Lab_MCU\Renesas_RA\RenesasCup_EK_RA8P1\CameraTestProject\e2studio\conversion_results\converted\build\MCU\compilation\sub_0030__ARM_ETHOS_U55_C_CODEGEN  D:\Lab\Lab_MCU\Renesas_RA\RenesasCup_EK_RA8P1\CameraTestProject\e2studio\conversion_results\converted\build\MCU\compilation\sub_0030__ARM_ETHOS_U55_C_CODEGEN/model.tflite'
2026-07-16 19:09:02,600 [DEBUG] (utils.py #22, cmd): Running command 'vela --config C:\Renesas\RA\RUHMI\.venv\Lib\site-packages\mera\bin_utils\ccodegen\system_config.ini --system-config RA8P1 --memory-mode Sram_Only --accelerator-config ethos-u55-256 --optimise Performance --output-dir D:\Lab\Lab_MCU\Renesas_RA\RenesasCup_EK_RA8P1\CameraTestProject\e2studio\conversion_results\converted\build\MCU\compilation\sub_0032__ARM_ETHOS_U55_C_CODEGEN  D:\Lab\Lab_MCU\Renesas_RA\RenesasCup_EK_RA8P1\CameraTestProject\e2studio\conversion_results\converted\build\MCU\compilation\sub_0032__ARM_ETHOS_U55_C_CODEGEN/model.tflite'
2026-07-16 19:09:03,111 [DEBUG] (utils.py #22, cmd): Running command 'C:\Renesas\RA\RUHMI\.venv\Lib\site-packages\mera\bin_utils\ccodegen\vela_optimized_to_source D:\Lab\Lab_MCU\Renesas_RA\RenesasCup_EK_RA8P1\CameraTestProject\e2studio\conversion_results\converted\build\MCU  '
2026-07-16 19:09:03,484 [DEBUG] (utils.py #22, cmd): Running command 'C:\Renesas\RA\RUHMI\.venv\Lib\site-packages\mera\bin_utils\ccodegen\tflite_io_data D:\Lab\Lab_MCU\Renesas_RA\RenesasCup_EK_RA8P1\CameraTestProject\e2studio\conversion_results\converted\build\MCU\deploy_cfg.json'
2026-07-16 19:09:03,687 [INFO] (deploy_model.py #380, main): SUCCESS, saved at D:/Lab/Lab_MCU/Renesas_RA/RenesasCup_EK_RA8P1/CameraTestProject/e2studio/conversion_results/converted
Design peak On-chip Flash bandwidth              1.86 GB/s

Total SRAM used                                 16.00 KiB
Total On-chip Flash used                        30.25 KiB

CPU operators = 0 (0.0%)
NPU operators = 6 (100.0%)

Average SRAM bandwidth                           0.50 GB/s
Input   SRAM bandwidth                           0.02 MB/batch
Weight  SRAM bandwidth                           0.00 MB/batch
Output  SRAM bandwidth                           0.01 MB/batch
Total   SRAM bandwidth                           0.04 MB/batch
Total   SRAM bandwidth            per input      0.04 MB/inference (batch size 1)

Average On-chip Flash bandwidth                  0.37 GB/s
Input   On-chip Flash bandwidth                  0.00 MB/batch
Weight  On-chip Flash bandwidth                  0.03 MB/batch
Output  On-chip Flash bandwidth                  0.00 MB/batch
Total   On-chip Flash bandwidth                  0.03 MB/batch
Total   On-chip Flash bandwidth   per input      0.03 MB/inference (batch size 1)

Neural network macs                           1970176 MACs/batch

Info: Changing const_mem_area from Sram to OnChipFlash. This will use the same characteristics as Sram.
Warning: Input TensorFlow Lite network contains a zero length buffer (index = 0) which is semantically not empty. However, it will be treated as an empty buffer.

Network summary for model
Accelerator configuration               Ethos_U55_256
System configuration                            RA8P1
Memory mode                                 Sram_Only
Accelerator clock                                 500 MHz
Design peak SRAM bandwidth                       1.86 GB/s
Design peak On-chip Flash bandwidth              1.86 GB/s

Total SRAM used                                 24.00 KiB
Total On-chip Flash used                        12.84 KiB

CPU operators = 0 (0.0%)
NPU operators = 6 (100.0%)

Average SRAM bandwidth                           0.45 GB/s
Input   SRAM bandwidth                           0.03 MB/batch
Weight  SRAM bandwidth                           0.00 MB/batch
Output  SRAM bandwidth                           0.02 MB/batch
Total   SRAM bandwidth                           0.05 MB/batch
Total   SRAM bandwidth            per input      0.05 MB/inference (batch size 1)

Average On-chip Flash bandwidth                  0.08 GB/s
Input   On-chip Flash bandwidth                  0.00 MB/batch
Weight  On-chip Flash bandwidth                  0.01 MB/batch
Output  On-chip Flash bandwidth                  0.00 MB/batch
Total   On-chip Flash bandwidth                  0.01 MB/batch
Total   On-chip Flash bandwidth   per input      0.01 MB/inference (batch size 1)

Neural network macs                            462848 MACs/batch

Info: Changing const_mem_area from Sram to OnChipFlash. This will use the same characteristics as Sram.
Warning: Input TensorFlow Lite network contains a zero length buffer (index = 0) which is semantically not empty. However, it will be treated as an empty buffer.

Network summary for model
Accelerator configuration               Ethos_U55_256
System configuration                            RA8P1
Memory mode                                 Sram_Only
Accelerator clock                                 500 MHz
Design peak SRAM bandwidth                       1.86 GB/s
Design peak On-chip Flash bandwidth              1.86 GB/s

Total SRAM used                                 32.00 KiB
Total On-chip Flash used                         9.67 KiB

CPU operators = 0 (0.0%)
NPU operators = 6 (100.0%)

Average SRAM bandwidth                           0.55 GB/s
Input   SRAM bandwidth                           0.07 MB/batch
Weight  SRAM bandwidth                           0.00 MB/batch
Output  SRAM bandwidth                           0.03 MB/batch
Total   SRAM bandwidth                           0.10 MB/batch
Total   SRAM bandwidth            per input      0.10 MB/inference (batch size 1)

Average On-chip Flash bandwidth                  0.09 GB/s
Input   On-chip Flash bandwidth                  0.00 MB/batch
Weight  On-chip Flash bandwidth                  0.01 MB/batch
Output  On-chip Flash bandwidth                  0.00 MB/batch
Total   On-chip Flash bandwidth                  0.02 MB/batch
Total   On-chip Flash bandwidth   per input      0.02 MB/inference (batch size 1)

Neural network macs                           1974272 MACs/batch

Info: Changing const_mem_area from Sram to OnChipFlash. This will use the same characteristics as Sram.
Warning: Input TensorFlow Lite network contains a zero length buffer (index = 0) which is semantically not empty. However, it will be treated as an empty buffer.

Network summary for model
Accelerator configuration               Ethos_U55_256
System configuration                            RA8P1
Memory mode                                 Sram_Only
Accelerator clock                                 500 MHz
Design peak SRAM bandwidth                       1.86 GB/s
Design peak On-chip Flash bandwidth              1.86 GB/s

Total SRAM used                                 20.00 KiB
Total On-chip Flash used                        11.81 KiB

CPU operators = 0 (0.0%)
NPU operators = 2 (100.0%)

Average SRAM bandwidth                           0.36 GB/s
Input   SRAM bandwidth                           0.02 MB/batch
Weight  SRAM bandwidth                           0.00 MB/batch
Output  SRAM bandwidth                           0.01 MB/batch
Total   SRAM bandwidth                           0.03 MB/batch
Total   SRAM bandwidth            per input      0.03 MB/inference (batch size 1)

Average On-chip Flash bandwidth                  0.15 GB/s
Input   On-chip Flash bandwidth                  0.00 MB/batch
Weight  On-chip Flash bandwidth                  0.01 MB/batch
Output  On-chip Flash bandwidth                  0.00 MB/batch
Total   On-chip Flash bandwidth                  0.01 MB/batch
Total   On-chip Flash bandwidth   per input      0.01 MB/inference (batch size 1)

Neural network macs                            983040 MACs/batch

Info: Changing const_mem_area from Sram to OnChipFlash. This will use the same characteristics as Sram.
Warning: Input TensorFlow Lite network contains a zero length buffer (index = 0) which is semantically not empty. However, it will be treated as an empty buffer.

Network summary for model
Accelerator configuration               Ethos_U55_256
System configuration                            RA8P1
Memory mode                                 Sram_Only
Accelerator clock                                 500 MHz
Design peak SRAM bandwidth                       1.86 GB/s
Design peak On-chip Flash bandwidth              1.86 GB/s

Total SRAM used                                 10.00 KiB
Total On-chip Flash used                        25.14 KiB

CPU operators = 0 (0.0%)
NPU operators = 6 (100.0%)

Average SRAM bandwidth                           0.50 GB/s
Input   SRAM bandwidth                           0.02 MB/batch
Weight  SRAM bandwidth                           0.00 MB/batch
Output  SRAM bandwidth                           0.01 MB/batch
Total   SRAM bandwidth                           0.03 MB/batch
Total   SRAM bandwidth            per input      0.03 MB/inference (batch size 1)

Average On-chip Flash bandwidth                  0.36 GB/s
Input   On-chip Flash bandwidth                  0.00 MB/batch
Weight  On-chip Flash bandwidth                  0.02 MB/batch
Output  On-chip Flash bandwidth                  0.00 MB/batch
Total   On-chip Flash bandwidth                  0.02 MB/batch
Total   On-chip Flash bandwidth   per input      0.02 MB/inference (batch size 1)

Neural network macs                           1576960 MACs/batch

Info: Changing const_mem_area from Sram to OnChipFlash. This will use the same characteristics as Sram.
Warning: Input TensorFlow Lite network contains a zero length buffer (index = 0) which is semantically not empty. However, it will be treated as an empty buffer.

Network summary for model
Accelerator configuration               Ethos_U55_256
System configuration                            RA8P1
Memory mode                                 Sram_Only
Accelerator clock                                 500 MHz
Design peak SRAM bandwidth                       1.86 GB/s
Design peak On-chip Flash bandwidth              1.86 GB/s

Total SRAM used                                 10.00 KiB
Total On-chip Flash used                        14.44 KiB

CPU operators = 0 (0.0%)
NPU operators = 3 (100.0%)

Average SRAM bandwidth                           0.50 GB/s
Input   SRAM bandwidth                           0.01 MB/batch
Weight  SRAM bandwidth                           0.00 MB/batch
Output  SRAM bandwidth                           0.01 MB/batch
Total   SRAM bandwidth                           0.02 MB/batch
Total   SRAM bandwidth            per input      0.02 MB/inference (batch size 1)

Average On-chip Flash bandwidth                  0.26 GB/s
Input   On-chip Flash bandwidth                  0.00 MB/batch
Weight  On-chip Flash bandwidth                  0.01 MB/batch
Output  On-chip Flash bandwidth                  0.00 MB/batch
Total   On-chip Flash bandwidth                  0.01 MB/batch
Total   On-chip Flash bandwidth   per input      0.01 MB/inference (batch size 1)

Neural network macs                            664576 MACs/batch

Info: Changing const_mem_area from Sram to OnChipFlash. This will use the same characteristics as Sram.
Warning: Input TensorFlow Lite network contains a zero length buffer (index = 0) which is semantically not empty. However, it will be treated as an empty buffer.

Network summary for model
Accelerator configuration               Ethos_U55_256
System configuration                            RA8P1
Memory mode                                 Sram_Only
Accelerator clock                                 500 MHz
Design peak SRAM bandwidth                       1.86 GB/s
Design peak On-chip Flash bandwidth              1.86 GB/s

Total SRAM used                                  6.00 KiB
Total On-chip Flash used                        56.02 KiB

CPU operators = 0 (0.0%)
NPU operators = 9 (100.0%)

Average SRAM bandwidth                           0.38 GB/s
Input   SRAM bandwidth                           0.01 MB/batch
Weight  SRAM bandwidth                           0.00 MB/batch
Output  SRAM bandwidth                           0.01 MB/batch
Total   SRAM bandwidth                           0.03 MB/batch
Total   SRAM bandwidth            per input      0.03 MB/inference (batch size 1)

Average On-chip Flash bandwidth                  0.72 GB/s
Input   On-chip Flash bandwidth                  0.00 MB/batch
Weight  On-chip Flash bandwidth                  0.04 MB/batch
Output  On-chip Flash bandwidth                  0.00 MB/batch
Total   On-chip Flash bandwidth                  0.05 MB/batch
Total   On-chip Flash bandwidth   per input      0.05 MB/inference (batch size 1)

Neural network macs                            776192 MACs/batch

Info: Changing const_mem_area from Sram to OnChipFlash. This will use the same characteristics as Sram.
Warning: Input TensorFlow Lite network contains a zero length buffer (index = 0) which is semantically not empty. However, it will be treated as an empty buffer.

Network summary for model
Accelerator configuration               Ethos_U55_256
System configuration                            RA8P1
Memory mode                                 Sram_Only
Accelerator clock                                 500 MHz
Design peak SRAM bandwidth                       1.86 GB/s
Design peak On-chip Flash bandwidth              1.86 GB/s

Total SRAM used                                420.33 KiB
Total On-chip Flash used                       149.03 KiB

CPU operators = 0 (0.0%)
NPU operators = 66 (100.0%)

Average SRAM bandwidth                           1.63 GB/s
Input   SRAM bandwidth                           3.60 MB/batch
Weight  SRAM bandwidth                           0.00 MB/batch
Output  SRAM bandwidth                           2.49 MB/batch
Total   SRAM bandwidth                           6.10 MB/batch
Total   SRAM bandwidth            per input      6.10 MB/inference (batch size 1)

Average On-chip Flash bandwidth                  0.06 GB/s
Input   On-chip Flash bandwidth                  0.02 MB/batch
Weight  On-chip Flash bandwidth                  0.18 MB/batch
Output  On-chip Flash bandwidth                  0.00 MB/batch
Total   On-chip Flash bandwidth                  0.22 MB/batch
Total   On-chip Flash bandwidth   per input      0.22 MB/inference (batch size 1)

Neural network macs                           8593184 MACs/batch

Info: Changing const_mem_area from Sram to OnChipFlash. This will use the same characteristics as Sram.
Warning: Input TensorFlow Lite network contains a zero length buffer (index = 0) which is semantically not empty. However, it will be treated as an empty buffer.

Network summary for model
Accelerator configuration               Ethos_U55_256
System configuration                            RA8P1
Memory mode                                 Sram_Only
Accelerator clock                                 500 MHz
Design peak SRAM bandwidth                       1.86 GB/s
Design peak On-chip Flash bandwidth              1.86 GB/s

Total SRAM used                                  2.62 KiB
Total On-chip Flash used                         1.75 KiB

CPU operators = 0 (0.0%)
NPU operators = 2 (100.0%)

Average SRAM bandwidth                           0.12 GB/s
Input   SRAM bandwidth                           0.00 MB/batch
Weight  SRAM bandwidth                           0.00 MB/batch
Output  SRAM bandwidth                           0.00 MB/batch
Total   SRAM bandwidth                           0.00 MB/batch
Total   SRAM bandwidth            per input      0.00 MB/inference (batch size 1)

Average On-chip Flash bandwidth                  0.08 GB/s
Input   On-chip Flash bandwidth                  0.00 MB/batch
Weight  On-chip Flash bandwidth                  0.00 MB/batch
Output  On-chip Flash bandwidth                  0.00 MB/batch
Total   On-chip Flash bandwidth                  0.00 MB/batch
Total   On-chip Flash bandwidth   per input      0.00 MB/inference (batch size 1)

Neural network macs                                 0 MACs/batch

Info: Changing const_mem_area from Sram to OnChipFlash. This will use the same characteristics as Sram.
Warning: Input TensorFlow Lite network contains a zero length buffer (index = 0) which is semantically not empty. However, it will be treated as an empty buffer.

Network summary for model
Accelerator configuration               Ethos_U55_256
System configuration                            RA8P1
Memory mode                                 Sram_Only
Accelerator clock                                 500 MHz
Design peak SRAM bandwidth                       1.86 GB/s
Design peak On-chip Flash bandwidth              1.86 GB/s

Total SRAM used                                  1.31 KiB
Total On-chip Flash used                         0.69 KiB

CPU operators = 0 (0.0%)
NPU operators = 1 (100.0%)

Average SRAM bandwidth                           0.12 GB/s
Input   SRAM bandwidth                           0.00 MB/batch
Weight  SRAM bandwidth                           0.00 MB/batch
Output  SRAM bandwidth                           0.00 MB/batch
Total   SRAM bandwidth                           0.00 MB/batch
Total   SRAM bandwidth            per input      0.00 MB/inference (batch size 1)

Average On-chip Flash bandwidth                  0.06 GB/s
Input   On-chip Flash bandwidth                  0.00 MB/batch
Weight  On-chip Flash bandwidth                  0.00 MB/batch
Output  On-chip Flash bandwidth                  0.00 MB/batch
Total   On-chip Flash bandwidth                  0.00 MB/batch
Total   On-chip Flash bandwidth   per input      0.00 MB/inference (batch size 1)

Neural network macs                                 0 MACs/batch

[INFO] Success to execute the command
